
[2026-03-16 22:58:08] process-log attached: dashboard
[WARN] NodeMessenger init failed: DomainParticipant QoS error: Multiple NICs found with the address 192.168.100.. ()
   at Nex1.Middleware.DiscoveryModule.CreateIPAddresses()
   at Nex1.Middleware.DiscoveryModule..ctor(Int32 discoveryPort, DomainParticipant dp, DomainParticipantQos qos)
   at Nex1.Middleware.DomainParticipant..ctor(Int32 domainID, String name, DomainParticipantQos qos)
   at nFusion.Nodes.Core.NodeMessengerCore..ctor(Int32 domain, DomainParticipantQos qos, String name, String[] hashTags, Boolean useDirectCall)
   at nFusion.Nodes.Core.NodeMessenger.Initialize(String name, String[] hashTags)
   at System.RuntimeMethodHandle.InvokeMethod(Object target, Void** arguments, Signature sig, Boolean isConstructor)
   at System.Reflection.MethodBaseInvoker.InvokeDirectByRefWithFewArgs(Object obj, Span`1 copyOfArgs, BindingFlags invokeAttr)
[RUN] mission_planning_gui.py @ C:\Users\LAHMUMT_2\Desktop\DSS_KU\modules\mission_planning\mission_planning_gui.py
[RUN] monitoring_gui.py @ C:\Users\LAHMUMT_2\Desktop\DSS_KU\modules\monitoring\monitoring_gui.py
[RUN] decision_support_gui.py @ C:\Users\LAHMUMT_2\Desktop\DSS_KU\modules\decision_support\decision_support_gui.py
[RUN] info_manage.py @ C:\Users\LAHMUMT_2\Desktop\DSS_KU\modules\info_manage\info_manage.py
모든 SW 초기화 모드 진입

[2026-03-16 22:58:17] process-log attached: dashboard
[RUN] mission_planning_gui.py @ C:\Users\LAHMUMT_2\Desktop\DSS_KU\modules\mission_planning\mission_planning_gui.py
[RUN] monitoring_gui.py @ C:\Users\LAHMUMT_2\Desktop\DSS_KU\modules\monitoring\monitoring_gui.py
[RUN] decision_support_gui.py @ C:\Users\LAHMUMT_2\Desktop\DSS_KU\modules\decision_support\decision_support_gui.py
[RUN] info_manage.py @ C:\Users\LAHMUMT_2\Desktop\DSS_KU\modules\info_manage\info_manage.py
모든 SW 초기화 모드 진입
