
[2026-03-16 22:58:10] process-log attached: info_manage
[CTRL] listener started @ 127.0.0.1:45984
Exception in thread Thread-1 (_rx_setup):
Traceback (most recent call last):
  File "C:\Users\LAHMUMT_2\anaconda3\envs\lah\Lib\threading.py", line 1073, in _bootstrap_inner
    self.run()
  File "C:\Users\LAHMUMT_2\anaconda3\envs\lah\Lib\threading.py", line 1010, in run
    self._target(*self._args, **self._kwargs)
  File "C:\Users\LAHMUMT_2\Desktop\DSS_KU\modules\info_manage\info_manage.py", line 356, in _rx_setup
    NodeMessenger.Initialize("INF_ReceiveNode")
Nex1.Middleware.nFusionMiddlewareException: DomainParticipant QoS error: Multiple NICs found with the address 192.168.100.. ()
   at Nex1.Middleware.DiscoveryModule.CreateIPAddresses()
   at Nex1.Middleware.DiscoveryModule..ctor(Int32 discoveryPort, DomainParticipant dp, DomainParticipantQos qos)
   at Nex1.Middleware.DomainParticipant..ctor(Int32 domainID, String name, DomainParticipantQos qos)
   at nFusion.Nodes.Core.NodeMessengerCore..ctor(Int32 domain, DomainParticipantQos qos, String name, String[] hashTags, Boolean useDirectCall)
   at nFusion.Nodes.Core.NodeMessenger.Initialize(String name, String[] hashTags)
   at System.RuntimeMethodHandle.InvokeMethod(Object target, Void** arguments, Signature sig, Boolean isConstructor)
   at System.Reflection.MethodBaseInvoker.InvokeDirectByRefWithFewArgs(Object obj, Span`1 copyOfArgs, BindingFlags invokeAttr)
[INFO] 0102 periodic transmission disabled for INF mock mode
[ERR] send_status_ok failed: Object reference not set to an instance of an object.
   at nFusion.Nodes.Core.NodeMessenger.Push[T](T data, String target)
   at System.RuntimeMethodHandle.InvokeMethod(Object target, Void** arguments, Signature sig, Boolean isConstructor)
   at System.Reflection.MethodBaseInvoker.InvokeDirectByRefWithFewArgs(Object obj, Span`1 copyOfArgs, BindingFlags invokeAttr)

[2026-03-16 22:58:19] process-log attached: info_manage
[CTRL] listener started @ 127.0.0.1:45984
[INFO] 0102 periodic transmission disabled for INF mock mode
[CTRL] 모드 변경 요청 수신: standby
[CTRL] 시스템모드(0101) 전송 요청 수신: 1
시스템운용모드(0101) GUI 전송: 1
