
[2026-03-16 22:58:11] process-log attached: monitoring
[PATH] DB root -> C:\Users\LAHMUMT_2\Desktop\DSS_KU\temp\database
C:\Users\LAHMUMT_2\Desktop\DSS_KU\modules\monitoring\logic\risk_analysis.py:226: FutureWarning: You are using `torch.load` with `weights_only=False` (the current default value), which uses the default pickle module implicitly. It is possible to construct malicious pickle data which will execute arbitrary code during unpickling (See https://github.com/pytorch/pytorch/blob/main/SECURITY.md#untrusted-models for more details). In a future release, the default value for `weights_only` will be flipped to `True`. This limits the functions that could be executed during unpickling. Arbitrary objects will no longer be allowed to be loaded via this mode unless they are explicitly allowlisted by the user via `torch.serialization.add_safe_globals`. We recommend you start setting `weights_only=True` for any use case where you don't have full control of the loaded file. Please open an issue on GitHub for any issues related to this experimental feature.
  checkpoint = torch.load(self.model_path, map_location=self.device)
[DL] DNN inferrer initialized
[WARN] MSM bus init failed: DomainParticipant QoS error: Multiple NICs found with the address 192.168.100.. ()
   at Nex1.Middleware.DiscoveryModule.CreateIPAddresses()
   at Nex1.Middleware.DiscoveryModule..ctor(Int32 discoveryPort, DomainParticipant dp, DomainParticipantQos qos)
   at Nex1.Middleware.DomainParticipant..ctor(Int32 domainID, String name, DomainParticipantQos qos)
   at nFusion.Nodes.Core.NodeMessengerCore..ctor(Int32 domain, DomainParticipantQos qos, String name, String[] hashTags, Boolean useDirectCall)
   at nFusion.Nodes.Core.NodeMessenger.Initialize(String name, String[] hashTags)
   at System.RuntimeMethodHandle.InvokeMethod(Object target, Void** arguments, Signature sig, Boolean isConstructor)
   at System.Reflection.MethodBaseInvoker.InvokeDirectByRefWithFewArgs(Object obj, Span`1 copyOfArgs, BindingFlags invokeAttr)
[DL] realtime status -> NO_DATA

[2026-03-16 22:58:20] process-log attached: monitoring
[PATH] DB root -> C:\Users\LAHMUMT_2\Desktop\DSS_KU\temp\database
C:\Users\LAHMUMT_2\Desktop\DSS_KU\modules\monitoring\logic\risk_analysis.py:226: FutureWarning: You are using `torch.load` with `weights_only=False` (the current default value), which uses the default pickle module implicitly. It is possible to construct malicious pickle data which will execute arbitrary code during unpickling (See https://github.com/pytorch/pytorch/blob/main/SECURITY.md#untrusted-models for more details). In a future release, the default value for `weights_only` will be flipped to `True`. This limits the functions that could be executed during unpickling. Arbitrary objects will no longer be allowed to be loaded via this mode unless they are explicitly allowlisted by the user via `torch.serialization.add_safe_globals`. We recommend you start setting `weights_only=True` for any use case where you don't have full control of the loaded file. Please open an issue on GitHub for any issues related to this experimental feature.
  checkpoint = torch.load(self.model_path, map_location=self.device)
[DL] DNN inferrer initialized
[DL] realtime status -> NO_DATA
[0102] status=1 sent
