2025-12-08T09:26:20.118845Z [LOG] Mission planning log started: C:\Users\LAHMUMT_2\Desktop\KU_LAHMUMT\Logs\Scenario_2025-12-05T001455\SBC3\DSS_Internal\mission_planning_gui_20251208T092620_117847Z.log
2025-12-08T09:26:20.119846Z CTRL UDP 수신 대기 시작 (127.0.0.1:45981)
2025-12-08T09:26:20.119846Z [0101] 모드 수신 리스너 등록 완료
2025-12-08T09:26:20.341908Z [CTRL] MODE change request: 초기화 모드
2025-12-08T09:26:20.525568Z [BUS] NodeMessenger 초기화 완료
2025-12-08T09:27:00.647036Z [MODE] 슬라이더 변경 → 대기모드
2025-12-08T09:27:00.649036Z [0101/POLL] 모드 동기화 code=1
2025-12-08T09:27:11.358125Z [INFO] Latest 0203 ID updated → 1
2025-12-08T09:27:12.267209Z [INFO] Latest 0201 ID updated → 1
2025-12-08T09:27:20.337031Z [AUTO] 0902 received (planIds=700000001)
2025-12-08T09:27:20.338029Z [AUTO] replan pipeline scheduled after 0.1s delay
2025-12-08T09:27:20.403157Z [MODE] 슬라이더 변경 → 초기 임무 계획
2025-12-08T09:27:20.404159Z [0101/POLL] 모드 동기화 code=2
2025-12-08T09:27:20.456667Z [0305] status=1, reason=초기임무재계획 전송
2025-12-08T09:27:20.458667Z [INFO] Using latest 0201 ID 1 for inputMissionPackageID (fallback)
2025-12-08T09:27:20.458667Z [INFO] Using latest 0203 ID 1 for missionReferencePackageID (fallback)
2025-12-08T09:27:20.459667Z [STEP 0] Replan pipeline start (reason=초기임무재계획)
2025-12-08T09:27:22.865525Z [INFO] Latest input snapshot → 0201:ID=1,ts=816922549226,src=-, 0203:ID=1,ts=818501231355,src=-
2025-12-08T09:27:22.866526Z [STEP 0] Using latest 0201 ID 1 (1.json)
2025-12-08T09:27:22.866526Z [STEP 0] Using latest 0203 ID 1 (1.json)
2025-12-08T09:27:22.867536Z [STEP 1.1] Divide & Pattern start
2025-12-08T09:27:22.867536Z [variant 1] [1] CMPK 로드
2025-12-08T09:27:22.872030Z [variant 1]     ▸ VehicleStatus 적용: 사용 가능한 기체 [1, 2, 3, 4, 5, 6]
2025-12-08T09:27:22.872030Z [variant 1]     MRPK 로드
2025-12-08T09:27:22.877032Z [variant 1]     ▸ 로드 완료  (소요 0.01s)
2025-12-08T09:27:22.878031Z [variant 1] [2] LAH 임무 저장 시작
2025-12-08T09:27:23.138297Z [variant 1] [LAH1] LAH 임무파일 저장 → C:\Users\LAHMUMT_2\Desktop\KU_LAHMUMT\Logs\Scenario_2025-12-08T182700\SBC3\mission_output\variant_01\IndividualMissionPlan_LAH001.json
2025-12-08T09:27:23.139298Z [variant 1] [LAH2] LAH 임무파일 저장 → C:\Users\LAHMUMT_2\Desktop\KU_LAHMUMT\Logs\Scenario_2025-12-08T182700\SBC3\mission_output\variant_01\IndividualMissionPlan_LAH002.json
2025-12-08T09:27:23.141296Z [variant 1] [LAH3] LAH 임무파일 저장 → C:\Users\LAHMUMT_2\Desktop\KU_LAHMUMT\Logs\Scenario_2025-12-08T182700\SBC3\mission_output\variant_01\IndividualMissionPlan_LAH003.json
2025-12-08T09:27:23.141296Z [variant 1]     ▸ LAH 3개 파일 저장
2025-12-08T09:27:23.142297Z [variant 1] [3] InputMission 분할
2025-12-08T09:27:23.143297Z [variant 1] [3] InputMission 분할
2025-12-08T09:27:23.143297Z [variant 1]     ▸ (1/11) inputMissionID=1 type=1
2025-12-08T09:27:23.144297Z [variant 1]        └─ sub-area 3개 추가 (누적 3)
2025-12-08T09:27:23.144297Z [variant 1]     ▸ (2/11) inputMissionID=2 type=1
2025-12-08T09:27:23.145297Z [variant 1]        └─ sub-area 3개 추가 (누적 6)
2025-12-08T09:27:23.145297Z [variant 1]     ▸ (3/11) inputMissionID=3 type=2
2025-12-08T09:27:23.146297Z [variant 1]        └─ sub-area 3개 추가 (누적 9)
2025-12-08T09:27:23.146297Z [variant 1]     ▸ (4/11) inputMissionID=4 type=1
2025-12-08T09:27:23.147297Z [variant 1]        └─ sub-area 3개 추가 (누적 12)
2025-12-08T09:27:23.147297Z [variant 1]     ▸ (5/11) inputMissionID=5 type=2
2025-12-08T09:27:23.148297Z [variant 1]        └─ sub-area 3개 추가 (누적 15)
2025-12-08T09:27:23.148297Z [variant 1]     ▸ (6/11) inputMissionID=6 type=1
2025-12-08T09:27:23.149297Z [variant 1]        └─ sub-area 3개 추가 (누적 18)
2025-12-08T09:27:23.149297Z [variant 1]     ▸ (7/11) inputMissionID=7 type=2
2025-12-08T09:27:23.151391Z [variant 1]        └─ sub-area 3개 추가 (누적 21)
2025-12-08T09:27:23.151391Z [variant 1]     ▸ (8/11) inputMissionID=8 type=1
2025-12-08T09:27:23.152476Z [variant 1]        └─ sub-area 3개 추가 (누적 24)
2025-12-08T09:27:23.152476Z [variant 1]     ▸ (9/11) inputMissionID=9 type=2
2025-12-08T09:27:23.152476Z [variant 1]        └─ sub-area 3개 추가 (누적 27)
2025-12-08T09:27:23.152476Z [variant 1]     ▸ (10/11) inputMissionID=10 type=1
2025-12-08T09:27:23.153476Z [variant 1]        └─ sub-area 3개 추가 (누적 30)
2025-12-08T09:27:23.153476Z [variant 1]     ▸ (11/11) inputMissionID=11 type=1
2025-12-08T09:27:23.153476Z [variant 1]        └─ sub-area 3개 추가 (누적 33)
2025-12-08T09:27:23.153476Z [variant 1]     ▸ 분할 완료: 33개 sub-area
2025-12-08T09:27:23.154475Z [variant 1] [4] RL 예상시간 계산
2025-12-08T09:27:23.154475Z [variant 1]        RL 진행    1/33  (소요  0.0s)
2025-12-08T09:27:23.154475Z [variant 1]        RL 진행    2/33  (소요  0.0s)
2025-12-08T09:27:23.154475Z [variant 1]        RL 진행    4/33  (소요  0.0s)
2025-12-08T09:27:23.155475Z [variant 1]        RL 진행    6/33  (소요  0.0s)
2025-12-08T09:27:23.155475Z [variant 1]        RL 진행    8/33  (소요  0.0s)
2025-12-08T09:27:23.155475Z [variant 1]        RL 진행   10/33  (소요  0.0s)
2025-12-08T09:27:23.155475Z [variant 1]        RL 진행   12/33  (소요  0.0s)
2025-12-08T09:27:23.155475Z [variant 1]        RL 진행   14/33  (소요  0.0s)
2025-12-08T09:27:23.156474Z [variant 1]        RL 진행   16/33  (소요  0.0s)
2025-12-08T09:27:23.156474Z [variant 1]        RL 진행   18/33  (소요  0.0s)
2025-12-08T09:27:23.156474Z [variant 1]        RL 진행   20/33  (소요  0.0s)
2025-12-08T09:27:23.156474Z [variant 1]        RL 진행   22/33  (소요  0.0s)
2025-12-08T09:27:23.156474Z [variant 1]        RL 진행   24/33  (소요  0.0s)
2025-12-08T09:27:23.157474Z [variant 1]        RL 진행   26/33  (소요  0.0s)
2025-12-08T09:27:23.157474Z [variant 1]        RL 진행   28/33  (소요  0.0s)
2025-12-08T09:27:23.157474Z [variant 1]        RL 진행   30/33  (소요  0.0s)
2025-12-08T09:27:23.159479Z [variant 1]        RL 진행   32/33  (소요  0.0s)
2025-12-08T09:27:23.159479Z [variant 1]        RL 진행   33/33  (소요  0.0s)
2025-12-08T09:27:23.159479Z [variant 1]        ┌─ RL 세부 소요(ms) ─────────────
2025-12-08T09:27:23.160476Z [variant 1]        │ predict :    0.0  / p95    0.0
2025-12-08T09:27:23.160476Z [variant 1]        │ env.step:    0.0  / p95    0.0
2025-12-08T09:27:23.160476Z [variant 1]        │ distance:    0.0  / p95    0.0
2025-12-08T09:27:23.160476Z [variant 1]        └───────────────────────────────
2025-12-08T09:27:23.161475Z [variant 1] [5] PuLP 균등 스케줄링
2025-12-08T09:27:23.161475Z [variant 1] [PuLP] 입력 IMP 로드 → _flat.json
2025-12-08T09:27:23.161475Z [variant 1] [PuLP] 임무 33개 → 11개 그룹 (그룹당 ≤3개)
2025-12-08T09:27:23.356180Z [variant 1] [PuLP] Status = Optimal
2025-12-08T09:27:23.356180Z [variant 1] [PuLP] 최적 편차 = 24664.00 s
2025-12-08T09:27:23.357181Z [variant 1] [PuLP] 저장 완료 → C:\Users\LAHMUMT_2\Desktop\KU_LAHMUMT\Logs\Scenario_2025-12-08T182700\SBC3\mission_output\variant_01\_flat_sched.json
2025-12-08T09:27:23.362180Z [variant 1] [6] UAV IMP 생성‧저장
2025-12-08T09:27:23.776201Z [variant 1]     ▸ IMP 저장: C:\Users\LAHMUMT_2\Desktop\KU_LAHMUMT\Logs\Scenario_2025-12-08T182700\SBC3\mission_output\variant_01\IndividualMissionPlan_UAV004.json
2025-12-08T09:27:23.777658Z [variant 1]     ▸ IMP 저장: C:\Users\LAHMUMT_2\Desktop\KU_LAHMUMT\Logs\Scenario_2025-12-08T182700\SBC3\mission_output\variant_01\IndividualMissionPlan_UAV005.json
2025-12-08T09:27:23.778658Z [variant 1]     ▸ IMP 저장: C:\Users\LAHMUMT_2\Desktop\KU_LAHMUMT\Logs\Scenario_2025-12-08T182700\SBC3\mission_output\variant_01\IndividualMissionPlan_UAV006.json
2025-12-08T09:27:23.778658Z [variant 1] [✔] divide_and_pattern 끝 (총 1762930632.6s 경과)
2025-12-08T09:27:23.778658Z [OK] IMP generated: 6 file(s) (variant=1)
2025-12-08T09:27:23.809463Z [OK] MissionPlan built: MissionPlan_1765186043778.json (variant=1)
2025-12-08T09:27:24.074625Z [INFO] pathID mapping done for 0302/0303/0304 (variant=1)
2025-12-08T09:27:24.812659Z [OK] FlightPath counts (variant=1): 0303=33 / 0304=33
2025-12-08T09:27:25.134541Z [OK] Stored variant 1: MissionPlanID=700000001, IMP=6, FlightPath=66
2025-12-08T09:27:25.135541Z [INFO] Option mapping #1: planID=700000001, optionCode=1(시스템추천)
2025-12-08T09:27:25.136542Z [OK] Stored mission data: MissionPlan=1, IndividualMission=6, FlightPath=66
2025-12-08T09:27:25.136542Z [STEP 4] 0301 push queued (planIds=700000001)
2025-12-08T09:27:25.144053Z [0301] missionPlanID=700000001 전송
2025-12-08T09:27:25.145052Z [PUSH] 0301 button click()
2025-12-08T09:27:25.738627Z [0305] status=2, reason=초기임무재계획 전송
2025-12-08T09:27:26.041411Z [0903] request sent (missionPlanID=700000001)
2025-12-08T09:27:40.153209Z [MODE] 슬라이더 변경 → 임무 수행
2025-12-08T09:27:40.154208Z [0101/POLL] 모드 동기화 code=3
2025-12-08T09:29:04.328355Z [AUTO] 0902 received (planIds=700000002, 700000003, 700000004)
2025-12-08T09:29:04.329355Z [AUTO] replan pipeline scheduled after 0.1s delay
2025-12-08T09:29:04.448338Z [0305] status=1, reason=강제대기 후 10초 경과 전송
2025-12-08T09:29:04.450343Z [INFO] Using latest 0201 ID 1 for inputMissionPackageID (fallback)
2025-12-08T09:29:04.451342Z [INFO] Using latest 0203 ID 1 for missionReferencePackageID (fallback)
2025-12-08T09:29:04.451342Z [STEP 0] Replan pipeline start (reason=강제대기 후 10초 경과)
2025-12-08T09:29:04.453341Z [INFO] Latest input snapshot → 0201:ID=1,ts=816922549226,src=-, 0203:ID=1,ts=818501231355,src=-
2025-12-08T09:29:04.453341Z [STEP 0] Using latest 0201 ID 1 (1.json)
2025-12-08T09:29:04.453341Z [STEP 0] Using latest 0203 ID 1 (1.json)
2025-12-08T09:29:04.454341Z [INFO] Filtered completed input missions (removed=1, converted=-, widthAdjusted=-)
2025-12-08T09:29:04.454341Z [STEP 1.1] Divide & Pattern start
2025-12-08T09:29:04.454341Z [variant 1] [1] CMPK 로드
2025-12-08T09:29:04.468955Z [variant 1]     ▸ VehicleStatus 적용: 불가 기체 제외 [4]
2025-12-08T09:29:04.469955Z [variant 1]     MRPK 로드
2025-12-08T09:29:04.469955Z [variant 1]     ▸ 로드 완료  (소요 0.02s)
2025-12-08T09:29:04.469955Z [variant 1] [2] LAH 임무 저장 시작
2025-12-08T09:29:04.801776Z [variant 1] [LAH1] LAH 임무파일 저장 → C:\Users\LAHMUMT_2\Desktop\KU_LAHMUMT\Logs\Scenario_2025-12-08T182700\SBC3\mission_output\variant_01\IndividualMissionPlan_LAH001.json
2025-12-08T09:29:04.802775Z [variant 1] [LAH2] LAH 임무파일 저장 → C:\Users\LAHMUMT_2\Desktop\KU_LAHMUMT\Logs\Scenario_2025-12-08T182700\SBC3\mission_output\variant_01\IndividualMissionPlan_LAH002.json
2025-12-08T09:29:04.802775Z [variant 1] [LAH3] LAH 임무파일 저장 → C:\Users\LAHMUMT_2\Desktop\KU_LAHMUMT\Logs\Scenario_2025-12-08T182700\SBC3\mission_output\variant_01\IndividualMissionPlan_LAH003.json
2025-12-08T09:29:04.803775Z [variant 1]     ▸ LAH 3개 파일 저장
2025-12-08T09:29:04.803775Z [variant 1] [3] InputMission 분할
2025-12-08T09:29:04.804776Z [variant 1] [3] InputMission 분할
2025-12-08T09:29:04.804776Z [variant 1]     ▸ (1/10) inputMissionID=2 type=1
2025-12-08T09:29:04.805775Z [variant 1]        └─ sub-area 2개 추가 (누적 2)
2025-12-08T09:29:04.805775Z [variant 1]     ▸ (2/10) inputMissionID=3 type=2
2025-12-08T09:29:04.805775Z [variant 1]        └─ sub-area 2개 추가 (누적 4)
2025-12-08T09:29:04.806776Z [variant 1]     ▸ (3/10) inputMissionID=4 type=1
2025-12-08T09:29:04.807776Z [variant 1]        └─ sub-area 2개 추가 (누적 6)
2025-12-08T09:29:04.807776Z [variant 1]     ▸ (4/10) inputMissionID=5 type=2
2025-12-08T09:29:04.808810Z [variant 1]        └─ sub-area 2개 추가 (누적 8)
2025-12-08T09:29:04.809810Z [variant 1]     ▸ (5/10) inputMissionID=6 type=1
2025-12-08T09:29:04.809810Z [variant 1]        └─ sub-area 2개 추가 (누적 10)
2025-12-08T09:29:04.809810Z [variant 1]     ▸ (6/10) inputMissionID=7 type=2
2025-12-08T09:29:04.810849Z [variant 1]        └─ sub-area 2개 추가 (누적 12)
2025-12-08T09:29:04.810849Z [variant 1]     ▸ (7/10) inputMissionID=8 type=1
2025-12-08T09:29:04.810849Z [variant 1]        └─ sub-area 2개 추가 (누적 14)
2025-12-08T09:29:04.810849Z [variant 1]     ▸ (8/10) inputMissionID=9 type=2
2025-12-08T09:29:04.811849Z [variant 1]        └─ sub-area 2개 추가 (누적 16)
2025-12-08T09:29:04.811849Z [variant 1]     ▸ (9/10) inputMissionID=10 type=1
2025-12-08T09:29:04.811849Z [variant 1]        └─ sub-area 2개 추가 (누적 18)
2025-12-08T09:29:04.811849Z [variant 1]     ▸ (10/10) inputMissionID=11 type=1
2025-12-08T09:29:04.812848Z [variant 1]        └─ sub-area 2개 추가 (누적 20)
2025-12-08T09:29:04.812848Z [variant 1]     ▸ 분할 완료: 20개 sub-area
2025-12-08T09:29:04.812848Z [variant 1] [4] RL 예상시간 계산
2025-12-08T09:29:04.812848Z [variant 1]        RL 진행    1/20  (소요  0.0s)
2025-12-08T09:29:04.812848Z [variant 1]        RL 진행    2/20  (소요  0.0s)
2025-12-08T09:29:04.813849Z [variant 1]        RL 진행    3/20  (소요  0.0s)
2025-12-08T09:29:04.813849Z [variant 1]        RL 진행    4/20  (소요  0.0s)
2025-12-08T09:29:04.813849Z [variant 1]        RL 진행    5/20  (소요  0.0s)
2025-12-08T09:29:04.814849Z [variant 1]        RL 진행    6/20  (소요  0.0s)
2025-12-08T09:29:04.814849Z [variant 1]        RL 진행    7/20  (소요  0.0s)
2025-12-08T09:29:04.814849Z [variant 1]        RL 진행    8/20  (소요  0.0s)
2025-12-08T09:29:04.814849Z [variant 1]        RL 진행    9/20  (소요  0.0s)
2025-12-08T09:29:04.814849Z [variant 1]        RL 진행   10/20  (소요  0.0s)
2025-12-08T09:29:04.815947Z [variant 1]        RL 진행   11/20  (소요  0.0s)
2025-12-08T09:29:04.815947Z [variant 1]        RL 진행   12/20  (소요  0.0s)
2025-12-08T09:29:04.815947Z [variant 1]        RL 진행   13/20  (소요  0.0s)
2025-12-08T09:29:04.815947Z [variant 1]        RL 진행   14/20  (소요  0.0s)
2025-12-08T09:29:04.815947Z [variant 1]        RL 진행   15/20  (소요  0.0s)
2025-12-08T09:29:04.816947Z [variant 1]        RL 진행   16/20  (소요  0.0s)
2025-12-08T09:29:04.816947Z [variant 1]        RL 진행   17/20  (소요  0.0s)
2025-12-08T09:29:04.817947Z [variant 1]        RL 진행   18/20  (소요  0.0s)
2025-12-08T09:29:04.817947Z [variant 1]        RL 진행   19/20  (소요  0.0s)
2025-12-08T09:29:04.817947Z [variant 1]        RL 진행   20/20  (소요  0.0s)
2025-12-08T09:29:04.818946Z [variant 1]        ┌─ RL 세부 소요(ms) ─────────────
2025-12-08T09:29:04.818946Z [variant 1]        │ predict :    0.0  / p95    0.0
2025-12-08T09:29:04.818946Z [variant 1]        │ env.step:    0.0  / p95    0.0
2025-12-08T09:29:04.818946Z [variant 1]        │ distance:    0.0  / p95    0.0
2025-12-08T09:29:04.818946Z [variant 1]        └───────────────────────────────
2025-12-08T09:29:04.819947Z [variant 1] [5] PuLP 균등 스케줄링
2025-12-08T09:29:04.819947Z [variant 1] [PuLP] 입력 IMP 로드 → _flat.json
2025-12-08T09:29:04.819947Z [variant 1] [PuLP] 임무 20개 → 10개 그룹 (그룹당 ≤2개)
2025-12-08T09:29:04.846162Z [variant 1] [PuLP] Status = Optimal
2025-12-08T09:29:04.846162Z [variant 1] [PuLP] 최적 편차 = 39.60 s
2025-12-08T09:29:04.847163Z [variant 1] [PuLP] 저장 완료 → C:\Users\LAHMUMT_2\Desktop\KU_LAHMUMT\Logs\Scenario_2025-12-08T182700\SBC3\mission_output\variant_01\_flat_sched.json
2025-12-08T09:29:04.853251Z [variant 1] [6] UAV IMP 생성‧저장
2025-12-08T09:29:05.205787Z [variant 1]     ▸ IMP 저장: C:\Users\LAHMUMT_2\Desktop\KU_LAHMUMT\Logs\Scenario_2025-12-08T182700\SBC3\mission_output\variant_01\IndividualMissionPlan_UAV005.json
2025-12-08T09:29:05.206871Z [variant 1]     ▸ IMP 저장: C:\Users\LAHMUMT_2\Desktop\KU_LAHMUMT\Logs\Scenario_2025-12-08T182700\SBC3\mission_output\variant_01\IndividualMissionPlan_UAV006.json
2025-12-08T09:29:05.206871Z [variant 1] [✔] divide_and_pattern 끝 (총 1762930632.4s 경과)
2025-12-08T09:29:05.207871Z [OK] IMP generated: 5 file(s) (variant=1)
2025-12-08T09:29:05.243549Z [OK] MissionPlan built: MissionPlan_1765186145206.json (variant=1)
2025-12-08T09:29:05.579908Z [INFO] pathID mapping done for 0302/0303/0304 (variant=1)
2025-12-08T09:29:06.000252Z [OK] FlightPath counts (variant=1): 0303=20 / 0304=30
2025-12-08T09:29:06.305836Z [OK] Stored variant 1: MissionPlanID=700000002, IMP=5, FlightPath=50
2025-12-08T09:29:06.305836Z [INFO] Option mapping #1: planID=700000002, optionCode=1(시스템추천)
2025-12-08T09:29:06.307346Z [STEP 1.2] Divide & Pattern start
2025-12-08T09:29:06.307346Z [variant 2] [1] CMPK 로드
2025-12-08T09:29:06.308351Z [variant 2]     ▸ VehicleStatus 적용: 불가 기체 제외 [4]
2025-12-08T09:29:06.308351Z [variant 2]     MRPK 로드
2025-12-08T09:29:06.308351Z [variant 2]     ▸ 로드 완료  (소요 0.00s)
2025-12-08T09:29:06.309352Z [variant 2] [2] LAH 임무 저장 시작
2025-12-08T09:29:06.648202Z [variant 2] [LAH1] LAH 임무파일 저장 → C:\Users\LAHMUMT_2\Desktop\KU_LAHMUMT\Logs\Scenario_2025-12-08T182700\SBC3\mission_output\variant_02\IndividualMissionPlan_LAH001.json
2025-12-08T09:29:06.648202Z [variant 2] [LAH2] LAH 임무파일 저장 → C:\Users\LAHMUMT_2\Desktop\KU_LAHMUMT\Logs\Scenario_2025-12-08T182700\SBC3\mission_output\variant_02\IndividualMissionPlan_LAH002.json
2025-12-08T09:29:06.651202Z [variant 2] [LAH3] LAH 임무파일 저장 → C:\Users\LAHMUMT_2\Desktop\KU_LAHMUMT\Logs\Scenario_2025-12-08T182700\SBC3\mission_output\variant_02\IndividualMissionPlan_LAH003.json
2025-12-08T09:29:06.651202Z [variant 2]     ▸ LAH 3개 파일 저장
2025-12-08T09:29:06.651202Z [variant 2] [3] InputMission 분할
2025-12-08T09:29:06.652441Z [variant 2] [3] InputMission 분할
2025-12-08T09:29:06.652441Z [variant 2]     ▸ (1/10) inputMissionID=2 type=1
2025-12-08T09:29:06.653441Z [variant 2]        └─ sub-area 2개 추가 (누적 2)
2025-12-08T09:29:06.653441Z [variant 2]     ▸ (2/10) inputMissionID=3 type=2
2025-12-08T09:29:06.654441Z [variant 2]        └─ sub-area 2개 추가 (누적 4)
2025-12-08T09:29:06.654441Z [variant 2]     ▸ (3/10) inputMissionID=4 type=1
2025-12-08T09:29:06.655441Z [variant 2]        └─ sub-area 2개 추가 (누적 6)
2025-12-08T09:29:06.655441Z [variant 2]     ▸ (4/10) inputMissionID=5 type=2
2025-12-08T09:29:06.657440Z [variant 2]        └─ sub-area 2개 추가 (누적 8)
2025-12-08T09:29:06.657440Z [variant 2]     ▸ (5/10) inputMissionID=6 type=1
2025-12-08T09:29:06.657440Z [variant 2]        └─ sub-area 2개 추가 (누적 10)
2025-12-08T09:29:06.658441Z [variant 2]     ▸ (6/10) inputMissionID=7 type=2
2025-12-08T09:29:06.658441Z [variant 2]        └─ sub-area 2개 추가 (누적 12)
2025-12-08T09:29:06.659441Z [variant 2]     ▸ (7/10) inputMissionID=8 type=1
2025-12-08T09:29:06.659441Z [variant 2]        └─ sub-area 2개 추가 (누적 14)
2025-12-08T09:29:06.659441Z [variant 2]     ▸ (8/10) inputMissionID=9 type=2
2025-12-08T09:29:06.659441Z [variant 2]        └─ sub-area 2개 추가 (누적 16)
2025-12-08T09:29:06.660442Z [variant 2]     ▸ (9/10) inputMissionID=10 type=1
2025-12-08T09:29:06.660442Z [variant 2]        └─ sub-area 2개 추가 (누적 18)
2025-12-08T09:29:06.660442Z [variant 2]     ▸ (10/10) inputMissionID=11 type=1
2025-12-08T09:29:06.660442Z [variant 2]        └─ sub-area 2개 추가 (누적 20)
2025-12-08T09:29:06.661442Z [variant 2]     ▸ 분할 완료: 20개 sub-area
2025-12-08T09:29:06.661442Z [variant 2] [4] RL 예상시간 계산
2025-12-08T09:29:06.661442Z [variant 2]        RL 진행    1/20  (소요  0.0s)
2025-12-08T09:29:06.661442Z [variant 2]        RL 진행    2/20  (소요  0.0s)
2025-12-08T09:29:06.662441Z [variant 2]        RL 진행    3/20  (소요  0.0s)
2025-12-08T09:29:06.662441Z [variant 2]        RL 진행    4/20  (소요  0.0s)
2025-12-08T09:29:06.662441Z [variant 2]        RL 진행    5/20  (소요  0.0s)
2025-12-08T09:29:06.662441Z [variant 2]        RL 진행    6/20  (소요  0.0s)
2025-12-08T09:29:06.663442Z [variant 2]        RL 진행    7/20  (소요  0.0s)
2025-12-08T09:29:06.663442Z [variant 2]        RL 진행    8/20  (소요  0.0s)
2025-12-08T09:29:06.663442Z [variant 2]        RL 진행    9/20  (소요  0.0s)
2025-12-08T09:29:06.663442Z [variant 2]        RL 진행   10/20  (소요  0.0s)
2025-12-08T09:29:06.663442Z [variant 2]        RL 진행   11/20  (소요  0.0s)
2025-12-08T09:29:06.664442Z [variant 2]        RL 진행   12/20  (소요  0.0s)
2025-12-08T09:29:06.664442Z [variant 2]        RL 진행   13/20  (소요  0.0s)
2025-12-08T09:29:06.664442Z [variant 2]        RL 진행   14/20  (소요  0.0s)
2025-12-08T09:29:06.664442Z [variant 2]        RL 진행   15/20  (소요  0.0s)
2025-12-08T09:29:06.664442Z [variant 2]        RL 진행   16/20  (소요  0.0s)
2025-12-08T09:29:06.665483Z [variant 2]        RL 진행   17/20  (소요  0.0s)
2025-12-08T09:29:06.665483Z [variant 2]        RL 진행   18/20  (소요  0.0s)
2025-12-08T09:29:06.665483Z [variant 2]        RL 진행   19/20  (소요  0.0s)
2025-12-08T09:29:06.665483Z [variant 2]        RL 진행   20/20  (소요  0.0s)
2025-12-08T09:29:06.666482Z [variant 2]        ┌─ RL 세부 소요(ms) ─────────────
2025-12-08T09:29:06.666482Z [variant 2]        │ predict :    0.0  / p95    0.0
2025-12-08T09:29:06.666482Z [variant 2]        │ env.step:    0.0  / p95    0.0
2025-12-08T09:29:06.666482Z [variant 2]        │ distance:    0.0  / p95    0.0
2025-12-08T09:29:06.666482Z [variant 2]        └───────────────────────────────
2025-12-08T09:29:06.667482Z [variant 2] [5] PuLP 균등 스케줄링
2025-12-08T09:29:06.667482Z [variant 2] [PuLP] 입력 IMP 로드 → _flat.json
2025-12-08T09:29:06.667482Z [variant 2] [PuLP] 임무 20개 → 10개 그룹 (그룹당 ≤2개)
2025-12-08T09:29:06.682576Z [variant 2] [PuLP] Status = Optimal
2025-12-08T09:29:06.682576Z [variant 2] [PuLP] 최적 편차 = 39.60 s
2025-12-08T09:29:06.682576Z [variant 2] [PuLP] 저장 완료 → C:\Users\LAHMUMT_2\Desktop\KU_LAHMUMT\Logs\Scenario_2025-12-08T182700\SBC3\mission_output\variant_02\_flat_sched.json
2025-12-08T09:29:06.684006Z [variant 2] [6] UAV IMP 생성‧저장
2025-12-08T09:29:07.053798Z [variant 2]     ▸ IMP 저장: C:\Users\LAHMUMT_2\Desktop\KU_LAHMUMT\Logs\Scenario_2025-12-08T182700\SBC3\mission_output\variant_02\IndividualMissionPlan_UAV005.json
2025-12-08T09:29:07.054801Z [variant 2]     ▸ IMP 저장: C:\Users\LAHMUMT_2\Desktop\KU_LAHMUMT\Logs\Scenario_2025-12-08T182700\SBC3\mission_output\variant_02\IndividualMissionPlan_UAV006.json
2025-12-08T09:29:07.054801Z [variant 2] [✔] divide_and_pattern 끝 (총 1762930632.4s 경과)
2025-12-08T09:29:07.055799Z [OK] IMP generated: 5 file(s) (variant=2)
2025-12-08T09:29:07.086957Z [OK] MissionPlan built: MissionPlan_1765186147054.json (variant=2)
2025-12-08T09:29:07.426201Z [INFO] pathID mapping done for 0302/0303/0304 (variant=2)
2025-12-08T09:29:07.843938Z [OK] FlightPath counts (variant=2): 0303=20 / 0304=30
2025-12-08T09:29:08.169617Z [OK] Stored variant 2: MissionPlanID=700000003, IMP=5, FlightPath=50
2025-12-08T09:29:08.170616Z [INFO] Option mapping #2: planID=700000003, optionCode=4(정찰특화)
2025-12-08T09:29:08.171617Z [STEP 1.3] Divide & Pattern start
2025-12-08T09:29:08.172617Z [variant 3] [1] CMPK 로드
2025-12-08T09:29:08.172617Z [variant 3]     ▸ VehicleStatus 적용: 불가 기체 제외 [4]
2025-12-08T09:29:08.172617Z [variant 3]     MRPK 로드
2025-12-08T09:29:08.173618Z [variant 3]     ▸ 로드 완료  (소요 0.00s)
2025-12-08T09:29:08.173618Z [variant 3] [2] LAH 임무 저장 시작
2025-12-08T09:29:08.496584Z [variant 3] [LAH1] LAH 임무파일 저장 → C:\Users\LAHMUMT_2\Desktop\KU_LAHMUMT\Logs\Scenario_2025-12-08T182700\SBC3\mission_output\variant_03\IndividualMissionPlan_LAH001.json
2025-12-08T09:29:08.497584Z [variant 3] [LAH2] LAH 임무파일 저장 → C:\Users\LAHMUMT_2\Desktop\KU_LAHMUMT\Logs\Scenario_2025-12-08T182700\SBC3\mission_output\variant_03\IndividualMissionPlan_LAH002.json
2025-12-08T09:29:08.499583Z [variant 3] [LAH3] LAH 임무파일 저장 → C:\Users\LAHMUMT_2\Desktop\KU_LAHMUMT\Logs\Scenario_2025-12-08T182700\SBC3\mission_output\variant_03\IndividualMissionPlan_LAH003.json
2025-12-08T09:29:08.499583Z [variant 3]     ▸ LAH 3개 파일 저장
2025-12-08T09:29:08.499583Z [variant 3] [3] InputMission 분할
2025-12-08T09:29:08.500584Z [variant 3] [3] InputMission 분할
2025-12-08T09:29:08.500584Z [variant 3]     ▸ (1/10) inputMissionID=2 type=1
2025-12-08T09:29:08.501583Z [variant 3]        └─ sub-area 2개 추가 (누적 2)
2025-12-08T09:29:08.501583Z [variant 3]     ▸ (2/10) inputMissionID=3 type=2
2025-12-08T09:29:08.502584Z [variant 3]        └─ sub-area 2개 추가 (누적 4)
2025-12-08T09:29:08.502584Z [variant 3]     ▸ (3/10) inputMissionID=4 type=1
2025-12-08T09:29:08.503584Z [variant 3]        └─ sub-area 2개 추가 (누적 6)
2025-12-08T09:29:08.503584Z [variant 3]     ▸ (4/10) inputMissionID=5 type=2
2025-12-08T09:29:08.505683Z [variant 3]        └─ sub-area 2개 추가 (누적 8)
2025-12-08T09:29:08.505683Z [variant 3]     ▸ (5/10) inputMissionID=6 type=1
2025-12-08T09:29:08.505683Z [variant 3]        └─ sub-area 2개 추가 (누적 10)
2025-12-08T09:29:08.505683Z [variant 3]     ▸ (6/10) inputMissionID=7 type=2
2025-12-08T09:29:08.506684Z [variant 3]        └─ sub-area 2개 추가 (누적 12)
2025-12-08T09:29:08.506684Z [variant 3]     ▸ (7/10) inputMissionID=8 type=1
2025-12-08T09:29:08.507684Z [variant 3]        └─ sub-area 2개 추가 (누적 14)
2025-12-08T09:29:08.507684Z [variant 3]     ▸ (8/10) inputMissionID=9 type=2
2025-12-08T09:29:08.508684Z [variant 3]        └─ sub-area 2개 추가 (누적 16)
2025-12-08T09:29:08.508684Z [variant 3]     ▸ (9/10) inputMissionID=10 type=1
2025-12-08T09:29:08.508684Z [variant 3]        └─ sub-area 2개 추가 (누적 18)
2025-12-08T09:29:08.508684Z [variant 3]     ▸ (10/10) inputMissionID=11 type=1
2025-12-08T09:29:08.509684Z [variant 3]        └─ sub-area 2개 추가 (누적 20)
2025-12-08T09:29:08.509684Z [variant 3]     ▸ 분할 완료: 20개 sub-area
2025-12-08T09:29:08.509684Z [variant 3] [4] RL 예상시간 계산
2025-12-08T09:29:08.509684Z [variant 3]        RL 진행    1/20  (소요  0.0s)
2025-12-08T09:29:08.510684Z [variant 3]        RL 진행    2/20  (소요  0.0s)
2025-12-08T09:29:08.510684Z [variant 3]        RL 진행    3/20  (소요  0.0s)
2025-12-08T09:29:08.510684Z [variant 3]        RL 진행    4/20  (소요  0.0s)
2025-12-08T09:29:08.511684Z [variant 3]        RL 진행    5/20  (소요  0.0s)
2025-12-08T09:29:08.511684Z [variant 3]        RL 진행    6/20  (소요  0.0s)
2025-12-08T09:29:08.511684Z [variant 3]        RL 진행    7/20  (소요  0.0s)
2025-12-08T09:29:08.511684Z [variant 3]        RL 진행    8/20  (소요  0.0s)
2025-12-08T09:29:08.512684Z [variant 3]        RL 진행    9/20  (소요  0.0s)
2025-12-08T09:29:08.512684Z [variant 3]        RL 진행   10/20  (소요  0.0s)
2025-12-08T09:29:08.512684Z [variant 3]        RL 진행   11/20  (소요  0.0s)
2025-12-08T09:29:08.512684Z [variant 3]        RL 진행   12/20  (소요  0.0s)
2025-12-08T09:29:08.513684Z [variant 3]        RL 진행   13/20  (소요  0.0s)
2025-12-08T09:29:08.513684Z [variant 3]        RL 진행   14/20  (소요  0.0s)
2025-12-08T09:29:08.513684Z [variant 3]        RL 진행   15/20  (소요  0.0s)
2025-12-08T09:29:08.513684Z [variant 3]        RL 진행   16/20  (소요  0.0s)
2025-12-08T09:29:08.514684Z [variant 3]        RL 진행   17/20  (소요  0.0s)
2025-12-08T09:29:08.514684Z [variant 3]        RL 진행   18/20  (소요  0.0s)
2025-12-08T09:29:08.514684Z [variant 3]        RL 진행   19/20  (소요  0.0s)
2025-12-08T09:29:08.514684Z [variant 3]        RL 진행   20/20  (소요  0.0s)
2025-12-08T09:29:08.514684Z [variant 3]        ┌─ RL 세부 소요(ms) ─────────────
2025-12-08T09:29:08.515684Z [variant 3]        │ predict :    0.0  / p95    0.0
2025-12-08T09:29:08.515684Z [variant 3]        │ env.step:    0.0  / p95    0.0
2025-12-08T09:29:08.515684Z [variant 3]        │ distance:    0.0  / p95    0.0
2025-12-08T09:29:08.515684Z [variant 3]        └───────────────────────────────
2025-12-08T09:29:08.516685Z [variant 3] [5] PuLP 균등 스케줄링
2025-12-08T09:29:08.516685Z [variant 3] [PuLP] 입력 IMP 로드 → _flat.json
2025-12-08T09:29:08.516685Z [variant 3] [PuLP] 임무 20개 → 10개 그룹 (그룹당 ≤2개)
2025-12-08T09:29:08.540736Z [variant 3] [PuLP] Status = Optimal
2025-12-08T09:29:08.541737Z [variant 3] [PuLP] 최적 편차 = 39.60 s
2025-12-08T09:29:08.541737Z [variant 3] [PuLP] 저장 완료 → C:\Users\LAHMUMT_2\Desktop\KU_LAHMUMT\Logs\Scenario_2025-12-08T182700\SBC3\mission_output\variant_03\_flat_sched.json
2025-12-08T09:29:08.541737Z [variant 3] [6] UAV IMP 생성‧저장
2025-12-08T09:29:08.916513Z [variant 3]     ▸ IMP 저장: C:\Users\LAHMUMT_2\Desktop\KU_LAHMUMT\Logs\Scenario_2025-12-08T182700\SBC3\mission_output\variant_03\IndividualMissionPlan_UAV005.json
2025-12-08T09:29:08.917513Z [variant 3]     ▸ IMP 저장: C:\Users\LAHMUMT_2\Desktop\KU_LAHMUMT\Logs\Scenario_2025-12-08T182700\SBC3\mission_output\variant_03\IndividualMissionPlan_UAV006.json
2025-12-08T09:29:08.917513Z [variant 3] [✔] divide_and_pattern 끝 (총 1762930632.4s 경과)
2025-12-08T09:29:08.918513Z [OK] IMP generated: 5 file(s) (variant=3)
2025-12-08T09:29:08.955688Z [OK] MissionPlan built: MissionPlan_1765186148917.json (variant=3)
2025-12-08T09:29:09.307621Z [INFO] pathID mapping done for 0302/0303/0304 (variant=3)
2025-12-08T09:29:09.789991Z [OK] FlightPath counts (variant=3): 0303=20 / 0304=30
2025-12-08T09:29:10.117903Z [OK] Stored variant 3: MissionPlanID=700000004, IMP=5, FlightPath=50
2025-12-08T09:29:10.117903Z [INFO] Option mapping #3: planID=700000004, optionCode=5(최소시간)
2025-12-08T09:29:10.118904Z [OK] Stored mission data: MissionPlan=3, IndividualMission=15, FlightPath=150
2025-12-08T09:29:10.119904Z [STEP 4] 0301 push queued (planIds=700000002, 700000003, 700000004)
2025-12-08T09:29:10.119904Z [INFO] Execution mode -> sending 0901 instead of 0903
2025-12-08T09:29:10.123029Z [0301] missionPlanID=700000002 전송
2025-12-08T09:29:10.125030Z [0301] missionPlanID=700000003 전송
2025-12-08T09:29:10.127031Z [0301] missionPlanID=700000004 전송
2025-12-08T09:29:10.128030Z [PUSH] 0301 button click()
2025-12-08T09:29:10.722642Z [0305] status=2, reason=강제대기 후 10초 경과 전송
2025-12-08T09:29:11.025254Z [0901] option request sent (count=3, codes=1(시스템추천), 4(정찰특화), 5(최소시간))
