2026-01-04T21:19:14.725470Z [LOG] Mission planning log started: C:\Users\LAHMUMT_2\Desktop\KU_LAHMUMT\Logs\Scenario_2026-01-05T033324\SBC3\DSS_Internal\mission_planning_gui_20260104T211914_724470Z.log
2026-01-04T21:19:14.726475Z CTRL UDP 수신 대기 시작 (127.0.0.1:45981)
2026-01-04T21:19:14.727476Z [0101] 모드 수신 리스너 등록 완료
2026-01-04T21:19:15.102438Z [BUS] NodeMessenger 초기화 완료
2026-01-04T21:19:22.498328Z [MODE] 슬라이더 변경 → 대기모드
2026-01-04T21:19:22.498328Z [0101/POLL] 모드 동기화 code=1
2026-01-04T21:19:26.831146Z [INFO] Latest 0203 ID updated → 1
2026-01-04T21:19:27.392784Z [INFO] Latest 0201 ID updated → 1
2026-01-04T21:19:28.710562Z [AUTO] 0902 received (planIds=700000001)
2026-01-04T21:19:28.710562Z [AUTO] replan pipeline scheduled after 0.1s delay
2026-01-04T21:19:28.753035Z [MODE] 슬라이더 변경 → 초기 임무 계획
2026-01-04T21:19:28.754029Z [0101/POLL] 모드 동기화 code=2
2026-01-04T21:19:28.829476Z [0305] status=1, reason=초기임무재계획 전송
2026-01-04T21:19:28.832475Z [INFO] Using latest 0201 ID 1 for inputMissionPackageID (fallback)
2026-01-04T21:19:28.833475Z [INFO] Using latest 0203 ID 1 for missionReferencePackageID (fallback)
2026-01-04T21:19:28.833475Z [STEP 0] Replan pipeline start (reason=초기임무재계획)
2026-01-04T21:19:30.621562Z [INFO] Latest input snapshot → 0201:ID=1,ts=816922549226,src=-, 0203:ID=1,ts=820876766828,src=-
2026-01-04T21:19:30.622562Z [STEP 0] Using latest 0201 ID 1 (1.json)
2026-01-04T21:19:30.622562Z [STEP 0] Using latest 0203 ID 1 (1.json)
2026-01-04T21:19:30.622562Z [STEP 1.1] Divide & Pattern start
2026-01-04T21:19:30.623562Z [variant 1] [1] CMPK 로드
2026-01-04T21:19:30.629566Z [variant 1]     ▸ VehicleStatus 적용: 사용 가능한 기체 [1, 2, 3, 4, 5, 6]
2026-01-04T21:19:30.629566Z [variant 1]     MRPK 로드
2026-01-04T21:19:30.629566Z [variant 1]     ▸ 로드 완료  (소요 0.01s)
2026-01-04T21:19:30.630565Z [variant 1] [2] LAH 임무 저장 시작
2026-01-04T21:19:30.865517Z [variant 1] [LAH1] LAH 임무파일 저장 → C:\Users\LAHMUMT_2\Desktop\KU_LAHMUMT\Logs\Scenario_2026-01-05T061922\SBC3\mission_output\variant_01\IndividualMissionPlan_LAH001.json
2026-01-04T21:19:30.866517Z [variant 1] [LAH2] LAH 임무파일 저장 → C:\Users\LAHMUMT_2\Desktop\KU_LAHMUMT\Logs\Scenario_2026-01-05T061922\SBC3\mission_output\variant_01\IndividualMissionPlan_LAH002.json
2026-01-04T21:19:30.867648Z [variant 1] [LAH3] LAH 임무파일 저장 → C:\Users\LAHMUMT_2\Desktop\KU_LAHMUMT\Logs\Scenario_2026-01-05T061922\SBC3\mission_output\variant_01\IndividualMissionPlan_LAH003.json
2026-01-04T21:19:30.867648Z [variant 1] [TIME] LAH save: 0.24s
2026-01-04T21:19:30.868654Z [variant 1]     ▸ LAH 3개 파일 저장
2026-01-04T21:19:30.868654Z [variant 1] [3] InputMission 분할
2026-01-04T21:19:30.869654Z [variant 1] [3] InputMission 분할
2026-01-04T21:19:30.869654Z [variant 1]     ▸ (1/11) inputMissionID=1 type=1
2026-01-04T21:19:30.870653Z [variant 1]        └─ sub-area 3개 추가 (누적 3)
2026-01-04T21:19:30.870653Z [variant 1]     ▸ (2/11) inputMissionID=2 type=1
2026-01-04T21:19:30.870653Z [variant 1]        └─ sub-area 3개 추가 (누적 6)
2026-01-04T21:19:30.871654Z [variant 1]     ▸ (3/11) inputMissionID=3 type=2
2026-01-04T21:19:30.871654Z [variant 1]        └─ sub-area 3개 추가 (누적 9)
2026-01-04T21:19:30.872654Z [variant 1]     ▸ (4/11) inputMissionID=4 type=1
2026-01-04T21:19:30.872654Z [variant 1]        └─ sub-area 3개 추가 (누적 12)
2026-01-04T21:19:30.873653Z [variant 1]     ▸ (5/11) inputMissionID=5 type=2
2026-01-04T21:19:30.873653Z [variant 1]        └─ sub-area 3개 추가 (누적 15)
2026-01-04T21:19:30.873653Z [variant 1]     ▸ (6/11) inputMissionID=6 type=1
2026-01-04T21:19:30.874653Z [variant 1]        └─ sub-area 3개 추가 (누적 18)
2026-01-04T21:19:30.874653Z [variant 1]     ▸ (7/11) inputMissionID=7 type=2
2026-01-04T21:19:30.875653Z [variant 1]        └─ sub-area 3개 추가 (누적 21)
2026-01-04T21:19:30.876656Z [variant 1]     ▸ (8/11) inputMissionID=8 type=1
2026-01-04T21:19:30.877656Z [variant 1]        └─ sub-area 3개 추가 (누적 24)
2026-01-04T21:19:30.878656Z [variant 1]     ▸ (9/11) inputMissionID=9 type=2
2026-01-04T21:19:30.878656Z [variant 1]        └─ sub-area 3개 추가 (누적 27)
2026-01-04T21:19:30.878656Z [variant 1]     ▸ (10/11) inputMissionID=10 type=1
2026-01-04T21:19:30.878656Z [variant 1]        └─ sub-area 3개 추가 (누적 30)
2026-01-04T21:19:30.879656Z [variant 1]     ▸ (11/11) inputMissionID=11 type=1
2026-01-04T21:19:30.879656Z [variant 1]        └─ sub-area 3개 추가 (누적 33)
2026-01-04T21:19:30.879656Z [variant 1]     ▸ 분할 완료: 33개 sub-area
2026-01-04T21:19:30.879656Z [variant 1] [TIME] InputMission split: 0.01s
2026-01-04T21:19:30.880656Z [variant 1] [4] RL 예상시간 계산
2026-01-04T21:19:30.880656Z [variant 1]        RL 진행    1/33  (소요  0.0s)
2026-01-04T21:19:30.880656Z [variant 1]        RL 진행    2/33  (소요  0.0s)
2026-01-04T21:19:30.880656Z [variant 1]        RL 진행    4/33  (소요  0.0s)
2026-01-04T21:19:30.880656Z [variant 1]        RL 진행    6/33  (소요  0.0s)
2026-01-04T21:19:30.881656Z [variant 1]        RL 진행    8/33  (소요  0.0s)
2026-01-04T21:19:30.881656Z [variant 1]        RL 진행   10/33  (소요  0.0s)
2026-01-04T21:19:30.881656Z [variant 1]        RL 진행   12/33  (소요  0.0s)
2026-01-04T21:19:30.881656Z [variant 1]        RL 진행   14/33  (소요  0.0s)
2026-01-04T21:19:30.882656Z [variant 1]        RL 진행   16/33  (소요  0.0s)
2026-01-04T21:19:30.882656Z [variant 1]        RL 진행   18/33  (소요  0.0s)
2026-01-04T21:19:30.882656Z [variant 1]        RL 진행   20/33  (소요  0.0s)
2026-01-04T21:19:30.882656Z [variant 1]        RL 진행   22/33  (소요  0.0s)
2026-01-04T21:19:30.882656Z [variant 1]        RL 진행   24/33  (소요  0.0s)
2026-01-04T21:19:30.882656Z [variant 1]        RL 진행   26/33  (소요  0.0s)
2026-01-04T21:19:30.883656Z [variant 1]        RL 진행   28/33  (소요  0.0s)
2026-01-04T21:19:30.884656Z [variant 1]        RL 진행   30/33  (소요  0.0s)
2026-01-04T21:19:30.885656Z [variant 1]        RL 진행   32/33  (소요  0.0s)
2026-01-04T21:19:30.885656Z [variant 1]        RL 진행   33/33  (소요  0.0s)
2026-01-04T21:19:30.885656Z [variant 1]        ┌─ RL 세부 소요(ms) ─────────────
2026-01-04T21:19:30.885656Z [variant 1]        │ predict :    0.0  / p95    0.0
2026-01-04T21:19:30.886656Z [variant 1]        │ env.step:    0.0  / p95    0.0
2026-01-04T21:19:30.886656Z [variant 1]        │ distance:    0.0  / p95    0.0
2026-01-04T21:19:30.886656Z [variant 1]        └───────────────────────────────
2026-01-04T21:19:30.886656Z [variant 1] [TIME] RL total: 0.00s
2026-01-04T21:19:30.887656Z [variant 1] [5] PuLP 균등 스케줄링
2026-01-04T21:19:30.887656Z [variant 1] [PuLP] 입력 IMP 로드 → _flat.json
2026-01-04T21:19:30.888657Z [variant 1] [PuLP] 임무 33개 → 11개 그룹 (그룹당 ≤3개)
2026-01-04T21:19:31.043645Z [variant 1] [PuLP] Status = Optimal
2026-01-04T21:19:31.044646Z [variant 1] [PuLP] 최적 편차 = 24664.00 s
2026-01-04T21:19:31.045667Z [variant 1] [PuLP] 저장 완료 → C:\Users\LAHMUMT_2\Desktop\KU_LAHMUMT\Logs\Scenario_2026-01-05T061922\SBC3\mission_output\variant_01\_flat_sched.json
2026-01-04T21:19:31.045667Z [variant 1] [TIME] PuLP scheduling: 0.17s
2026-01-04T21:19:31.050750Z [variant 1] [6] UAV IMP 생성‧저장
2026-01-04T21:19:31.424392Z [variant 1]     ▸ IMP 저장: C:\Users\LAHMUMT_2\Desktop\KU_LAHMUMT\Logs\Scenario_2026-01-05T061922\SBC3\mission_output\variant_01\IndividualMissionPlan_UAV004.json
2026-01-04T21:19:31.425393Z [variant 1]     ▸ IMP 저장: C:\Users\LAHMUMT_2\Desktop\KU_LAHMUMT\Logs\Scenario_2026-01-05T061922\SBC3\mission_output\variant_01\IndividualMissionPlan_UAV005.json
2026-01-04T21:19:31.426392Z [variant 1]     ▸ IMP 저장: C:\Users\LAHMUMT_2\Desktop\KU_LAHMUMT\Logs\Scenario_2026-01-05T061922\SBC3\mission_output\variant_01\IndividualMissionPlan_UAV006.json
2026-01-04T21:19:31.426392Z [variant 1] [✔] divide_and_pattern 끝 (총 0.8s 경과)
2026-01-04T21:19:31.426392Z [variant 1] [TIME] UAV IMP build: 0.38s, files=3
2026-01-04T21:19:31.427393Z [TIME] divide_and_pattern (variant=1): 803.3 ms
2026-01-04T21:19:31.427393Z [OK] IMP generated: 6 file(s) (variant=1)
2026-01-04T21:19:31.459897Z [TIME] build_0301+load (variant=1): 33.2 ms
2026-01-04T21:19:31.459897Z [OK] MissionPlan built: MissionPlan_1767561571426.json (variant=1)
2026-01-04T21:19:31.460899Z [TIME] collect_missions (variant=1): 1.2 ms, count=66
2026-01-04T21:19:31.705106Z [TIME] pathID_mapping (variant=1): 244.0 ms
2026-01-04T21:19:31.705106Z [INFO] pathID mapping done for 0302/0303/0304 (variant=1)
2026-01-04T21:19:31.706106Z [INFO] FlightPath build mode: parallel (variant=1)
2026-01-04T21:19:32.357882Z [INFO] FlightPath build time (parallel): 0303=652.2 ms, 0304=413.7 ms, wall=653.1 ms
2026-01-04T21:19:32.357882Z [OK] FlightPath counts (variant=1): 0303=33 / 0304=33
2026-01-04T21:19:32.576756Z [TIME] build_0302 (variant=1): 218.2 ms, packages=6
2026-01-04T21:19:32.581770Z [TIME] write_0302 (variant=1): 5.0 ms, files=6
2026-01-04T21:19:32.612616Z [TIME] write_FlightPath (variant=1): 31.6 ms, files=66
2026-01-04T21:19:32.613618Z [TIME] write_0301 (variant=1): 0.4 ms
2026-01-04T21:19:32.613618Z [OK] Stored variant 1: MissionPlanID=700000001, IMP=6, FlightPath=66
2026-01-04T21:19:32.613618Z [TIME] variant_total (variant=1): 1990.4 ms
2026-01-04T21:19:32.614617Z [INFO] Option mapping #1: planID=700000001, optionCode=1(시스템추천)
2026-01-04T21:19:32.614617Z [OK] Stored mission data: MissionPlan=1, IndividualMission=6, FlightPath=66
2026-01-04T21:19:32.615617Z [STEP 4] 0301 push queued (planIds=700000001)
2026-01-04T21:19:32.623127Z [0301] missionPlanID=700000001 전송
2026-01-04T21:19:32.623127Z [PUSH] 0301 button click()
2026-01-04T21:19:33.221457Z [0305] status=2, reason=초기임무재계획 전송
2026-01-04T21:19:33.526899Z [0903] request sent (missionPlanID=700000001)
