[MON][2025-12-03 13:40:47] PlanLoad
  - MissionPlan 700000001 활성화 (inputPkg=1, activeInput=1)
  - InputMissionIDs=[1, 2, 3, 4, 5, 6, 7, 8, 9, 10, 11]
  - 적용상태: appliedPlanID=700000001, previousPlanID=None
  - UAV1: missions=11 pkg=800000001
  - UAV2: missions=11 pkg=800000002
  - UAV3: missions=11 pkg=800000003
  - UAV4: missions=11 pkg=800000004
  - UAV5: missions=11 pkg=800000005
  - UAV6: missions=11 pkg=800000006
[MON][2025-12-03 13:43:02] PlanLoad
  - MissionPlan 700000005 활성화 (inputPkg=1, activeInput=1)
  - InputMissionIDs=[1, 2, 3, 4, 5, 6, 7, 8, 9, 10, 11]
  - 적용상태: appliedPlanID=700000005, previousPlanID=700000001
  - UAV1: missions=11 pkg=800000025
  - UAV2: missions=11 pkg=800000026
  - UAV3: missions=11 pkg=800000027
  - UAV5: missions=11 pkg=800000028
  - UAV6: missions=11 pkg=800000029
[MON][2025-12-03 13:43:02] PlanLoad
  - MissionPlan 700000005 활성화 (inputPkg=1, activeInput=1)
  - InputMissionIDs=[1, 2, 3, 4, 5, 6, 7, 8, 9, 10, 11]
  - 적용상태: appliedPlanID=700000005, previousPlanID=700000005, detail=동일 ID 재적용 요청으로 갱신했습니다.
  - UAV1: missions=11 pkg=800000025
  - UAV2: missions=11 pkg=800000026
  - UAV3: missions=11 pkg=800000027
  - UAV5: missions=11 pkg=800000028
  - UAV6: missions=11 pkg=800000029
[MON][2025-12-03 13:43:03] PlanLoad
  - MissionPlan 700000006 활성화 (inputPkg=1, activeInput=1)
  - InputMissionIDs=[1, 2, 3, 4, 5, 6, 7, 8, 9, 10, 11]
  - 적용상태: appliedPlanID=700000006, previousPlanID=700000006, detail=동일 ID 재적용 요청으로 갱신했습니다.
  - UAV1: missions=11 pkg=800000030
  - UAV2: missions=11 pkg=800000031
  - UAV3: missions=11 pkg=800000032
  - UAV5: missions=11 pkg=800000033
  - UAV6: missions=11 pkg=800000034
[MON][2025-12-03 13:43:03] PlanLoad
  - MissionPlan 700000006 활성화 (inputPkg=1, activeInput=1)
  - InputMissionIDs=[1, 2, 3, 4, 5, 6, 7, 8, 9, 10, 11]
  - 적용상태: appliedPlanID=700000006, previousPlanID=700000005
  - UAV1: missions=11 pkg=800000030
  - UAV2: missions=11 pkg=800000031
  - UAV3: missions=11 pkg=800000032
  - UAV5: missions=11 pkg=800000033
  - UAV6: missions=11 pkg=800000034
[MON][2025-12-03 13:43:03] PlanLoad
  - MissionPlan 700000007 활성화 (inputPkg=1, activeInput=1)
  - InputMissionIDs=[1, 2, 3, 4, 5, 6, 7, 8, 9, 10, 11]
  - 적용상태: appliedPlanID=700000007, previousPlanID=700000006
  - UAV1: missions=11 pkg=800000035
  - UAV2: missions=11 pkg=800000036
  - UAV3: missions=11 pkg=800000037
  - UAV5: missions=11 pkg=800000038
  - UAV6: missions=11 pkg=800000039
[MON][2025-12-03 13:43:03] PlanLoad
  - MissionPlan 700000007 활성화 (inputPkg=1, activeInput=1)
  - InputMissionIDs=[1, 2, 3, 4, 5, 6, 7, 8, 9, 10, 11]
  - 적용상태: appliedPlanID=700000007, previousPlanID=700000007, detail=동일 ID 재적용 요청으로 갱신했습니다.
  - UAV1: missions=11 pkg=800000035
  - UAV2: missions=11 pkg=800000036
  - UAV3: missions=11 pkg=800000037
  - UAV5: missions=11 pkg=800000038
  - UAV6: missions=11 pkg=800000039
[MON][2025-12-03 13:45:07] MonitoringCycle
  - SystemMode=3, PlanID=700000007, ActiveInput=1, PendingPlan=None
  - 0401 timestamp=811517583600, entries=6
  -   UAV1: wp=None, health=1
  -   UAV2: wp=None, health=1
  -   UAV3: wp=None, health=1
  -   UAV4: wp=1, health=1
  -   UAV5: wp=35, health=1
  -   UAV6: wp=64, health=1
  - 0501 currentMissionPlanID=700000007, currentInputMissionID=1
  -   UAV4 status: mission=0 input=None progress=1%
  -   UAV5 status: mission=900000753 input=1 progress=0% | mission=900000754 input=2 progress=0% | mission=900000755 input=3 progress=0% | mission=900000756 input=4 progress=0% | mission=900000757 input=5 progress=0% | mission=900000758 input=6 progress=0% | mission=900000759 input=7 progress=0% | mission=900000760 input=8 progress=0% | mission=900000761 input=9 progress=0% | mission=900000762 input=10 progress=0% | mission=900000763 input=11 progress=0%
  -   UAV6 status: mission=900000764 input=1 progress=0% | mission=900000765 input=2 progress=0% | mission=900000766 input=3 progress=0% | mission=900000767 input=4 progress=0% | mission=900000768 input=5 progress=0% | mission=900000769 input=6 progress=0% | mission=900000770 input=7 progress=0% | mission=900000771 input=8 progress=0% | mission=900000772 input=9 progress=0% | mission=900000773 input=10 progress=0% | mission=900000774 input=11 progress=0%
[MON][2025-12-03 13:45:15] PlanLoad
  - MissionPlan 700000008 활성화 (inputPkg=1, activeInput=1)
  - InputMissionIDs=[1, 2, 3, 4, 5, 6, 7, 8, 9, 10, 11]
  - 적용상태: appliedPlanID=700000008, previousPlanID=700000007
  - UAV1: missions=11 pkg=800000040
  - UAV2: missions=11 pkg=800000041
  - UAV3: missions=11 pkg=800000042
  - UAV5: missions=11 pkg=800000043
  - UAV6: missions=11 pkg=800000044
[MON][2025-12-03 13:45:15] PlanLoad
  - MissionPlan 700000008 활성화 (inputPkg=1, activeInput=1)
  - InputMissionIDs=[1, 2, 3, 4, 5, 6, 7, 8, 9, 10, 11]
  - 적용상태: appliedPlanID=700000008, previousPlanID=700000008, detail=동일 ID 재적용 요청으로 갱신했습니다.
  - UAV1: missions=11 pkg=800000040
  - UAV2: missions=11 pkg=800000041
  - UAV3: missions=11 pkg=800000042
  - UAV5: missions=11 pkg=800000043
  - UAV6: missions=11 pkg=800000044
[MON][2025-12-03 13:45:15] MonitoringCycle
  - SystemMode=3, PlanID=700000008, ActiveInput=1, PendingPlan=None
  - 0401 timestamp=811517591200, entries=6
  -   UAV1: wp=None, health=1
  -   UAV2: wp=None, health=1
  -   UAV3: wp=None, health=1
  -   UAV4: wp=1, health=1
  -   UAV5: wp=35, health=1
  -   UAV6: wp=64, health=1
  - 0501 currentMissionPlanID=700000008, currentInputMissionID=1
  -   UAV4 status: mission=0 input=None progress=1%
  -   UAV5 status: mission=900000851 input=1 progress=0% | mission=900000852 input=2 progress=0% | mission=900000853 input=3 progress=0% | mission=900000854 input=4 progress=0% | mission=900000855 input=5 progress=0% | mission=900000856 input=6 progress=0% | mission=900000857 input=7 progress=0% | mission=900000858 input=8 progress=0% | mission=900000859 input=9 progress=0% | mission=900000860 input=10 progress=0% | mission=900000861 input=11 progress=0%
  -   UAV6 status: mission=900000862 input=1 progress=0% | mission=900000863 input=2 progress=0% | mission=900000864 input=3 progress=0% | mission=900000865 input=4 progress=0% | mission=900000866 input=5 progress=0% | mission=900000867 input=6 progress=0% | mission=900000868 input=7 progress=0% | mission=900000869 input=8 progress=0% | mission=900000870 input=9 progress=0% | mission=900000871 input=10 progress=0% | mission=900000872 input=11 progress=0%
