[MON][2025-12-03 13:47:16] PlanLoad
  - MissionPlan 700000001 활성화 (inputPkg=1, activeInput=1)
  - InputMissionIDs=[1, 2, 3, 4, 5, 6, 7, 8, 9, 10, 11]
  - 적용상태: appliedPlanID=700000001, previousPlanID=None
  - UAV1: missions=11 pkg=800000001
  - UAV2: missions=11 pkg=800000002
  - UAV3: missions=11 pkg=800000003
  - UAV4: missions=11 pkg=800000004
  - UAV5: missions=11 pkg=800000005
  - UAV6: missions=11 pkg=800000006
[MON][2025-12-03 13:47:35] PlanLoad
  - MissionPlan 700000002 활성화 (inputPkg=1, activeInput=1)
  - InputMissionIDs=[1, 2, 3, 4, 5, 6, 7, 8, 9, 10, 11]
  - 적용상태: appliedPlanID=700000002, previousPlanID=700000001
  - UAV1: missions=11 pkg=800000007
  - UAV2: missions=11 pkg=800000008
  - UAV3: missions=11 pkg=800000009
  - UAV5: missions=11 pkg=800000010
  - UAV6: missions=11 pkg=800000011
[MON][2025-12-03 13:47:35] PlanLoad
  - MissionPlan 700000002 활성화 (inputPkg=1, activeInput=1)
  - InputMissionIDs=[1, 2, 3, 4, 5, 6, 7, 8, 9, 10, 11]
  - 적용상태: appliedPlanID=700000002, previousPlanID=700000002, detail=동일 ID 재적용 요청으로 갱신했습니다.
  - UAV1: missions=11 pkg=800000007
  - UAV2: missions=11 pkg=800000008
  - UAV3: missions=11 pkg=800000009
  - UAV5: missions=11 pkg=800000010
  - UAV6: missions=11 pkg=800000011
[MON][2025-12-03 13:47:36] PlanLoad
  - MissionPlan 700000003 활성화 (inputPkg=1, activeInput=1)
  - InputMissionIDs=[1, 2, 3, 4, 5, 6, 7, 8, 9, 10, 11]
  - 적용상태: appliedPlanID=700000003, previousPlanID=700000002
  - UAV1: missions=11 pkg=800000012
  - UAV2: missions=11 pkg=800000013
  - UAV3: missions=11 pkg=800000014
  - UAV5: missions=11 pkg=800000015
  - UAV6: missions=11 pkg=800000016
[MON][2025-12-03 13:47:36] PlanLoad
  - MissionPlan 700000003 활성화 (inputPkg=1, activeInput=1)
  - InputMissionIDs=[1, 2, 3, 4, 5, 6, 7, 8, 9, 10, 11]
  - 적용상태: appliedPlanID=700000003, previousPlanID=700000003, detail=동일 ID 재적용 요청으로 갱신했습니다.
  - UAV1: missions=11 pkg=800000012
  - UAV2: missions=11 pkg=800000013
  - UAV3: missions=11 pkg=800000014
  - UAV5: missions=11 pkg=800000015
  - UAV6: missions=11 pkg=800000016
[MON][2025-12-03 13:47:36] PlanLoad
  - MissionPlan 700000004 활성화 (inputPkg=1, activeInput=1)
  - InputMissionIDs=[1, 2, 3, 4, 5, 6, 7, 8, 9, 10, 11]
  - 적용상태: appliedPlanID=700000004, previousPlanID=700000003
  - UAV1: missions=11 pkg=800000017
  - UAV2: missions=11 pkg=800000018
  - UAV3: missions=11 pkg=800000019
  - UAV5: missions=11 pkg=800000020
  - UAV6: missions=11 pkg=800000021
[MON][2025-12-03 13:47:36] PlanLoad
  - MissionPlan 700000004 활성화 (inputPkg=1, activeInput=1)
  - InputMissionIDs=[1, 2, 3, 4, 5, 6, 7, 8, 9, 10, 11]
  - 적용상태: appliedPlanID=700000004, previousPlanID=700000004, detail=동일 ID 재적용 요청으로 갱신했습니다.
  - UAV1: missions=11 pkg=800000017
  - UAV2: missions=11 pkg=800000018
  - UAV3: missions=11 pkg=800000019
  - UAV5: missions=11 pkg=800000020
  - UAV6: missions=11 pkg=800000021
[MON][2025-12-03 13:49:08] PlanLoad
  - MissionPlan 700000005 활성화 (inputPkg=1, activeInput=1)
  - InputMissionIDs=[1, 2, 3, 4, 5, 6, 7, 8, 9, 10, 11]
  - 적용상태: appliedPlanID=700000005, previousPlanID=700000004
  - UAV1: missions=11 pkg=800000022
  - UAV2: missions=11 pkg=800000023
  - UAV3: missions=11 pkg=800000024
  - UAV6: missions=11 pkg=800000025
[MON][2025-12-03 13:49:08] PlanLoad
  - MissionPlan 700000005 활성화 (inputPkg=1, activeInput=1)
  - InputMissionIDs=[1, 2, 3, 4, 5, 6, 7, 8, 9, 10, 11]
  - 적용상태: appliedPlanID=700000005, previousPlanID=700000005, detail=동일 ID 재적용 요청으로 갱신했습니다.
  - UAV1: missions=11 pkg=800000022
  - UAV2: missions=11 pkg=800000023
  - UAV3: missions=11 pkg=800000024
  - UAV6: missions=11 pkg=800000025
[MON][2025-12-03 13:49:08] PlanLoad
  - MissionPlan 700000006 활성화 (inputPkg=1, activeInput=1)
  - InputMissionIDs=[1, 2, 3, 4, 5, 6, 7, 8, 9, 10, 11]
  - 적용상태: appliedPlanID=700000006, previousPlanID=700000005
  - UAV1: missions=11 pkg=800000026
  - UAV2: missions=11 pkg=800000027
  - UAV3: missions=11 pkg=800000028
  - UAV6: missions=11 pkg=800000029
[MON][2025-12-03 13:49:08] PlanLoad
  - MissionPlan 700000007 활성화 (inputPkg=1, activeInput=1)
  - InputMissionIDs=[1, 2, 3, 4, 5, 6, 7, 8, 9, 10, 11]
  - 적용상태: appliedPlanID=700000007, previousPlanID=700000006
  - UAV1: missions=11 pkg=800000030
  - UAV2: missions=11 pkg=800000031
  - UAV3: missions=11 pkg=800000032
  - UAV6: missions=11 pkg=800000033
[MON][2025-12-03 13:49:08] PlanLoad
  - MissionPlan 700000007 활성화 (inputPkg=1, activeInput=1)
  - InputMissionIDs=[1, 2, 3, 4, 5, 6, 7, 8, 9, 10, 11]
  - 적용상태: appliedPlanID=700000007, previousPlanID=700000007, detail=동일 ID 재적용 요청으로 갱신했습니다.
  - UAV1: missions=11 pkg=800000030
  - UAV2: missions=11 pkg=800000031
  - UAV3: missions=11 pkg=800000032
  - UAV6: missions=11 pkg=800000033
