2025-12-03T05:53:26.530290Z [LOG] Mission planning log started: C:\Users\LAHMUMT_2\Desktop\KU_LAHMUMT\Logs\Scenario_2025-11-21T044141\SBC3\DSS_Internal\mission_planning_gui_20251203T055326_528289Z.log
2025-12-03T05:53:26.530290Z CTRL UDP 수신 대기 시작 (127.0.0.1:45981)
2025-12-03T05:53:26.531290Z [0101] 모드 수신 리스너 등록 완료
2025-12-03T05:53:26.698464Z [CTRL] MODE change request: 초기화 모드
2025-12-03T05:53:26.945168Z [BUS] NodeMessenger 초기화 완료
2025-12-03T05:53:35.522182Z [MODE] 슬라이더 변경 → 대기모드
2025-12-03T05:53:35.523185Z [0101/POLL] 모드 동기화 code=1
2025-12-03T05:53:39.156589Z [INFO] Latest 0203 ID updated → 1
2025-12-03T05:53:39.540474Z [INFO] Latest 0201 ID updated → 1
2025-12-03T05:53:40.849002Z [AUTO] 0902 received (planIds=700000001)
2025-12-03T05:53:40.849002Z [AUTO] replan pipeline scheduled after 0.1s delay
2025-12-03T05:53:40.976934Z [0305] status=1, reason=초기임무재계획 전송
2025-12-03T05:53:40.979066Z [INFO] Using latest 0201 ID 1 for inputMissionPackageID (fallback)
2025-12-03T05:53:40.980064Z [INFO] Using latest 0203 ID 1 for missionReferencePackageID (fallback)
2025-12-03T05:53:40.980064Z [STEP 0] Replan pipeline start (reason=초기임무재계획)
2025-12-03T05:53:41.029246Z [MODE] 슬라이더 변경 → 초기 임무 계획
2025-12-03T05:53:41.030865Z [0101/POLL] 모드 동기화 code=2
2025-12-03T05:53:43.316374Z [INFO] Latest input snapshot → 0201:ID=1,ts=816922549226,src=-, 0203:ID=1,ts=818056419154,src=-
2025-12-03T05:53:43.316374Z [STEP 0] Using latest 0201 ID 1 (1.json)
2025-12-03T05:53:43.316374Z [STEP 0] Using latest 0203 ID 1 (1.json)
2025-12-03T05:53:43.317375Z [STEP 1.1] Divide & Pattern start
2025-12-03T05:53:43.317375Z [variant 1] [1] CMPK 로드
2025-12-03T05:53:43.325469Z [variant 1]     ▸ VehicleStatus 적용: 사용 가능한 기체 [1, 2, 3, 4, 5, 6]
2025-12-03T05:53:43.325469Z [variant 1]     MRPK 로드
2025-12-03T05:53:43.325469Z [variant 1]     ▸ 로드 완료  (소요 0.01s)
2025-12-03T05:53:43.326471Z [variant 1] [2] LAH 임무 저장 시작
2025-12-03T05:53:43.695456Z [variant 1] [LAH1] LAH 임무파일 저장 → C:\Users\LAHMUMT_2\Desktop\KU_LAHMUMT\Logs\Scenario_2025-12-03T145335\SBC3\mission_output\variant_01\IndividualMissionPlan_LAH001.json
2025-12-03T05:53:43.696457Z [variant 1] [LAH2] LAH 임무파일 저장 → C:\Users\LAHMUMT_2\Desktop\KU_LAHMUMT\Logs\Scenario_2025-12-03T145335\SBC3\mission_output\variant_01\IndividualMissionPlan_LAH002.json
2025-12-03T05:53:43.697457Z [variant 1] [LAH3] LAH 임무파일 저장 → C:\Users\LAHMUMT_2\Desktop\KU_LAHMUMT\Logs\Scenario_2025-12-03T145335\SBC3\mission_output\variant_01\IndividualMissionPlan_LAH003.json
2025-12-03T05:53:43.697457Z [variant 1]     ▸ LAH 3개 파일 저장
2025-12-03T05:53:43.698457Z [variant 1] [3] InputMission 분할
2025-12-03T05:53:43.698457Z [variant 1] [3] InputMission 분할
2025-12-03T05:53:43.699563Z [variant 1]     ▸ (1/11) inputMissionID=1 type=1
2025-12-03T05:53:43.699563Z [variant 1]        └─ sub-area 3개 추가 (누적 3)
2025-12-03T05:53:43.699563Z [variant 1]     ▸ (2/11) inputMissionID=2 type=1
2025-12-03T05:53:43.701065Z [variant 1]        └─ sub-area 3개 추가 (누적 6)
2025-12-03T05:53:43.701065Z [variant 1]     ▸ (3/11) inputMissionID=3 type=2
2025-12-03T05:53:43.702069Z [variant 1]        └─ sub-area 3개 추가 (누적 9)
2025-12-03T05:53:43.702069Z [variant 1]     ▸ (4/11) inputMissionID=4 type=1
2025-12-03T05:53:43.703068Z [variant 1]        └─ sub-area 3개 추가 (누적 12)
2025-12-03T05:53:43.703068Z [variant 1]     ▸ (5/11) inputMissionID=5 type=2
2025-12-03T05:53:43.703068Z [variant 1]        └─ sub-area 3개 추가 (누적 15)
2025-12-03T05:53:43.704070Z [variant 1]     ▸ (6/11) inputMissionID=6 type=1
2025-12-03T05:53:43.704070Z [variant 1]        └─ sub-area 3개 추가 (누적 18)
2025-12-03T05:53:43.704070Z [variant 1]     ▸ (7/11) inputMissionID=7 type=2
2025-12-03T05:53:43.705070Z [variant 1]        └─ sub-area 3개 추가 (누적 21)
2025-12-03T05:53:43.706071Z [variant 1]     ▸ (8/11) inputMissionID=8 type=1
2025-12-03T05:53:43.707070Z [variant 1]        └─ sub-area 3개 추가 (누적 24)
2025-12-03T05:53:43.707070Z [variant 1]     ▸ (9/11) inputMissionID=9 type=2
2025-12-03T05:53:43.708070Z [variant 1]        └─ sub-area 3개 추가 (누적 27)
2025-12-03T05:53:43.708070Z [variant 1]     ▸ (10/11) inputMissionID=10 type=1
2025-12-03T05:53:43.708070Z [variant 1]        └─ sub-area 3개 추가 (누적 30)
2025-12-03T05:53:43.708070Z [variant 1]     ▸ (11/11) inputMissionID=11 type=1
2025-12-03T05:53:43.709070Z [variant 1]        └─ sub-area 3개 추가 (누적 33)
2025-12-03T05:53:43.709070Z [variant 1]     ▸ 분할 완료: 33개 sub-area
2025-12-03T05:53:43.709070Z [variant 1] [4] RL 예상시간 계산
2025-12-03T05:53:43.709070Z [variant 1]        RL 진행    1/33  (소요  0.0s)
2025-12-03T05:53:43.710071Z [variant 1]        RL 진행    2/33  (소요  0.0s)
2025-12-03T05:53:43.710071Z [variant 1]        RL 진행    4/33  (소요  0.0s)
2025-12-03T05:53:43.710071Z [variant 1]        RL 진행    6/33  (소요  0.0s)
2025-12-03T05:53:43.710071Z [variant 1]        RL 진행    8/33  (소요  0.0s)
2025-12-03T05:53:43.710071Z [variant 1]        RL 진행   10/33  (소요  0.0s)
2025-12-03T05:53:43.711071Z [variant 1]        RL 진행   12/33  (소요  0.0s)
2025-12-03T05:53:43.711071Z [variant 1]        RL 진행   14/33  (소요  0.0s)
2025-12-03T05:53:43.711071Z [variant 1]        RL 진행   16/33  (소요  0.0s)
2025-12-03T05:53:43.711071Z [variant 1]        RL 진행   18/33  (소요  0.0s)
2025-12-03T05:53:43.712070Z [variant 1]        RL 진행   20/33  (소요  0.0s)
2025-12-03T05:53:43.712070Z [variant 1]        RL 진행   22/33  (소요  0.0s)
2025-12-03T05:53:43.712070Z [variant 1]        RL 진행   24/33  (소요  0.0s)
2025-12-03T05:53:43.712070Z [variant 1]        RL 진행   26/33  (소요  0.0s)
2025-12-03T05:53:43.712070Z [variant 1]        RL 진행   28/33  (소요  0.0s)
2025-12-03T05:53:43.713070Z [variant 1]        RL 진행   30/33  (소요  0.0s)
2025-12-03T05:53:43.713070Z [variant 1]        RL 진행   32/33  (소요  0.0s)
2025-12-03T05:53:43.713070Z [variant 1]        RL 진행   33/33  (소요  0.0s)
2025-12-03T05:53:43.713070Z [variant 1]        ┌─ RL 세부 소요(ms) ─────────────
2025-12-03T05:53:43.713070Z [variant 1]        │ predict :    0.0  / p95    0.0
2025-12-03T05:53:43.714070Z [variant 1]        │ env.step:    0.0  / p95    0.0
2025-12-03T05:53:43.714070Z [variant 1]        │ distance:    0.0  / p95    0.0
2025-12-03T05:53:43.714070Z [variant 1]        └───────────────────────────────
2025-12-03T05:53:43.714070Z [variant 1] [5] PuLP 균등 스케줄링
2025-12-03T05:53:43.714070Z [variant 1] [PuLP] 입력 IMP 로드 → _flat.json
2025-12-03T05:53:43.716164Z [variant 1] [PuLP] 임무 33개 → 11개 그룹 (그룹당 ≤3개)
2025-12-03T05:53:43.948064Z [variant 1] [PuLP] Status = Optimal
2025-12-03T05:53:43.949064Z [variant 1] [PuLP] 최적 편차 = 24664.00 s
2025-12-03T05:53:43.949064Z [variant 1] [PuLP] 저장 완료 → C:\Users\LAHMUMT_2\Desktop\KU_LAHMUMT\Logs\Scenario_2025-12-03T145335\SBC3\mission_output\variant_01\_flat_sched.json
2025-12-03T05:53:43.956143Z [variant 1] [6] UAV IMP 생성‧저장
2025-12-03T05:53:44.575023Z [variant 1]     ▸ IMP 저장: C:\Users\LAHMUMT_2\Desktop\KU_LAHMUMT\Logs\Scenario_2025-12-03T145335\SBC3\mission_output\variant_01\IndividualMissionPlan_UAV004.json
2025-12-03T05:53:44.576022Z [variant 1]     ▸ IMP 저장: C:\Users\LAHMUMT_2\Desktop\KU_LAHMUMT\Logs\Scenario_2025-12-03T145335\SBC3\mission_output\variant_01\IndividualMissionPlan_UAV005.json
2025-12-03T05:53:44.577022Z [variant 1]     ▸ IMP 저장: C:\Users\LAHMUMT_2\Desktop\KU_LAHMUMT\Logs\Scenario_2025-12-03T145335\SBC3\mission_output\variant_01\IndividualMissionPlan_UAV006.json
2025-12-03T05:53:44.577022Z [variant 1] [✔] divide_and_pattern 끝 (총 1762930614.5s 경과)
2025-12-03T05:53:44.577022Z [OK] IMP generated: 6 file(s) (variant=1)
2025-12-03T05:53:44.622760Z [OK] MissionPlan built: MissionPlan_1764741224577.json (variant=1)
2025-12-03T05:53:44.992097Z [INFO] pathID mapping done for 0302/0303/0304 (variant=1)
2025-12-03T05:53:45.706549Z [OK] FlightPath counts (variant=1): 0303=33 / 0304=33
2025-12-03T05:53:46.132986Z [OK] Stored variant 1: MissionPlanID=700000001, IMP=6, FlightPath=66
2025-12-03T05:53:46.132986Z [INFO] Option mapping #1: planID=700000001, optionCode=1(시스템추천)
2025-12-03T05:53:46.133987Z [OK] Stored mission data: MissionPlan=1, IndividualMission=6, FlightPath=66
2025-12-03T05:53:46.133987Z [STEP 4] 0301 push queued (planIds=700000001)
2025-12-03T05:53:46.134989Z [INFO] Direct delivery -> skip 0901/0701, send 0301+0903 only
2025-12-03T05:53:46.141988Z [0301] missionPlanID=700000001 전송
2025-12-03T05:53:46.142989Z [PUSH] 0301 button click()
2025-12-03T05:53:46.737728Z [0305] status=2, reason=초기임무재계획 전송
2025-12-03T05:53:47.039895Z [0903] request sent (missionPlanID=700000001)
2025-12-03T05:54:38.553042Z [MODE] 슬라이더 변경 → 임무 수행
2025-12-03T05:54:38.554042Z [0101/POLL] 모드 동기화 code=3
2025-12-03T05:54:40.233445Z [AUTO] 0902 received (planIds=700000002, 700000003, 700000004)
2025-12-03T05:54:40.234536Z [AUTO] replan pipeline scheduled after 0.1s delay
2025-12-03T05:54:40.342452Z [0305] status=1, reason=협업기저임무 재입력에 대한 재계획 전송
2025-12-03T05:54:40.345956Z [INFO] Using latest 0201 ID 1 for inputMissionPackageID (fallback)
2025-12-03T05:54:40.346956Z [INFO] Using latest 0203 ID 1 for missionReferencePackageID (fallback)
2025-12-03T05:54:40.347956Z [STEP 0] Replan pipeline start (reason=협업기저임무 재입력에 대한 재계획)
2025-12-03T05:54:40.350956Z [INFO] Latest input snapshot → 0201:ID=1,ts=816922549226,src=-, 0203:ID=1,ts=818056419154,src=-
2025-12-03T05:54:40.350956Z [STEP 0] Using latest 0201 ID 1 (1.json)
2025-12-03T05:54:40.350956Z [STEP 0] Using latest 0203 ID 1 (1.json)
2025-12-03T05:54:40.351956Z [STEP 1.1] Divide & Pattern start
2025-12-03T05:54:40.351956Z [variant 1] [1] CMPK 로드
2025-12-03T05:54:40.353037Z [variant 1]     ▸ VehicleStatus 적용: 사용 가능한 기체 [1, 2, 3, 4, 5, 6]
2025-12-03T05:54:40.353037Z [variant 1]     MRPK 로드
2025-12-03T05:54:40.353037Z [variant 1]     ▸ 로드 완료  (소요 0.00s)
2025-12-03T05:54:40.354037Z [variant 1] [2] LAH 임무 저장 시작
2025-12-03T05:54:40.821507Z [variant 1] [LAH1] LAH 임무파일 저장 → C:\Users\LAHMUMT_2\Desktop\KU_LAHMUMT\Logs\Scenario_2025-12-03T145335\SBC3\mission_output\variant_01\IndividualMissionPlan_LAH001.json
2025-12-03T05:54:40.822507Z [variant 1] [LAH2] LAH 임무파일 저장 → C:\Users\LAHMUMT_2\Desktop\KU_LAHMUMT\Logs\Scenario_2025-12-03T145335\SBC3\mission_output\variant_01\IndividualMissionPlan_LAH002.json
2025-12-03T05:54:40.825507Z [variant 1] [LAH3] LAH 임무파일 저장 → C:\Users\LAHMUMT_2\Desktop\KU_LAHMUMT\Logs\Scenario_2025-12-03T145335\SBC3\mission_output\variant_01\IndividualMissionPlan_LAH003.json
2025-12-03T05:54:40.825507Z [variant 1]     ▸ LAH 3개 파일 저장
2025-12-03T05:54:40.825507Z [variant 1] [3] InputMission 분할
2025-12-03T05:54:40.826507Z [variant 1] [3] InputMission 분할
2025-12-03T05:54:40.826507Z [variant 1]     ▸ (1/11) inputMissionID=1 type=1
2025-12-03T05:54:40.828507Z [variant 1]        └─ sub-area 3개 추가 (누적 3)
2025-12-03T05:54:40.828507Z [variant 1]     ▸ (2/11) inputMissionID=2 type=1
2025-12-03T05:54:40.830609Z [variant 1]        └─ sub-area 3개 추가 (누적 6)
2025-12-03T05:54:40.831609Z [variant 1]     ▸ (3/11) inputMissionID=3 type=2
2025-12-03T05:54:40.831609Z [variant 1]        └─ sub-area 3개 추가 (누적 9)
2025-12-03T05:54:40.832609Z [variant 1]     ▸ (4/11) inputMissionID=4 type=1
2025-12-03T05:54:40.834609Z [variant 1]        └─ sub-area 3개 추가 (누적 12)
2025-12-03T05:54:40.834609Z [variant 1]     ▸ (5/11) inputMissionID=5 type=2
2025-12-03T05:54:40.835609Z [variant 1]        └─ sub-area 3개 추가 (누적 15)
2025-12-03T05:54:40.835609Z [variant 1]     ▸ (6/11) inputMissionID=6 type=1
2025-12-03T05:54:40.837609Z [variant 1]        └─ sub-area 3개 추가 (누적 18)
2025-12-03T05:54:40.837609Z [variant 1]     ▸ (7/11) inputMissionID=7 type=2
2025-12-03T05:54:40.838609Z [variant 1]        └─ sub-area 3개 추가 (누적 21)
2025-12-03T05:54:40.838609Z [variant 1]     ▸ (8/11) inputMissionID=8 type=1
2025-12-03T05:54:40.840609Z [variant 1]        └─ sub-area 3개 추가 (누적 24)
2025-12-03T05:54:40.840609Z [variant 1]     ▸ (9/11) inputMissionID=9 type=2
2025-12-03T05:54:40.841609Z [variant 1]        └─ sub-area 3개 추가 (누적 27)
2025-12-03T05:54:40.841609Z [variant 1]     ▸ (10/11) inputMissionID=10 type=1
2025-12-03T05:54:40.843609Z [variant 1]        └─ sub-area 3개 추가 (누적 30)
2025-12-03T05:54:40.843609Z [variant 1]     ▸ (11/11) inputMissionID=11 type=1
2025-12-03T05:54:40.845705Z [variant 1]        └─ sub-area 3개 추가 (누적 33)
2025-12-03T05:54:40.846707Z [variant 1]     ▸ 분할 완료: 33개 sub-area
2025-12-03T05:54:40.847705Z [variant 1] [4] RL 예상시간 계산
2025-12-03T05:54:40.847705Z [variant 1]        RL 진행    1/33  (소요  0.0s)
2025-12-03T05:54:40.847705Z [variant 1]        RL 진행    2/33  (소요  0.0s)
2025-12-03T05:54:40.849705Z [variant 1]        RL 진행    4/33  (소요  0.0s)
2025-12-03T05:54:40.850705Z [variant 1]        RL 진행    6/33  (소요  0.0s)
2025-12-03T05:54:40.850705Z [variant 1]        RL 진행    8/33  (소요  0.0s)
2025-12-03T05:54:40.851706Z [variant 1]        RL 진행   10/33  (소요  0.0s)
2025-12-03T05:54:40.851706Z [variant 1]        RL 진행   12/33  (소요  0.0s)
2025-12-03T05:54:40.852705Z [variant 1]        RL 진행   14/33  (소요  0.0s)
2025-12-03T05:54:40.852705Z [variant 1]        RL 진행   16/33  (소요  0.0s)
2025-12-03T05:54:40.853705Z [variant 1]        RL 진행   18/33  (소요  0.0s)
2025-12-03T05:54:40.853705Z [variant 1]        RL 진행   20/33  (소요  0.0s)
2025-12-03T05:54:40.853705Z [variant 1]        RL 진행   22/33  (소요  0.0s)
2025-12-03T05:54:40.854705Z [variant 1]        RL 진행   24/33  (소요  0.0s)
2025-12-03T05:54:40.854705Z [variant 1]        RL 진행   26/33  (소요  0.0s)
2025-12-03T05:54:40.854705Z [variant 1]        RL 진행   28/33  (소요  0.0s)
2025-12-03T05:54:40.855705Z [variant 1]        RL 진행   30/33  (소요  0.0s)
2025-12-03T05:54:40.855705Z [variant 1]        RL 진행   32/33  (소요  0.0s)
2025-12-03T05:54:40.855705Z [variant 1]        RL 진행   33/33  (소요  0.0s)
2025-12-03T05:54:40.856705Z [variant 1]        ┌─ RL 세부 소요(ms) ─────────────
2025-12-03T05:54:40.856705Z [variant 1]        │ predict :    0.0  / p95    0.0
2025-12-03T05:54:40.856705Z [variant 1]        │ env.step:    0.1  / p95    0.2
2025-12-03T05:54:40.857705Z [variant 1]        │ distance:    0.0  / p95    0.0
2025-12-03T05:54:40.857705Z [variant 1]        └───────────────────────────────
2025-12-03T05:54:40.857705Z [variant 1] [5] PuLP 균등 스케줄링
2025-12-03T05:54:40.858705Z [variant 1] [PuLP] 입력 IMP 로드 → _flat.json
2025-12-03T05:54:40.861707Z [variant 1] [PuLP] 임무 33개 → 11개 그룹 (그룹당 ≤3개)
2025-12-03T05:54:41.105891Z [variant 1] [PuLP] Status = Optimal
2025-12-03T05:54:41.108395Z [variant 1] [PuLP] 최적 편차 = 24664.00 s
2025-12-03T05:54:41.109395Z [variant 1] [PuLP] 저장 완료 → C:\Users\LAHMUMT_2\Desktop\KU_LAHMUMT\Logs\Scenario_2025-12-03T145335\SBC3\mission_output\variant_01\_flat_sched.json
2025-12-03T05:54:41.118454Z [variant 1] [6] UAV IMP 생성‧저장
2025-12-03T05:54:41.863665Z [variant 1]     ▸ IMP 저장: C:\Users\LAHMUMT_2\Desktop\KU_LAHMUMT\Logs\Scenario_2025-12-03T145335\SBC3\mission_output\variant_01\IndividualMissionPlan_UAV004.json
2025-12-03T05:54:41.867719Z [variant 1]     ▸ IMP 저장: C:\Users\LAHMUMT_2\Desktop\KU_LAHMUMT\Logs\Scenario_2025-12-03T145335\SBC3\mission_output\variant_01\IndividualMissionPlan_UAV005.json
2025-12-03T05:54:41.868719Z [variant 1]     ▸ IMP 저장: C:\Users\LAHMUMT_2\Desktop\KU_LAHMUMT\Logs\Scenario_2025-12-03T145335\SBC3\mission_output\variant_01\IndividualMissionPlan_UAV006.json
2025-12-03T05:54:41.869719Z [variant 1] [✔] divide_and_pattern 끝 (총 1762930614.7s 경과)
2025-12-03T05:54:41.869719Z [OK] IMP generated: 6 file(s) (variant=1)
2025-12-03T05:54:41.918484Z [OK] MissionPlan built: MissionPlan_1764741281868.json (variant=1)
2025-12-03T05:54:42.388792Z [INFO] pathID mapping done for 0302/0303/0304 (variant=1)
2025-12-03T05:54:43.482097Z [OK] FlightPath counts (variant=1): 0303=33 / 0304=33
2025-12-03T05:54:43.971643Z [OK] Stored variant 1: MissionPlanID=700000002, IMP=6, FlightPath=66
2025-12-03T05:54:43.971643Z [INFO] Option mapping #1: planID=700000002, optionCode=1(시스템추천)
2025-12-03T05:54:43.973713Z [STEP 1.2] Divide & Pattern start
2025-12-03T05:54:43.974713Z [variant 2] [1] CMPK 로드
2025-12-03T05:54:43.974713Z [variant 2]     ▸ VehicleStatus 적용: 사용 가능한 기체 [1, 2, 3, 4, 5, 6]
2025-12-03T05:54:43.975713Z [variant 2]     MRPK 로드
2025-12-03T05:54:43.975713Z [variant 2]     ▸ 로드 완료  (소요 0.00s)
2025-12-03T05:54:43.976713Z [variant 2] [2] LAH 임무 저장 시작
2025-12-03T05:54:44.423057Z [variant 2] [LAH1] LAH 임무파일 저장 → C:\Users\LAHMUMT_2\Desktop\KU_LAHMUMT\Logs\Scenario_2025-12-03T145335\SBC3\mission_output\variant_02\IndividualMissionPlan_LAH001.json
2025-12-03T05:54:44.425057Z [variant 2] [LAH2] LAH 임무파일 저장 → C:\Users\LAHMUMT_2\Desktop\KU_LAHMUMT\Logs\Scenario_2025-12-03T145335\SBC3\mission_output\variant_02\IndividualMissionPlan_LAH002.json
2025-12-03T05:54:44.427057Z [variant 2] [LAH3] LAH 임무파일 저장 → C:\Users\LAHMUMT_2\Desktop\KU_LAHMUMT\Logs\Scenario_2025-12-03T145335\SBC3\mission_output\variant_02\IndividualMissionPlan_LAH003.json
2025-12-03T05:54:44.428057Z [variant 2]     ▸ LAH 3개 파일 저장
2025-12-03T05:54:44.428057Z [variant 2] [3] InputMission 분할
2025-12-03T05:54:44.429057Z [variant 2] [3] InputMission 분할
2025-12-03T05:54:44.429057Z [variant 2]     ▸ (1/11) inputMissionID=1 type=1
2025-12-03T05:54:44.431057Z [variant 2]        └─ sub-area 3개 추가 (누적 3)
2025-12-03T05:54:44.431057Z [variant 2]     ▸ (2/11) inputMissionID=2 type=1
2025-12-03T05:54:44.433105Z [variant 2]        └─ sub-area 3개 추가 (누적 6)
2025-12-03T05:54:44.433105Z [variant 2]     ▸ (3/11) inputMissionID=3 type=2
2025-12-03T05:54:44.434103Z [variant 2]        └─ sub-area 3개 추가 (누적 9)
2025-12-03T05:54:44.434103Z [variant 2]     ▸ (4/11) inputMissionID=4 type=1
2025-12-03T05:54:44.436103Z [variant 2]        └─ sub-area 3개 추가 (누적 12)
2025-12-03T05:54:44.437103Z [variant 2]     ▸ (5/11) inputMissionID=5 type=2
2025-12-03T05:54:44.437103Z [variant 2]        └─ sub-area 3개 추가 (누적 15)
2025-12-03T05:54:44.437103Z [variant 2]     ▸ (6/11) inputMissionID=6 type=1
2025-12-03T05:54:44.439415Z [variant 2]        └─ sub-area 3개 추가 (누적 18)
2025-12-03T05:54:44.439415Z [variant 2]     ▸ (7/11) inputMissionID=7 type=2
2025-12-03T05:54:44.440414Z [variant 2]        └─ sub-area 3개 추가 (누적 21)
2025-12-03T05:54:44.440414Z [variant 2]     ▸ (8/11) inputMissionID=8 type=1
2025-12-03T05:54:44.442415Z [variant 2]        └─ sub-area 3개 추가 (누적 24)
2025-12-03T05:54:44.446415Z [variant 2]     ▸ (9/11) inputMissionID=9 type=2
2025-12-03T05:54:44.447414Z [variant 2]        └─ sub-area 3개 추가 (누적 27)
2025-12-03T05:54:44.447414Z [variant 2]     ▸ (10/11) inputMissionID=10 type=1
2025-12-03T05:54:44.448415Z [variant 2]        └─ sub-area 3개 추가 (누적 30)
2025-12-03T05:54:44.448415Z [variant 2]     ▸ (11/11) inputMissionID=11 type=1
2025-12-03T05:54:44.449415Z [variant 2]        └─ sub-area 3개 추가 (누적 33)
2025-12-03T05:54:44.449415Z [variant 2]     ▸ 분할 완료: 33개 sub-area
2025-12-03T05:54:44.450448Z [variant 2] [4] RL 예상시간 계산
2025-12-03T05:54:44.450448Z [variant 2]        RL 진행    1/33  (소요  0.0s)
2025-12-03T05:54:44.451448Z [variant 2]        RL 진행    2/33  (소요  0.0s)
2025-12-03T05:54:44.451448Z [variant 2]        RL 진행    4/33  (소요  0.0s)
2025-12-03T05:54:44.452448Z [variant 2]        RL 진행    6/33  (소요  0.0s)
2025-12-03T05:54:44.452448Z [variant 2]        RL 진행    8/33  (소요  0.0s)
2025-12-03T05:54:44.452448Z [variant 2]        RL 진행   10/33  (소요  0.0s)
2025-12-03T05:54:44.453448Z [variant 2]        RL 진행   12/33  (소요  0.0s)
2025-12-03T05:54:44.453448Z [variant 2]        RL 진행   14/33  (소요  0.0s)
2025-12-03T05:54:44.453448Z [variant 2]        RL 진행   16/33  (소요  0.0s)
2025-12-03T05:54:44.454449Z [variant 2]        RL 진행   18/33  (소요  0.0s)
2025-12-03T05:54:44.454449Z [variant 2]        RL 진행   20/33  (소요  0.0s)
2025-12-03T05:54:44.454449Z [variant 2]        RL 진행   22/33  (소요  0.0s)
2025-12-03T05:54:44.455449Z [variant 2]        RL 진행   24/33  (소요  0.0s)
2025-12-03T05:54:44.455449Z [variant 2]        RL 진행   26/33  (소요  0.0s)
2025-12-03T05:54:44.455449Z [variant 2]        RL 진행   28/33  (소요  0.0s)
2025-12-03T05:54:44.456450Z [variant 2]        RL 진행   30/33  (소요  0.0s)
2025-12-03T05:54:44.456450Z [variant 2]        RL 진행   32/33  (소요  0.0s)
2025-12-03T05:54:44.456450Z [variant 2]        RL 진행   33/33  (소요  0.0s)
2025-12-03T05:54:44.457450Z [variant 2]        ┌─ RL 세부 소요(ms) ─────────────
2025-12-03T05:54:44.457450Z [variant 2]        │ predict :    0.0  / p95    0.0
2025-12-03T05:54:44.457450Z [variant 2]        │ env.step:    0.0  / p95    0.1
2025-12-03T05:54:44.458450Z [variant 2]        │ distance:    0.0  / p95    0.0
2025-12-03T05:54:44.458450Z [variant 2]        └───────────────────────────────
2025-12-03T05:54:44.458450Z [variant 2] [5] PuLP 균등 스케줄링
2025-12-03T05:54:44.459450Z [variant 2] [PuLP] 입력 IMP 로드 → _flat.json
2025-12-03T05:54:44.459450Z [variant 2] [PuLP] 임무 33개 → 11개 그룹 (그룹당 ≤3개)
2025-12-03T05:54:44.708724Z [variant 2] [PuLP] Status = Optimal
2025-12-03T05:54:44.709724Z [variant 2] [PuLP] 최적 편차 = 24664.00 s
2025-12-03T05:54:44.710724Z [variant 2] [PuLP] 저장 완료 → C:\Users\LAHMUMT_2\Desktop\KU_LAHMUMT\Logs\Scenario_2025-12-03T145335\SBC3\mission_output\variant_02\_flat_sched.json
2025-12-03T05:54:44.717724Z [variant 2] [6] UAV IMP 생성‧저장
2025-12-03T05:54:45.468509Z [variant 2]     ▸ IMP 저장: C:\Users\LAHMUMT_2\Desktop\KU_LAHMUMT\Logs\Scenario_2025-12-03T145335\SBC3\mission_output\variant_02\IndividualMissionPlan_UAV004.json
2025-12-03T05:54:45.470624Z [variant 2]     ▸ IMP 저장: C:\Users\LAHMUMT_2\Desktop\KU_LAHMUMT\Logs\Scenario_2025-12-03T145335\SBC3\mission_output\variant_02\IndividualMissionPlan_UAV005.json
2025-12-03T05:54:45.472624Z [variant 2]     ▸ IMP 저장: C:\Users\LAHMUMT_2\Desktop\KU_LAHMUMT\Logs\Scenario_2025-12-03T145335\SBC3\mission_output\variant_02\IndividualMissionPlan_UAV006.json
2025-12-03T05:54:45.473624Z [variant 2] [✔] divide_and_pattern 끝 (총 1762930614.7s 경과)
2025-12-03T05:54:45.473624Z [OK] IMP generated: 6 file(s) (variant=2)
2025-12-03T05:54:45.525910Z [OK] MissionPlan built: MissionPlan_1764741285473.json (variant=2)
2025-12-03T05:54:45.996642Z [INFO] pathID mapping done for 0302/0303/0304 (variant=2)
2025-12-03T05:54:47.093336Z [OK] FlightPath counts (variant=2): 0303=33 / 0304=33
2025-12-03T05:54:47.591340Z [OK] Stored variant 2: MissionPlanID=700000003, IMP=6, FlightPath=66
2025-12-03T05:54:47.591340Z [INFO] Option mapping #2: planID=700000003, optionCode=4(정찰특화)
2025-12-03T05:54:47.593340Z [STEP 1.3] Divide & Pattern start
2025-12-03T05:54:47.594410Z [variant 3] [1] CMPK 로드
2025-12-03T05:54:47.595410Z [variant 3]     ▸ VehicleStatus 적용: 사용 가능한 기체 [1, 2, 3, 4, 5, 6]
2025-12-03T05:54:47.595410Z [variant 3]     MRPK 로드
2025-12-03T05:54:47.596410Z [variant 3]     ▸ 로드 완료  (소요 0.00s)
2025-12-03T05:54:47.596410Z [variant 3] [2] LAH 임무 저장 시작
2025-12-03T05:54:48.084414Z [variant 3] [LAH1] LAH 임무파일 저장 → C:\Users\LAHMUMT_2\Desktop\KU_LAHMUMT\Logs\Scenario_2025-12-03T145335\SBC3\mission_output\variant_03\IndividualMissionPlan_LAH001.json
2025-12-03T05:54:48.085414Z [variant 3] [LAH2] LAH 임무파일 저장 → C:\Users\LAHMUMT_2\Desktop\KU_LAHMUMT\Logs\Scenario_2025-12-03T145335\SBC3\mission_output\variant_03\IndividualMissionPlan_LAH002.json
2025-12-03T05:54:48.087469Z [variant 3] [LAH3] LAH 임무파일 저장 → C:\Users\LAHMUMT_2\Desktop\KU_LAHMUMT\Logs\Scenario_2025-12-03T145335\SBC3\mission_output\variant_03\IndividualMissionPlan_LAH003.json
2025-12-03T05:54:48.087469Z [variant 3]     ▸ LAH 3개 파일 저장
2025-12-03T05:54:48.088469Z [variant 3] [3] InputMission 분할
2025-12-03T05:54:48.089469Z [variant 3] [3] InputMission 분할
2025-12-03T05:54:48.089469Z [variant 3]     ▸ (1/11) inputMissionID=1 type=1
2025-12-03T05:54:48.090469Z [variant 3]        └─ sub-area 3개 추가 (누적 3)
2025-12-03T05:54:48.091469Z [variant 3]     ▸ (2/11) inputMissionID=2 type=1
2025-12-03T05:54:48.092469Z [variant 3]        └─ sub-area 3개 추가 (누적 6)
2025-12-03T05:54:48.093469Z [variant 3]     ▸ (3/11) inputMissionID=3 type=2
2025-12-03T05:54:48.094492Z [variant 3]        └─ sub-area 3개 추가 (누적 9)
2025-12-03T05:54:48.094492Z [variant 3]     ▸ (4/11) inputMissionID=4 type=1
2025-12-03T05:54:48.096491Z [variant 3]        └─ sub-area 3개 추가 (누적 12)
2025-12-03T05:54:48.096491Z [variant 3]     ▸ (5/11) inputMissionID=5 type=2
2025-12-03T05:54:48.097490Z [variant 3]        └─ sub-area 3개 추가 (누적 15)
2025-12-03T05:54:48.097490Z [variant 3]     ▸ (6/11) inputMissionID=6 type=1
2025-12-03T05:54:48.099490Z [variant 3]        └─ sub-area 3개 추가 (누적 18)
2025-12-03T05:54:48.100490Z [variant 3]     ▸ (7/11) inputMissionID=7 type=2
2025-12-03T05:54:48.100490Z [variant 3]        └─ sub-area 3개 추가 (누적 21)
2025-12-03T05:54:48.101490Z [variant 3]     ▸ (8/11) inputMissionID=8 type=1
2025-12-03T05:54:48.102490Z [variant 3]        └─ sub-area 3개 추가 (누적 24)
2025-12-03T05:54:48.102490Z [variant 3]     ▸ (9/11) inputMissionID=9 type=2
2025-12-03T05:54:48.103490Z [variant 3]        └─ sub-area 3개 추가 (누적 27)
2025-12-03T05:54:48.104560Z [variant 3]     ▸ (10/11) inputMissionID=10 type=1
2025-12-03T05:54:48.105560Z [variant 3]        └─ sub-area 3개 추가 (누적 30)
2025-12-03T05:54:48.106560Z [variant 3]     ▸ (11/11) inputMissionID=11 type=1
2025-12-03T05:54:48.107560Z [variant 3]        └─ sub-area 3개 추가 (누적 33)
2025-12-03T05:54:48.109560Z [variant 3]     ▸ 분할 완료: 33개 sub-area
2025-12-03T05:54:48.110562Z [variant 3] [4] RL 예상시간 계산
2025-12-03T05:54:48.110562Z [variant 3]        RL 진행    1/33  (소요  0.0s)
2025-12-03T05:54:48.111563Z [variant 3]        RL 진행    2/33  (소요  0.0s)
2025-12-03T05:54:48.111563Z [variant 3]        RL 진행    4/33  (소요  0.0s)
2025-12-03T05:54:48.111563Z [variant 3]        RL 진행    6/33  (소요  0.0s)
2025-12-03T05:54:48.112562Z [variant 3]        RL 진행    8/33  (소요  0.0s)
2025-12-03T05:54:48.113562Z [variant 3]        RL 진행   10/33  (소요  0.0s)
2025-12-03T05:54:48.113562Z [variant 3]        RL 진행   12/33  (소요  0.0s)
2025-12-03T05:54:48.114562Z [variant 3]        RL 진행   14/33  (소요  0.0s)
2025-12-03T05:54:48.114562Z [variant 3]        RL 진행   16/33  (소요  0.0s)
2025-12-03T05:54:48.114562Z [variant 3]        RL 진행   18/33  (소요  0.0s)
2025-12-03T05:54:48.115562Z [variant 3]        RL 진행   20/33  (소요  0.0s)
2025-12-03T05:54:48.115562Z [variant 3]        RL 진행   22/33  (소요  0.0s)
2025-12-03T05:54:48.115562Z [variant 3]        RL 진행   24/33  (소요  0.0s)
2025-12-03T05:54:48.116562Z [variant 3]        RL 진행   26/33  (소요  0.0s)
2025-12-03T05:54:48.116562Z [variant 3]        RL 진행   28/33  (소요  0.0s)
2025-12-03T05:54:48.116562Z [variant 3]        RL 진행   30/33  (소요  0.0s)
2025-12-03T05:54:48.117562Z [variant 3]        RL 진행   32/33  (소요  0.0s)
2025-12-03T05:54:48.117562Z [variant 3]        RL 진행   33/33  (소요  0.0s)
2025-12-03T05:54:48.117562Z [variant 3]        ┌─ RL 세부 소요(ms) ─────────────
2025-12-03T05:54:48.118562Z [variant 3]        │ predict :    0.0  / p95    0.0
2025-12-03T05:54:48.118562Z [variant 3]        │ env.step:    0.0  / p95    0.0
2025-12-03T05:54:48.119562Z [variant 3]        │ distance:    0.0  / p95    0.0
2025-12-03T05:54:48.119562Z [variant 3]        └───────────────────────────────
2025-12-03T05:54:48.119562Z [variant 3] [5] PuLP 균등 스케줄링
2025-12-03T05:54:48.120562Z [variant 3] [PuLP] 입력 IMP 로드 → _flat.json
2025-12-03T05:54:48.122620Z [variant 3] [PuLP] 임무 33개 → 11개 그룹 (그룹당 ≤3개)
2025-12-03T05:54:48.368168Z [variant 3] [PuLP] Status = Optimal
2025-12-03T05:54:48.369169Z [variant 3] [PuLP] 최적 편차 = 24664.00 s
2025-12-03T05:54:48.370169Z [variant 3] [PuLP] 저장 완료 → C:\Users\LAHMUMT_2\Desktop\KU_LAHMUMT\Logs\Scenario_2025-12-03T145335\SBC3\mission_output\variant_03\_flat_sched.json
2025-12-03T05:54:48.376673Z [variant 3] [6] UAV IMP 생성‧저장
2025-12-03T05:54:49.178283Z [variant 3]     ▸ IMP 저장: C:\Users\LAHMUMT_2\Desktop\KU_LAHMUMT\Logs\Scenario_2025-12-03T145335\SBC3\mission_output\variant_03\IndividualMissionPlan_UAV004.json
2025-12-03T05:54:49.179283Z [variant 3]     ▸ IMP 저장: C:\Users\LAHMUMT_2\Desktop\KU_LAHMUMT\Logs\Scenario_2025-12-03T145335\SBC3\mission_output\variant_03\IndividualMissionPlan_UAV005.json
2025-12-03T05:54:49.181283Z [variant 3]     ▸ IMP 저장: C:\Users\LAHMUMT_2\Desktop\KU_LAHMUMT\Logs\Scenario_2025-12-03T145335\SBC3\mission_output\variant_03\IndividualMissionPlan_UAV006.json
2025-12-03T05:54:49.182284Z [variant 3] [✔] divide_and_pattern 끝 (총 1762930614.7s 경과)
2025-12-03T05:54:49.183284Z [OK] IMP generated: 6 file(s) (variant=3)
2025-12-03T05:54:49.232077Z [OK] MissionPlan built: MissionPlan_1764741289182.json (variant=3)
2025-12-03T05:54:49.701972Z [INFO] pathID mapping done for 0302/0303/0304 (variant=3)
2025-12-03T05:54:50.805420Z [OK] FlightPath counts (variant=3): 0303=33 / 0304=33
2025-12-03T05:54:51.336507Z [OK] Stored variant 3: MissionPlanID=700000004, IMP=6, FlightPath=66
2025-12-03T05:54:51.336507Z [INFO] Option mapping #3: planID=700000004, optionCode=5(최소시간)
2025-12-03T05:54:51.339507Z [OK] Stored mission data: MissionPlan=3, IndividualMission=18, FlightPath=198
2025-12-03T05:54:51.339507Z [STEP 4] 0301 push queued (planIds=700000002, 700000003, 700000004)
2025-12-03T05:54:51.340507Z [INFO] Execution mode -> sending 0901 instead of 0903
2025-12-03T05:54:51.345558Z [0301] missionPlanID=700000002 전송
2025-12-03T05:54:51.349063Z [0301] missionPlanID=700000003 전송
2025-12-03T05:54:51.351063Z [0301] missionPlanID=700000004 전송
2025-12-03T05:54:51.352063Z [PUSH] 0301 button click()
2025-12-03T05:54:51.948501Z [0305] status=2, reason=협업기저임무 재입력에 대한 재계획 전송
2025-12-03T05:54:52.251634Z [0901] option request sent (count=3, codes=1(시스템추천), 4(정찰특화), 5(최소시간))
2025-12-03T12:30:04.153863Z [CTRL] MODE change request: 초기화 모드
