2026-03-16T13:58:19.920564Z [LOG] Mission planning log started: C:\Users\LAHMUMT_2\Desktop\DSS_KU\temp\database\DSS_Internal\mission_planning_gui_20260316T135819_666059Z.log
2026-03-16T13:58:19.921568Z [0101] 모드 수신 리스너 등록 완료
2026-03-16T13:58:20.419260Z [0102] NodeMessenger 초기화 대기 중 ? 자동 송신 보류
2026-03-16T13:58:20.560235Z [BUS] NodeMessenger 초기화 완료
2026-03-16T13:58:21.594903Z [WARM] Mission planner runtime ready (algo_settings)
2026-03-16T13:58:25.461152Z [MODE] 슬라이더 변경 → 대기모드
2026-03-16T13:58:25.462151Z [0101/POLL] 모드 동기화 code=1
2026-03-16T13:58:27.999251Z [MODE] 슬라이더 변경 → 초기 임무 계획
2026-03-16T13:58:28.000252Z [0101/POLL] 모드 동기화 code=2
2026-03-16T13:58:28.217721Z [AUTO] 0902 received (planIds=700000111)
2026-03-16T13:58:28.218721Z [AUTO] replan pipeline scheduled after 0.1s delay
2026-03-16T13:58:28.338928Z [0305] status=1, reason=초기임무재계획 전송
2026-03-16T13:58:28.342696Z [STEP 0] Replan pipeline start (reason=초기임무재계획)
2026-03-16T13:58:28.343695Z [INFO] UAV params loaded (cruise=40.00, turn_step=15.0)
2026-03-16T13:58:28.344695Z [INFO] Latest input snapshot → 0201:ID=-,ts=-,src=-, 0203:ID=-,ts=-,src=-
2026-03-16T13:58:28.344695Z [INFO] Fallback 0201 file selected: 100.json
2026-03-16T13:58:28.344695Z [INFO] Fallback 0203 file selected: 0.json
2026-03-16T13:58:28.357106Z [CHECK] 0201/0203 필수 데이터 확인 시작
2026-03-16T13:58:28.358107Z [OK] 0201 inputMissionList 확인됨 (count=4) → 진행
2026-03-16T13:58:28.359107Z [OK] 0201 availableAircraftList 확인됨 (count=6) → 진행
2026-03-16T13:58:28.359107Z [OK] 0201 inputMissionPackageType=1 확인
2026-03-16T13:58:28.360107Z [OK] 0201 mainSensor=1 확인
2026-03-16T13:58:28.361106Z [CHECK] 0201 기체 수=6 (UAV=3, LAH=3)
2026-03-16T13:58:28.361106Z [CHECK] 0201 임무: total=4 missingID=0 missingDetail=0 missingShape=0 unknownType=0 typeZero=0 lineOnlyViolation=0
2026-03-16T13:58:28.362109Z [OK] 0203 takeOverInfoList 확인됨 (count=3) → 진행
2026-03-16T13:58:28.362109Z [OK] 0203 handOverInfoList 확인됨 (count=3) → 진행
2026-03-16T13:58:28.363110Z [OK] 0203 flightAreaList 확인됨 (count=1) → 진행
2026-03-16T13:58:28.364110Z [CHECK] 0203 flightAreaList count=1
2026-03-16T13:58:28.365110Z [STEP 1.1] Divide & Pattern start
2026-03-16T13:58:28.366110Z [variant 1] [ENHANCED][1] split start: uavs=[4, 5, 6]
2026-03-16T13:58:28.366110Z [variant 1] [ENHANCED][1] split done: pieces=12
2026-03-16T13:58:28.367110Z [variant 1] [ENHANCED][2] type-decider done: profile=6 changed=12/12
2026-03-16T13:58:28.367110Z [variant 1] [ENHANCED][3] expected-path done: count=12
2026-03-16T13:58:28.384197Z [variant 1] [ENHANCED][4] area-review done: overflow=3 targets=3 pieces=12->34
2026-03-16T13:58:28.388195Z [variant 1] [ENHANCED][5] expected-velocity done: pieces=34 dbRows=391
2026-03-16T13:58:28.408342Z [variant 1] [ENHANCED][6] 0302 export done: files=6
2026-03-16T13:58:28.408342Z [variant 1] [ENHANCED] total=57.7 ms
2026-03-16T13:58:28.409342Z [TIME] divide_and_pattern (variant=1): 57.8 ms
2026-03-16T13:58:28.409342Z [OK] IMP generated: 6 file(s) (variant=1)
2026-03-16T13:58:28.421865Z [TIME] build_0301+load (variant=1): 13.5 ms
2026-03-16T13:58:28.422865Z [OK] MissionPlan built: MissionPlan_1773669508408.json (variant=1)
2026-03-16T13:58:28.423869Z [TIME] collect_missions (variant=1): 1.6 ms, count=27
2026-03-16T13:58:28.465551Z [TIME] pathID_mapping (variant=1): 42.4 ms
2026-03-16T13:58:28.466553Z [INFO] pathID mapping done for 0302/0303/0304 (variant=1)
2026-03-16T13:58:28.467553Z [INFO] FlightPath build mode: parallel (variant=1)
2026-03-16T13:58:28.976217Z [INFO] FlightPath build time (parallel): 0303=514.0 ms, 0304=295.7 ms, wall=515.2 ms
2026-03-16T13:58:28.976217Z [OK] FlightPath counts (variant=1): 0303=15 / 0304=12
2026-03-16T13:58:29.003050Z [TIME] build_0302 (variant=1): 28.4 ms, packages=6
2026-03-16T13:58:29.019060Z [TIME] write_0302 (variant=1): 7.2 ms, files=6
2026-03-16T13:58:29.067059Z [TIME] write_FlightPath (variant=1): 52.8 ms, files=27
2026-03-16T13:58:29.067059Z [TIME] write_0301 (variant=1): 0.8 ms
2026-03-16T13:58:29.067059Z [OK] Stored variant 1: MissionPlanID=700000000, IMP=6, FlightPath=27
2026-03-16T13:58:29.067059Z [TIME] variant_total (variant=1): 726.0 ms
2026-03-16T13:58:29.067059Z [INFO] Option mapping #1: planID=700000000, optionCode=1(시스템 추천)
2026-03-16T13:58:29.067059Z [OK] Stored mission data: MissionPlan=1, IndividualMission=6, FlightPath=27
2026-03-16T13:58:29.067059Z [STEP 4] 0301 push queued (planIds=700000000)
2026-03-16T13:58:29.082941Z [0301] missionPlanID=700000000 전송
2026-03-16T13:58:29.082941Z [PUSH] 0301 button click()
2026-03-16T13:58:29.082941Z [INFO] Post-0301 apply queued (grace=1800ms, timeout=3000ms, plans=1)
2026-03-16T13:58:29.082941Z [0305] status=2, reason=초기임무재계획, elapsed=0.76s 전송
2026-03-16T13:58:32.068358Z [INFO] Post-0301 ready (timeout) -> sending 0903
2026-03-16T13:58:32.068358Z [0903] request sent (missionPlanID=700000000)
