2026-03-16T06:01:22.933396Z [LOG] Mission planning log started: C:\Users\rain9\Desktop\LAH_MUMT\branNew\DSS_KU\Logs\Scenario_2026-03-12T155636\SBC3\DSS_Internal\mission_planning_gui_20260316T060122_576054Z.log
2026-03-16T06:01:22.936402Z [0101] 모드 수신 리스너 등록 완료
2026-03-16T06:01:23.430871Z [0102] NodeMessenger 초기화 대기 중 ? 자동 송신 보류
2026-03-16T06:01:23.502024Z [BUS] NodeMessenger 초기화 완료
2026-03-16T06:01:33.140872Z [WARM] Mission planner runtime ready (algo_settings)
2026-03-16T06:06:24.325632Z [MODE] 슬라이더 변경 → 대기모드
2026-03-16T06:06:24.333789Z [0101/POLL] 모드 동기화 code=1
2026-03-16T06:06:28.815996Z [AUTO] 0902 received (planIds=700000100)
2026-03-16T06:06:28.816999Z [AUTO] replan pipeline scheduled after 0.1s delay
2026-03-16T06:06:28.818000Z [MODE] 슬라이더 변경 → 초기 임무 계획
2026-03-16T06:06:28.819000Z [0101/POLL] 모드 동기화 code=2
2026-03-16T06:06:28.956738Z [0305] status=1, reason=초기임무재계획 전송
2026-03-16T06:06:28.960737Z [STEP 0] Replan pipeline start (reason=초기임무재계획)
2026-03-16T06:06:28.962736Z [INFO] UAV params loaded (cruise=40.00, turn_step=15.0)
2026-03-16T06:06:28.963736Z [INFO] Latest input snapshot → 0201:ID=-,ts=-,src=-, 0203:ID=-,ts=-,src=-
2026-03-16T06:06:28.963736Z [INFO] Fallback 0201 file selected: 100.json
2026-03-16T06:06:28.964736Z [INFO] Fallback 0203 file selected: 0.json
2026-03-16T06:06:28.983736Z [CHECK] 0201/0203 필수 데이터 확인 시작
2026-03-16T06:06:28.983736Z [OK] 0201 inputMissionList 확인됨 (count=4) → 진행
2026-03-16T06:06:28.984739Z [OK] 0201 availableAircraftList 확인됨 (count=6) → 진행
2026-03-16T06:06:28.985736Z [OK] 0201 inputMissionPackageType=1 확인
2026-03-16T06:06:28.985736Z [OK] 0201 mainSensor=1 확인
2026-03-16T06:06:28.986737Z [CHECK] 0201 기체 수=6 (UAV=3, LAH=3)
2026-03-16T06:06:28.986737Z [CHECK] 0201 임무: total=4 missingID=0 missingDetail=0 missingShape=0 unknownType=0 typeZero=0 lineOnlyViolation=0
2026-03-16T06:06:28.987736Z [OK] 0203 takeOverInfoList 확인됨 (count=3) → 진행
2026-03-16T06:06:28.988750Z [OK] 0203 handOverInfoList 확인됨 (count=3) → 진행
2026-03-16T06:06:28.989747Z [OK] 0203 flightAreaList 확인됨 (count=1) → 진행
2026-03-16T06:06:28.989747Z [CHECK] 0203 flightAreaList count=1
2026-03-16T06:06:28.990748Z [STEP 1.1] Divide & Pattern start
2026-03-16T06:06:28.991749Z [variant 1] [ENHANCED][1] split start: uavs=[4, 5, 6]
2026-03-16T06:06:29.011672Z [variant 1] [ENHANCED][1] split done: pieces=12
2026-03-16T06:06:29.012672Z [variant 1] [ENHANCED][2] type-decider done: profile=6 changed=12/12
2026-03-16T06:06:29.025676Z [variant 1] [ENHANCED][3] expected-path done: count=12
2026-03-16T06:06:29.044674Z [variant 1] [ENHANCED][4] area-review done: overflow=3 targets=3 pieces=12->34
2026-03-16T06:06:29.052673Z [variant 1] [ENHANCED][5] expected-velocity done: pieces=34 dbRows=391
2026-03-16T06:06:29.098686Z [variant 1] [ENHANCED][6] 0302 export done: files=6
2026-03-16T06:06:29.099680Z [variant 1] [ENHANCED] total=119.5 ms
2026-03-16T06:06:29.100682Z [TIME] divide_and_pattern (variant=1): 119.7 ms
2026-03-16T06:06:29.101685Z [OK] IMP generated: 6 file(s) (variant=1)
2026-03-16T06:06:29.123929Z [TIME] build_0301+load (variant=1): 25.2 ms
2026-03-16T06:06:29.124919Z [OK] MissionPlan built: MissionPlan_1773641189098.json (variant=1)
2026-03-16T06:06:29.128917Z [TIME] collect_missions (variant=1): 4.1 ms, count=27
2026-03-16T06:06:29.268122Z [TIME] pathID_mapping (variant=1): 139.1 ms
2026-03-16T06:06:29.269124Z [INFO] pathID mapping done for 0302/0303/0304 (variant=1)
2026-03-16T06:06:29.271124Z [INFO] FlightPath build mode: parallel (variant=1)
2026-03-16T06:06:30.183045Z [INFO] FlightPath build time (parallel): 0303=917.8 ms, 0304=637.9 ms, wall=921.8 ms
2026-03-16T06:06:30.183045Z [OK] FlightPath counts (variant=1): 0303=15 / 0304=12
2026-03-16T06:06:30.302040Z [TIME] build_0302 (variant=1): 95.5 ms, packages=6
2026-03-16T06:06:30.312527Z [TIME] write_0302 (variant=1): 9.0 ms, files=6
2026-03-16T06:06:30.394045Z [TIME] write_FlightPath (variant=1): 86.5 ms, files=27
2026-03-16T06:06:30.399620Z [TIME] write_0301 (variant=1): 1.5 ms
2026-03-16T06:06:30.401126Z [OK] Stored variant 1: MissionPlanID=700000000, IMP=6, FlightPath=27
2026-03-16T06:06:30.401727Z [TIME] variant_total (variant=1): 1421.2 ms
2026-03-16T06:06:30.401727Z [INFO] Option mapping #1: planID=700000000, optionCode=1(시스템 추천)
2026-03-16T06:06:30.404403Z [OK] Stored mission data: MissionPlan=1, IndividualMission=6, FlightPath=27
2026-03-16T06:06:30.404403Z [STEP 4] 0301 push queued (planIds=700000000)
2026-03-16T06:06:30.418764Z [0301] missionPlanID=700000000 전송
2026-03-16T06:06:30.418764Z [PUSH] 0301 button click()
2026-03-16T06:06:30.420771Z [INFO] Post-0301 apply queued (grace=1800ms, timeout=3000ms, plans=1)
2026-03-16T06:06:30.424812Z [0305] status=2, reason=초기임무재계획, elapsed=1.49s 전송
2026-03-16T06:06:33.416459Z [INFO] Post-0301 ready (timeout) -> sending 0903
2026-03-16T06:06:33.427368Z [0903] request sent (missionPlanID=700000000)
2026-03-16T06:06:55.820827Z [MODE] 슬라이더 변경 → 임무 수행
2026-03-16T06:06:55.820827Z [0101/POLL] 모드 동기화 code=3
2026-03-16T06:09:43.337436Z [AUTO] 0902 received (planIds=700000101)
2026-03-16T06:09:43.337436Z [AUTO] replan pipeline scheduled after 0.1s delay
2026-03-16T06:09:43.451954Z [0305] status=1, reason=000 무인기 경로 미추종으로 인한 재계획 전송
2026-03-16T06:09:43.454156Z [STEP 0] Replan pipeline start (reason=000 무인기 경로 미추종으로 인한 재계획)
2026-03-16T06:09:43.482868Z [PATHDEV] Level-3 path deviation request detected. Using dedicated pipeline.
2026-03-16T06:09:43.526270Z [PATHDEV] stored path-deviation artifacts -> plan:700000101.json, imp:800000456.json, fp:600000478.json (5.9 ms)
2026-03-16T06:09:43.529122Z [PATHDEV] log captured -> C:\Users\rain9\Desktop\LAH_MUMT\branNew\DSS_KU\Logs\Scenario_2026-03-16T150624\SBC3\DSS_Internal\PathDeviation_6_826956583516.json
2026-03-16T06:09:43.529122Z [PATHDEV][DELIVERY] direct push start (planIds=700000101)
2026-03-16T06:09:43.532815Z [STEP 4] 0301 push queued (planIds=700000101)
2026-03-16T06:09:43.533529Z [INFO] Direct delivery -> skip 0901/0701, send 0301+0903 only
2026-03-16T06:09:43.535188Z [0301] missionPlanID=700000101 전송
2026-03-16T06:09:43.535188Z [PUSH] 0301 button click()
2026-03-16T06:09:43.535188Z [INFO] Post-0301 apply queued (grace=1800ms, timeout=3000ms, plans=1)
2026-03-16T06:09:43.535188Z [PATHDEV] Path-deviation pipeline complete (planIds=[700000101], log=C:\Users\rain9\Desktop\LAH_MUMT\branNew\DSS_KU\Logs\Scenario_2026-03-16T150624\SBC3\DSS_Internal\PathDeviation_6_826956583516.json)
2026-03-16T06:09:43.545991Z [0305] status=2, reason=000 무인기 경로 미추종으로 인한 재계획, elapsed=0.09s 전송
2026-03-16T06:09:46.525336Z [INFO] Post-0301 ready (timeout) -> sending 0903
2026-03-16T06:09:46.529417Z [0903] request sent (missionPlanID=700000101)
2026-03-16T06:09:46.787188Z [0702][AUTO] ignore=2 sent (missionPlanID=700000101)
2026-03-16T06:12:56.222460Z [AUTO] 0902 received (planIds=700000102)
2026-03-16T06:12:56.222460Z [AUTO] replan pipeline scheduled after 0.1s delay
2026-03-16T06:12:56.327058Z [0305] status=1, reason=000 무인기 경로 미추종으로 인한 재계획 전송
2026-03-16T06:12:56.348541Z [STEP 0] Replan pipeline start (reason=000 무인기 경로 미추종으로 인한 재계획)
2026-03-16T06:12:56.364234Z [PATHDEV] Level-3 path deviation request detected. Using dedicated pipeline.
2026-03-16T06:12:56.504133Z [PATHDEV] stored path-deviation artifacts -> plan:700000102.json, imp:800000457.json, fp:600000479.json (23.0 ms)
2026-03-16T06:12:56.515914Z [PATHDEV] log captured -> C:\Users\rain9\Desktop\LAH_MUMT\branNew\DSS_KU\Logs\Scenario_2026-03-16T150624\SBC3\DSS_Internal\PathDeviation_6_826956776468.json
2026-03-16T06:12:56.515914Z [PATHDEV][DELIVERY] direct push start (planIds=700000102)
2026-03-16T06:12:56.515914Z [STEP 4] 0301 push queued (planIds=700000102)
2026-03-16T06:12:56.515914Z [INFO] Direct delivery -> skip 0901/0701, send 0301+0903 only
2026-03-16T06:12:56.533474Z [0301] missionPlanID=700000102 전송
2026-03-16T06:12:56.535482Z [PUSH] 0301 button click()
2026-03-16T06:12:56.537488Z [INFO] Post-0301 apply queued (grace=1800ms, timeout=3000ms, plans=1)
2026-03-16T06:12:56.537488Z [PATHDEV] Path-deviation pipeline complete (planIds=[700000102], log=C:\Users\rain9\Desktop\LAH_MUMT\branNew\DSS_KU\Logs\Scenario_2026-03-16T150624\SBC3\DSS_Internal\PathDeviation_6_826956776468.json)
2026-03-16T06:12:56.547556Z [0305] status=2, reason=000 무인기 경로 미추종으로 인한 재계획, elapsed=0.22s 전송
2026-03-16T06:12:59.538421Z [INFO] Post-0301 ready (timeout) -> sending 0903
2026-03-16T06:12:59.546659Z [0903] request sent (missionPlanID=700000102)
2026-03-16T06:12:59.792796Z [0702][AUTO] ignore=2 sent (missionPlanID=700000102)
2026-03-16T06:16:26.091586Z [AUTO] 0902 received (planIds=700000103)
2026-03-16T06:16:26.091586Z [AUTO] replan pipeline scheduled after 0.1s delay
2026-03-16T06:16:26.202460Z [0305] status=1, reason=000 무인기 경로 미추종으로 인한 재계획 전송
2026-03-16T06:16:26.218353Z [STEP 0] Replan pipeline start (reason=000 무인기 경로 미추종으로 인한 재계획)
2026-03-16T06:16:26.259359Z [PATHDEV] Level-3 path deviation request detected. Using dedicated pipeline.
2026-03-16T06:16:26.378575Z [PATHDEV] stored path-deviation artifacts -> plan:700000103.json, imp:800000458.json, fp:500000485.json (14.4 ms)
2026-03-16T06:16:26.378575Z [PATHDEV] log captured -> C:\Users\rain9\Desktop\LAH_MUMT\branNew\DSS_KU\Logs\Scenario_2026-03-16T150624\SBC3\DSS_Internal\PathDeviation_5_826956986346.json
2026-03-16T06:16:26.378575Z [PATHDEV][DELIVERY] direct push start (planIds=700000103)
2026-03-16T06:16:26.378575Z [STEP 4] 0301 push queued (planIds=700000103)
2026-03-16T06:16:26.392671Z [INFO] Direct delivery -> skip 0901/0701, send 0301+0903 only
2026-03-16T06:16:26.397983Z [0301] missionPlanID=700000103 전송
2026-03-16T06:16:26.400103Z [PUSH] 0301 button click()
2026-03-16T06:16:26.401142Z [INFO] Post-0301 apply queued (grace=1800ms, timeout=3000ms, plans=1)
2026-03-16T06:16:26.401142Z [PATHDEV] Path-deviation pipeline complete (planIds=[700000103], log=C:\Users\rain9\Desktop\LAH_MUMT\branNew\DSS_KU\Logs\Scenario_2026-03-16T150624\SBC3\DSS_Internal\PathDeviation_5_826956986346.json)
2026-03-16T06:16:26.410474Z [0305] status=2, reason=000 무인기 경로 미추종으로 인한 재계획, elapsed=0.20s 전송
2026-03-16T06:16:27.347731Z [AUTO] 0902 received (planIds=700000104)
2026-03-16T06:16:27.347731Z [AUTO] replan pipeline scheduled after 0.1s delay
2026-03-16T06:16:27.442702Z [0305] status=1, reason=000 무인기 경로 미추종으로 인한 재계획 전송
2026-03-16T06:16:27.458373Z [STEP 0] Replan pipeline start (reason=000 무인기 경로 미추종으로 인한 재계획)
2026-03-16T06:16:27.474330Z [PATHDEV] Level-3 path deviation request detected. Using dedicated pipeline.
2026-03-16T06:16:27.840615Z [PATHDEV] stored path-deviation artifacts -> plan:700000104.json, imp:800000459.json, fp:400000471.json (22.8 ms)
2026-03-16T06:16:27.840615Z [PATHDEV] log captured -> C:\Users\rain9\Desktop\LAH_MUMT\branNew\DSS_KU\Logs\Scenario_2026-03-16T150624\SBC3\DSS_Internal\PathDeviation_4_826956987569.json
2026-03-16T06:16:27.840615Z [PATHDEV][DELIVERY] direct push start (planIds=700000104)
2026-03-16T06:16:27.840615Z [STEP 4] 0301 push queued (planIds=700000104)
2026-03-16T06:16:27.840615Z [INFO] Direct delivery -> skip 0901/0701, send 0301+0903 only
2026-03-16T06:16:27.856583Z [0301] missionPlanID=700000104 전송
2026-03-16T06:16:27.856583Z [PUSH] 0301 button click()
2026-03-16T06:16:27.856583Z [INFO] Post-0301 apply queued (grace=1800ms, timeout=3000ms, plans=1)
2026-03-16T06:16:27.856583Z [PATHDEV] Path-deviation pipeline complete (planIds=[700000104], log=C:\Users\rain9\Desktop\LAH_MUMT\branNew\DSS_KU\Logs\Scenario_2026-03-16T150624\SBC3\DSS_Internal\PathDeviation_4_826956987569.json)
2026-03-16T06:16:27.868007Z [0305] status=2, reason=000 무인기 경로 미추종으로 인한 재계획, elapsed=0.42s 전송
2026-03-16T06:16:30.847869Z [INFO] Post-0301 ready (timeout) -> sending 0903
2026-03-16T06:16:30.858981Z [0903] request sent (missionPlanID=700000104)
2026-03-16T06:16:31.119617Z [0702][AUTO] ignore=2 sent (missionPlanID=700000104)
2026-03-16T06:16:31.664784Z [AUTO] 0902 received (planIds=700000105)
2026-03-16T06:16:31.664784Z [AUTO] replan pipeline scheduled after 0.1s delay
2026-03-16T06:16:31.784175Z [0305] status=1, reason=000 무인기 경로 미추종으로 인한 재계획 전송
2026-03-16T06:16:31.793328Z [STEP 0] Replan pipeline start (reason=000 무인기 경로 미추종으로 인한 재계획)
2026-03-16T06:16:31.822213Z [PATHDEV] Level-3 path deviation request detected. Using dedicated pipeline.
2026-03-16T06:16:31.946595Z [PATHDEV] stored path-deviation artifacts -> plan:700000105.json, imp:800000460.json, fp:500000486.json (16.0 ms)
2026-03-16T06:16:31.953974Z [PATHDEV] log captured -> C:\Users\rain9\Desktop\LAH_MUMT\branNew\DSS_KU\Logs\Scenario_2026-03-16T150624\SBC3\DSS_Internal\PathDeviation_5_826956991923.json
2026-03-16T06:16:31.965864Z [PATHDEV][DELIVERY] direct push start (planIds=700000105)
2026-03-16T06:16:31.967877Z [STEP 4] 0301 push queued (planIds=700000105)
2026-03-16T06:16:31.969891Z [INFO] Direct delivery -> skip 0901/0701, send 0301+0903 only
2026-03-16T06:16:31.976437Z [0301] missionPlanID=700000105 전송
2026-03-16T06:16:31.978334Z [PUSH] 0301 button click()
2026-03-16T06:16:31.978844Z [INFO] Post-0301 apply queued (grace=1800ms, timeout=3000ms, plans=1)
2026-03-16T06:16:31.979750Z [PATHDEV] Path-deviation pipeline complete (planIds=[700000105], log=C:\Users\rain9\Desktop\LAH_MUMT\branNew\DSS_KU\Logs\Scenario_2026-03-16T150624\SBC3\DSS_Internal\PathDeviation_5_826956991923.json)
2026-03-16T06:16:31.984417Z [0305] status=2, reason=000 무인기 경로 미추종으로 인한 재계획, elapsed=0.21s 전송
2026-03-16T06:16:34.974543Z [INFO] Post-0301 ready (timeout) -> sending 0903
2026-03-16T06:16:34.978073Z [0903] request sent (missionPlanID=700000105)
2026-03-16T06:16:35.228979Z [0702][AUTO] ignore=2 sent (missionPlanID=700000105)
2026-03-16T06:17:50.522254Z [AUTO] 0902 received (planIds=700000106)
2026-03-16T06:17:50.522254Z [AUTO] replan pipeline scheduled after 0.1s delay
2026-03-16T06:17:50.640370Z [0305] status=1, reason=000 무인기 경로 미추종으로 인한 재계획 전송
2026-03-16T06:17:50.657399Z [STEP 0] Replan pipeline start (reason=000 무인기 경로 미추종으로 인한 재계획)
2026-03-16T06:17:50.684571Z [PATHDEV] Level-3 path deviation request detected. Using dedicated pipeline.
2026-03-16T06:17:50.805387Z [PATHDEV] stored path-deviation artifacts -> plan:700000106.json, imp:800000461.json, fp:500000487.json (16.0 ms)
2026-03-16T06:17:50.810103Z [PATHDEV] log captured -> C:\Users\rain9\Desktop\LAH_MUMT\branNew\DSS_KU\Logs\Scenario_2026-03-16T150624\SBC3\DSS_Internal\PathDeviation_5_826957070778.json
2026-03-16T06:17:50.814839Z [PATHDEV][DELIVERY] direct push start (planIds=700000106)
2026-03-16T06:17:50.814839Z [STEP 4] 0301 push queued (planIds=700000106)
2026-03-16T06:17:50.814839Z [INFO] Direct delivery -> skip 0901/0701, send 0301+0903 only
2026-03-16T06:17:50.827557Z [0301] missionPlanID=700000106 전송
2026-03-16T06:17:50.828545Z [PUSH] 0301 button click()
2026-03-16T06:17:50.831329Z [INFO] Post-0301 apply queued (grace=1800ms, timeout=3000ms, plans=1)
2026-03-16T06:17:50.833035Z [PATHDEV] Path-deviation pipeline complete (planIds=[700000106], log=C:\Users\rain9\Desktop\LAH_MUMT\branNew\DSS_KU\Logs\Scenario_2026-03-16T150624\SBC3\DSS_Internal\PathDeviation_5_826957070778.json)
2026-03-16T06:17:50.839510Z [0305] status=2, reason=000 무인기 경로 미추종으로 인한 재계획, elapsed=0.20s 전송
2026-03-16T06:17:51.781562Z [AUTO] 0902 received (planIds=700000107)
2026-03-16T06:17:51.783573Z [AUTO] replan pipeline scheduled after 0.1s delay
2026-03-16T06:17:51.902610Z [0305] status=1, reason=000 무인기 경로 미추종으로 인한 재계획 전송
2026-03-16T06:17:51.912909Z [STEP 0] Replan pipeline start (reason=000 무인기 경로 미추종으로 인한 재계획)
2026-03-16T06:17:51.935043Z [PATHDEV] Level-3 path deviation request detected. Using dedicated pipeline.
2026-03-16T06:17:52.060370Z [PATHDEV] stored path-deviation artifacts -> plan:700000107.json, imp:800000462.json, fp:600000480.json (17.9 ms)
2026-03-16T06:17:52.060370Z [PATHDEV] log captured -> C:\Users\rain9\Desktop\LAH_MUMT\branNew\DSS_KU\Logs\Scenario_2026-03-16T150624\SBC3\DSS_Internal\PathDeviation_6_826957072022.json
2026-03-16T06:17:52.066308Z [PATHDEV][DELIVERY] direct push start (planIds=700000107)
2026-03-16T06:17:52.066308Z [STEP 4] 0301 push queued (planIds=700000107)
2026-03-16T06:17:52.066308Z [INFO] Direct delivery -> skip 0901/0701, send 0301+0903 only
2026-03-16T06:17:52.076240Z [0301] missionPlanID=700000107 전송
2026-03-16T06:17:52.076240Z [PUSH] 0301 button click()
2026-03-16T06:17:52.080151Z [INFO] Post-0301 apply queued (grace=1800ms, timeout=3000ms, plans=1)
2026-03-16T06:17:52.082519Z [PATHDEV] Path-deviation pipeline complete (planIds=[700000107], log=C:\Users\rain9\Desktop\LAH_MUMT\branNew\DSS_KU\Logs\Scenario_2026-03-16T150624\SBC3\DSS_Internal\PathDeviation_6_826957072022.json)
2026-03-16T06:17:52.091858Z [0305] status=2, reason=000 무인기 경로 미추종으로 인한 재계획, elapsed=0.19s 전송
2026-03-16T06:17:55.070631Z [INFO] Post-0301 ready (timeout) -> sending 0903
2026-03-16T06:17:55.079586Z [0903] request sent (missionPlanID=700000107)
2026-03-16T06:17:55.333059Z [0702][AUTO] ignore=2 sent (missionPlanID=700000107)
2026-03-16T06:17:55.466372Z [AUTO] 0902 received (planIds=700000108)
2026-03-16T06:17:55.469199Z [AUTO] replan pipeline scheduled after 0.1s delay
2026-03-16T06:17:55.584490Z [0305] status=1, reason=000 무인기 경로 미추종으로 인한 재계획 전송
2026-03-16T06:17:55.594056Z [STEP 0] Replan pipeline start (reason=000 무인기 경로 미추종으로 인한 재계획)
2026-03-16T06:17:55.625809Z [PATHDEV] Level-3 path deviation request detected. Using dedicated pipeline.
2026-03-16T06:17:55.726446Z [PATHDEV] stored path-deviation artifacts -> plan:700000108.json, imp:800000463.json, fp:500000488.json (9.8 ms)
2026-03-16T06:17:55.728456Z [PATHDEV] log captured -> C:\Users\rain9\Desktop\LAH_MUMT\branNew\DSS_KU\Logs\Scenario_2026-03-16T150624\SBC3\DSS_Internal\PathDeviation_5_826957075708.json
2026-03-16T06:17:55.730544Z [PATHDEV][DELIVERY] direct push start (planIds=700000108)
2026-03-16T06:17:55.730544Z [STEP 4] 0301 push queued (planIds=700000108)
2026-03-16T06:17:55.733554Z [INFO] Direct delivery -> skip 0901/0701, send 0301+0903 only
2026-03-16T06:17:55.735564Z [0301] missionPlanID=700000108 전송
2026-03-16T06:17:55.740580Z [PUSH] 0301 button click()
2026-03-16T06:17:55.740580Z [INFO] Post-0301 apply queued (grace=1800ms, timeout=3000ms, plans=1)
2026-03-16T06:17:55.742593Z [PATHDEV] Path-deviation pipeline complete (planIds=[700000108], log=C:\Users\rain9\Desktop\LAH_MUMT\branNew\DSS_KU\Logs\Scenario_2026-03-16T150624\SBC3\DSS_Internal\PathDeviation_5_826957075708.json)
2026-03-16T06:17:55.751140Z [0305] status=2, reason=000 무인기 경로 미추종으로 인한 재계획, elapsed=0.17s 전송
2026-03-16T06:17:56.296419Z [AUTO] 0902 received (planIds=700000109)
2026-03-16T06:17:56.299699Z [AUTO] replan pipeline scheduled after 0.1s delay
2026-03-16T06:17:56.401609Z [0305] status=1, reason=000 무인기 경로 미추종으로 인한 재계획 전송
2026-03-16T06:17:56.411665Z [STEP 0] Replan pipeline start (reason=000 무인기 경로 미추종으로 인한 재계획)
2026-03-16T06:17:56.441210Z [PATHDEV] Level-3 path deviation request detected. Using dedicated pipeline.
2026-03-16T06:17:56.559020Z [PATHDEV] stored path-deviation artifacts -> plan:700000109.json, imp:800000464.json, fp:400000472.json (16.6 ms)
2026-03-16T06:17:56.559020Z [PATHDEV] log captured -> C:\Users\rain9\Desktop\LAH_MUMT\branNew\DSS_KU\Logs\Scenario_2026-03-16T150624\SBC3\DSS_Internal\PathDeviation_4_826957076529.json
2026-03-16T06:17:56.566206Z [PATHDEV][DELIVERY] direct push start (planIds=700000109)
2026-03-16T06:17:56.567213Z [STEP 4] 0301 push queued (planIds=700000109)
2026-03-16T06:17:56.567213Z [INFO] Direct delivery -> skip 0901/0701, send 0301+0903 only
2026-03-16T06:17:56.572404Z [0301] missionPlanID=700000109 전송
2026-03-16T06:17:56.573061Z [PUSH] 0301 button click()
2026-03-16T06:17:56.573061Z [INFO] Post-0301 apply queued (grace=1800ms, timeout=3000ms, plans=1)
2026-03-16T06:17:56.575654Z [PATHDEV] Path-deviation pipeline complete (planIds=[700000109], log=C:\Users\rain9\Desktop\LAH_MUMT\branNew\DSS_KU\Logs\Scenario_2026-03-16T150624\SBC3\DSS_Internal\PathDeviation_4_826957076529.json)
2026-03-16T06:17:56.583790Z [0305] status=2, reason=000 무인기 경로 미추종으로 인한 재계획, elapsed=0.18s 전송
2026-03-16T06:17:59.570166Z [INFO] Post-0301 ready (timeout) -> sending 0903
2026-03-16T06:17:59.572178Z [0903] request sent (missionPlanID=700000109)
2026-03-16T06:17:59.839869Z [0702][AUTO] ignore=2 sent (missionPlanID=700000109)
2026-03-16T06:17:59.938521Z [AUTO] 0902 received (planIds=700000110)
2026-03-16T06:17:59.941698Z [AUTO] replan pipeline scheduled after 0.1s delay
2026-03-16T06:18:00.066252Z [0305] status=1, reason=000 무인기 경로 미추종으로 인한 재계획 전송
2026-03-16T06:18:00.079309Z [STEP 0] Replan pipeline start (reason=000 무인기 경로 미추종으로 인한 재계획)
2026-03-16T06:18:00.099442Z [PATHDEV] Level-3 path deviation request detected. Using dedicated pipeline.
2026-03-16T06:18:00.239115Z [PATHDEV] stored path-deviation artifacts -> plan:700000110.json, imp:800000465.json, fp:500000489.json (14.7 ms)
2026-03-16T06:18:00.241318Z [PATHDEV] log captured -> C:\Users\rain9\Desktop\LAH_MUMT\branNew\DSS_KU\Logs\Scenario_2026-03-16T150624\SBC3\DSS_Internal\PathDeviation_5_826957080199.json
2026-03-16T06:18:00.248629Z [PATHDEV][DELIVERY] direct push start (planIds=700000110)
2026-03-16T06:18:00.248629Z [STEP 4] 0301 push queued (planIds=700000110)
2026-03-16T06:18:00.248629Z [INFO] Direct delivery -> skip 0901/0701, send 0301+0903 only
2026-03-16T06:18:00.248629Z [0301] missionPlanID=700000110 전송
2026-03-16T06:18:00.248629Z [PUSH] 0301 button click()
2026-03-16T06:18:00.248629Z [INFO] Post-0301 apply queued (grace=1800ms, timeout=3000ms, plans=1)
2026-03-16T06:18:00.248629Z [PATHDEV] Path-deviation pipeline complete (planIds=[700000110], log=C:\Users\rain9\Desktop\LAH_MUMT\branNew\DSS_KU\Logs\Scenario_2026-03-16T150624\SBC3\DSS_Internal\PathDeviation_5_826957080199.json)
2026-03-16T06:18:00.270371Z [0305] status=2, reason=000 무인기 경로 미추종으로 인한 재계획, elapsed=0.21s 전송
2026-03-16T06:18:03.242861Z [INFO] Post-0301 ready (timeout) -> sending 0903
2026-03-16T06:18:03.251284Z [0903] request sent (missionPlanID=700000110)
2026-03-16T06:18:03.507586Z [0702][AUTO] ignore=2 sent (missionPlanID=700000110)
