2026-03-26T06:54:38.748240Z [LOG] Mission planning log started: C:\Users\LAHMUMT_2\Desktop\DSS_KU\Logs\Scenario_2026-03-26T132327\SBC3\DSS_Internal\mission_planning_gui_20260326T065438_334329Z.log
2026-03-26T06:54:38.749240Z [0101] 모드 수신 리스너 등록 완료
2026-03-26T06:54:39.248344Z [0102] NodeMessenger 초기화 대기 중 ? 자동 송신 보류
2026-03-26T06:54:39.363899Z [BUS] NodeMessenger 초기화 완료
2026-03-26T06:54:40.929732Z [WARM] Mission planner runtime ready (algo_settings)
2026-03-26T06:54:45.014410Z [MODE] 슬라이더 변경 → 대기모드
2026-03-26T06:54:45.015410Z [0101/POLL] 모드 동기화 code=1
2026-03-26T06:54:47.778476Z [MODE] 슬라이더 변경 → 초기 임무 계획
2026-03-26T06:54:47.779479Z [0101/POLL] 모드 동기화 code=2
2026-03-26T06:54:47.886508Z [AUTO] 0902 received (planIds=700000015)
2026-03-26T06:54:47.886508Z [AUTO] replan pipeline scheduled after 0.1s delay
2026-03-26T06:54:48.006196Z [0305] status=1, reason=초기임무재계획 전송
2026-03-26T06:54:48.009195Z [STEP 0] Replan pipeline start (reason=초기임무재계획)
2026-03-26T06:54:48.011195Z [INFO] UAV params loaded (cruise=40.00, turn_step=15.0)
2026-03-26T06:54:48.012194Z [INFO] Latest input snapshot → 0201:ID=-,ts=-,src=-, 0203:ID=-,ts=-,src=-
2026-03-26T06:54:48.012194Z [INFO] Fallback 0201 file selected: 100.json
2026-03-26T06:54:48.013195Z [INFO] Fallback 0203 file selected: 0.json
2026-03-26T06:54:48.013195Z [CHECK] 0201/0203 필수 데이터 확인 시작
2026-03-26T06:54:48.013195Z [OK] 0201 inputMissionList 확인됨 (count=4) → 진행
2026-03-26T06:54:48.014199Z [OK] 0201 availableAircraftList 확인됨 (count=6) → 진행
2026-03-26T06:54:48.014199Z [OK] 0201 inputMissionPackageType=1 확인
2026-03-26T06:54:48.014199Z [OK] 0201 mainSensor=1 확인
2026-03-26T06:54:48.015198Z [CHECK] 0201 기체 수=6 (UAV=3, LAH=3)
2026-03-26T06:54:48.015198Z [CHECK] 0201 임무: total=4 missingID=0 missingDetail=0 missingShape=0 unknownType=0 typeZeroAuto=0 typeZeroInvalid=0 lineOnlyViolation=0
2026-03-26T06:54:48.016199Z [OK] 0203 takeOverInfoList 확인됨 (count=3) → 진행
2026-03-26T06:54:48.016199Z [OK] 0203 handOverInfoList 확인됨 (count=3) → 진행
2026-03-26T06:54:48.016199Z [OK] 0203 flightAreaList 확인됨 (count=1) → 진행
2026-03-26T06:54:48.017199Z [CHECK] 0203 flightAreaList count=1
2026-03-26T06:54:48.017199Z [variant 1] 일반 재계획 모드 적용
2026-03-26T06:54:48.017199Z [STEP 1.1] Divide & Pattern start
2026-03-26T06:54:48.021198Z [variant 1] [ENHANCED][1] split start: uavs=[4, 5, 6]
2026-03-26T06:54:48.026200Z [variant 1] [ENHANCED][1] split done: pieces=12
2026-03-26T06:54:48.028700Z [variant 1] [ENHANCED][2] type-decider done: profile=6 changed=12/12
2026-03-26T06:54:48.029704Z [variant 1] [ENHANCED][3] expected-path done: count=12
2026-03-26T06:54:48.037205Z [variant 1] [ENHANCED][4] area-review done: overflow=3 targets=3 pieces=12->21
2026-03-26T06:54:48.039207Z [variant 1] [ENHANCED][5] expected-velocity done: pieces=21 dbRows=391
2026-03-26T06:54:48.053213Z [variant 1] [ENHANCED][6] 0302 export done: files=6
2026-03-26T06:54:48.054214Z [variant 1] [ENHANCED] total=38.5 ms
2026-03-26T06:54:48.054214Z [TIME] divide_and_pattern (variant=1): 38.7 ms
2026-03-26T06:54:48.055214Z [OK] IMP generated: 6 file(s) (variant=1)
2026-03-26T06:54:48.062720Z [TIME] build_0301+load (variant=1): 9.4 ms
2026-03-26T06:54:48.063721Z [OK] MissionPlan built: MissionPlan_1774508088053.json (variant=1)
2026-03-26T06:54:48.064721Z [TIME] collect_missions (variant=1): 2.0 ms, count=27
2026-03-26T06:54:48.131238Z [TIME] pathID_mapping (variant=1): 65.8 ms
2026-03-26T06:54:48.132240Z [INFO] pathID mapping done for 0302/0303/0304 (variant=1)
2026-03-26T06:54:48.132240Z [INFO] FlightPath build mode: parallel (variant=1)
2026-03-26T06:54:48.739540Z [INFO] FlightPath build time (parallel): 0303=603.4 ms, 0304=528.5 ms, wall=604.8 ms
2026-03-26T06:54:48.739540Z [INFO] Applied LAH-UAV ETA follow speed plan (variant=1)
2026-03-26T06:54:48.739540Z [OK] FlightPath counts (variant=1): 0303=15 / 0304=12
2026-03-26T06:54:48.789583Z [TIME] build_0302 (variant=1): 42.6 ms, packages=6
2026-03-26T06:54:48.796592Z [TIME] write_0302 (variant=1): 6.9 ms, files=6
2026-03-26T06:54:48.833618Z [TIME] write_FlightPath (variant=1): 36.4 ms, files=27
2026-03-26T06:54:48.834618Z [TIME] write_0301 (variant=1): 1.0 ms
2026-03-26T06:54:48.834618Z [OK] Stored variant 1: MissionPlanID=700000015, IMP=6, FlightPath=27
2026-03-26T06:54:48.834618Z [TIME] variant_total (variant=1): 819.3 ms
2026-03-26T06:54:48.835618Z [INFO] Option mapping #1: planID=700000015, optionCode=1(시스템 추천)
2026-03-26T06:54:48.836618Z [OK] Stored mission data: MissionPlan=1, IndividualMission=6, FlightPath=27
2026-03-26T06:54:49.088490Z [STEP 4] 0301 push queued (planIds=700000015)
2026-03-26T06:54:49.096994Z [0301] missionPlanID=700000015 전송
2026-03-26T06:54:49.096994Z [PUSH] 0301 direct batch send
2026-03-26T06:54:49.097995Z [INFO] Post-0301 apply queued (grace=1800ms, timeout=3000ms, plans=1)
2026-03-26T06:54:49.101993Z [0305] status=2, reason=초기임무재계획, elapsed=1.10s 전송
2026-03-26T06:54:52.096630Z [INFO] Post-0301 ready (timeout) -> sending 0903
2026-03-26T06:54:52.101630Z [0903] request sent (missionPlanID=700000015)
