2026-03-26T07:13:14.337157Z [LOG] Mission planning log started: C:\Users\LAHMUMT_2\Desktop\DSS_KU\Logs\Scenario_2026-03-26T132327\SBC3\DSS_Internal\mission_planning_gui_20260326T071313_888063Z.log
2026-03-26T07:13:14.339158Z [0101] 모드 수신 리스너 등록 완료
2026-03-26T07:13:14.844209Z [0102] NodeMessenger 초기화 대기 중 ? 자동 송신 보류
2026-03-26T07:13:15.506820Z [BUS] NodeMessenger 초기화 완료
2026-03-26T07:13:16.820025Z [WARM] Mission planner runtime ready (algo_settings)
2026-03-26T07:13:18.613875Z [MODE] 슬라이더 변경 → 대기모드
2026-03-26T07:13:18.614877Z [0101/POLL] 모드 동기화 code=1
2026-03-26T07:13:21.123140Z [MODE] 슬라이더 변경 → 초기 임무 계획
2026-03-26T07:13:21.124141Z [0101/POLL] 모드 동기화 code=2
2026-03-26T07:13:21.173871Z [AUTO] 0902 received (planIds=700000018)
2026-03-26T07:13:21.173871Z [AUTO] replan pipeline scheduled after 0.1s delay
2026-03-26T07:13:21.303753Z [0305] status=1, reason=초기임무재계획 전송
2026-03-26T07:13:21.305753Z [STEP 0] Replan pipeline start (reason=초기임무재계획)
2026-03-26T07:13:21.307753Z [INFO] UAV params loaded (cruise=40.00, turn_step=15.0)
2026-03-26T07:13:21.308752Z [INFO] Latest input snapshot → 0201:ID=-,ts=-,src=-, 0203:ID=-,ts=-,src=-
2026-03-26T07:13:21.308752Z [INFO] Fallback 0201 file selected: 100.json
2026-03-26T07:13:21.308752Z [INFO] Fallback 0203 file selected: 0.json
2026-03-26T07:13:21.309752Z [CHECK] 0201/0203 필수 데이터 확인 시작
2026-03-26T07:13:21.310256Z [OK] 0201 inputMissionList 확인됨 (count=4) → 진행
2026-03-26T07:13:21.310256Z [OK] 0201 availableAircraftList 확인됨 (count=6) → 진행
2026-03-26T07:13:21.311260Z [OK] 0201 inputMissionPackageType=1 확인
2026-03-26T07:13:21.311260Z [OK] 0201 mainSensor=1 확인
2026-03-26T07:13:21.311260Z [CHECK] 0201 기체 수=6 (UAV=3, LAH=3)
2026-03-26T07:13:21.312262Z [CHECK] 0201 임무: total=4 missingID=0 missingDetail=0 missingShape=0 unknownType=0 typeZeroAuto=0 typeZeroInvalid=0 lineOnlyViolation=0
2026-03-26T07:13:21.312262Z [OK] 0203 takeOverInfoList 확인됨 (count=3) → 진행
2026-03-26T07:13:21.313261Z [OK] 0203 handOverInfoList 확인됨 (count=3) → 진행
2026-03-26T07:13:21.313261Z [OK] 0203 flightAreaList 확인됨 (count=1) → 진행
2026-03-26T07:13:21.313261Z [CHECK] 0203 flightAreaList count=1
2026-03-26T07:13:21.314261Z [variant 1] 일반 재계획 모드 적용
2026-03-26T07:13:21.314261Z [STEP 1.1] Divide & Pattern start
2026-03-26T07:13:21.316261Z [variant 1] [ENHANCED][1] split start: uavs=[4, 5, 6]
2026-03-26T07:13:21.322261Z [variant 1] [ENHANCED][1] split done: pieces=12
2026-03-26T07:13:21.324264Z [variant 1] [ENHANCED][2] type-decider done: profile=6 changed=12/12
2026-03-26T07:13:21.325265Z [variant 1] [ENHANCED][3] expected-path done: count=12
2026-03-26T07:13:21.332265Z [variant 1] [ENHANCED][4] area-review done: overflow=3 targets=3 pieces=12->21
2026-03-26T07:13:21.335265Z [variant 1] [ENHANCED][5] expected-velocity done: pieces=21 dbRows=391
2026-03-26T07:13:21.349895Z [variant 1] [ENHANCED][6] 0302 export done: files=6
2026-03-26T07:13:21.350895Z [variant 1] [ENHANCED] total=39.2 ms
2026-03-26T07:13:21.350895Z [TIME] divide_and_pattern (variant=1): 39.3 ms
2026-03-26T07:13:21.351895Z [OK] IMP generated: 6 file(s) (variant=1)
2026-03-26T07:13:21.360900Z [TIME] build_0301+load (variant=1): 10.8 ms
2026-03-26T07:13:21.361899Z [OK] MissionPlan built: MissionPlan_1774509201349.json (variant=1)
2026-03-26T07:13:21.362899Z [TIME] collect_missions (variant=1): 1.9 ms, count=27
2026-03-26T07:13:21.424565Z [TIME] pathID_mapping (variant=1): 61.8 ms
2026-03-26T07:13:21.425565Z [INFO] pathID mapping done for 0302/0303/0304 (variant=1)
2026-03-26T07:13:21.426565Z [INFO] FlightPath build mode: parallel (variant=1)
2026-03-26T07:13:22.026007Z [INFO] FlightPath build time (parallel): 0303=596.5 ms, 0304=520.4 ms, wall=597.4 ms
2026-03-26T07:13:22.026007Z [INFO] Applied LAH-UAV ETA follow speed plan (variant=1)
2026-03-26T07:13:22.026007Z [OK] FlightPath counts (variant=1): 0303=15 / 0304=12
2026-03-26T07:13:22.068690Z [TIME] build_0302 (variant=1): 35.2 ms, packages=6
2026-03-26T07:13:22.073688Z [TIME] write_0302 (variant=1): 4.9 ms, files=6
2026-03-26T07:13:22.103200Z [TIME] write_FlightPath (variant=1): 29.9 ms, files=27
2026-03-26T07:13:22.106202Z [TIME] write_0301 (variant=1): 2.5 ms
2026-03-26T07:13:22.106202Z [OK] Stored variant 1: MissionPlanID=700000018, IMP=6, FlightPath=27
2026-03-26T07:13:22.106202Z [TIME] variant_total (variant=1): 795.0 ms
2026-03-26T07:13:22.107202Z [INFO] Option mapping #1: planID=700000018, optionCode=1(시스템 추천)
2026-03-26T07:13:22.107202Z [OK] Stored mission data: MissionPlan=1, IndividualMission=6, FlightPath=27
2026-03-26T07:13:22.436922Z [STEP 4] 0301 push queued (planIds=700000018)
2026-03-26T07:13:22.445433Z [0301] missionPlanID=700000018 전송
2026-03-26T07:13:22.446432Z [PUSH] 0301 direct batch send
2026-03-26T07:13:22.446432Z [INFO] Post-0301 apply queued (grace=1800ms, timeout=3000ms, plans=1)
2026-03-26T07:13:22.450433Z [0305] status=2, reason=초기임무재계획, elapsed=1.15s 전송
2026-03-26T07:13:25.444016Z [INFO] Post-0301 ready (timeout) -> sending 0903
2026-03-26T07:13:25.450018Z [0903] request sent (missionPlanID=700000018)
