2026-03-26T07:30:16.983277Z [LOG] Mission planning log started: C:\Users\LAHMUMT_2\Desktop\DSS_KU\Logs\Scenario_2026-03-26T132327\SBC3\DSS_Internal\mission_planning_gui_20260326T073016_463938Z.log
2026-03-26T07:30:16.985276Z [0101] 모드 수신 리스너 등록 완료
2026-03-26T07:30:17.483525Z [0102] NodeMessenger 초기화 대기 중 ? 자동 송신 보류
2026-03-26T07:30:17.910787Z [BUS] NodeMessenger 초기화 완료
2026-03-26T07:30:19.235882Z [WARM] Mission planner runtime ready (algo_settings)
2026-03-26T07:30:23.028924Z [MODE] 슬라이더 변경 → 대기모드
2026-03-26T07:30:23.031929Z [0101/POLL] 모드 동기화 code=1
2026-03-26T07:30:27.520104Z [MODE] 슬라이더 변경 → 초기 임무 계획
2026-03-26T07:30:27.521106Z [0101/POLL] 모드 동기화 code=2
2026-03-26T07:30:27.554613Z [AUTO] 0902 received (planIds=700000001)
2026-03-26T07:30:27.555613Z [AUTO] replan pipeline scheduled after 0.1s delay
2026-03-26T07:30:27.668387Z [0305] status=1, reason=초기임무재계획 전송
2026-03-26T07:30:27.671392Z [STEP 0] Replan pipeline start (reason=초기임무재계획)
2026-03-26T07:30:27.673392Z [INFO] UAV params loaded (cruise=40.00, turn_step=15.0)
2026-03-26T07:30:27.674393Z [INFO] Latest input snapshot → 0201:ID=-,ts=-,src=-, 0203:ID=-,ts=-,src=-
2026-03-26T07:30:27.675391Z [INFO] Fallback 0201 file selected: 100.json
2026-03-26T07:30:27.675391Z [INFO] Fallback 0203 file selected: 0.json
2026-03-26T07:30:27.676391Z [CHECK] 0201/0203 필수 데이터 확인 시작
2026-03-26T07:30:27.676391Z [OK] 0201 inputMissionList 확인됨 (count=4) → 진행
2026-03-26T07:30:27.676391Z [OK] 0201 availableAircraftList 확인됨 (count=6) → 진행
2026-03-26T07:30:27.677391Z [OK] 0201 inputMissionPackageType=1 확인
2026-03-26T07:30:27.677391Z [OK] 0201 mainSensor=1 확인
2026-03-26T07:30:27.678391Z [CHECK] 0201 기체 수=6 (UAV=3, LAH=3)
2026-03-26T07:30:27.678391Z [CHECK] 0201 임무: total=4 missingID=0 missingDetail=0 missingShape=0 unknownType=0 typeZeroAuto=0 typeZeroInvalid=0 lineOnlyViolation=0
2026-03-26T07:30:27.678391Z [OK] 0203 takeOverInfoList 확인됨 (count=3) → 진행
2026-03-26T07:30:27.679391Z [OK] 0203 handOverInfoList 확인됨 (count=3) → 진행
2026-03-26T07:30:27.679391Z [OK] 0203 flightAreaList 확인됨 (count=1) → 진행
2026-03-26T07:30:27.679391Z [CHECK] 0203 flightAreaList count=1
2026-03-26T07:30:27.680392Z [variant 1] 일반 재계획 모드 적용
2026-03-26T07:30:27.680392Z [STEP 1.1] Divide & Pattern start
2026-03-26T07:30:27.685897Z [variant 1] [ENHANCED][1] split start: uavs=[4, 5, 6]
2026-03-26T07:30:27.694404Z [variant 1] [ENHANCED][1] split done: pieces=12
2026-03-26T07:30:27.697405Z [variant 1] [ENHANCED][2] type-decider done: profile=6 changed=12/12
2026-03-26T07:30:27.698404Z [variant 1] [ENHANCED][3] expected-path done: count=12
2026-03-26T07:30:27.705418Z [variant 1] [ENHANCED][4] area-review done: overflow=3 targets=3 pieces=12->21
2026-03-26T07:30:27.710418Z [variant 1] [ENHANCED][5] expected-velocity done: pieces=21 dbRows=391
2026-03-26T07:30:27.729951Z [variant 1] [ENHANCED][6] 0302 export done: files=6
2026-03-26T07:30:27.730952Z [variant 1] [ENHANCED] total=52.4 ms
2026-03-26T07:30:27.730952Z [TIME] divide_and_pattern (variant=1): 52.6 ms
2026-03-26T07:30:27.731951Z [OK] IMP generated: 6 file(s) (variant=1)
2026-03-26T07:30:27.739955Z [TIME] build_0301+load (variant=1): 10.0 ms
2026-03-26T07:30:27.740955Z [OK] MissionPlan built: MissionPlan_1774510227729.json (variant=1)
2026-03-26T07:30:27.741956Z [TIME] collect_missions (variant=1): 2.1 ms, count=27
2026-03-26T07:30:27.820057Z [TIME] pathID_mapping (variant=1): 76.9 ms
2026-03-26T07:30:27.820057Z [INFO] pathID mapping done for 0302/0303/0304 (variant=1)
2026-03-26T07:30:27.821058Z [INFO] FlightPath build mode: parallel (variant=1)
2026-03-26T07:30:28.340842Z [INFO] FlightPath build time (parallel): 0303=515.9 ms, 0304=285.1 ms, wall=517.6 ms
2026-03-26T07:30:28.340842Z [INFO] Applied LAH-UAV ETA follow speed plan (variant=1)
2026-03-26T07:30:28.341846Z [OK] FlightPath counts (variant=1): 0303=15 / 0304=12
2026-03-26T07:30:28.378354Z [TIME] build_0302 (variant=1): 35.2 ms, packages=6
2026-03-26T07:30:28.383355Z [TIME] write_0302 (variant=1): 5.2 ms, files=6
2026-03-26T07:30:28.412372Z [TIME] write_FlightPath (variant=1): 29.4 ms, files=27
2026-03-26T07:30:28.413372Z [TIME] write_0301 (variant=1): 0.9 ms
2026-03-26T07:30:28.414372Z [OK] Stored variant 1: MissionPlanID=700000001, IMP=6, FlightPath=27
2026-03-26T07:30:28.414372Z [TIME] variant_total (variant=1): 736.3 ms
2026-03-26T07:30:28.415374Z [INFO] Option mapping #1: planID=700000001, optionCode=1(시스템 추천)
2026-03-26T07:30:28.415374Z [OK] Stored mission data: MissionPlan=1, IndividualMission=6, FlightPath=27
2026-03-26T07:30:28.617044Z [STEP 4] 0301 push queued (planIds=700000001)
2026-03-26T07:30:28.624266Z [0301] missionPlanID=700000001 전송
2026-03-26T07:30:28.625267Z [PUSH] 0301 direct batch send
2026-03-26T07:30:28.626266Z [INFO] Post-0301 apply queued (grace=1800ms, timeout=3000ms, plans=1)
2026-03-26T07:30:28.630266Z [0305] status=2, reason=초기임무재계획, elapsed=0.97s 전송
2026-03-26T07:30:31.622224Z [INFO] Post-0301 ready (timeout) -> sending 0903
2026-03-26T07:30:31.628227Z [0903] request sent (missionPlanID=700000001)
