2026-03-26T05:08:42.215171Z [LOG] Mission planning log started: C:\Users\LAHMUMT_2\Desktop\DSS_KU\Logs\Scenario_2026-03-26T132327\SBC3\DSS_Internal\mission_planning_gui_20260326T050841_880756Z.log
2026-03-26T05:08:42.217218Z [0101] 모드 수신 리스너 등록 완료
2026-03-26T05:08:42.618727Z [BUS] NodeMessenger 초기화 완료
2026-03-26T05:08:44.417134Z [WARM] Mission planner runtime ready (algo_settings)
2026-03-26T05:08:57.487601Z [MODE] 슬라이더 변경 → 대기모드
2026-03-26T05:08:57.487601Z [0101/POLL] 모드 동기화 code=1
2026-03-26T05:09:00.999649Z [MODE] 슬라이더 변경 → 초기 임무 계획
2026-03-26T05:09:01.000155Z [0101/POLL] 모드 동기화 code=2
2026-03-26T05:09:01.079186Z [AUTO] 0902 received (planIds=700000006)
2026-03-26T05:09:01.080182Z [AUTO] replan pipeline scheduled after 0.1s delay
2026-03-26T05:09:01.209740Z [0305] status=1, reason=초기임무재계획 전송
2026-03-26T05:09:01.212740Z [STEP 0] Replan pipeline start (reason=초기임무재계획)
2026-03-26T05:09:01.214741Z [INFO] UAV params loaded (cruise=40.00, turn_step=15.0)
2026-03-26T05:09:01.214741Z [INFO] Latest input snapshot → 0201:ID=-,ts=-,src=-, 0203:ID=-,ts=-,src=-
2026-03-26T05:09:01.214741Z [INFO] Fallback 0201 file selected: 100.json
2026-03-26T05:09:01.214741Z [INFO] Fallback 0203 file selected: 0.json
2026-03-26T05:09:01.216246Z [CHECK] 0201/0203 필수 데이터 확인 시작
2026-03-26T05:09:01.216246Z [OK] 0201 inputMissionList 확인됨 (count=4) → 진행
2026-03-26T05:09:01.217253Z [OK] 0201 availableAircraftList 확인됨 (count=6) → 진행
2026-03-26T05:09:01.217253Z [OK] 0201 inputMissionPackageType=1 확인
2026-03-26T05:09:01.218252Z [OK] 0201 mainSensor=1 확인
2026-03-26T05:09:01.218252Z [CHECK] 0201 기체 수=6 (UAV=3, LAH=3)
2026-03-26T05:09:01.219250Z [CHECK] 0201 임무: total=4 missingID=0 missingDetail=0 missingShape=0 unknownType=0 typeZeroAuto=0 typeZeroInvalid=0 lineOnlyViolation=0
2026-03-26T05:09:01.219250Z [OK] 0203 takeOverInfoList 확인됨 (count=3) → 진행
2026-03-26T05:09:01.220252Z [OK] 0203 handOverInfoList 확인됨 (count=3) → 진행
2026-03-26T05:09:01.220252Z [OK] 0203 flightAreaList 확인됨 (count=1) → 진행
2026-03-26T05:09:01.220252Z [CHECK] 0203 flightAreaList count=1
2026-03-26T05:09:01.221251Z [variant 1] 일반 재계획 모드 적용
2026-03-26T05:09:01.221251Z [STEP 1.1] Divide & Pattern start
2026-03-26T05:09:01.224249Z [variant 1] [ENHANCED][1] split start: uavs=[4, 5, 6]
2026-03-26T05:09:01.231250Z [variant 1] [ENHANCED][1] split done: pieces=12
2026-03-26T05:09:01.233252Z [variant 1] [ENHANCED][2] type-decider done: profile=6 changed=12/12
2026-03-26T05:09:01.234252Z [variant 1] [ENHANCED][3] expected-path done: count=12
2026-03-26T05:09:01.242251Z [variant 1] [ENHANCED][4] area-review done: overflow=3 targets=3 pieces=12->21
2026-03-26T05:09:01.245251Z [variant 1] [ENHANCED][5] expected-velocity done: pieces=21 dbRows=391
2026-03-26T05:09:01.262760Z [variant 1] [ENHANCED][6] 0302 export done: files=6
2026-03-26T05:09:01.262760Z [variant 1] [ENHANCED] total=44.6 ms
2026-03-26T05:09:01.263766Z [TIME] divide_and_pattern (variant=1): 44.7 ms
2026-03-26T05:09:01.263766Z [OK] IMP generated: 6 file(s) (variant=1)
2026-03-26T05:09:01.272762Z [TIME] build_0301+load (variant=1): 10.7 ms
2026-03-26T05:09:01.273764Z [OK] MissionPlan built: MissionPlan_1774501741261.json (variant=1)
2026-03-26T05:09:01.275763Z [TIME] collect_missions (variant=1): 2.2 ms, count=27
2026-03-26T05:09:01.342300Z [TIME] pathID_mapping (variant=1): 67.2 ms
2026-03-26T05:09:01.343302Z [INFO] pathID mapping done for 0302/0303/0304 (variant=1)
2026-03-26T05:09:01.344303Z [INFO] FlightPath build mode: parallel (variant=1)
2026-03-26T05:09:01.881556Z [INFO] FlightPath build time (parallel): 0303=534.0 ms, 0304=467.3 ms, wall=534.9 ms
2026-03-26T05:09:01.881556Z [INFO] Applied LAH-UAV ETA follow speed plan (variant=1)
2026-03-26T05:09:01.881556Z [OK] FlightPath counts (variant=1): 0303=15 / 0304=12
2026-03-26T05:09:01.928095Z [TIME] build_0302 (variant=1): 41.5 ms, packages=6
2026-03-26T05:09:01.934600Z [TIME] write_0302 (variant=1): 5.9 ms, files=6
2026-03-26T05:09:01.964607Z [TIME] write_FlightPath (variant=1): 30.8 ms, files=27
2026-03-26T05:09:01.966112Z [TIME] write_0301 (variant=1): 0.9 ms
2026-03-26T05:09:01.966112Z [OK] Stored variant 1: MissionPlanID=700000006, IMP=6, FlightPath=27
2026-03-26T05:09:01.967118Z [TIME] variant_total (variant=1): 748.4 ms
2026-03-26T05:09:01.967118Z [INFO] Option mapping #1: planID=700000006, optionCode=1(시스템 추천)
2026-03-26T05:09:01.968120Z [OK] Stored mission data: MissionPlan=1, IndividualMission=6, FlightPath=27
2026-03-26T05:09:02.209239Z [STEP 4] 0301 push queued (planIds=700000006)
2026-03-26T05:09:02.216746Z [0301] missionPlanID=700000006 전송
2026-03-26T05:09:02.216746Z [PUSH] 0301 direct batch send
2026-03-26T05:09:02.217753Z [INFO] Post-0301 apply queued (grace=1800ms, timeout=3000ms, plans=1)
2026-03-26T05:09:02.221752Z [0305] status=2, reason=초기임무재계획, elapsed=1.02s 전송
2026-03-26T05:09:05.218180Z [INFO] Post-0301 ready (timeout) -> sending 0903
2026-03-26T05:09:05.224178Z [0903] request sent (missionPlanID=700000006)
