2026-03-26T06:06:17.988057Z [LOG] Mission planning log started: C:\Users\LAHMUMT_2\Desktop\DSS_KU\Logs\Scenario_2026-03-26T132327\SBC3\DSS_Internal\mission_planning_gui_20260326T060617_621411Z.log
2026-03-26T06:06:17.990058Z [0101] 모드 수신 리스너 등록 완료
2026-03-26T06:06:18.489011Z [0102] NodeMessenger 초기화 대기 중 ? 자동 송신 보류
2026-03-26T06:06:18.623155Z [BUS] NodeMessenger 초기화 완료
2026-03-26T06:06:19.773374Z [WARM] Mission planner runtime ready (algo_settings)
2026-03-26T06:06:29.739934Z [MODE] 슬라이더 변경 → 대기모드
2026-03-26T06:06:29.741940Z [0101/POLL] 모드 동기화 code=1
2026-03-26T06:06:32.986353Z [MODE] 슬라이더 변경 → 초기 임무 계획
2026-03-26T06:06:32.987353Z [0101/POLL] 모드 동기화 code=2
2026-03-26T06:06:33.017385Z [AUTO] 0902 received (planIds=700000012)
2026-03-26T06:06:33.017385Z [AUTO] replan pipeline scheduled after 0.1s delay
2026-03-26T06:06:33.136730Z [0305] status=1, reason=초기임무재계획 전송
2026-03-26T06:06:33.139734Z [STEP 0] Replan pipeline start (reason=초기임무재계획)
2026-03-26T06:06:33.141736Z [INFO] UAV params loaded (cruise=40.00, turn_step=15.0)
2026-03-26T06:06:33.142735Z [INFO] Latest input snapshot → 0201:ID=-,ts=-,src=-, 0203:ID=-,ts=-,src=-
2026-03-26T06:06:33.142735Z [INFO] Fallback 0201 file selected: 100.json
2026-03-26T06:06:33.143737Z [INFO] Fallback 0203 file selected: 0.json
2026-03-26T06:06:33.150734Z [CHECK] 0201/0203 필수 데이터 확인 시작
2026-03-26T06:06:33.151734Z [OK] 0201 inputMissionList 확인됨 (count=4) → 진행
2026-03-26T06:06:33.151734Z [OK] 0201 availableAircraftList 확인됨 (count=6) → 진행
2026-03-26T06:06:33.152735Z [OK] 0201 inputMissionPackageType=1 확인
2026-03-26T06:06:33.152735Z [OK] 0201 mainSensor=1 확인
2026-03-26T06:06:33.152735Z [CHECK] 0201 기체 수=6 (UAV=3, LAH=3)
2026-03-26T06:06:33.153734Z [CHECK] 0201 임무: total=4 missingID=0 missingDetail=0 missingShape=0 unknownType=0 typeZeroAuto=0 typeZeroInvalid=0 lineOnlyViolation=0
2026-03-26T06:06:33.153734Z [OK] 0203 takeOverInfoList 확인됨 (count=3) → 진행
2026-03-26T06:06:33.154760Z [OK] 0203 handOverInfoList 확인됨 (count=3) → 진행
2026-03-26T06:06:33.154760Z [OK] 0203 flightAreaList 확인됨 (count=1) → 진행
2026-03-26T06:06:33.155759Z [CHECK] 0203 flightAreaList count=1
2026-03-26T06:06:33.155759Z [variant 1] 일반 재계획 모드 적용
2026-03-26T06:06:33.155759Z [STEP 1.1] Divide & Pattern start
2026-03-26T06:06:33.162759Z [variant 1] [ENHANCED][1] split start: uavs=[4, 5, 6]
2026-03-26T06:06:33.169761Z [variant 1] [ENHANCED][1] split done: pieces=12
2026-03-26T06:06:33.171760Z [variant 1] [ENHANCED][2] type-decider done: profile=6 changed=12/12
2026-03-26T06:06:33.172761Z [variant 1] [ENHANCED][3] expected-path done: count=12
2026-03-26T06:06:33.178762Z [variant 1] [ENHANCED][4] area-review done: overflow=3 targets=3 pieces=12->21
2026-03-26T06:06:33.182265Z [variant 1] [ENHANCED][5] expected-velocity done: pieces=21 dbRows=391
2026-03-26T06:06:33.202774Z [variant 1] [ENHANCED][6] 0302 export done: files=6
2026-03-26T06:06:33.203775Z [variant 1] [ENHANCED] total=48.2 ms
2026-03-26T06:06:33.203775Z [TIME] divide_and_pattern (variant=1): 48.3 ms
2026-03-26T06:06:33.204775Z [OK] IMP generated: 6 file(s) (variant=1)
2026-03-26T06:06:33.213776Z [TIME] build_0301+load (variant=1): 10.8 ms
2026-03-26T06:06:33.214774Z [OK] MissionPlan built: MissionPlan_1774505193202.json (variant=1)
2026-03-26T06:06:33.216277Z [TIME] collect_missions (variant=1): 2.2 ms, count=27
2026-03-26T06:06:33.283924Z [TIME] pathID_mapping (variant=1): 67.6 ms
2026-03-26T06:06:33.284924Z [INFO] pathID mapping done for 0302/0303/0304 (variant=1)
2026-03-26T06:06:33.285925Z [INFO] FlightPath build mode: parallel (variant=1)
2026-03-26T06:06:33.832671Z [INFO] FlightPath build time (parallel): 0303=544.9 ms, 0304=495.3 ms, wall=545.7 ms
2026-03-26T06:06:33.833671Z [INFO] Applied LAH-UAV ETA follow speed plan (variant=1)
2026-03-26T06:06:33.833671Z [OK] FlightPath counts (variant=1): 0303=15 / 0304=12
2026-03-26T06:06:33.885196Z [TIME] build_0302 (variant=1): 46.7 ms, packages=6
2026-03-26T06:06:33.891199Z [TIME] write_0302 (variant=1): 5.9 ms, files=6
2026-03-26T06:06:33.925708Z [TIME] write_FlightPath (variant=1): 33.8 ms, files=27
2026-03-26T06:06:33.926708Z [TIME] write_0301 (variant=1): 1.2 ms
2026-03-26T06:06:33.926708Z [OK] Stored variant 1: MissionPlanID=700000012, IMP=6, FlightPath=27
2026-03-26T06:06:33.926708Z [TIME] variant_total (variant=1): 771.6 ms
2026-03-26T06:06:33.927709Z [INFO] Option mapping #1: planID=700000012, optionCode=1(시스템 추천)
2026-03-26T06:06:33.928708Z [OK] Stored mission data: MissionPlan=1, IndividualMission=6, FlightPath=27
2026-03-26T06:06:34.188023Z [STEP 4] 0301 push queued (planIds=700000012)
2026-03-26T06:06:34.196025Z [0301] missionPlanID=700000012 전송
2026-03-26T06:06:34.197024Z [PUSH] 0301 direct batch send
2026-03-26T06:06:34.197024Z [INFO] Post-0301 apply queued (grace=1800ms, timeout=3000ms, plans=1)
2026-03-26T06:06:34.201022Z [0305] status=2, reason=초기임무재계획, elapsed=1.07s 전송
2026-03-26T06:06:37.191748Z [INFO] Post-0301 ready (timeout) -> sending 0903
2026-03-26T06:06:37.197748Z [0903] request sent (missionPlanID=700000012)
