2026-03-26T05:46:47.109163Z [LOG] Mission planning log started: C:\Users\LAHMUMT_2\Desktop\DSS_KU\Logs\Scenario_2026-03-26T132327\SBC3\DSS_Internal\mission_planning_gui_20260326T054646_788892Z.log
2026-03-26T05:46:47.111161Z [0101] 모드 수신 리스너 등록 완료
2026-03-26T05:46:47.609868Z [0102] NodeMessenger 초기화 대기 중 ? 자동 송신 보류
2026-03-26T05:46:47.735979Z [BUS] NodeMessenger 초기화 완료
2026-03-26T05:46:48.910365Z [WARM] Mission planner runtime ready (algo_settings)
2026-03-26T05:48:12.656172Z [MODE] 슬라이더 변경 → 대기모드
2026-03-26T05:48:12.658172Z [0101/POLL] 모드 동기화 code=1
2026-03-26T05:48:16.319602Z [AUTO] 0902 received (planIds=700000007)
2026-03-26T05:48:16.320601Z [AUTO] replan pipeline scheduled after 0.1s delay
2026-03-26T05:48:16.405147Z [MODE] 슬라이더 변경 → 초기 임무 계획
2026-03-26T05:48:16.406148Z [0101/POLL] 모드 동기화 code=2
2026-03-26T05:48:16.446653Z [0305] status=1, reason=초기임무재계획 전송
2026-03-26T05:48:16.449653Z [STEP 0] Replan pipeline start (reason=초기임무재계획)
2026-03-26T05:48:16.450653Z [INFO] UAV params loaded (cruise=40.00, turn_step=15.0)
2026-03-26T05:48:16.451655Z [INFO] Latest input snapshot → 0201:ID=-,ts=-,src=-, 0203:ID=-,ts=-,src=-
2026-03-26T05:48:16.451655Z [INFO] Fallback 0201 file selected: 100.json
2026-03-26T05:48:16.451655Z [INFO] Fallback 0203 file selected: 0.json
2026-03-26T05:48:16.453659Z [CHECK] 0201/0203 필수 데이터 확인 시작
2026-03-26T05:48:16.453659Z [OK] 0201 inputMissionList 확인됨 (count=4) → 진행
2026-03-26T05:48:16.454656Z [OK] 0201 availableAircraftList 확인됨 (count=6) → 진행
2026-03-26T05:48:16.454656Z [OK] 0201 inputMissionPackageType=1 확인
2026-03-26T05:48:16.454656Z [OK] 0201 mainSensor=1 확인
2026-03-26T05:48:16.455655Z [CHECK] 0201 기체 수=6 (UAV=3, LAH=3)
2026-03-26T05:48:16.455655Z [CHECK] 0201 임무: total=4 missingID=0 missingDetail=0 missingShape=0 unknownType=0 typeZeroAuto=0 typeZeroInvalid=0 lineOnlyViolation=0
2026-03-26T05:48:16.455655Z [OK] 0203 takeOverInfoList 확인됨 (count=3) → 진행
2026-03-26T05:48:16.455655Z [OK] 0203 handOverInfoList 확인됨 (count=3) → 진행
2026-03-26T05:48:16.456655Z [OK] 0203 flightAreaList 확인됨 (count=1) → 진행
2026-03-26T05:48:16.456655Z [CHECK] 0203 flightAreaList count=1
2026-03-26T05:48:16.457655Z [variant 1] 일반 재계획 모드 적용
2026-03-26T05:48:16.457655Z [STEP 1.1] Divide & Pattern start
2026-03-26T05:48:16.464655Z [variant 1] [ENHANCED][1] split start: uavs=[4, 5, 6]
2026-03-26T05:48:16.476160Z [variant 1] [ENHANCED][1] split done: pieces=12
2026-03-26T05:48:16.478160Z [variant 1] [ENHANCED][2] type-decider done: profile=6 changed=12/12
2026-03-26T05:48:16.480162Z [variant 1] [ENHANCED][3] expected-path done: count=12
2026-03-26T05:48:16.489162Z [variant 1] [ENHANCED][4] area-review done: overflow=3 targets=3 pieces=12->21
2026-03-26T05:48:16.495162Z [variant 1] [ENHANCED][5] expected-velocity done: pieces=21 dbRows=391
2026-03-26T05:48:16.517697Z [variant 1] [ENHANCED][6] 0302 export done: files=6
2026-03-26T05:48:16.517697Z [variant 1] [ENHANCED] total=59.8 ms
2026-03-26T05:48:16.518697Z [TIME] divide_and_pattern (variant=1): 60.1 ms
2026-03-26T05:48:16.518697Z [OK] IMP generated: 6 file(s) (variant=1)
2026-03-26T05:48:16.530708Z [TIME] build_0301+load (variant=1): 12.9 ms
2026-03-26T05:48:16.531707Z [OK] MissionPlan built: MissionPlan_1774504096517.json (variant=1)
2026-03-26T05:48:16.534707Z [TIME] collect_missions (variant=1): 4.5 ms, count=27
2026-03-26T05:48:16.613750Z [TIME] pathID_mapping (variant=1): 77.9 ms
2026-03-26T05:48:16.614750Z [INFO] pathID mapping done for 0302/0303/0304 (variant=1)
2026-03-26T05:48:16.615750Z [INFO] FlightPath build mode: parallel (variant=1)
2026-03-26T05:48:17.482874Z [INFO] FlightPath build time (parallel): 0303=861.4 ms, 0304=802.0 ms, wall=863.2 ms
2026-03-26T05:48:17.483873Z [INFO] Applied LAH-UAV ETA follow speed plan (variant=1)
2026-03-26T05:48:17.483873Z [OK] FlightPath counts (variant=1): 0303=15 / 0304=12
2026-03-26T05:48:17.537389Z [TIME] build_0302 (variant=1): 43.8 ms, packages=6
2026-03-26T05:48:17.545391Z [TIME] write_0302 (variant=1): 8.6 ms, files=6
2026-03-26T05:48:17.597965Z [TIME] write_FlightPath (variant=1): 52.0 ms, files=27
2026-03-26T05:48:17.598965Z [TIME] write_0301 (variant=1): 1.5 ms
2026-03-26T05:48:17.598965Z [OK] Stored variant 1: MissionPlanID=700000007, IMP=6, FlightPath=27
2026-03-26T05:48:17.599965Z [TIME] variant_total (variant=1): 1141.7 ms
2026-03-26T05:48:17.599965Z [INFO] Option mapping #1: planID=700000007, optionCode=1(시스템 추천)
2026-03-26T05:48:17.601964Z [OK] Stored mission data: MissionPlan=1, IndividualMission=6, FlightPath=27
2026-03-26T05:48:17.853265Z [STEP 4] 0301 push queued (planIds=700000007)
2026-03-26T05:48:17.861267Z [0301] missionPlanID=700000007 전송
2026-03-26T05:48:17.861267Z [PUSH] 0301 direct batch send
2026-03-26T05:48:17.861267Z [INFO] Post-0301 apply queued (grace=1800ms, timeout=3000ms, plans=1)
2026-03-26T05:48:17.865267Z [0305] status=2, reason=초기임무재계획, elapsed=1.43s 전송
2026-03-26T05:48:20.867812Z [INFO] Post-0301 ready (timeout) -> sending 0903
2026-03-26T05:48:20.873316Z [0903] request sent (missionPlanID=700000007)
2026-03-26T05:49:56.023074Z [MODE] 슬라이더 변경 → 임무 수행
2026-03-26T05:49:56.024074Z [0101/POLL] 모드 동기화 code=3
2026-03-26T05:50:03.849915Z [AUTO] 0902 received (planIds=700000008)
2026-03-26T05:50:03.850917Z [AUTO] replan pipeline scheduled after 0.1s delay
2026-03-26T05:50:03.965021Z [0305] status=1, reason=선행임무 : 좌표지정 전송
2026-03-26T05:50:03.968529Z [STEP 0] Replan pipeline start (reason=선행임무 : 좌표지정)
2026-03-26T05:50:03.970529Z [PRIOR] Level-4 prior mission request detected. Using dedicated pipeline.
2026-03-26T05:50:03.976531Z [PRIOR] detail keys: ['missionType', 'priorMissionID', 'rawEntry', 'sourceMissionPlanID', 'targetCoordinate', 'targetID', 'targetOrientation', 'timestamp']
2026-03-26T05:50:03.983530Z [PRIOR][STEP1] Loaded 0401 snapshot with 3 unmanned entries (saved_at=2026-03-26T05:50:03.835411+00:00).
2026-03-26T05:50:03.984530Z [PRIOR][STEP1] UAV 4: currentWP=1030, coord=(38.075779, 127.269226, alt=770.0)
2026-03-26T05:50:03.985531Z [PRIOR][STEP1] UAV 5: currentWP=1071, coord=(38.075417, 127.273117, alt=761.0)
2026-03-26T05:50:03.985531Z [PRIOR][STEP1] UAV 6: currentWP=1112, coord=(38.074913, 127.277245, alt=784.0)
2026-03-26T05:50:03.986532Z [PRIOR][STEP2] Target coordinate (0202) → (38.081593, 127.281288, alt=1000.0)
2026-03-26T05:50:03.986532Z [PRIOR][STEP3] Nearest UAV 6 selected based on 0401 snapshot (currentWP=1112, distance≈822.7 m).
2026-03-26T05:50:04.160770Z [PRIOR][STEP4] Reserved new waypoint ID 1151 for UAV 6 (currentWP=1112, distance≈822.7 m).
2026-03-26T05:50:04.161770Z [PRIOR] Allocated IDs -> plan:700000008 imp:800000040 path(done/prior/resume):600000039/600000040/600000041 indiv(prior/resume):900000182/900000183 wp(approach/target):1150/1151
2026-03-26T05:50:04.168770Z [PRIOR][UAV] Resume trimmed by currentWP (lastRemovedWP=1111).
2026-03-26T05:50:04.234899Z [PRIOR][UAV] Added replan anchor waypoint to done path (anchorWP=1152).
2026-03-26T05:50:04.234899Z [PRIOR][UAV] Resume sweep trim applied (cutPoints=10, rawCutPoints=121, doneSweepPoints=111, pathID=600000034).
2026-03-26T05:50:04.298919Z [PRIOR][UAV] Resume searchSpeed scaled (factor=1.30, waypoints=8).
2026-03-26T05:50:04.370512Z [PRIOR][STEP3] Approach waypoint adjusted: 822.7m -> 450m ahead.
2026-03-26T05:50:04.582210Z [PRIOR][UAV] Resume trimmed by currentWP (lastRemovedWP=1029).
2026-03-26T05:50:04.652298Z [PRIOR][UAV] Added replan anchor waypoint to done path (anchorWP=1166).
2026-03-26T05:50:04.652298Z [PRIOR][UAV] Resume sweep trim applied (cutPoints=15, rawCutPoints=126, doneSweepPoints=111, pathID=400000033).
2026-03-26T05:50:04.717226Z [PRIOR][UAV] Resume searchSpeed scaled (factor=1.30, waypoints=8).
2026-03-26T05:50:04.793850Z [PRIOR][UAV] Generated done/resume mission -> aircraft=4 IMP:800000041.json PATHS:400000038.json/400000039.json
2026-03-26T05:50:04.827897Z [PRIOR][UAV] Resume trimmed by currentWP (lastRemovedWP=1070).
2026-03-26T05:50:04.912234Z [PRIOR][UAV] Added replan anchor waypoint to done path (anchorWP=1180).
2026-03-26T05:50:04.912234Z [PRIOR][UAV] Resume sweep trim applied (cutPoints=13, rawCutPoints=124, doneSweepPoints=111, pathID=500000033).
2026-03-26T05:50:04.979748Z [PRIOR][UAV] Resume searchSpeed scaled (factor=1.30, waypoints=8).
2026-03-26T05:50:05.060837Z [PRIOR][UAV] Generated done/resume mission -> aircraft=5 IMP:800000042.json PATHS:500000038.json/500000039.json
2026-03-26T05:50:05.071837Z [PRIOR] Stored new artifacts -> plan:700000008.json, imp:800000040.json, fp:600000039.json/600000040.json/600000041.json
2026-03-26T05:50:05.073837Z [PRIOR] Log captured -> C:\Users\LAHMUMT_2\Desktop\DSS_KU\Logs\Scenario_2026-03-26T132327\SBC3\DSS_Internal\PriorMission_2_827819404167.json
2026-03-26T05:50:05.075837Z [PRIOR][DELIVERY] direct push start (planIds=700000008)
2026-03-26T05:50:05.076839Z [STEP 4] 0301 push queued (planIds=700000008)
2026-03-26T05:50:05.076839Z [INFO] Direct delivery -> skip 0901/0701, send 0301+0903(+0702 fallback)
2026-03-26T05:50:05.079840Z [0301] missionPlanID=700000008 전송
2026-03-26T05:50:05.080839Z [PUSH] 0301 direct batch send
2026-03-26T05:50:05.080839Z [INFO] Post-0301 apply queued (grace=1800ms, timeout=3000ms, plans=1)
2026-03-26T05:50:05.252466Z [PRIOR] Prior mission pipeline complete (planIds=[700000008], log=C:\Users\LAHMUMT_2\Desktop\DSS_KU\Logs\Scenario_2026-03-26T132327\SBC3\DSS_Internal\PriorMission_2_827819404167.json)
2026-03-26T05:50:05.255465Z [0305] status=2, reason=선행임무 : 좌표지정, elapsed=1.29s 전송
2026-03-26T05:50:08.079928Z [INFO] Post-0301 ready (timeout) -> sending 0903
2026-03-26T05:50:08.081927Z [0903] request sent (missionPlanID=700000008)
2026-03-26T05:50:08.339934Z [0702][AUTO] ignore=2 sent (missionPlanID=700000008)
2026-03-26T05:51:42.675757Z [AUTO] 0902 received (planIds=700000009, 700000010)
2026-03-26T05:51:42.676757Z [AUTO] replan pipeline scheduled after 0.1s delay
2026-03-26T05:51:42.797830Z [0305] status=1, reason=무인기 2번 - 장갑차(ID-8) 발견으로 인한 재계획 전송
2026-03-26T05:51:42.800830Z [STEP 0] Replan pipeline start (reason=무인기 2번 - 장갑차(ID-8) 발견으로 인한 재계획)
2026-03-26T05:51:42.800830Z [ATTACK] 공격 특화 재계획 요청 감지 → 전용 파이프라인 실행
2026-03-26T05:51:42.814848Z [ATTACK] STEP1 Selected manned aircraft: aircraft 3 (fuel=14.733426094055176, coord=(38.08802795410156, 127.26995086669922, alt=766))
2026-03-26T05:51:42.816848Z [ATTACK] STEP2 UAV tracking summary: watcher 5?’target 8, watcher 4?’target 7, watcher 6?’target 7, watcher 6?’target unknown-1, watcher 2?’target 7, watcher 2?’target 1
2026-03-26T05:51:42.816848Z [ATTACK] STEP2.5 Using 0402 target override: target=8 watcher=5
2026-03-26T05:51:44.989129Z [ATTACK] STEP3 Attack plan completed: lat=38.095949, lon=127.258673, alt=431m
2026-03-26T05:51:44.990129Z [ATTACK] [ATTACK][ETA] Tracking ETA computed (dist=1322.9m, speed=23.1m/s, +30s) -> 87s
2026-03-26T05:51:45.000641Z [ATTACK] [ATTACK] Using requested missionPlanID 700000009 (sourcePlanID=700000008)
2026-03-26T05:51:45.004641Z [ATTACK] [PRIOR] Falling back to first mission for aircraft 3 (current waypoint not found in plan).
2026-03-26T05:51:45.188774Z [ATTACK] [ATTACK][LAH] Inferred current waypoint from position -> 1011.
2026-03-26T05:51:45.189772Z [ATTACK] [ATTACK][LAH] isDone/currentWP mismatch; using currentWP split (isDonePrefix=0, currentIdx=3).
2026-03-26T05:51:45.189772Z [ATTACK] [ATTACK][LAH] Dropped current waypoint from resume path (currentWP=1011, nextWP=1012).
2026-03-26T05:51:45.713094Z [ATTACK] [ATTACK][LAH] Dropped completed missions, inserted attack, and reattached 3 follow-up mission(s).
2026-03-26T05:51:45.725478Z [ATTACK] [ATTACK][LAH] Generated attack/resume missions -> IMP:800000043.json PATHS:300000026.json/300000027.json (followUps=3)
2026-03-26T05:51:45.863061Z [ATTACK] [ATTACK][UAV] Resume trimmed by currentWP (lastRemovedWP=1190).
2026-03-26T05:51:45.934665Z [ATTACK] [ATTACK][UAV] Added replan anchor waypoint to done path (anchorWP=1217).
2026-03-26T05:51:46.006935Z [ATTACK] [ATTACK][UAV] Resume searchSpeed scaled (factor=1.30, waypoints=3).
2026-03-26T05:51:46.396694Z [ATTACK] [ATTACK][UAV] Preserved done segment, inserted tracking, and reattached 4 follow-up mission(s).
2026-03-26T05:51:46.418203Z [ATTACK] [ATTACK][UAV] Generated tracking/resume missions -> IMP:800000044.json PATHS:500000041.json/500000042.json (followUps=4)
2026-03-26T05:51:46.420210Z [ATTACK] [ATTACK][UAV] Tracking assignment state saved (aircraft=5, sourcePlan=700000008, attackPlan=700000009).
2026-03-26T05:51:46.423209Z [ATTACK] [PRIOR] Falling back to first mission for aircraft 1 (current waypoint not found in plan).
2026-03-26T05:51:46.456727Z [ATTACK] [ATTACK][LAH] Inferred current waypoint from position -> 975.
2026-03-26T05:51:46.456727Z [ATTACK] [ATTACK][LAH] isDone/currentWP mismatch; using currentWP split (isDonePrefix=0, currentIdx=3).
2026-03-26T05:51:46.457728Z [ATTACK] [ATTACK][LAH] Dropped current waypoint from resume path (currentWP=975, nextWP=976).
2026-03-26T05:51:47.050934Z [ATTACK] [ATTACK][LAH] Dropped completed missions, inserted hold, and reattached 3 follow-up mission(s).
2026-03-26T05:51:47.060961Z [ATTACK] [ATTACK][LAH] Generated hold/resume missions -> IMP:800000045.json PATHS:100000026.json/100000027.json (followUps=3)
2026-03-26T05:51:47.064961Z [ATTACK] [PRIOR] Falling back to first mission for aircraft 2 (current waypoint not found in plan).
2026-03-26T05:51:47.091986Z [ATTACK] [ATTACK][LAH] Inferred current waypoint from position -> 993.
2026-03-26T05:51:47.092986Z [ATTACK] [ATTACK][LAH] isDone/currentWP mismatch; using currentWP split (isDonePrefix=0, currentIdx=3).
2026-03-26T05:51:47.092986Z [ATTACK] [ATTACK][LAH] Dropped current waypoint from resume path (currentWP=993, nextWP=994).
2026-03-26T05:51:47.668400Z [ATTACK] [ATTACK][LAH] Dropped completed missions, inserted hold, and reattached 3 follow-up mission(s).
2026-03-26T05:51:47.679405Z [ATTACK] [ATTACK][LAH] Generated hold/resume missions -> IMP:800000046.json PATHS:200000026.json/200000027.json (followUps=3)
2026-03-26T05:51:47.714431Z [ATTACK] [ATTACK][UAV] isDone/currentWP mismatch; using currentWP split (isDonePrefix=8, currentIdx=5).
2026-03-26T05:51:47.714431Z [ATTACK] [ATTACK][UAV] Resume trimmed by currentWP (lastRemovedWP=1176).
2026-03-26T05:51:47.814009Z [ATTACK] [ATTACK][UAV] Added replan anchor waypoint to done path (anchorWP=1296).
2026-03-26T05:51:47.893062Z [ATTACK] [ATTACK][UAV] Resume searchSpeed scaled (factor=1.30, waypoints=3).
2026-03-26T05:51:48.299772Z [ATTACK] [ATTACK][UAV] Preserved prior mission as done, inserted resume, and reattached 4 follow-up mission(s).
2026-03-26T05:51:48.317284Z [ATTACK] [ATTACK][UAV] Generated resume-only mission -> IMP:800000047.json PATH:400000041.json (followUps=4)
2026-03-26T05:51:48.357544Z [ATTACK] [ATTACK][UAV] isDone/currentWP mismatch; using currentWP split (isDonePrefix=1, currentIdx=0).
2026-03-26T05:51:48.358544Z [ATTACK] [ATTACK][UAV] Resume sweep trim applied (cutPoints=5, rawCutPoints=5, doneSweepPoints=0, pathID=600000041).
2026-03-26T05:51:48.358544Z [ATTACK] [ATTACK][UAV] Resume searchSpeed scaled (factor=1.30, waypoints=8).
2026-03-26T05:51:48.811068Z [ATTACK] [ATTACK][UAV] Preserved prior mission as done, inserted resume, and reattached 4 follow-up mission(s).
2026-03-26T05:51:48.829073Z [ATTACK] [ATTACK][UAV] Generated resume-only mission -> IMP:800000048.json PATH:600000043.json (followUps=4)
2026-03-26T05:51:48.832073Z [ATTACK] [ATTACK][PLAN] MissionPlan saved -> 700000009.json (planID=700000009)
2026-03-26T05:51:48.842583Z [ATTACK] 분석 로그 저장: C:\Users\LAHMUMT_2\Desktop\DSS_KU\Logs\Scenario_2026-03-26T132327\SBC3\DSS_Internal\log_attack_algorithm_20260326T055148_840073.json
2026-03-26T05:51:48.850583Z [ATTACK] mark target used: key=8-5, targetID=8
2026-03-26T05:51:48.868588Z [ATTACK-EXCLUDE] ATTACK-EXCLUDE using requested missionPlanID 700000010 (sourcePlanID=700000008)
2026-03-26T05:51:49.112276Z [ATTACK] 공격 임무 계획 완료 (planIds=700000009)
2026-03-26T05:51:49.113274Z [INFO] UAV params loaded (cruise=40.00, turn_step=15.0)
2026-03-26T05:51:49.114275Z [INFO] Latest input snapshot → 0201:ID=-,ts=-,src=-, 0203:ID=-,ts=-,src=-
2026-03-26T05:51:49.114275Z [INFO] Fallback 0201 file selected: 100.json
2026-03-26T05:51:49.115275Z [INFO] Fallback 0203 file selected: 0.json
2026-03-26T05:51:49.115275Z [CHECK] 0201/0203 필수 데이터 확인 시작
2026-03-26T05:51:49.116274Z [OK] 0201 inputMissionList 확인됨 (count=4) → 진행
2026-03-26T05:51:49.116274Z [OK] 0201 availableAircraftList 확인됨 (count=6) → 진행
2026-03-26T05:51:49.117277Z [OK] 0201 inputMissionPackageType=1 확인
2026-03-26T05:51:49.117277Z [OK] 0201 mainSensor=1 확인
2026-03-26T05:51:49.117277Z [CHECK] 0201 기체 수=6 (UAV=3, LAH=3)
2026-03-26T05:51:49.118276Z [CHECK] 0201 임무: total=4 missingID=0 missingDetail=0 missingShape=0 unknownType=0 typeZeroAuto=0 typeZeroInvalid=0 lineOnlyViolation=0
2026-03-26T05:51:49.118276Z [OK] 0203 takeOverInfoList 확인됨 (count=3) → 진행
2026-03-26T05:51:49.118276Z [OK] 0203 handOverInfoList 확인됨 (count=3) → 진행
2026-03-26T05:51:49.119275Z [OK] 0203 flightAreaList 확인됨 (count=1) → 진행
2026-03-26T05:51:49.119275Z [CHECK] 0203 flightAreaList count=1
2026-03-26T05:51:49.119275Z [variant 1] 공격 배제 전용 재개 파이프라인 적용
2026-03-26T05:51:49.362386Z [ATTACK-EXCLUDE] [PRIOR][UAV] Resume trimmed by currentWP (lastRemovedWP=1176).
2026-03-26T05:51:49.447273Z [ATTACK-EXCLUDE] [PRIOR][UAV] Added replan anchor waypoint to done path (anchorWP=1402).
2026-03-26T05:51:49.532134Z [ATTACK-EXCLUDE] [PRIOR][UAV] Resume searchSpeed scaled (factor=1.30, waypoints=3).
2026-03-26T05:51:49.628777Z [ATTACK-EXCLUDE] [PRIOR][UAV] Generated done/resume mission -> aircraft=4 IMP:800000049.json PATHS:400000046.json/400000047.json
2026-03-26T05:51:50.061944Z [ATTACK-EXCLUDE] [PRIOR][UAV] Resume trimmed by currentWP (lastRemovedWP=1190).
2026-03-26T05:51:50.154002Z [ATTACK-EXCLUDE] [PRIOR][UAV] Added replan anchor waypoint to done path (anchorWP=1441).
2026-03-26T05:51:50.233059Z [ATTACK-EXCLUDE] [PRIOR][UAV] Resume searchSpeed scaled (factor=1.30, waypoints=3).
2026-03-26T05:51:50.330974Z [ATTACK-EXCLUDE] [PRIOR][UAV] Generated done/resume mission -> aircraft=5 IMP:800000050.json PATHS:500000047.json/500000048.json
2026-03-26T05:51:50.772467Z [ATTACK-EXCLUDE] [PRIOR][UAV] Resume trimmed by currentWP (lastRemovedWP=1158).
2026-03-26T05:51:50.855090Z [ATTACK-EXCLUDE] [PRIOR][UAV] Added replan anchor waypoint to done path (anchorWP=1481).
2026-03-26T05:51:50.947644Z [ATTACK-EXCLUDE] [PRIOR][UAV] Resume searchSpeed scaled (factor=1.30, waypoints=7).
2026-03-26T05:51:51.044666Z [ATTACK-EXCLUDE] [PRIOR][UAV] Generated done/resume mission -> aircraft=6 IMP:800000051.json PATHS:600000048.json/600000049.json
2026-03-26T05:51:51.053668Z [ATTACK-EXCLUDE] 공격 배제 MissionPlan 저장 -> 700000010.json (planID=700000010)
2026-03-26T05:51:51.054668Z [OK] 공격 배제 variant 저장: MissionPlanID=700000010 (elapsed=2198.8 ms)
2026-03-26T05:51:51.055668Z [INFO] Option mapping #1: planID=700000010, optionCode=3(공격배제)
2026-03-26T05:51:51.055668Z [OK] Stored mission data: MissionPlan=1, IndividualMission=0, FlightPath=0
2026-03-26T05:51:51.228295Z [STEP 4] 0301 push queued (planIds=700000009, 700000010)
2026-03-26T05:51:51.230295Z [0301] missionPlanID=700000009 전송
2026-03-26T05:51:51.231295Z [0301] missionPlanID=700000010 전송
2026-03-26T05:51:51.232295Z [PUSH] 0301 direct batch send
2026-03-26T05:51:51.232295Z [INFO] Post-0301 apply queued (grace=2050ms, timeout=3250ms, plans=2)
2026-03-26T05:51:51.238297Z [0305] status=2, reason=무인기 2번 - 장갑차(ID-8) 발견으로 인한 재계획, elapsed=8.44s 전송
2026-03-26T05:51:54.478275Z [INFO] Post-0301 ready (timeout) -> sending 0901
2026-03-26T05:51:54.484278Z [0901] option request sent (count=2, codes=2(공격특화), 3(공격배제))
2026-03-26T05:54:37.298405Z [AUTO] 0902 received (planIds=700000011)
2026-03-26T05:54:37.298405Z [AUTO] replan pipeline scheduled after 0.1s delay
2026-03-26T05:54:37.410802Z [0305] status=1, reason=무인기 2번 경로 미추종으로 인한 재계획 전송
2026-03-26T05:54:37.413801Z [STEP 0] Replan pipeline start (reason=무인기 2번 경로 미추종으로 인한 재계획)
2026-03-26T05:54:37.421803Z [PATHDEV] Level-3 path deviation request detected. Using dedicated pipeline.
2026-03-26T05:54:37.551830Z [PATHDEV] stored path-deviation artifacts -> plan:700000011.json, imp:800000052.json, fp:500000053.json (4.4 ms)
2026-03-26T05:54:37.552830Z [PATHDEV] log captured -> C:\Users\LAHMUMT_2\Desktop\DSS_KU\Logs\Scenario_2026-03-26T132327\SBC3\DSS_Internal\PathDeviation_5_827819677449.json
2026-03-26T05:54:37.554831Z [PATHDEV][DELIVERY] direct push start (planIds=700000011)
2026-03-26T05:54:37.554831Z [STEP 4] 0301 push queued (planIds=700000011)
2026-03-26T05:54:37.554831Z [INFO] Direct delivery -> skip 0901/0701, send 0301+0903(+0702 fallback)
2026-03-26T05:54:37.556830Z [0301] missionPlanID=700000011 전송
2026-03-26T05:54:37.557830Z [PUSH] 0301 direct batch send
2026-03-26T05:54:37.557830Z [INFO] Post-0301 apply queued (grace=1800ms, timeout=3000ms, plans=1)
2026-03-26T05:54:37.690674Z [PATHDEV] Path-deviation pipeline complete (planIds=[700000011], log=C:\Users\LAHMUMT_2\Desktop\DSS_KU\Logs\Scenario_2026-03-26T132327\SBC3\DSS_Internal\PathDeviation_5_827819677449.json)
2026-03-26T05:54:37.693674Z [0305] status=2, reason=무인기 2번 경로 미추종으로 인한 재계획, elapsed=0.28s 전송
2026-03-26T05:54:40.554216Z [INFO] Post-0301 ready (timeout) -> sending 0903
2026-03-26T05:54:40.555218Z [0903] request sent (missionPlanID=700000011)
2026-03-26T05:54:40.808391Z [0702][AUTO] ignore=2 sent (missionPlanID=700000011)
