2026-03-26T04:33:35.765361Z [LOG] Mission planning log started: C:\Users\LAHMUMT_2\Desktop\DSS_KU\Logs\Scenario_2026-03-26T132327\SBC3\DSS_Internal\mission_planning_gui_20260326T043335_486263Z.log
2026-03-26T04:33:35.767362Z [0101] 모드 수신 리스너 등록 완료
2026-03-26T04:33:36.264394Z [0102] NodeMessenger 초기화 대기 중 ? 자동 송신 보류
2026-03-26T04:33:36.416834Z [BUS] NodeMessenger 초기화 완료
2026-03-26T04:33:37.599143Z [WARM] Mission planner runtime ready (algo_settings)
2026-03-26T04:33:56.829716Z [MODE] 슬라이더 변경 → 대기모드
2026-03-26T04:33:56.831716Z [0101/POLL] 모드 동기화 code=1
2026-03-26T04:33:59.579360Z [AUTO] 0902 received (planIds=700000002)
2026-03-26T04:33:59.580360Z [AUTO] replan pipeline scheduled after 0.1s delay
2026-03-26T04:33:59.580360Z [MODE] 슬라이더 변경 → 초기 임무 계획
2026-03-26T04:33:59.581360Z [0101/POLL] 모드 동기화 code=2
2026-03-26T04:33:59.703423Z [0305] status=1, reason=초기임무재계획 전송
2026-03-26T04:33:59.705425Z [STEP 0] Replan pipeline start (reason=초기임무재계획)
2026-03-26T04:33:59.707424Z [INFO] UAV params loaded (cruise=40.00, turn_step=15.0)
2026-03-26T04:33:59.707424Z [INFO] Latest input snapshot → 0201:ID=-,ts=-,src=-, 0203:ID=-,ts=-,src=-
2026-03-26T04:33:59.708422Z [INFO] Fallback 0201 file selected: 100.json
2026-03-26T04:33:59.708422Z [INFO] Fallback 0203 file selected: 0.json
2026-03-26T04:33:59.713424Z [CHECK] 0201/0203 필수 데이터 확인 시작
2026-03-26T04:33:59.714424Z [OK] 0201 inputMissionList 확인됨 (count=4) → 진행
2026-03-26T04:33:59.714424Z [OK] 0201 availableAircraftList 확인됨 (count=6) → 진행
2026-03-26T04:33:59.714424Z [OK] 0201 inputMissionPackageType=1 확인
2026-03-26T04:33:59.715928Z [OK] 0201 mainSensor=1 확인
2026-03-26T04:33:59.715928Z [CHECK] 0201 기체 수=6 (UAV=3, LAH=3)
2026-03-26T04:33:59.716934Z [CHECK] 0201 임무: total=4 missingID=0 missingDetail=0 missingShape=0 unknownType=0 typeZeroAuto=0 typeZeroInvalid=0 lineOnlyViolation=0
2026-03-26T04:33:59.716934Z [OK] 0203 takeOverInfoList 확인됨 (count=3) → 진행
2026-03-26T04:33:59.717935Z [OK] 0203 handOverInfoList 확인됨 (count=3) → 진행
2026-03-26T04:33:59.717935Z [OK] 0203 flightAreaList 확인됨 (count=1) → 진행
2026-03-26T04:33:59.718934Z [CHECK] 0203 flightAreaList count=1
2026-03-26T04:33:59.718934Z [variant 1] 일반 재계획 모드 적용
2026-03-26T04:33:59.718934Z [STEP 1.1] Divide & Pattern start
2026-03-26T04:33:59.724933Z [variant 1] [ENHANCED][1] split start: uavs=[4, 5, 6]
2026-03-26T04:33:59.730933Z [variant 1] [ENHANCED][1] split done: pieces=12
2026-03-26T04:33:59.732937Z [variant 1] [ENHANCED][2] type-decider done: profile=6 changed=12/12
2026-03-26T04:33:59.732937Z [variant 1] [ENHANCED][3] expected-path done: count=12
2026-03-26T04:33:59.739937Z [variant 1] [ENHANCED][4] area-review done: overflow=3 targets=3 pieces=12->21
2026-03-26T04:33:59.742937Z [variant 1] [ENHANCED][5] expected-velocity done: pieces=21 dbRows=391
2026-03-26T04:33:59.756444Z [variant 1] [ENHANCED][6] 0302 export done: files=6
2026-03-26T04:33:59.757446Z [variant 1] [ENHANCED] total=39.6 ms
2026-03-26T04:33:59.757446Z [TIME] divide_and_pattern (variant=1): 39.7 ms
2026-03-26T04:33:59.758444Z [OK] IMP generated: 6 file(s) (variant=1)
2026-03-26T04:33:59.766951Z [TIME] build_0301+load (variant=1): 10.3 ms
2026-03-26T04:33:59.767952Z [OK] MissionPlan built: MissionPlan_1774499639756.json (variant=1)
2026-03-26T04:33:59.768951Z [TIME] collect_missions (variant=1): 1.7 ms, count=27
2026-03-26T04:33:59.829482Z [TIME] pathID_mapping (variant=1): 60.5 ms
2026-03-26T04:33:59.830482Z [INFO] pathID mapping done for 0302/0303/0304 (variant=1)
2026-03-26T04:33:59.830482Z [INFO] FlightPath build mode: parallel (variant=1)
2026-03-26T04:34:00.417887Z [INFO] FlightPath build time (parallel): 0303=583.9 ms, 0304=327.8 ms, wall=584.9 ms
2026-03-26T04:34:00.418890Z [INFO] Applied LAH-UAV ETA follow speed plan (variant=1)
2026-03-26T04:34:00.418890Z [OK] FlightPath counts (variant=1): 0303=15 / 0304=12
2026-03-26T04:34:00.455415Z [TIME] build_0302 (variant=1): 30.8 ms, packages=6
2026-03-26T04:34:00.459416Z [TIME] write_0302 (variant=1): 4.5 ms, files=6
2026-03-26T04:34:00.486946Z [TIME] write_FlightPath (variant=1): 26.6 ms, files=27
2026-03-26T04:34:00.486946Z [TIME] write_0301 (variant=1): 0.8 ms
2026-03-26T04:34:00.487946Z [OK] Stored variant 1: MissionPlanID=700000002, IMP=6, FlightPath=27
2026-03-26T04:34:00.487946Z [TIME] variant_total (variant=1): 770.3 ms
2026-03-26T04:34:00.487946Z [INFO] Option mapping #1: planID=700000002, optionCode=1(시스템 추천)
2026-03-26T04:34:00.488946Z [OK] Stored mission data: MissionPlan=1, IndividualMission=6, FlightPath=27
2026-03-26T04:34:00.676949Z [STEP 4] 0301 push queued (planIds=700000002)
2026-03-26T04:34:00.684951Z [0301] missionPlanID=700000002 전송
2026-03-26T04:34:00.685455Z [PUSH] 0301 direct batch send
2026-03-26T04:34:00.685455Z [INFO] Post-0301 apply queued (grace=1800ms, timeout=3000ms, plans=1)
2026-03-26T04:34:00.692460Z [0305] status=2, reason=초기임무재계획, elapsed=0.99s 전송
2026-03-26T04:34:03.680648Z [INFO] Post-0301 ready (timeout) -> sending 0903
2026-03-26T04:34:03.686157Z [0903] request sent (missionPlanID=700000002)
2026-03-26T04:34:34.675230Z [MODE] 슬라이더 변경 → 임무 수행
2026-03-26T04:34:34.675230Z [0101/POLL] 모드 동기화 code=3
2026-03-26T04:35:35.677493Z [AUTO] 0902 received (planIds=700000003, 700000004)
2026-03-26T04:35:35.678493Z [AUTO] replan pipeline scheduled after 0.1s delay
2026-03-26T04:35:35.790568Z [0305] status=1, reason=무인기 3번 - 방사포(ID-7) 발견으로 인한 재계획 전송
2026-03-26T04:35:35.794566Z [STEP 0] Replan pipeline start (reason=무인기 3번 - 방사포(ID-7) 발견으로 인한 재계획)
2026-03-26T04:35:35.796568Z [ATTACK] 공격 특화 재계획 요청 감지 → 전용 파이프라인 실행
2026-03-26T04:35:35.805568Z [ATTACK] STEP1 Selected manned aircraft: aircraft 2 (fuel=14.89305591583252, coord=(38.06238555908203, 127.27002716064453, alt=754))
2026-03-26T04:35:35.806568Z [ATTACK] STEP2 UAV tracking summary: watcher 6?’target 7
2026-03-26T04:35:35.806568Z [ATTACK] STEP2.5 Using 0402 target override: target=7 watcher=6
2026-03-26T04:35:36.934910Z [ATTACK] STEP3 Attack plan completed: lat=38.064361, lon=127.261161, alt=608m
2026-03-26T04:35:36.935916Z [ATTACK] [ATTACK][ETA] Tracking ETA computed (dist=806.7m, speed=24.1m/s, +30s) -> 64s
2026-03-26T04:35:36.944919Z [ATTACK] [ATTACK] Using requested missionPlanID 700000003 (sourcePlanID=700000002)
2026-03-26T04:35:36.947919Z [ATTACK] [PRIOR] Falling back to first mission for aircraft 2 (current waypoint not found in plan).
2026-03-26T04:35:37.027452Z [ATTACK] [ATTACK][LAH] Inferred current waypoint from position -> 182.
2026-03-26T04:35:37.028958Z [ATTACK] [ATTACK][LAH] isDone/currentWP mismatch; using currentWP split (isDonePrefix=0, currentIdx=1).
2026-03-26T04:35:37.028958Z [ATTACK] [ATTACK][LAH] Dropped current waypoint from resume path (currentWP=182, nextWP=183).
2026-03-26T04:35:37.190560Z [ATTACK] [ATTACK][LAH] Dropped completed missions, inserted attack, and reattached 3 follow-up mission(s).
2026-03-26T04:35:37.197565Z [ATTACK] [ATTACK][LAH] Generated attack/resume missions -> IMP:800000013.json PATHS:200000009.json/200000010.json (followUps=3)
2026-03-26T04:35:37.279108Z [ATTACK] [ATTACK][UAV] Resume trimmed by currentWP (lastRemovedWP=292).
2026-03-26T04:35:37.300115Z [ATTACK] [ATTACK][UAV] Added replan anchor waypoint to done path (anchorWP=348).
2026-03-26T04:35:37.320626Z [ATTACK] [ATTACK][UAV] Resume searchSpeed scaled (factor=1.30, waypoints=7).
2026-03-26T04:35:37.461210Z [ATTACK] [ATTACK][UAV] Preserved done segment, inserted tracking, and reattached 4 follow-up mission(s).
2026-03-26T04:35:37.475717Z [ATTACK] [ATTACK][UAV] Generated tracking/resume missions -> IMP:800000014.json PATHS:600000012.json/600000013.json (followUps=4)
2026-03-26T04:35:37.478719Z [ATTACK] [ATTACK][UAV] Tracking assignment state saved (aircraft=6, sourcePlan=700000002, attackPlan=700000003).
2026-03-26T04:35:37.480717Z [ATTACK] [PRIOR] Falling back to first mission for aircraft 1 (current waypoint not found in plan).
2026-03-26T04:35:37.505231Z [ATTACK] [ATTACK][LAH] Inferred current waypoint from position -> 164.
2026-03-26T04:35:37.506231Z [ATTACK] [ATTACK][LAH] isDone/currentWP mismatch; using currentWP split (isDonePrefix=0, currentIdx=1).
2026-03-26T04:35:37.506231Z [ATTACK] [ATTACK][LAH] Dropped current waypoint from resume path (currentWP=164, nextWP=165).
2026-03-26T04:35:37.746516Z [ATTACK] [ATTACK][LAH] Dropped completed missions, inserted hold, and reattached 3 follow-up mission(s).
2026-03-26T04:35:37.756024Z [ATTACK] [ATTACK][LAH] Generated hold/resume missions -> IMP:800000015.json PATHS:100000009.json/100000010.json (followUps=3)
2026-03-26T04:35:37.759535Z [ATTACK] [PRIOR] Falling back to first mission for aircraft 3 (current waypoint not found in plan).
2026-03-26T04:35:37.789046Z [ATTACK] [ATTACK][LAH] Inferred current waypoint from position -> 200.
2026-03-26T04:35:37.789046Z [ATTACK] [ATTACK][LAH] isDone/currentWP mismatch; using currentWP split (isDonePrefix=0, currentIdx=1).
2026-03-26T04:35:37.790045Z [ATTACK] [ATTACK][LAH] Dropped current waypoint from resume path (currentWP=200, nextWP=201).
2026-03-26T04:35:37.986668Z [ATTACK] [ATTACK][LAH] Dropped completed missions, inserted hold, and reattached 3 follow-up mission(s).
2026-03-26T04:35:37.993669Z [ATTACK] [ATTACK][LAH] Generated hold/resume missions -> IMP:800000016.json PATHS:300000009.json/300000010.json (followUps=3)
2026-03-26T04:35:38.026690Z [ATTACK] [ATTACK][UAV] Resume trimmed by currentWP (lastRemovedWP=220).
2026-03-26T04:35:38.077228Z [ATTACK] [ATTACK][UAV] Added replan anchor waypoint to done path (anchorWP=426).
2026-03-26T04:35:38.077228Z [ATTACK] [ATTACK][UAV] Resume sweep trim applied (cutPoints=6, rawCutPoints=105, doneSweepPoints=99, pathID=400000006).
2026-03-26T04:35:38.104735Z [ATTACK] [ATTACK][UAV] Resume searchSpeed scaled (factor=1.30, waypoints=7).
2026-03-26T04:35:38.240810Z [ATTACK] [ATTACK][UAV] Preserved prior mission as done, inserted resume, and reattached 4 follow-up mission(s).
2026-03-26T04:35:38.255318Z [ATTACK] [ATTACK][UAV] Generated resume-only mission -> IMP:800000017.json PATH:400000012.json (followUps=4)
2026-03-26T04:35:38.288336Z [ATTACK] [ATTACK][UAV] Resume trimmed by currentWP (lastRemovedWP=256).
2026-03-26T04:35:38.349899Z [ATTACK] [ATTACK][UAV] Added replan anchor waypoint to done path (anchorWP=464).
2026-03-26T04:35:38.350898Z [ATTACK] [ATTACK][UAV] Resume sweep trim applied (cutPoints=5, rawCutPoints=104, doneSweepPoints=99, pathID=500000006).
2026-03-26T04:35:38.372348Z [ATTACK] [ATTACK][UAV] Resume searchSpeed scaled (factor=1.30, waypoints=7).
2026-03-26T04:35:38.541507Z [ATTACK] [ATTACK][UAV] Preserved prior mission as done, inserted resume, and reattached 4 follow-up mission(s).
2026-03-26T04:35:38.553512Z [ATTACK] [ATTACK][UAV] Generated resume-only mission -> IMP:800000018.json PATH:500000012.json (followUps=4)
2026-03-26T04:35:38.554512Z [ATTACK] [ATTACK][PLAN] MissionPlan saved -> 700000003.json (planID=700000003)
2026-03-26T04:35:38.565147Z [ATTACK] 분석 로그 저장: C:\Users\LAHMUMT_2\Desktop\DSS_KU\Logs\Scenario_2026-03-26T132327\SBC3\DSS_Internal\log_attack_algorithm_20260326T043538_563145.json
2026-03-26T04:35:38.569146Z [ATTACK] mark target used: key=7-6, targetID=7
2026-03-26T04:35:38.589148Z [ATTACK-EXCLUDE] ATTACK-EXCLUDE using requested missionPlanID 700000004 (sourcePlanID=700000002)
2026-03-26T04:35:38.686237Z [ATTACK] 공격 임무 계획 완료 (planIds=700000003)
2026-03-26T04:35:38.687236Z [INFO] UAV params loaded (cruise=40.00, turn_step=15.0)
2026-03-26T04:35:38.687236Z [INFO] Latest input snapshot → 0201:ID=-,ts=-,src=-, 0203:ID=-,ts=-,src=-
2026-03-26T04:35:38.687236Z [INFO] Fallback 0201 file selected: 100.json
2026-03-26T04:35:38.688236Z [INFO] Fallback 0203 file selected: 0.json
2026-03-26T04:35:38.688236Z [CHECK] 0201/0203 필수 데이터 확인 시작
2026-03-26T04:35:38.689238Z [OK] 0201 inputMissionList 확인됨 (count=4) → 진행
2026-03-26T04:35:38.689238Z [OK] 0201 availableAircraftList 확인됨 (count=6) → 진행
2026-03-26T04:35:38.689238Z [OK] 0201 inputMissionPackageType=1 확인
2026-03-26T04:35:38.690237Z [OK] 0201 mainSensor=1 확인
2026-03-26T04:35:38.691237Z [CHECK] 0201 기체 수=6 (UAV=3, LAH=3)
2026-03-26T04:35:38.692239Z [CHECK] 0201 임무: total=4 missingID=0 missingDetail=0 missingShape=0 unknownType=0 typeZeroAuto=0 typeZeroInvalid=0 lineOnlyViolation=0
2026-03-26T04:35:38.693238Z [OK] 0203 takeOverInfoList 확인됨 (count=3) → 진행
2026-03-26T04:35:38.694237Z [OK] 0203 handOverInfoList 확인됨 (count=3) → 진행
2026-03-26T04:35:38.694237Z [OK] 0203 flightAreaList 확인됨 (count=1) → 진행
2026-03-26T04:35:38.695237Z [CHECK] 0203 flightAreaList count=1
2026-03-26T04:35:38.696238Z [variant 1] 공격 배제 전용 재개 파이프라인 적용
2026-03-26T04:35:38.790795Z [ATTACK-EXCLUDE] [PRIOR][UAV] Resume trimmed by currentWP (lastRemovedWP=220).
2026-03-26T04:35:38.827306Z [ATTACK-EXCLUDE] [PRIOR][UAV] Added replan anchor waypoint to done path (anchorWP=527).
2026-03-26T04:35:38.828306Z [ATTACK-EXCLUDE] [PRIOR][UAV] Resume sweep trim applied (cutPoints=8, rawCutPoints=107, doneSweepPoints=99, pathID=400000006).
2026-03-26T04:35:38.856824Z [ATTACK-EXCLUDE] [PRIOR][UAV] Resume searchSpeed scaled (factor=1.30, waypoints=7).
2026-03-26T04:35:38.904855Z [ATTACK-EXCLUDE] [PRIOR][UAV] Generated done/resume mission -> aircraft=4 IMP:800000019.json PATHS:400000017.json/400000018.json
2026-03-26T04:35:39.094099Z [ATTACK-EXCLUDE] [PRIOR][UAV] Resume trimmed by currentWP (lastRemovedWP=256).
2026-03-26T04:35:39.120103Z [ATTACK-EXCLUDE] [PRIOR][UAV] Added replan anchor waypoint to done path (anchorWP=565).
2026-03-26T04:35:39.120103Z [ATTACK-EXCLUDE] [PRIOR][UAV] Resume sweep trim applied (cutPoints=6, rawCutPoints=105, doneSweepPoints=99, pathID=500000006).
2026-03-26T04:35:39.144367Z [ATTACK-EXCLUDE] [PRIOR][UAV] Resume searchSpeed scaled (factor=1.30, waypoints=7).
2026-03-26T04:35:39.183387Z [ATTACK-EXCLUDE] [PRIOR][UAV] Generated done/resume mission -> aircraft=5 IMP:800000020.json PATHS:500000017.json/500000018.json
2026-03-26T04:35:39.430039Z [ATTACK-EXCLUDE] [PRIOR][UAV] Resume trimmed by currentWP (lastRemovedWP=292).
2026-03-26T04:35:39.461054Z [ATTACK-EXCLUDE] [PRIOR][UAV] Added replan anchor waypoint to done path (anchorWP=603).
2026-03-26T04:35:39.461054Z [ATTACK-EXCLUDE] [PRIOR][UAV] Resume sweep trim applied (cutPoints=1, rawCutPoints=100, doneSweepPoints=99, pathID=600000006).
2026-03-26T04:35:39.494080Z [ATTACK-EXCLUDE] [PRIOR][UAV] Resume searchSpeed scaled (factor=1.30, waypoints=7).
2026-03-26T04:35:39.549612Z [ATTACK-EXCLUDE] [PRIOR][UAV] Generated done/resume mission -> aircraft=6 IMP:800000021.json PATHS:600000018.json/600000019.json
2026-03-26T04:35:39.557611Z [ATTACK-EXCLUDE] 공격 배제 MissionPlan 저장 -> 700000004.json (planID=700000004)
2026-03-26T04:35:39.557611Z [OK] 공격 배제 variant 저장: MissionPlanID=700000004 (elapsed=985.5 ms)
2026-03-26T04:35:39.558612Z [INFO] Option mapping #1: planID=700000004, optionCode=3(공격배제)
2026-03-26T04:35:39.558612Z [OK] Stored mission data: MissionPlan=1, IndividualMission=0, FlightPath=0
2026-03-26T04:35:39.670515Z [STEP 4] 0301 push queued (planIds=700000003, 700000004)
2026-03-26T04:35:39.672515Z [0301] missionPlanID=700000003 전송
2026-03-26T04:35:39.674514Z [0301] missionPlanID=700000004 전송
2026-03-26T04:35:39.674514Z [PUSH] 0301 direct batch send
2026-03-26T04:35:39.675514Z [INFO] Post-0301 apply queued (grace=2050ms, timeout=3250ms, plans=2)
2026-03-26T04:35:39.681512Z [0305] status=2, reason=무인기 3번 - 방사포(ID-7) 발견으로 인한 재계획, elapsed=3.89s 전송
2026-03-26T04:35:42.936037Z [INFO] Post-0301 ready (timeout) -> sending 0901
2026-03-26T04:35:42.943039Z [0901] option request sent (count=2, codes=2(공격특화), 3(공격배제))
2026-03-26T04:44:06.051763Z [CONFIG] 알고리즘 설정 적용 (cruise=40.0m/s, turn_step=15.0°, areaMode=vertical, areaSplit=single_stage, uavPlan=dub_path, autoFovDb=True)
2026-03-26T04:44:06.726263Z [CONFIG] 알고리즘 설정 적용 (cruise=40.0m/s, turn_step=15.0°, areaMode=vertical, areaSplit=single_stage, uavPlan=dub_path, autoFovDb=True)
