2026-03-26T06:22:26.153387Z [LOG] Mission planning log started: C:\Users\LAHMUMT_2\Desktop\DSS_KU\Logs\Scenario_2026-03-26T132327\SBC3\DSS_Internal\mission_planning_gui_20260326T062225_786687Z.log
2026-03-26T06:22:26.154391Z [0101] 모드 수신 리스너 등록 완료
2026-03-26T06:22:26.653484Z [0102] NodeMessenger 초기화 대기 중 ? 자동 송신 보류
2026-03-26T06:22:26.914944Z [BUS] NodeMessenger 초기화 완료
2026-03-26T06:22:28.438886Z [WARM] Mission planner runtime ready (algo_settings)
2026-03-26T06:22:34.392961Z [MODE] 슬라이더 변경 → 대기모드
2026-03-26T06:22:34.393961Z [0101/POLL] 모드 동기화 code=1
2026-03-26T06:22:37.691705Z [MODE] 슬라이더 변경 → 초기 임무 계획
2026-03-26T06:22:37.692705Z [0101/POLL] 모드 동기화 code=2
2026-03-26T06:22:37.800927Z [AUTO] 0902 received (planIds=700000013)
2026-03-26T06:22:37.801927Z [AUTO] replan pipeline scheduled after 0.1s delay
2026-03-26T06:22:37.918494Z [0305] status=1, reason=초기임무재계획 전송
2026-03-26T06:22:37.920498Z [STEP 0] Replan pipeline start (reason=초기임무재계획)
2026-03-26T06:22:37.922497Z [INFO] UAV params loaded (cruise=40.00, turn_step=15.0)
2026-03-26T06:22:37.923497Z [INFO] Latest input snapshot → 0201:ID=-,ts=-,src=-, 0203:ID=-,ts=-,src=-
2026-03-26T06:22:37.923497Z [INFO] Fallback 0201 file selected: 100.json
2026-03-26T06:22:37.923497Z [INFO] Fallback 0203 file selected: 0.json
2026-03-26T06:22:37.924497Z [CHECK] 0201/0203 필수 데이터 확인 시작
2026-03-26T06:22:37.924497Z [OK] 0201 inputMissionList 확인됨 (count=4) → 진행
2026-03-26T06:22:37.925497Z [OK] 0201 availableAircraftList 확인됨 (count=6) → 진행
2026-03-26T06:22:37.925497Z [OK] 0201 inputMissionPackageType=1 확인
2026-03-26T06:22:37.925497Z [OK] 0201 mainSensor=1 확인
2026-03-26T06:22:37.926496Z [CHECK] 0201 기체 수=6 (UAV=3, LAH=3)
2026-03-26T06:22:37.926496Z [CHECK] 0201 임무: total=4 missingID=0 missingDetail=0 missingShape=0 unknownType=0 typeZeroAuto=0 typeZeroInvalid=0 lineOnlyViolation=0
2026-03-26T06:22:37.926496Z [OK] 0203 takeOverInfoList 확인됨 (count=3) → 진행
2026-03-26T06:22:37.927497Z [OK] 0203 handOverInfoList 확인됨 (count=3) → 진행
2026-03-26T06:22:37.927497Z [OK] 0203 flightAreaList 확인됨 (count=1) → 진행
2026-03-26T06:22:37.927497Z [CHECK] 0203 flightAreaList count=1
2026-03-26T06:22:37.928498Z [variant 1] 일반 재계획 모드 적용
2026-03-26T06:22:37.928498Z [STEP 1.1] Divide & Pattern start
2026-03-26T06:22:37.932499Z [variant 1] [ENHANCED][1] split start: uavs=[4, 5, 6]
2026-03-26T06:22:37.938010Z [variant 1] [ENHANCED][1] split done: pieces=12
2026-03-26T06:22:37.940008Z [variant 1] [ENHANCED][2] type-decider done: profile=6 changed=12/12
2026-03-26T06:22:37.941008Z [variant 1] [ENHANCED][3] expected-path done: count=12
2026-03-26T06:22:37.947516Z [variant 1] [ENHANCED][4] area-review done: overflow=3 targets=3 pieces=12->21
2026-03-26T06:22:37.950516Z [variant 1] [ENHANCED][5] expected-velocity done: pieces=21 dbRows=391
2026-03-26T06:22:37.966027Z [variant 1] [ENHANCED][6] 0302 export done: files=6
2026-03-26T06:22:37.966027Z [variant 1] [ENHANCED] total=40.1 ms
2026-03-26T06:22:37.967032Z [TIME] divide_and_pattern (variant=1): 40.3 ms
2026-03-26T06:22:37.967032Z [OK] IMP generated: 6 file(s) (variant=1)
2026-03-26T06:22:37.977032Z [TIME] build_0301+load (variant=1): 10.6 ms
2026-03-26T06:22:37.977032Z [OK] MissionPlan built: MissionPlan_1774506157966.json (variant=1)
2026-03-26T06:22:37.979032Z [TIME] collect_missions (variant=1): 2.0 ms, count=27
2026-03-26T06:22:38.044582Z [TIME] pathID_mapping (variant=1): 66.0 ms
2026-03-26T06:22:38.045587Z [INFO] pathID mapping done for 0302/0303/0304 (variant=1)
2026-03-26T06:22:38.045587Z [INFO] FlightPath build mode: parallel (variant=1)
2026-03-26T06:22:38.671083Z [INFO] FlightPath build time (parallel): 0303=621.1 ms, 0304=555.2 ms, wall=622.5 ms
2026-03-26T06:22:38.672085Z [INFO] Applied LAH-UAV ETA follow speed plan (variant=1)
2026-03-26T06:22:38.672085Z [OK] FlightPath counts (variant=1): 0303=15 / 0304=12
2026-03-26T06:22:38.723101Z [TIME] build_0302 (variant=1): 44.0 ms, packages=6
2026-03-26T06:22:38.731107Z [TIME] write_0302 (variant=1): 7.7 ms, files=6
2026-03-26T06:22:38.763123Z [TIME] write_FlightPath (variant=1): 32.2 ms, files=27
2026-03-26T06:22:38.764127Z [TIME] write_0301 (variant=1): 0.8 ms
2026-03-26T06:22:38.764127Z [OK] Stored variant 1: MissionPlanID=700000013, IMP=6, FlightPath=27
2026-03-26T06:22:38.765127Z [TIME] variant_total (variant=1): 838.3 ms
2026-03-26T06:22:38.765127Z [INFO] Option mapping #1: planID=700000013, optionCode=1(시스템 추천)
2026-03-26T06:22:38.765127Z [OK] Stored mission data: MissionPlan=1, IndividualMission=6, FlightPath=27
2026-03-26T06:22:39.065686Z [STEP 4] 0301 push queued (planIds=700000013)
2026-03-26T06:22:39.073688Z [0301] missionPlanID=700000013 전송
2026-03-26T06:22:39.074688Z [PUSH] 0301 direct batch send
2026-03-26T06:22:39.075686Z [INFO] Post-0301 apply queued (grace=1800ms, timeout=3000ms, plans=1)
2026-03-26T06:22:39.079691Z [0305] status=2, reason=초기임무재계획, elapsed=1.17s 전송
2026-03-26T06:22:42.066564Z [INFO] Post-0301 ready (timeout) -> sending 0903
2026-03-26T06:22:42.071564Z [0903] request sent (missionPlanID=700000013)
