2026-03-26T06:49:11.781188Z [LOG] Mission planning log started: C:\Users\LAHMUMT_2\Desktop\DSS_KU\Logs\Scenario_2026-03-26T132327\SBC3\DSS_Internal\mission_planning_gui_20260326T064911_379370Z.log
2026-03-26T06:49:11.783187Z [0101] 모드 수신 리스너 등록 완료
2026-03-26T06:49:12.281680Z [0102] NodeMessenger 초기화 대기 중 ? 자동 송신 보류
2026-03-26T06:49:12.389711Z [BUS] NodeMessenger 초기화 완료
2026-03-26T06:49:13.562221Z [WARM] Mission planner runtime ready (algo_settings)
2026-03-26T06:49:21.311665Z [MODE] 슬라이더 변경 → 대기모드
2026-03-26T06:49:21.313664Z [0101/POLL] 모드 동기화 code=1
2026-03-26T06:49:24.173427Z [AUTO] 0902 received (planIds=700000014)
2026-03-26T06:49:24.174425Z [AUTO] replan pipeline scheduled after 0.1s delay
2026-03-26T06:49:24.304563Z [0305] status=1, reason=초기임무재계획 전송
2026-03-26T06:49:24.306562Z [MODE] 슬라이더 변경 → 초기 임무 계획
2026-03-26T06:49:24.307562Z [0101/POLL] 모드 동기화 code=2
2026-03-26T06:49:24.307562Z [STEP 0] Replan pipeline start (reason=초기임무재계획)
2026-03-26T06:49:24.309565Z [INFO] UAV params loaded (cruise=40.00, turn_step=15.0)
2026-03-26T06:49:24.310611Z [INFO] Latest input snapshot → 0201:ID=-,ts=-,src=-, 0203:ID=-,ts=-,src=-
2026-03-26T06:49:24.310611Z [INFO] Fallback 0201 file selected: 100.json
2026-03-26T06:49:24.310611Z [INFO] Fallback 0203 file selected: 0.json
2026-03-26T06:49:24.311611Z [CHECK] 0201/0203 필수 데이터 확인 시작
2026-03-26T06:49:24.311611Z [OK] 0201 inputMissionList 확인됨 (count=4) → 진행
2026-03-26T06:49:24.312611Z [OK] 0201 availableAircraftList 확인됨 (count=6) → 진행
2026-03-26T06:49:24.312611Z [OK] 0201 inputMissionPackageType=1 확인
2026-03-26T06:49:24.312611Z [OK] 0201 mainSensor=1 확인
2026-03-26T06:49:24.313611Z [CHECK] 0201 기체 수=6 (UAV=3, LAH=3)
2026-03-26T06:49:24.313611Z [CHECK] 0201 임무: total=4 missingID=0 missingDetail=0 missingShape=0 unknownType=0 typeZeroAuto=0 typeZeroInvalid=0 lineOnlyViolation=0
2026-03-26T06:49:24.313611Z [OK] 0203 takeOverInfoList 확인됨 (count=3) → 진행
2026-03-26T06:49:24.314615Z [OK] 0203 handOverInfoList 확인됨 (count=3) → 진행
2026-03-26T06:49:24.314615Z [OK] 0203 flightAreaList 확인됨 (count=1) → 진행
2026-03-26T06:49:24.314615Z [CHECK] 0203 flightAreaList count=1
2026-03-26T06:49:24.315616Z [variant 1] 일반 재계획 모드 적용
2026-03-26T06:49:24.315616Z [STEP 1.1] Divide & Pattern start
2026-03-26T06:49:24.318614Z [variant 1] [ENHANCED][1] split start: uavs=[4, 5, 6]
2026-03-26T06:49:24.324615Z [variant 1] [ENHANCED][1] split done: pieces=12
2026-03-26T06:49:24.326614Z [variant 1] [ENHANCED][2] type-decider done: profile=6 changed=12/12
2026-03-26T06:49:24.327615Z [variant 1] [ENHANCED][3] expected-path done: count=12
2026-03-26T06:49:24.334120Z [variant 1] [ENHANCED][4] area-review done: overflow=3 targets=3 pieces=12->21
2026-03-26T06:49:24.337120Z [variant 1] [ENHANCED][5] expected-velocity done: pieces=21 dbRows=391
2026-03-26T06:49:24.352163Z [variant 1] [ENHANCED][6] 0302 export done: files=6
2026-03-26T06:49:24.353163Z [variant 1] [ENHANCED] total=40.3 ms
2026-03-26T06:49:24.353163Z [TIME] divide_and_pattern (variant=1): 40.4 ms
2026-03-26T06:49:24.353163Z [OK] IMP generated: 6 file(s) (variant=1)
2026-03-26T06:49:24.363167Z [TIME] build_0301+load (variant=1): 10.7 ms
2026-03-26T06:49:24.364167Z [OK] MissionPlan built: MissionPlan_1774507764352.json (variant=1)
2026-03-26T06:49:24.365168Z [TIME] collect_missions (variant=1): 2.1 ms, count=27
2026-03-26T06:49:24.437734Z [TIME] pathID_mapping (variant=1): 72.3 ms
2026-03-26T06:49:24.438734Z [INFO] pathID mapping done for 0302/0303/0304 (variant=1)
2026-03-26T06:49:24.439733Z [INFO] FlightPath build mode: parallel (variant=1)
2026-03-26T06:49:25.041505Z [INFO] FlightPath build time (parallel): 0303=598.4 ms, 0304=537.0 ms, wall=600.2 ms
2026-03-26T06:49:25.041505Z [INFO] Applied LAH-UAV ETA follow speed plan (variant=1)
2026-03-26T06:49:25.042505Z [OK] FlightPath counts (variant=1): 0303=15 / 0304=12
2026-03-26T06:49:25.087017Z [TIME] build_0302 (variant=1): 38.9 ms, packages=6
2026-03-26T06:49:25.092522Z [TIME] write_0302 (variant=1): 5.2 ms, files=6
2026-03-26T06:49:25.127554Z [TIME] write_FlightPath (variant=1): 34.8 ms, files=27
2026-03-26T06:49:25.128558Z [TIME] write_0301 (variant=1): 1.2 ms
2026-03-26T06:49:25.128558Z [OK] Stored variant 1: MissionPlanID=700000014, IMP=6, FlightPath=27
2026-03-26T06:49:25.129558Z [TIME] variant_total (variant=1): 816.9 ms
2026-03-26T06:49:25.129558Z [INFO] Option mapping #1: planID=700000014, optionCode=1(시스템 추천)
2026-03-26T06:49:25.131579Z [OK] Stored mission data: MissionPlan=1, IndividualMission=6, FlightPath=27
2026-03-26T06:49:25.428231Z [STEP 4] 0301 push queued (planIds=700000014)
2026-03-26T06:49:25.435761Z [0301] missionPlanID=700000014 전송
2026-03-26T06:49:25.436763Z [PUSH] 0301 direct batch send
2026-03-26T06:49:25.437764Z [INFO] Post-0301 apply queued (grace=1800ms, timeout=3000ms, plans=1)
2026-03-26T06:49:25.495275Z [0305] status=2, reason=초기임무재계획, elapsed=1.20s 전송
2026-03-26T06:49:28.428813Z [INFO] Post-0301 ready (timeout) -> sending 0903
2026-03-26T06:49:28.434830Z [0903] request sent (missionPlanID=700000014)
