
[2026-05-21 12:56:49] process-log attached: info_manage
[PATH] DB root -> C:\Users\LAHMUMT_2\Desktop\DSS_KU\Logs\Scenario_2026-05-21T125649\SBC3
[INFO] 0102 periodic transmission disabled for INF mock mode
[CTRL] 시스템모드(0101) 전송 요청 수신: 2
시스템운용모드(0101) GUI 전송: 2
[INFO] 0102 periodic transmission disabled for INF mock mode
[CTRL] 시스템모드(0101) 전송 요청 수신: 1
시스템운용모드(0101) GUI 전송: 1
[INFO] 0102 periodic transmission disabled for INF mock mode
[CTRL] 시스템모드(0101) 전송 요청 수신: 2
시스템운용모드(0101) GUI 전송: 2
[INFO] 0102 periodic transmission disabled for INF mock mode
[CTRL] 시스템모드(0101) 전송 요청 수신: 1
시스템운용모드(0101) GUI 전송: 1
[INFO] 0102 periodic transmission disabled for INF mock mode
[CTRL] 시스템모드(0101) 전송 요청 수신: 2
시스템운용모드(0101) GUI 전송: 2
[INFO] 0102 periodic transmission disabled for INF mock mode

[2026-05-21 13:04:49] process-log attached: info_manage
[CTRL] listener started @ 127.0.0.1:45984
[PATH] DB root -> C:\Users\LAHMUMT_2\Desktop\DSS_KU\Logs\Scenario_2026-05-21T125649\SBC3
[INFO] 0102 periodic transmission disabled for INF mock mode
[CTRL] 시스템모드(0101) 전송 요청 수신: 1
시스템운용모드(0101) GUI 전송: 1
