
[2026-05-21 12:56:49] process-log attached: mission_planning
[PATH] DB root changed: C:\Users\LAHMUMT_2\Desktop\DSS_KU\Logs\Scenario_2026-05-21T112102\SBC3 -> C:\Users\LAHMUMT_2\Desktop\DSS_KU\Logs\Scenario_2026-05-21T125649\SBC3
[LOG] Mission planning log rebound: C:\Users\LAHMUMT_2\Desktop\DSS_KU\Logs\Scenario_2026-05-21T125649\SBC3\DSS_Internal\mission_planning_gui_20260521T035649_407179Z.log
[PATH] DB root -> C:\Users\LAHMUMT_2\Desktop\DSS_KU\Logs\Scenario_2026-05-21T125649\SBC3
[MODE] 슬라이더 변경 → 대기모드
[0101/POLL] 모드 동기화 code=1
[MODE] 슬라이더 변경 → 초기 임무 계획
[0101/POLL] 모드 동기화 code=2
[REPLAN][TIME] 0902_received_ms=0.0 wall_ms=1779335812272 trigger=general_or_unknown replanLevel=1 optionCount=1 forceDirect=0
[REPLAN][TIME] 0902_archived_ms=0.6 wall_ms=1779335812273 path=replan_request_832651012249.json
[AUTO] 0902 received (planIds=700000001)
[REPLAN][TIME] pipeline_scheduled_ms=1.2 wall_ms=1779335812273 delay_ms=100
[AUTO] replan pipeline scheduled after 0.1s delay
[REPLAN][TIME] scheduled_start_ms=102.4 wall_ms=1779335812374
[REPLAN][TIME] 0305_status_1_ms=117.2 wall_ms=1779335812389 reason=초기임무재계획
[0305] status=1, reason=초기임무재계획 전송
[STEP 0] Replan pipeline start (reason=초기임무재계획)
[INFO] UAV params loaded (cruise=40.00, turn_step=15.0)
[INFO] Latest input snapshot → 0201:ID=-,ts=-,src=-, 0203:ID=-,ts=-,src=-
[INFO] Fallback 0201 file selected: 1.json
[INFO] Fallback 0203 file selected: 1.json
[CHECK] 0201/0203 필수 데이터 확인 시작
[OK] 0201 inputMissionList 확인됨 (count=3) → 진행
[OK] 0201 availableAircraftList 확인됨 (count=6) → 진행
[OK] 0201 inputMissionPackageType=1 확인
[OK] 0201 mainSensor=1 확인
[CHECK] 0201 기체 수=6 (UAV=3, LAH=3)
[CHECK] 0201 임무: total=3 missingID=0 missingDetail=0 missingShape=0 unknownType=0 typeZeroAuto=0 typeZeroInvalid=0 lineOnlyViolation=0 skippedSinglePoint=0
[OK] 0203 takeOverInfoList 확인됨 (count=3) → 진행
[OK] 0203 handOverInfoList 확인됨 (count=3) → 진행
[OK] 0203 flightAreaList 확인됨 (count=1) → 진행
[CHECK] 0203 flightAreaList count=1
[INFO] Filtered completed input missions (removed=1, converted=-, widthAdjusted=-, skippedSinglePoint=-, snapshot=-, collapse=-)
[variant 1] 일반 재계획 모드 적용
[REPLAN][TIME] variant_started_ms=129.7 wall_ms=1779335812402 variant=1 option=1 mode=sequential
[STEP 1.1] Divide & Pattern start
[variant 1] [ENHANCED][1] split start: uavs=[4, 5, 6]
[variant 1] [ENHANCED][1] split done: pieces=6
[variant 1] [ENHANCED][2] type-decider done: profile=6 changed=6/6
[variant 1] [ENHANCED][3] expected-path done: count=6
[variant 1] [ENHANCED][4] area-review done: overflow=3 targets=3 pieces=6->12
[variant 1] [ENHANCED][5] expected-velocity done: pieces=12 dbRows=921
[variant 1] [ENHANCED][6] 0302 export done: files=6
[variant 1] [ENHANCED] total=60.8 ms
[TIME] divide_and_pattern (variant=1): 60.9 ms
[OK] IMP generated: 6 file(s) (variant=1)
[TIME] build_0301+load (variant=1): 9.3 ms
[OK] MissionPlan built: MissionPlan_1779335812462.json (variant=1)
[TIME] collect_missions (variant=1): 2.6 ms, count=15
[TIME] pathID_mapping (variant=1): 52.8 ms
[INFO] pathID mapping done for 0302/0303/0304 (variant=1)
[SWEEP][AREA-DB] missionID=900000001 widthRef=1220.88m dbWidth=1220.88m fov=1.20 sep=2418.00
[SWEEP][AREA] separation=2418.00m, fov=1.20°, spacing=33.76m (~30 strips/1km)
[SWEEP][AREA-DB] missionID=900000004 widthRef=1220.88m dbWidth=1220.88m fov=1.20 sep=2418.00
[SWEEP][AREA-DB] missionID=900000005 widthRef=1220.88m dbWidth=1220.88m fov=1.20 sep=2418.00
[SWEEP][AREA-DB] missionID=900000002 widthRef=1220.88m dbWidth=1220.88m fov=1.20 sep=2418.00
[SWEEP][LINE] separation=318.00m, fov=4.80°, spacing=17.77m (~56 strips/1km)
[SWEEP][AREA-DB] missionID=900000007 widthRef=1220.88m dbWidth=1220.88m fov=1.20 sep=2418.00
[SWEEP][AREA] separation=2418.00m, fov=1.20°, spacing=33.76m (~30 strips/1km)
[SWEEP][AREA-DB] missionID=900000008 widthRef=1220.88m dbWidth=1220.88m fov=1.20 sep=2418.00
[SWEEP][LINE] separation=318.00m, fov=4.80°, spacing=17.77m (~56 strips/1km)
[INFO] FlightPath build mode (variant=1): 0303=aircraft_parallel workers=2 aircraft=3, 0304=sequential
[REPLAN][METRIC] flightpath_build_0303 variant=1 option=1 recon=0 mode=sequential buildMode=aircraft_parallel workers=2 aircraft=3 paths=9 reassignedWaypoints=24 elapsed_ms=1770.480 fallback=- worker_ms=4:1352.955|5:1087.300|6:529.459
[INFO] FlightPath build time: 0303=1770.5 ms, 0304=13.7 ms
[INFO] Applied LAH-UAV ETA follow speed plan (variant=1)
[OK] FlightPath counts (variant=1): 0303=9 / 0304=6
[REPLAN][METRIC] flightpath_counts variant=1 option=1 recon=0 mode=sequential paths0303=9 paths0304=6 pathsTotal=15 waypoints0303=24 waypoints0304=12 waypointsTotal=36 maxWaypointsPerPath=4 emptyPaths=0 formationPaths=0
[TIME] build_0302 (variant=1): 39.1 ms, packages=6
[INFO] FlightPath individualMissionID synced (variant=1): fixed=15
[TIME] write_0302 (variant=1): 5.5 ms, files=6
[TIME] write_FlightPath (variant=1): 48.6 ms, files=15
[REPLAN][METRIC] flightpath_write variant=1 option=1 recon=0 mode=sequential files0303=9 files0304=6 filesTotal=15 write_ms=48.582
[TIME] write_0301 (variant=1): 0.8 ms
[OK] Stored variant 1: MissionPlanID=700000001, IMP=6, FlightPath=15
[REPLAN][TIME] variant_finished_ms=2153.0 wall_ms=1779335814424 variant=1 option=1 mode=sequential status=success duration_ms=2023.314
[TIME] variant_total (variant=1): 2023.3 ms
[INFO] Option mapping #1: planID=700000001, optionCode=1(시스템 추천)
[OK] Stored mission data: MissionPlan=1, IndividualMission=6, FlightPath=15
[REPLAN][TIME] id_tab_update_deferred_ms=2155.3 wall_ms=1779335814424
[REPLAN][TIME] pipeline_done_ms=2155.4 wall_ms=1779335814424 plans=1 force_direct=False
[REPLAN][TIME] 0301_queued_ms=2155.4 wall_ms=1779335814424 plans=1
[STEP 4] 0301 push queued (planIds=700000001)
[0301] missionPlanID=700000001 전송
[PUSH] 0301 direct batch send
[REPLAN][TIME] 0301_sent_ms=2163.8 wall_ms=1779335814424 plans=1
[REPLAN][TIME] post_0301_delivery_queued_ms=2164.2 wall_ms=1779335814424 grace_ms=0 timeout_ms=20 force_direct=0 mode=option_or_0901
[INFO] Post-0301 apply queued (mode=option_or_0901, grace=0ms, timeout=20ms, plans=1)
[REPLAN][TIME] 0305_status_2_ms=2165.6 wall_ms=1779335814424 reason=초기임무재계획
[0305] status=2, reason=초기임무재계획, elapsed=2.06s 전송
[REPLAN][TIME] post_0301_completion_ready_ms=2166.3 wall_ms=1779335814424 mode=option_or_0901
[REPLAN][METRIC] source_artifact_cache entries=8 hits=0 misses=8
[INFO] Post-0301 ready (timeout) -> sending 0903
[REPLAN][TIME] post_0301_flushed_ms=2183.4 wall_ms=1779335814455 delivery=0903 trigger=timeout plans=1
[REPLAN][TIME] id_tab_update_flushed_ms=2183.8 wall_ms=1779335814455
[REPLAN][TIME] 0903_sent_ms=2318.5 wall_ms=1779335814589 missionPlanID=700000001
[0903] request sent (missionPlanID=700000001)
[MODE] 슬라이더 변경 → 대기모드
[0101/POLL] 모드 동기화 code=1
[MODE] 슬라이더 변경 → 초기 임무 계획
[0101/POLL] 모드 동기화 code=2
[REPLAN][TIME] 0902_received_ms=0.0 wall_ms=1779335838885 trigger=general_or_unknown replanLevel=1 optionCount=1 forceDirect=0
[REPLAN][TIME] 0902_archived_ms=0.7 wall_ms=1779335838885 path=replan_request_832651038873.json
[AUTO] 0902 received (planIds=700000002)
[REPLAN][TIME] pipeline_scheduled_ms=1.4 wall_ms=1779335838886 delay_ms=100
[AUTO] replan pipeline scheduled after 0.1s delay
[REPLAN][TIME] scheduled_start_ms=105.8 wall_ms=1779335838990
[REPLAN][TIME] 0305_status_1_ms=107.1 wall_ms=1779335838991 reason=초기임무재계획
[0305] status=1, reason=초기임무재계획 전송
[STEP 0] Replan pipeline start (reason=초기임무재계획)
[INFO] UAV params loaded (cruise=40.00, turn_step=15.0)
[INFO] Latest input snapshot → 0201:ID=-,ts=-,src=-, 0203:ID=-,ts=-,src=-
[INFO] Fallback 0201 file selected: 1.json
[INFO] Fallback 0203 file selected: 1.json
[CHECK] 0201/0203 필수 데이터 확인 시작
[OK] 0201 inputMissionList 확인됨 (count=3) → 진행
[OK] 0201 availableAircraftList 확인됨 (count=6) → 진행
[OK] 0201 inputMissionPackageType=1 확인
[OK] 0201 mainSensor=1 확인
[CHECK] 0201 기체 수=6 (UAV=3, LAH=3)
[CHECK] 0201 임무: total=3 missingID=0 missingDetail=0 missingShape=0 unknownType=0 typeZeroAuto=0 typeZeroInvalid=0 lineOnlyViolation=0 skippedSinglePoint=0
[OK] 0203 takeOverInfoList 확인됨 (count=3) → 진행
[OK] 0203 handOverInfoList 확인됨 (count=3) → 진행
[OK] 0203 flightAreaList 확인됨 (count=1) → 진행
[CHECK] 0203 flightAreaList count=1
[INFO] Filtered completed input missions (removed=1, converted=-, widthAdjusted=-, skippedSinglePoint=-, snapshot=-, collapse=-)
[variant 1] 일반 재계획 모드 적용
[REPLAN][TIME] variant_started_ms=119.2 wall_ms=1779335839003 variant=1 option=1 mode=sequential
[STEP 1.1] Divide & Pattern start
[variant 1] [ENHANCED][1] split start: uavs=[4, 5, 6]
[variant 1] [ENHANCED][1] split done: pieces=6
[variant 1] [ENHANCED][2] type-decider done: profile=6 changed=6/6
[variant 1] [ENHANCED][3] expected-path done: count=6
[variant 1] [ENHANCED][4] area-review done: overflow=0 targets=0 pieces=6->6
[variant 1] [ENHANCED][5] expected-velocity done: pieces=6 dbRows=7010
[variant 1] [ENHANCED][6] 0302 export done: files=6
[variant 1] [ENHANCED] total=205.0 ms
[TIME] divide_and_pattern (variant=1): 205.1 ms
[OK] IMP generated: 6 file(s) (variant=1)
[TIME] build_0301+load (variant=1): 11.0 ms
[OK] MissionPlan built: MissionPlan_1779335839208.json (variant=1)
[TIME] collect_missions (variant=1): 2.6 ms, count=12
[TIME] pathID_mapping (variant=1): 51.7 ms
[INFO] pathID mapping done for 0302/0303/0304 (variant=1)
[SWEEP][AREA-DB] missionID=900000001 widthRef=4450.18m dbWidth=4451.12m fov=2.20 sep=2026.00
[SWEEP][AREA] separation=2026.00m, fov=2.20°, spacing=51.87m (~19 strips/1km)
[SWEEP][AREA-DB] missionID=900000003 widthRef=3787.07m dbWidth=3953.79m fov=2.70 sep=1657.00
[SWEEP][AREA] separation=1657.00m, fov=2.70°, spacing=52.07m (~19 strips/1km)
[SWEEP][LINE] separation=227.00m, fov=11.70°, spacing=31.01m (~32 strips/1km)
[SWEEP][AREA-DB] missionID=900000005 widthRef=3986.82m dbWidth=3986.98m fov=2.70 sep=1637.00
[SWEEP][AREA] separation=1637.00m, fov=2.70°, spacing=51.44m (~19 strips/1km)
[SWEEP][LINE] separation=227.00m, fov=11.70°, spacing=31.01m (~32 strips/1km)
[INFO] FlightPath build mode (variant=1): 0303=aircraft_parallel workers=2 aircraft=3, 0304=sequential
[REPLAN][METRIC] flightpath_build_0303 variant=1 option=1 recon=0 mode=sequential buildMode=aircraft_parallel workers=2 aircraft=3 paths=6 reassignedWaypoints=12 elapsed_ms=1007.067 fallback=- worker_ms=4:701.643|5:561.111|6:308.704
[INFO] FlightPath build time: 0303=1007.1 ms, 0304=16.8 ms
[INFO] Applied LAH-UAV ETA follow speed plan (variant=1)
[OK] FlightPath counts (variant=1): 0303=6 / 0304=6
[REPLAN][METRIC] flightpath_counts variant=1 option=1 recon=0 mode=sequential paths0303=6 paths0304=6 pathsTotal=12 waypoints0303=12 waypoints0304=12 waypointsTotal=24 maxWaypointsPerPath=2 emptyPaths=0 formationPaths=0
[TIME] build_0302 (variant=1): 36.6 ms, packages=6
[INFO] FlightPath individualMissionID synced (variant=1): fixed=12
[TIME] write_0302 (variant=1): 4.3 ms, files=6
[TIME] write_FlightPath (variant=1): 26.4 ms, files=12
[REPLAN][METRIC] flightpath_write variant=1 option=1 recon=0 mode=sequential files0303=6 files0304=6 filesTotal=12 write_ms=26.398
[TIME] write_0301 (variant=1): 0.9 ms
[OK] Stored variant 1: MissionPlanID=700000002, IMP=6, FlightPath=12
[REPLAN][TIME] variant_finished_ms=1498.1 wall_ms=1779335840383 variant=1 option=1 mode=sequential status=success duration_ms=1378.914
[TIME] variant_total (variant=1): 1378.9 ms
[INFO] Option mapping #1: planID=700000002, optionCode=1(시스템 추천)
[OK] Stored mission data: MissionPlan=1, IndividualMission=6, FlightPath=12
[REPLAN][TIME] id_tab_update_deferred_ms=1500.4 wall_ms=1779335840385
[REPLAN][TIME] pipeline_done_ms=1500.5 wall_ms=1779335840385 plans=1 force_direct=False
[REPLAN][TIME] 0301_queued_ms=1500.5 wall_ms=1779335840385 plans=1
[STEP 4] 0301 push queued (planIds=700000002)
[0301] missionPlanID=700000002 전송
[PUSH] 0301 direct batch send
[REPLAN][TIME] 0301_sent_ms=1505.1 wall_ms=1779335840388 plans=1
[REPLAN][TIME] post_0301_delivery_queued_ms=1505.5 wall_ms=1779335840388 grace_ms=0 timeout_ms=20 force_direct=0 mode=option_or_0901
[INFO] Post-0301 apply queued (mode=option_or_0901, grace=0ms, timeout=20ms, plans=1)
[REPLAN][TIME] 0305_status_2_ms=1506.9 wall_ms=1779335840388 reason=초기임무재계획
[0305] status=2, reason=초기임무재계획, elapsed=1.40s 전송
[REPLAN][TIME] post_0301_completion_ready_ms=1507.6 wall_ms=1779335840388 mode=option_or_0901
[REPLAN][METRIC] source_artifact_cache entries=8 hits=0 misses=8
[INFO] Post-0301 ready (timeout) -> sending 0903
[REPLAN][TIME] post_0301_flushed_ms=1549.0 wall_ms=1779335840433 delivery=0903 trigger=timeout plans=1
[REPLAN][TIME] id_tab_update_flushed_ms=1549.5 wall_ms=1779335840433
[REPLAN][TIME] 0903_sent_ms=1654.2 wall_ms=1779335840539 missionPlanID=700000002
[0903] request sent (missionPlanID=700000002)
[MODE] 슬라이더 변경 → 대기모드
[0101/POLL] 모드 동기화 code=1
[MODE] 슬라이더 변경 → 초기 임무 계획
[0101/POLL] 모드 동기화 code=2
[REPLAN][TIME] 0902_received_ms=0.0 wall_ms=1779335850956 trigger=general_or_unknown replanLevel=1 optionCount=1 forceDirect=0
[REPLAN][TIME] 0902_archived_ms=0.7 wall_ms=1779335850957 path=replan_request_832651050946.json
[AUTO] 0902 received (planIds=700000003)
[REPLAN][TIME] pipeline_scheduled_ms=1.4 wall_ms=1779335850958 delay_ms=100
[AUTO] replan pipeline scheduled after 0.1s delay
[REPLAN][TIME] scheduled_start_ms=110.0 wall_ms=1779335851067
[REPLAN][TIME] 0305_status_1_ms=111.4 wall_ms=1779335851068 reason=초기임무재계획
[0305] status=1, reason=초기임무재계획 전송
[STEP 0] Replan pipeline start (reason=초기임무재계획)
[INFO] UAV params loaded (cruise=40.00, turn_step=15.0)
[INFO] Latest input snapshot → 0201:ID=-,ts=-,src=-, 0203:ID=-,ts=-,src=-
[INFO] Fallback 0201 file selected: 1.json
[INFO] Fallback 0203 file selected: 1.json
[CHECK] 0201/0203 필수 데이터 확인 시작
[OK] 0201 inputMissionList 확인됨 (count=3) → 진행
[OK] 0201 availableAircraftList 확인됨 (count=6) → 진행
[OK] 0201 inputMissionPackageType=1 확인
[OK] 0201 mainSensor=1 확인
[CHECK] 0201 기체 수=6 (UAV=3, LAH=3)
[CHECK] 0201 임무: total=3 missingID=0 missingDetail=0 missingShape=0 unknownType=0 typeZeroAuto=0 typeZeroInvalid=0 lineOnlyViolation=0 skippedSinglePoint=0
[OK] 0203 takeOverInfoList 확인됨 (count=3) → 진행
[OK] 0203 handOverInfoList 확인됨 (count=3) → 진행
[OK] 0203 flightAreaList 확인됨 (count=1) → 진행
[CHECK] 0203 flightAreaList count=1
[INFO] Filtered completed input missions (removed=1, converted=-, widthAdjusted=-, skippedSinglePoint=-, snapshot=-, collapse=-)
[variant 1] 일반 재계획 모드 적용
[REPLAN][TIME] variant_started_ms=124.3 wall_ms=1779335851081 variant=1 option=1 mode=sequential
[STEP 1.1] Divide & Pattern start
[variant 1] [ENHANCED][1] split start: uavs=[4, 5, 6]
[variant 1] [ENHANCED][1] split done: pieces=6
[variant 1] [ENHANCED][2] type-decider done: profile=6 changed=6/6
[variant 1] [ENHANCED][3] expected-path done: count=6
[variant 1] [ENHANCED][4] area-review done: overflow=0 targets=0 pieces=6->6
[variant 1] [ENHANCED][5] expected-velocity done: pieces=6 dbRows=15313
[variant 1] [ENHANCED][6] 0302 export done: files=6
[variant 1] [ENHANCED] total=413.0 ms
[TIME] divide_and_pattern (variant=1): 413.2 ms
[OK] IMP generated: 6 file(s) (variant=1)
[TIME] build_0301+load (variant=1): 9.3 ms
[OK] MissionPlan built: MissionPlan_1779335851495.json (variant=1)
[TIME] collect_missions (variant=1): 2.7 ms, count=12
[TIME] pathID_mapping (variant=1): 64.3 ms
[INFO] pathID mapping done for 0302/0303/0304 (variant=1)
[SWEEP][AREA-DB] missionID=900000003 widthRef=3787.07m dbWidth=3789.37m fov=4.20 sep=1325.00
[SWEEP][AREA] separation=1325.00m, fov=4.20°, spacing=64.78m (~15 strips/1km)[SWEEP][AREA-DB] missionID=900000001 widthRef=4450.18m dbWidth=4457.66m fov=3.10 sep=1800.00

[SWEEP][AREA] separation=1800.00m, fov=3.10°, spacing=64.94m (~15 strips/1km)
[SWEEP][LINE] separation=770.00m, fov=15.40°, spacing=138.81m (~7 strips/1km)
[SWEEP][AREA-DB] missionID=900000005 widthRef=3986.82m dbWidth=3990.72m fov=3.90 sep=1400.00
[SWEEP][AREA] separation=1400.00m, fov=3.90°, spacing=63.55m (~16 strips/1km)
[SWEEP][LINE] separation=770.00m, fov=15.40°, spacing=138.81m (~7 strips/1km)
[INFO] FlightPath build mode (variant=1): 0303=aircraft_parallel workers=2 aircraft=3, 0304=sequential
[REPLAN][METRIC] flightpath_build_0303 variant=1 option=1 recon=0 mode=sequential buildMode=aircraft_parallel workers=2 aircraft=3 paths=6 reassignedWaypoints=12 elapsed_ms=968.932 fallback=- worker_ms=4:696.757|5:568.322|6:238.423
[INFO] FlightPath build time: 0303=968.9 ms, 0304=20.0 ms
[INFO] Applied LAH-UAV ETA follow speed plan (variant=1)
[OK] FlightPath counts (variant=1): 0303=6 / 0304=6
[REPLAN][METRIC] flightpath_counts variant=1 option=1 recon=0 mode=sequential paths0303=6 paths0304=6 pathsTotal=12 waypoints0303=12 waypoints0304=12 waypointsTotal=24 maxWaypointsPerPath=2 emptyPaths=0 formationPaths=0
[TIME] build_0302 (variant=1): 31.6 ms, packages=6
[INFO] FlightPath individualMissionID synced (variant=1): fixed=12
[TIME] write_0302 (variant=1): 6.0 ms, files=6
[TIME] write_FlightPath (variant=1): 19.1 ms, files=12
[REPLAN][METRIC] flightpath_write variant=1 option=1 recon=0 mode=sequential files0303=6 files0304=6 filesTotal=12 write_ms=19.126
[TIME] write_0301 (variant=1): 0.9 ms
[OK] Stored variant 1: MissionPlanID=700000003, IMP=6, FlightPath=12
[REPLAN][TIME] variant_finished_ms=1674.1 wall_ms=1779335852629 variant=1 option=1 mode=sequential status=success duration_ms=1549.788
[TIME] variant_total (variant=1): 1549.8 ms
[INFO] Option mapping #1: planID=700000003, optionCode=1(시스템 추천)
[OK] Stored mission data: MissionPlan=1, IndividualMission=6, FlightPath=12
[REPLAN][TIME] id_tab_update_deferred_ms=1676.3 wall_ms=1779335852633
[REPLAN][TIME] pipeline_done_ms=1676.3 wall_ms=1779335852633 plans=1 force_direct=False
[REPLAN][TIME] 0301_queued_ms=1676.3 wall_ms=1779335852633 plans=1
[STEP 4] 0301 push queued (planIds=700000003)
[0301] missionPlanID=700000003 전송
[PUSH] 0301 direct batch send
[REPLAN][TIME] 0301_sent_ms=1680.2 wall_ms=1779335852636 plans=1
[REPLAN][TIME] post_0301_delivery_queued_ms=1680.5 wall_ms=1779335852636 grace_ms=0 timeout_ms=20 force_direct=0 mode=option_or_0901
[INFO] Post-0301 apply queued (mode=option_or_0901, grace=0ms, timeout=20ms, plans=1)
[REPLAN][TIME] 0305_status_2_ms=1682.8 wall_ms=1779335852636 reason=초기임무재계획
[0305] status=2, reason=초기임무재계획, elapsed=1.57s 전송
[REPLAN][TIME] post_0301_completion_ready_ms=1683.7 wall_ms=1779335852636 mode=option_or_0901
[REPLAN][METRIC] source_artifact_cache entries=8 hits=0 misses=8
[INFO] Post-0301 ready (timeout) -> sending 0903
[REPLAN][TIME] post_0301_flushed_ms=1707.2 wall_ms=1779335852663 delivery=0903 trigger=timeout plans=1
[REPLAN][TIME] id_tab_update_flushed_ms=1707.7 wall_ms=1779335852664
[REPLAN][TIME] 0903_sent_ms=1815.2 wall_ms=1779335852767 missionPlanID=700000003
[0903] request sent (missionPlanID=700000003)

[2026-05-21 13:04:51] process-log attached: mission_planning
[LOG] Mission planning log started: C:\Users\LAHMUMT_2\Desktop\DSS_KU\Logs\Scenario_2026-05-21T125649\SBC3\DSS_Internal\mission_planning_gui_20260521T040450_939063Z.log
[PATH] DB root -> C:\Users\LAHMUMT_2\Desktop\DSS_KU\Logs\Scenario_2026-05-21T125649\SBC3
[CTRL] listener started @ 127.0.0.1:45981
[0101] 모드 수신 리스너 등록 완료
[0102] NodeMessenger 초기화 대기 중 ? 자동 송신 보류
[BUS] NodeMessenger 초기화 완료
[WARM] Mission planner runtime ready (algo_settings)
