[MON][2026-01-04 10:18:21] PlanLoad
  - MissionPlan 700000001 활성화 (inputPkg=1, activeInput=1)
  - InputMissionIDs=[1, 2, 3, 4, 5, 6, 7, 8, 9, 10, 11]
  - 적용상태: appliedPlanID=700000001, previousPlanID=None
  - UAV1: missions=11 pkg=800000001
  - UAV2: missions=11 pkg=800000002
  - UAV3: missions=11 pkg=800000003
  - UAV4: missions=11 pkg=800000004
  - UAV5: missions=11 pkg=800000005
  - UAV6: missions=11 pkg=800000006
[MON][2026-01-04 10:18:40] MonitoringCycle
  - SystemMode=3, PlanID=700000001, ActiveInput=1, PendingPlan=None
  - 0401 timestamp=811517345600, entries=6
  -   UAV1: wp=None, health=1
  -   UAV2: wp=None, health=1
  -   UAV3: wp=None, health=1
  -   UAV4: wp=55, health=1
  -   UAV5: wp=100, health=1
  -   UAV6: wp=146, health=1
  - 0501 currentMissionPlanID=700000001, currentInputMissionID=1
  -   UAV4 status: mission=900000088 input=1 progress=0% (transit) | mission=900000089 input=2 progress=0% | mission=900000090 input=3 progress=0% | mission=900000091 input=4 progress=0% | mission=900000092 input=5 progress=0% | mission=900000093 input=6 progress=0% | mission=900000094 input=7 progress=0% | mission=900000095 input=8 progress=0% | mission=900000096 input=9 progress=0% | mission=900000097 input=10 progress=0% | mission=900000098 input=11 progress=0%
  -   UAV5 status: mission=900000099 input=1 progress=0% (transit) | mission=900000100 input=2 progress=0% | mission=900000101 input=3 progress=0% | mission=900000102 input=4 progress=0% | mission=900000103 input=5 progress=0% | mission=900000104 input=6 progress=0% | mission=900000105 input=7 progress=0% | mission=900000106 input=8 progress=0% | mission=900000107 input=9 progress=0% | mission=900000108 input=10 progress=0% | mission=900000109 input=11 progress=0%
  -   UAV6 status: mission=900000110 input=1 progress=0% (transit) | mission=900000111 input=2 progress=0% | mission=900000112 input=3 progress=0% | mission=900000113 input=4 progress=0% | mission=900000114 input=5 progress=0% | mission=900000115 input=6 progress=0% | mission=900000116 input=7 progress=0% | mission=900000117 input=8 progress=0% | mission=900000118 input=9 progress=0% | mission=900000119 input=10 progress=0% | mission=900000120 input=11 progress=0%
[MON][2026-01-04 10:18:42] ProgressUpdate
  - UAV4 mission=900000088 input=1 progress=33% (missionIndex=0)
  - UAV5 mission=900000099 input=1 progress=33% (missionIndex=0)
  - UAV6 mission=900000110 input=1 progress=33% (missionIndex=0)
[MON][2026-01-04 10:18:42] MonitoringCycle
  - SystemMode=3, PlanID=700000001, ActiveInput=1, PendingPlan=None
  - 0401 timestamp=811517347400, entries=6
  -   UAV1: wp=None, health=1
  -   UAV2: wp=None, health=1
  -   UAV3: wp=None, health=1
  -   UAV4: wp=56, health=1
  -   UAV5: wp=101, health=1
  -   UAV6: wp=147, health=1
  - 0501 currentMissionPlanID=700000001, currentInputMissionID=1
  -   UAV4 status: mission=900000088 input=1 progress=33% | mission=900000089 input=2 progress=0% | mission=900000090 input=3 progress=0% | mission=900000091 input=4 progress=0% | mission=900000092 input=5 progress=0% | mission=900000093 input=6 progress=0% | mission=900000094 input=7 progress=0% | mission=900000095 input=8 progress=0% | mission=900000096 input=9 progress=0% | mission=900000097 input=10 progress=0% | mission=900000098 input=11 progress=0%
  -   UAV5 status: mission=900000099 input=1 progress=33% | mission=900000100 input=2 progress=0% | mission=900000101 input=3 progress=0% | mission=900000102 input=4 progress=0% | mission=900000103 input=5 progress=0% | mission=900000104 input=6 progress=0% | mission=900000105 input=7 progress=0% | mission=900000106 input=8 progress=0% | mission=900000107 input=9 progress=0% | mission=900000108 input=10 progress=0% | mission=900000109 input=11 progress=0%
  -   UAV6 status: mission=900000110 input=1 progress=33% | mission=900000111 input=2 progress=0% | mission=900000112 input=3 progress=0% | mission=900000113 input=4 progress=0% | mission=900000114 input=5 progress=0% | mission=900000115 input=6 progress=0% | mission=900000116 input=7 progress=0% | mission=900000117 input=8 progress=0% | mission=900000118 input=9 progress=0% | mission=900000119 input=10 progress=0% | mission=900000120 input=11 progress=0%
[MON][2026-01-04 10:18:44] ProgressUpdate
  - UAV4 mission=900000088 input=1 progress=67% (missionIndex=0)
  - UAV5 mission=900000099 input=1 progress=67% (missionIndex=0)
  - UAV6 mission=900000110 input=1 progress=67% (missionIndex=0)
[MON][2026-01-04 10:18:44] MonitoringCycle
  - SystemMode=3, PlanID=700000001, ActiveInput=1, PendingPlan=None
  - 0401 timestamp=811517349400, entries=6
  -   UAV1: wp=None, health=1
  -   UAV2: wp=None, health=1
  -   UAV3: wp=None, health=1
  -   UAV4: wp=57, health=1
  -   UAV5: wp=102, health=1
  -   UAV6: wp=148, health=1
  - 0501 currentMissionPlanID=700000001, currentInputMissionID=1
  -   UAV4 status: mission=900000088 input=1 progress=67% | mission=900000089 input=2 progress=0% | mission=900000090 input=3 progress=0% | mission=900000091 input=4 progress=0% | mission=900000092 input=5 progress=0% | mission=900000093 input=6 progress=0% | mission=900000094 input=7 progress=0% | mission=900000095 input=8 progress=0% | mission=900000096 input=9 progress=0% | mission=900000097 input=10 progress=0% | mission=900000098 input=11 progress=0%
  -   UAV5 status: mission=900000099 input=1 progress=67% | mission=900000100 input=2 progress=0% | mission=900000101 input=3 progress=0% | mission=900000102 input=4 progress=0% | mission=900000103 input=5 progress=0% | mission=900000104 input=6 progress=0% | mission=900000105 input=7 progress=0% | mission=900000106 input=8 progress=0% | mission=900000107 input=9 progress=0% | mission=900000108 input=10 progress=0% | mission=900000109 input=11 progress=0%
  -   UAV6 status: mission=900000110 input=1 progress=67% | mission=900000111 input=2 progress=0% | mission=900000112 input=3 progress=0% | mission=900000113 input=4 progress=0% | mission=900000114 input=5 progress=0% | mission=900000115 input=6 progress=0% | mission=900000116 input=7 progress=0% | mission=900000117 input=8 progress=0% | mission=900000118 input=9 progress=0% | mission=900000119 input=10 progress=0% | mission=900000120 input=11 progress=0%
[MON][2026-01-04 10:18:46] ProgressUpdate
  - UAV4 mission=900000088 input=1 progress=100% (missionIndex=0)
  - UAV5 mission=900000099 input=1 progress=100% (missionIndex=0)
  - UAV6 mission=900000110 input=1 progress=100% (missionIndex=0)
[MON][2026-01-04 10:18:46] InputMissionCompletion
  - Input mission 1 completion notification enqueued.
[MON][2026-01-04 10:18:46] InputMissionCompletion
  - Input 1: UAV4 mission=900000088 reached 100%
  - Input 1: UAV5 mission=900000099 reached 100%
  - Input 1: UAV6 mission=900000110 reached 100%
  - Input 1 completed (6 missions)
[MON][2026-01-04 10:18:46] MonitoringCycle
  - SystemMode=3, PlanID=700000001, ActiveInput=1, PendingPlan=None
  - 0401 timestamp=811517351400, entries=6
  -   UAV1: wp=None, health=1
  -   UAV2: wp=None, health=1
  -   UAV3: wp=None, health=1
  -   UAV4: wp=58, health=1
  -   UAV5: wp=103, health=1
  -   UAV6: wp=149, health=1
  - 0501 currentMissionPlanID=700000001, currentInputMissionID=1
  -   UAV4 status: mission=900000088 input=1 progress=100% | mission=900000089 input=2 progress=0% | mission=900000090 input=3 progress=0% | mission=900000091 input=4 progress=0% | mission=900000092 input=5 progress=0% | mission=900000093 input=6 progress=0% | mission=900000094 input=7 progress=0% | mission=900000095 input=8 progress=0% | mission=900000096 input=9 progress=0% | mission=900000097 input=10 progress=0% | mission=900000098 input=11 progress=0%
  -   UAV5 status: mission=900000099 input=1 progress=100% | mission=900000100 input=2 progress=0% | mission=900000101 input=3 progress=0% | mission=900000102 input=4 progress=0% | mission=900000103 input=5 progress=0% | mission=900000104 input=6 progress=0% | mission=900000105 input=7 progress=0% | mission=900000106 input=8 progress=0% | mission=900000107 input=9 progress=0% | mission=900000108 input=10 progress=0% | mission=900000109 input=11 progress=0%
  -   UAV6 status: mission=900000110 input=1 progress=100% | mission=900000111 input=2 progress=0% | mission=900000112 input=3 progress=0% | mission=900000113 input=4 progress=0% | mission=900000114 input=5 progress=0% | mission=900000115 input=6 progress=0% | mission=900000116 input=7 progress=0% | mission=900000117 input=8 progress=0% | mission=900000118 input=9 progress=0% | mission=900000119 input=10 progress=0% | mission=900000120 input=11 progress=0%
[MON][2026-01-04 10:19:11] MonitoringCycle
  - SystemMode=3, PlanID=700000001, ActiveInput=2, PendingPlan=None
  - 0401 timestamp=811517353400, entries=6
  -   UAV1: wp=None, health=1
  -   UAV2: wp=None, health=1
  -   UAV3: wp=None, health=1
  -   UAV4: wp=58, health=1
  -   UAV5: wp=103, health=1
  -   UAV6: wp=149, health=1
  - 0501 currentMissionPlanID=700000001, currentInputMissionID=2
  -   UAV4 status: mission=900000088 input=1 progress=100% | mission=900000089 input=2 progress=0% | mission=900000090 input=3 progress=0% | mission=900000091 input=4 progress=0% | mission=900000092 input=5 progress=0% | mission=900000093 input=6 progress=0% | mission=900000094 input=7 progress=0% | mission=900000095 input=8 progress=0% | mission=900000096 input=9 progress=0% | mission=900000097 input=10 progress=0% | mission=900000098 input=11 progress=0%
  -   UAV5 status: mission=900000099 input=1 progress=100% | mission=900000100 input=2 progress=0% | mission=900000101 input=3 progress=0% | mission=900000102 input=4 progress=0% | mission=900000103 input=5 progress=0% | mission=900000104 input=6 progress=0% | mission=900000105 input=7 progress=0% | mission=900000106 input=8 progress=0% | mission=900000107 input=9 progress=0% | mission=900000108 input=10 progress=0% | mission=900000109 input=11 progress=0%
  -   UAV6 status: mission=900000110 input=1 progress=100% | mission=900000111 input=2 progress=0% | mission=900000112 input=3 progress=0% | mission=900000113 input=4 progress=0% | mission=900000114 input=5 progress=0% | mission=900000115 input=6 progress=0% | mission=900000116 input=7 progress=0% | mission=900000117 input=8 progress=0% | mission=900000118 input=9 progress=0% | mission=900000119 input=10 progress=0% | mission=900000120 input=11 progress=0%
[MON][2026-01-04 10:19:14] ProgressUpdate
  - UAV4 mission=900000089 input=2 progress=33% (missionIndex=1)
  - UAV5 mission=900000100 input=2 progress=33% (missionIndex=1)
  - UAV6 mission=900000111 input=2 progress=33% (missionIndex=1)
[MON][2026-01-04 10:19:14] MonitoringCycle
  - SystemMode=3, PlanID=700000001, ActiveInput=2, PendingPlan=None
  - 0401 timestamp=811517355400, entries=6
  -   UAV1: wp=None, health=1
  -   UAV2: wp=None, health=1
  -   UAV3: wp=None, health=1
  -   UAV4: wp=60, health=1
  -   UAV5: wp=105, health=1
  -   UAV6: wp=151, health=1
  - 0501 currentMissionPlanID=700000001, currentInputMissionID=2
  -   UAV4 status: mission=900000088 input=1 progress=100% | mission=900000089 input=2 progress=33% | mission=900000090 input=3 progress=0% | mission=900000091 input=4 progress=0% | mission=900000092 input=5 progress=0% | mission=900000093 input=6 progress=0% | mission=900000094 input=7 progress=0% | mission=900000095 input=8 progress=0% | mission=900000096 input=9 progress=0% | mission=900000097 input=10 progress=0% | mission=900000098 input=11 progress=0%
  -   UAV5 status: mission=900000099 input=1 progress=100% | mission=900000100 input=2 progress=33% | mission=900000101 input=3 progress=0% | mission=900000102 input=4 progress=0% | mission=900000103 input=5 progress=0% | mission=900000104 input=6 progress=0% | mission=900000105 input=7 progress=0% | mission=900000106 input=8 progress=0% | mission=900000107 input=9 progress=0% | mission=900000108 input=10 progress=0% | mission=900000109 input=11 progress=0%
  -   UAV6 status: mission=900000110 input=1 progress=100% | mission=900000111 input=2 progress=33% | mission=900000112 input=3 progress=0% | mission=900000113 input=4 progress=0% | mission=900000114 input=5 progress=0% | mission=900000115 input=6 progress=0% | mission=900000116 input=7 progress=0% | mission=900000117 input=8 progress=0% | mission=900000118 input=9 progress=0% | mission=900000119 input=10 progress=0% | mission=900000120 input=11 progress=0%
[MON][2026-01-04 10:19:15] ProgressUpdate
  - UAV4 mission=900000089 input=2 progress=67% (missionIndex=1)
  - UAV5 mission=900000100 input=2 progress=67% (missionIndex=1)
  - UAV6 mission=900000111 input=2 progress=67% (missionIndex=1)
[MON][2026-01-04 10:19:15] MonitoringCycle
  - SystemMode=3, PlanID=700000001, ActiveInput=2, PendingPlan=None
  - 0401 timestamp=811517357400, entries=6
  -   UAV1: wp=None, health=1
  -   UAV2: wp=None, health=1
  -   UAV3: wp=None, health=1
  -   UAV4: wp=61, health=1
  -   UAV5: wp=106, health=1
  -   UAV6: wp=152, health=1
  - 0501 currentMissionPlanID=700000001, currentInputMissionID=2
  -   UAV4 status: mission=900000088 input=1 progress=100% | mission=900000089 input=2 progress=67% | mission=900000090 input=3 progress=0% | mission=900000091 input=4 progress=0% | mission=900000092 input=5 progress=0% | mission=900000093 input=6 progress=0% | mission=900000094 input=7 progress=0% | mission=900000095 input=8 progress=0% | mission=900000096 input=9 progress=0% | mission=900000097 input=10 progress=0% | mission=900000098 input=11 progress=0%
  -   UAV5 status: mission=900000099 input=1 progress=100% | mission=900000100 input=2 progress=67% | mission=900000101 input=3 progress=0% | mission=900000102 input=4 progress=0% | mission=900000103 input=5 progress=0% | mission=900000104 input=6 progress=0% | mission=900000105 input=7 progress=0% | mission=900000106 input=8 progress=0% | mission=900000107 input=9 progress=0% | mission=900000108 input=10 progress=0% | mission=900000109 input=11 progress=0%
  -   UAV6 status: mission=900000110 input=1 progress=100% | mission=900000111 input=2 progress=67% | mission=900000112 input=3 progress=0% | mission=900000113 input=4 progress=0% | mission=900000114 input=5 progress=0% | mission=900000115 input=6 progress=0% | mission=900000116 input=7 progress=0% | mission=900000117 input=8 progress=0% | mission=900000118 input=9 progress=0% | mission=900000119 input=10 progress=0% | mission=900000120 input=11 progress=0%
[MON][2026-01-04 10:19:17] ProgressUpdate
  - UAV4 mission=900000089 input=2 progress=100% (missionIndex=1)
  - UAV5 mission=900000100 input=2 progress=100% (missionIndex=1)
  - UAV6 mission=900000111 input=2 progress=100% (missionIndex=1)
[MON][2026-01-04 10:19:17] InputMissionCompletion
  - Input mission 2 completion notification enqueued.
[MON][2026-01-04 10:19:17] InputMissionCompletion
  - Input 2: UAV4 mission=900000089 reached 100%
  - Input 2: UAV5 mission=900000100 reached 100%
  - Input 2: UAV6 mission=900000111 reached 100%
  - Input 1 completed (6 missions)
  - Input 2 completed (6 missions)
[MON][2026-01-04 10:19:17] MonitoringCycle
  - SystemMode=3, PlanID=700000001, ActiveInput=2, PendingPlan=None
  - 0401 timestamp=811517359400, entries=6
  -   UAV1: wp=None, health=1
  -   UAV2: wp=None, health=1
  -   UAV3: wp=None, health=1
  -   UAV4: wp=62, health=1
  -   UAV5: wp=107, health=1
  -   UAV6: wp=153, health=1
  - 0501 currentMissionPlanID=700000001, currentInputMissionID=2
  -   UAV4 status: mission=900000088 input=1 progress=100% | mission=900000089 input=2 progress=100% | mission=900000090 input=3 progress=0% | mission=900000091 input=4 progress=0% | mission=900000092 input=5 progress=0% | mission=900000093 input=6 progress=0% | mission=900000094 input=7 progress=0% | mission=900000095 input=8 progress=0% | mission=900000096 input=9 progress=0% | mission=900000097 input=10 progress=0% | mission=900000098 input=11 progress=0%
  -   UAV5 status: mission=900000099 input=1 progress=100% | mission=900000100 input=2 progress=100% | mission=900000101 input=3 progress=0% | mission=900000102 input=4 progress=0% | mission=900000103 input=5 progress=0% | mission=900000104 input=6 progress=0% | mission=900000105 input=7 progress=0% | mission=900000106 input=8 progress=0% | mission=900000107 input=9 progress=0% | mission=900000108 input=10 progress=0% | mission=900000109 input=11 progress=0%
  -   UAV6 status: mission=900000110 input=1 progress=100% | mission=900000111 input=2 progress=100% | mission=900000112 input=3 progress=0% | mission=900000113 input=4 progress=0% | mission=900000114 input=5 progress=0% | mission=900000115 input=6 progress=0% | mission=900000116 input=7 progress=0% | mission=900000117 input=8 progress=0% | mission=900000118 input=9 progress=0% | mission=900000119 input=10 progress=0% | mission=900000120 input=11 progress=0%
[MON][2026-01-04 10:19:26] MonitoringCycle
  - SystemMode=3, PlanID=700000001, ActiveInput=3, PendingPlan=None
  - 0401 timestamp=811517361400, entries=6
  -   UAV1: wp=None, health=1
  -   UAV2: wp=None, health=1
  -   UAV3: wp=None, health=1
  -   UAV4: wp=62, health=1
  -   UAV5: wp=107, health=1
  -   UAV6: wp=153, health=1
  - 0501 currentMissionPlanID=700000001, currentInputMissionID=3
  -   UAV4 status: mission=900000088 input=1 progress=100% | mission=900000089 input=2 progress=100% | mission=900000090 input=3 progress=0% | mission=900000091 input=4 progress=0% | mission=900000092 input=5 progress=0% | mission=900000093 input=6 progress=0% | mission=900000094 input=7 progress=0% | mission=900000095 input=8 progress=0% | mission=900000096 input=9 progress=0% | mission=900000097 input=10 progress=0% | mission=900000098 input=11 progress=0%
  -   UAV5 status: mission=900000099 input=1 progress=100% | mission=900000100 input=2 progress=100% | mission=900000101 input=3 progress=0% | mission=900000102 input=4 progress=0% | mission=900000103 input=5 progress=0% | mission=900000104 input=6 progress=0% | mission=900000105 input=7 progress=0% | mission=900000106 input=8 progress=0% | mission=900000107 input=9 progress=0% | mission=900000108 input=10 progress=0% | mission=900000109 input=11 progress=0%
  -   UAV6 status: mission=900000110 input=1 progress=100% | mission=900000111 input=2 progress=100% | mission=900000112 input=3 progress=0% | mission=900000113 input=4 progress=0% | mission=900000114 input=5 progress=0% | mission=900000115 input=6 progress=0% | mission=900000116 input=7 progress=0% | mission=900000117 input=8 progress=0% | mission=900000118 input=9 progress=0% | mission=900000119 input=10 progress=0% | mission=900000120 input=11 progress=0%
[MON][2026-01-04 10:19:28] ProgressUpdate
  - UAV4 mission=900000090 input=3 progress=33% (missionIndex=2)
  - UAV5 mission=900000101 input=3 progress=33% (missionIndex=2)
  - UAV6 mission=900000112 input=3 progress=33% (missionIndex=2)
[MON][2026-01-04 10:19:28] MonitoringCycle
  - SystemMode=3, PlanID=700000001, ActiveInput=3, PendingPlan=None
  - 0401 timestamp=811517363400, entries=6
  -   UAV1: wp=None, health=1
  -   UAV2: wp=None, health=1
  -   UAV3: wp=None, health=1
  -   UAV4: wp=64, health=1
  -   UAV5: wp=109, health=1
  -   UAV6: wp=155, health=1
  - 0501 currentMissionPlanID=700000001, currentInputMissionID=3
  -   UAV4 status: mission=900000088 input=1 progress=100% | mission=900000089 input=2 progress=100% | mission=900000090 input=3 progress=33% | mission=900000091 input=4 progress=0% | mission=900000092 input=5 progress=0% | mission=900000093 input=6 progress=0% | mission=900000094 input=7 progress=0% | mission=900000095 input=8 progress=0% | mission=900000096 input=9 progress=0% | mission=900000097 input=10 progress=0% | mission=900000098 input=11 progress=0%
  -   UAV5 status: mission=900000099 input=1 progress=100% | mission=900000100 input=2 progress=100% | mission=900000101 input=3 progress=33% | mission=900000102 input=4 progress=0% | mission=900000103 input=5 progress=0% | mission=900000104 input=6 progress=0% | mission=900000105 input=7 progress=0% | mission=900000106 input=8 progress=0% | mission=900000107 input=9 progress=0% | mission=900000108 input=10 progress=0% | mission=900000109 input=11 progress=0%
  -   UAV6 status: mission=900000110 input=1 progress=100% | mission=900000111 input=2 progress=100% | mission=900000112 input=3 progress=33% | mission=900000113 input=4 progress=0% | mission=900000114 input=5 progress=0% | mission=900000115 input=6 progress=0% | mission=900000116 input=7 progress=0% | mission=900000117 input=8 progress=0% | mission=900000118 input=9 progress=0% | mission=900000119 input=10 progress=0% | mission=900000120 input=11 progress=0%
[MON][2026-01-04 10:19:30] ProgressUpdate
  - UAV4 mission=900000090 input=3 progress=67% (missionIndex=2)
  - UAV5 mission=900000101 input=3 progress=67% (missionIndex=2)
  - UAV6 mission=900000112 input=3 progress=67% (missionIndex=2)
[MON][2026-01-04 10:19:30] MonitoringCycle
  - SystemMode=3, PlanID=700000001, ActiveInput=3, PendingPlan=None
  - 0401 timestamp=811517365400, entries=6
  -   UAV1: wp=None, health=1
  -   UAV2: wp=None, health=1
  -   UAV3: wp=None, health=1
  -   UAV4: wp=65, health=1
  -   UAV5: wp=110, health=1
  -   UAV6: wp=156, health=1
  - 0501 currentMissionPlanID=700000001, currentInputMissionID=3
  -   UAV4 status: mission=900000088 input=1 progress=100% | mission=900000089 input=2 progress=100% | mission=900000090 input=3 progress=67% | mission=900000091 input=4 progress=0% | mission=900000092 input=5 progress=0% | mission=900000093 input=6 progress=0% | mission=900000094 input=7 progress=0% | mission=900000095 input=8 progress=0% | mission=900000096 input=9 progress=0% | mission=900000097 input=10 progress=0% | mission=900000098 input=11 progress=0%
  -   UAV5 status: mission=900000099 input=1 progress=100% | mission=900000100 input=2 progress=100% | mission=900000101 input=3 progress=67% | mission=900000102 input=4 progress=0% | mission=900000103 input=5 progress=0% | mission=900000104 input=6 progress=0% | mission=900000105 input=7 progress=0% | mission=900000106 input=8 progress=0% | mission=900000107 input=9 progress=0% | mission=900000108 input=10 progress=0% | mission=900000109 input=11 progress=0%
  -   UAV6 status: mission=900000110 input=1 progress=100% | mission=900000111 input=2 progress=100% | mission=900000112 input=3 progress=67% | mission=900000113 input=4 progress=0% | mission=900000114 input=5 progress=0% | mission=900000115 input=6 progress=0% | mission=900000116 input=7 progress=0% | mission=900000117 input=8 progress=0% | mission=900000118 input=9 progress=0% | mission=900000119 input=10 progress=0% | mission=900000120 input=11 progress=0%
[MON][2026-01-04 10:19:32] ProgressUpdate
  - UAV4 mission=900000090 input=3 progress=100% (missionIndex=2)
  - UAV5 mission=900000101 input=3 progress=100% (missionIndex=2)
  - UAV6 mission=900000112 input=3 progress=100% (missionIndex=2)
[MON][2026-01-04 10:19:32] InputMissionCompletion
  - Input mission 3 completion notification enqueued.
[MON][2026-01-04 10:19:32] InputMissionCompletion
  - Input 3: UAV4 mission=900000090 reached 100%
  - Input 3: UAV5 mission=900000101 reached 100%
  - Input 3: UAV6 mission=900000112 reached 100%
  - Input 1 completed (6 missions)
  - Input 2 completed (6 missions)
  - Input 3 completed (6 missions)
[MON][2026-01-04 10:19:32] MonitoringCycle
  - SystemMode=3, PlanID=700000001, ActiveInput=3, PendingPlan=None
  - 0401 timestamp=811517367400, entries=6
  -   UAV1: wp=None, health=1
  -   UAV2: wp=None, health=1
  -   UAV3: wp=None, health=1
  -   UAV4: wp=66, health=1
  -   UAV5: wp=111, health=1
  -   UAV6: wp=157, health=1
  - 0501 currentMissionPlanID=700000001, currentInputMissionID=3
  -   UAV4 status: mission=900000088 input=1 progress=100% | mission=900000089 input=2 progress=100% | mission=900000090 input=3 progress=100% | mission=900000091 input=4 progress=0% | mission=900000092 input=5 progress=0% | mission=900000093 input=6 progress=0% | mission=900000094 input=7 progress=0% | mission=900000095 input=8 progress=0% | mission=900000096 input=9 progress=0% | mission=900000097 input=10 progress=0% | mission=900000098 input=11 progress=0%
  -   UAV5 status: mission=900000099 input=1 progress=100% | mission=900000100 input=2 progress=100% | mission=900000101 input=3 progress=100% | mission=900000102 input=4 progress=0% | mission=900000103 input=5 progress=0% | mission=900000104 input=6 progress=0% | mission=900000105 input=7 progress=0% | mission=900000106 input=8 progress=0% | mission=900000107 input=9 progress=0% | mission=900000108 input=10 progress=0% | mission=900000109 input=11 progress=0%
  -   UAV6 status: mission=900000110 input=1 progress=100% | mission=900000111 input=2 progress=100% | mission=900000112 input=3 progress=100% | mission=900000113 input=4 progress=0% | mission=900000114 input=5 progress=0% | mission=900000115 input=6 progress=0% | mission=900000116 input=7 progress=0% | mission=900000117 input=8 progress=0% | mission=900000118 input=9 progress=0% | mission=900000119 input=10 progress=0% | mission=900000120 input=11 progress=0%
