
[2026-05-21 08:53:27] process-log attached: decision_support
[PATH] DB root -> C:\Users\TRL98\Desktop\LAH_MUMT\Logs\Scenario_2026-05-21T085327\SBC3
[MODE] 모드 변경 → 대기모드
[CTRL] 0102 상태 유지: ON
[0102] 상태 보고 이미 송신됨
[0203] DB 참조! (C:\Users\TRL98\Desktop\LAH_MUMT\Logs\Scenario_2026-05-21T085327\SBC3\MissionReferenceInfo\1.json)
[0201] DB 참조! (C:\Users\TRL98\Desktop\LAH_MUMT\Logs\Scenario_2026-05-21T085327\SBC3\InputMissionPlan\1.json)
[MODE] 모드 변경 → 초기 임무 계획
[CTRL] 0102 상태 유지: ON
[0102] 상태 보고 이미 송신됨
[MODE] 모드 변경 → 대기모드
[CTRL] 0102 상태 유지: ON
[0102] 상태 보고 이미 송신됨
[MODE] 모드 변경 → 임무 수행
[CTRL] 0102 상태 유지: ON
[0102] 상태 보고 이미 송신됨
[0701] option info saved: 1.json
[0701] option info sent (count=2)
[0701] option info saved: 2.json
[0701] option info sent (count=2)
[0701] option info saved: 3.json
[0701] option info sent (count=2)
[0701] option info saved: 4.json
[0701] option info sent (count=2)
[0701] option info saved: 5.json
[0701] option info sent (count=2)
[0701] option info saved: 6.json
[0701] option info sent (count=2)
[0701] option info saved: 7.json
[0701] option info sent (count=2)
[0201] DB 참조! (C:\Users\TRL98\Desktop\LAH_MUMT\Logs\Scenario_2026-05-21T085327\SBC3\InputMissionPlan\2.json)
[0701] option info saved: 8.json
[0701] option info sent (count=3)
[0701] option info saved: 9.json
[0701] option info sent (count=2)
[0701] option info saved: 10.json
[0701] option info sent (count=2)
