2026-03-26T04:19:33.927117Z [LOG] Mission planning log started: C:\Users\LAHMUMT_2\Desktop\DSS_KU\Logs\Scenario_2026-03-26T131659\SBC3\DSS_Internal\mission_planning_gui_20260326T041933_633380Z.log
2026-03-26T04:19:33.929115Z [0101] 모드 수신 리스너 등록 완료
2026-03-26T04:19:34.427985Z [0102] NodeMessenger 초기화 대기 중 ? 자동 송신 보류
2026-03-26T04:19:34.554599Z [BUS] NodeMessenger 초기화 완료
2026-03-26T04:19:35.792142Z [WARM] Mission planner runtime ready (algo_settings)
2026-03-26T04:19:52.530520Z [MODE] 슬라이더 변경 → 대기모드
2026-03-26T04:19:52.531518Z [0101/POLL] 모드 동기화 code=1
2026-03-26T04:19:55.518071Z [MODE] 슬라이더 변경 → 초기 임무 계획
2026-03-26T04:19:55.519073Z [0101/POLL] 모드 동기화 code=2
2026-03-26T04:19:55.641826Z [AUTO] 0902 received (planIds=700000001)
2026-03-26T04:19:55.643329Z [AUTO] replan pipeline scheduled after 0.1s delay
2026-03-26T04:19:55.767529Z [0305] status=1, reason=초기임무재계획 전송
2026-03-26T04:19:55.769530Z [STEP 0] Replan pipeline start (reason=초기임무재계획)
2026-03-26T04:19:55.771530Z [INFO] UAV params loaded (cruise=40.00, turn_step=15.0)
2026-03-26T04:19:55.772529Z [INFO] Latest input snapshot → 0201:ID=-,ts=-,src=-, 0203:ID=-,ts=-,src=-
2026-03-26T04:19:55.772529Z [INFO] Fallback 0201 file selected: 100.json
2026-03-26T04:19:55.773528Z [INFO] Fallback 0203 file selected: 0.json
2026-03-26T04:19:55.773528Z [CHECK] 0201/0203 필수 데이터 확인 시작
2026-03-26T04:19:55.774529Z [OK] 0201 inputMissionList 확인됨 (count=4) → 진행
2026-03-26T04:19:55.774529Z [OK] 0201 availableAircraftList 확인됨 (count=6) → 진행
2026-03-26T04:19:55.774529Z [OK] 0201 inputMissionPackageType=1 확인
2026-03-26T04:19:55.775528Z [OK] 0201 mainSensor=1 확인
2026-03-26T04:19:55.775528Z [CHECK] 0201 기체 수=6 (UAV=3, LAH=3)
2026-03-26T04:19:55.776528Z [CHECK] 0201 임무: total=4 missingID=0 missingDetail=0 missingShape=0 unknownType=0 typeZeroAuto=0 typeZeroInvalid=0 lineOnlyViolation=0
2026-03-26T04:19:55.776528Z [OK] 0203 takeOverInfoList 확인됨 (count=3) → 진행
2026-03-26T04:19:55.777528Z [OK] 0203 handOverInfoList 확인됨 (count=3) → 진행
2026-03-26T04:19:55.777528Z [OK] 0203 flightAreaList 확인됨 (count=1) → 진행
2026-03-26T04:19:55.777528Z [CHECK] 0203 flightAreaList count=1
2026-03-26T04:19:55.778528Z [variant 1] 일반 재계획 모드 적용
2026-03-26T04:19:55.778528Z [STEP 1.1] Divide & Pattern start
2026-03-26T04:19:55.785612Z [variant 1] [ENHANCED][1] split start: uavs=[4, 5, 6]
2026-03-26T04:19:55.796617Z [variant 1] [ENHANCED][1] split done: pieces=12
2026-03-26T04:19:55.797618Z [variant 1] [ENHANCED][2] type-decider done: profile=6 changed=12/12
2026-03-26T04:19:55.801618Z [variant 1] [ENHANCED][3] expected-path done: count=12
2026-03-26T04:19:55.817645Z [variant 1] [ENHANCED][4] area-review done: overflow=3 targets=3 pieces=12->21
2026-03-26T04:19:55.822644Z [variant 1] [ENHANCED][5] expected-velocity done: pieces=21 dbRows=391
2026-03-26T04:19:55.847785Z [variant 1] [ENHANCED][6] 0302 export done: files=6
2026-03-26T04:19:55.848786Z [variant 1] [ENHANCED] total=70.7 ms
2026-03-26T04:19:55.848786Z [TIME] divide_and_pattern (variant=1): 70.9 ms
2026-03-26T04:19:55.849785Z [OK] IMP generated: 6 file(s) (variant=1)
2026-03-26T04:19:55.860788Z [TIME] build_0301+load (variant=1): 12.4 ms
2026-03-26T04:19:55.861788Z [OK] MissionPlan built: MissionPlan_1774498795847.json (variant=1)
2026-03-26T04:19:55.863788Z [TIME] collect_missions (variant=1): 2.9 ms, count=27
2026-03-26T04:19:55.914040Z [TIME] pathID_mapping (variant=1): 49.9 ms
2026-03-26T04:19:55.914040Z [INFO] pathID mapping done for 0302/0303/0304 (variant=1)
2026-03-26T04:19:55.915041Z [INFO] FlightPath build mode: parallel (variant=1)
2026-03-26T04:19:56.771216Z [INFO] FlightPath build time (parallel): 0303=848.9 ms, 0304=483.4 ms, wall=850.8 ms
2026-03-26T04:19:56.772215Z [INFO] Applied LAH-UAV ETA follow speed plan (variant=1)
2026-03-26T04:19:56.773215Z [OK] FlightPath counts (variant=1): 0303=15 / 0304=12
2026-03-26T04:19:56.786722Z [TIME] build_0302 (variant=1): 12.4 ms, packages=6
2026-03-26T04:19:56.794722Z [TIME] write_0302 (variant=1): 8.6 ms, files=6
2026-03-26T04:19:56.839754Z [TIME] write_FlightPath (variant=1): 44.9 ms, files=27
2026-03-26T04:19:56.841257Z [TIME] write_0301 (variant=1): 1.2 ms
2026-03-26T04:19:56.841257Z [OK] Stored variant 1: MissionPlanID=700000001, IMP=6, FlightPath=27
2026-03-26T04:19:56.842262Z [TIME] variant_total (variant=1): 1064.1 ms
2026-03-26T04:19:56.842262Z [INFO] Option mapping #1: planID=700000001, optionCode=1(시스템 추천)
2026-03-26T04:19:56.843262Z [OK] Stored mission data: MissionPlan=1, IndividualMission=6, FlightPath=27
2026-03-26T04:19:56.843262Z [STEP 4] 0301 push queued (planIds=700000001)
2026-03-26T04:19:56.853769Z [0301] missionPlanID=700000001 전송
2026-03-26T04:19:56.853769Z [PUSH] 0301 direct batch send
2026-03-26T04:19:56.854771Z [INFO] Post-0301 apply queued (grace=1800ms, timeout=3000ms, plans=1)
2026-03-26T04:19:56.856771Z [0305] status=2, reason=초기임무재계획, elapsed=1.10s 전송
2026-03-26T04:19:59.845847Z [INFO] Post-0301 ready (timeout) -> sending 0903
2026-03-26T04:19:59.857353Z [0903] request sent (missionPlanID=700000001)
