2026-01-04T11:46:39.439777Z [LOG] Mission planning log started: C:\Users\LAHMUMT_2\Desktop\KU_LAHMUMT\Logs\Scenario_2026-01-04T191808\SBC3\DSS_Internal\mission_planning_gui_20260104T114639_438777Z.log
2026-01-04T11:46:39.440778Z CTRL UDP 수신 대기 시작 (127.0.0.1:45981)
2026-01-04T11:46:39.441778Z [0101] 모드 수신 리스너 등록 완료
2026-01-04T11:46:39.696978Z [CTRL] MODE change request: 초기화 모드
2026-01-04T11:46:39.891060Z [BUS] NodeMessenger 초기화 완료
2026-01-04T11:46:46.963022Z [MODE] 슬라이더 변경 → 대기모드
2026-01-04T11:46:46.967705Z [0101/POLL] 모드 동기화 code=1
2026-01-04T11:46:50.577553Z [INFO] Latest 0203 ID updated → 1
2026-01-04T11:46:51.172792Z [INFO] Latest 0201 ID updated → 1
2026-01-04T11:46:53.299990Z [AUTO] 0902 received (planIds=700000001)
2026-01-04T11:46:53.299990Z [AUTO] replan pipeline scheduled after 0.1s delay
2026-01-04T11:46:53.434165Z [0305] status=1, reason=초기임무재계획 전송
2026-01-04T11:46:53.434165Z [INFO] Using latest 0201 ID 1 for inputMissionPackageID (fallback)
2026-01-04T11:46:53.434165Z [INFO] Using latest 0203 ID 1 for missionReferencePackageID (fallback)
2026-01-04T11:46:53.434165Z [STEP 0] Replan pipeline start (reason=초기임무재계획)
2026-01-04T11:46:53.466028Z [MODE] 슬라이더 변경 → 초기 임무 계획
2026-01-04T11:46:53.466783Z [0101/POLL] 모드 동기화 code=2
2026-01-04T11:46:55.606586Z [INFO] Latest input snapshot → 0201:ID=1,ts=816922549226,src=-, 0203:ID=1,ts=820842410577,src=-
2026-01-04T11:46:55.606586Z [STEP 0] Using latest 0201 ID 1 (1.json)
2026-01-04T11:46:55.606586Z [STEP 0] Using latest 0203 ID 1 (1.json)
2026-01-04T11:46:55.606586Z [STEP 1.1] Divide & Pattern start
2026-01-04T11:46:55.606586Z [variant 1] [1] CMPK 로드
2026-01-04T11:46:55.617583Z [variant 1]     ▸ VehicleStatus 적용: 사용 가능한 기체 [1, 2, 3, 4, 5, 6]
2026-01-04T11:46:55.617583Z [variant 1]     MRPK 로드
2026-01-04T11:46:55.617583Z [variant 1]     ▸ 로드 완료  (소요 0.01s)
2026-01-04T11:46:55.617583Z [variant 1] [2] LAH 임무 저장 시작
2026-01-04T11:46:55.810746Z [variant 1] [LAH1] LAH 임무파일 저장 → C:\Users\LAHMUMT_2\Desktop\KU_LAHMUMT\Logs\Scenario_2026-01-04T204646\SBC3\mission_output\variant_01\IndividualMissionPlan_LAH001.json
2026-01-04T11:46:55.810746Z [variant 1] [LAH2] LAH 임무파일 저장 → C:\Users\LAHMUMT_2\Desktop\KU_LAHMUMT\Logs\Scenario_2026-01-04T204646\SBC3\mission_output\variant_01\IndividualMissionPlan_LAH002.json
2026-01-04T11:46:55.810746Z [variant 1] [LAH3] LAH 임무파일 저장 → C:\Users\LAHMUMT_2\Desktop\KU_LAHMUMT\Logs\Scenario_2026-01-04T204646\SBC3\mission_output\variant_01\IndividualMissionPlan_LAH003.json
2026-01-04T11:46:55.810746Z [variant 1] [TIME] LAH save: 0.20s
2026-01-04T11:46:55.810746Z [variant 1]     ▸ LAH 3개 파일 저장
2026-01-04T11:46:55.810746Z [variant 1] [3] InputMission 분할
2026-01-04T11:46:55.825400Z [variant 1] [3] InputMission 분할
2026-01-04T11:46:55.825400Z [variant 1]     ▸ (1/11) inputMissionID=1 type=1
2026-01-04T11:46:55.826403Z [variant 1]        └─ sub-area 3개 추가 (누적 3)
2026-01-04T11:46:55.826403Z [variant 1]     ▸ (2/11) inputMissionID=2 type=1
2026-01-04T11:46:55.826403Z [variant 1]        └─ sub-area 3개 추가 (누적 6)
2026-01-04T11:46:55.826403Z [variant 1]     ▸ (3/11) inputMissionID=3 type=2
2026-01-04T11:46:55.826403Z [variant 1]        └─ sub-area 3개 추가 (누적 9)
2026-01-04T11:46:55.826403Z [variant 1]     ▸ (4/11) inputMissionID=4 type=1
2026-01-04T11:46:55.826403Z [variant 1]        └─ sub-area 3개 추가 (누적 12)
2026-01-04T11:46:55.826403Z [variant 1]     ▸ (5/11) inputMissionID=5 type=2
2026-01-04T11:46:55.826403Z [variant 1]        └─ sub-area 3개 추가 (누적 15)
2026-01-04T11:46:55.826403Z [variant 1]     ▸ (6/11) inputMissionID=6 type=1
2026-01-04T11:46:55.826403Z [variant 1]        └─ sub-area 3개 추가 (누적 18)
2026-01-04T11:46:55.826403Z [variant 1]     ▸ (7/11) inputMissionID=7 type=2
2026-01-04T11:46:55.826403Z [variant 1]        └─ sub-area 3개 추가 (누적 21)
2026-01-04T11:46:55.826403Z [variant 1]     ▸ (8/11) inputMissionID=8 type=1
2026-01-04T11:46:55.826403Z [variant 1]        └─ sub-area 3개 추가 (누적 24)
2026-01-04T11:46:55.826403Z [variant 1]     ▸ (9/11) inputMissionID=9 type=2
2026-01-04T11:46:55.826403Z [variant 1]        └─ sub-area 3개 추가 (누적 27)
2026-01-04T11:46:55.826403Z [variant 1]     ▸ (10/11) inputMissionID=10 type=1
2026-01-04T11:46:55.826403Z [variant 1]        └─ sub-area 3개 추가 (누적 30)
2026-01-04T11:46:55.826403Z [variant 1]     ▸ (11/11) inputMissionID=11 type=1
2026-01-04T11:46:55.826403Z [variant 1]        └─ sub-area 3개 추가 (누적 33)
2026-01-04T11:46:55.826403Z [variant 1]     ▸ 분할 완료: 33개 sub-area
2026-01-04T11:46:55.826403Z [variant 1] [TIME] InputMission split: 0.01s
2026-01-04T11:46:55.836784Z [variant 1] [4] RL 예상시간 계산
2026-01-04T11:46:55.836784Z [variant 1]        RL 진행    1/33  (소요  0.0s)
2026-01-04T11:46:55.836784Z [variant 1]        RL 진행    2/33  (소요  0.0s)
2026-01-04T11:46:55.836784Z [variant 1]        RL 진행    4/33  (소요  0.0s)
2026-01-04T11:46:55.836784Z [variant 1]        RL 진행    6/33  (소요  0.0s)
2026-01-04T11:46:55.836784Z [variant 1]        RL 진행    8/33  (소요  0.0s)
2026-01-04T11:46:55.836784Z [variant 1]        RL 진행   10/33  (소요  0.0s)
2026-01-04T11:46:55.836784Z [variant 1]        RL 진행   12/33  (소요  0.0s)
2026-01-04T11:46:55.838789Z [variant 1]        RL 진행   14/33  (소요  0.0s)
2026-01-04T11:46:55.838789Z [variant 1]        RL 진행   16/33  (소요  0.0s)
2026-01-04T11:46:55.838789Z [variant 1]        RL 진행   18/33  (소요  0.0s)
2026-01-04T11:46:55.838789Z [variant 1]        RL 진행   20/33  (소요  0.0s)
2026-01-04T11:46:55.838789Z [variant 1]        RL 진행   22/33  (소요  0.0s)
2026-01-04T11:46:55.838789Z [variant 1]        RL 진행   24/33  (소요  0.0s)
2026-01-04T11:46:55.838789Z [variant 1]        RL 진행   26/33  (소요  0.0s)
2026-01-04T11:46:55.838789Z [variant 1]        RL 진행   28/33  (소요  0.0s)
2026-01-04T11:46:55.838789Z [variant 1]        RL 진행   30/33  (소요  0.0s)
2026-01-04T11:46:55.838789Z [variant 1]        RL 진행   32/33  (소요  0.0s)
2026-01-04T11:46:55.838789Z [variant 1]        RL 진행   33/33  (소요  0.0s)
2026-01-04T11:46:55.842052Z [variant 1]        ┌─ RL 세부 소요(ms) ─────────────
2026-01-04T11:46:55.842052Z [variant 1]        │ predict :    0.0  / p95    0.0
2026-01-04T11:46:55.842052Z [variant 1]        │ env.step:    0.0  / p95    0.0
2026-01-04T11:46:55.842052Z [variant 1]        │ distance:    0.0  / p95    0.0
2026-01-04T11:46:55.842052Z [variant 1]        └───────────────────────────────
2026-01-04T11:46:55.842052Z [variant 1] [TIME] RL total: 0.00s
2026-01-04T11:46:55.842052Z [variant 1] [5] PuLP 균등 스케줄링
2026-01-04T11:46:55.842052Z [variant 1] [PuLP] 입력 IMP 로드 → _flat.json
2026-01-04T11:46:55.842052Z [variant 1] [PuLP] 임무 33개 → 11개 그룹 (그룹당 ≤3개)
2026-01-04T11:46:55.999311Z [variant 1] [PuLP] Status = Optimal
2026-01-04T11:46:55.999311Z [variant 1] [PuLP] 최적 편차 = 24664.00 s
2026-01-04T11:46:55.999311Z [variant 1] [PuLP] 저장 완료 → C:\Users\LAHMUMT_2\Desktop\KU_LAHMUMT\Logs\Scenario_2026-01-04T204646\SBC3\mission_output\variant_01\_flat_sched.json
2026-01-04T11:46:55.999311Z [variant 1] [TIME] PuLP scheduling: 0.16s
2026-01-04T11:46:55.999311Z [variant 1] [6] UAV IMP 생성‧저장
2026-01-04T11:46:56.320812Z [variant 1]     ▸ IMP 저장: C:\Users\LAHMUMT_2\Desktop\KU_LAHMUMT\Logs\Scenario_2026-01-04T204646\SBC3\mission_output\variant_01\IndividualMissionPlan_UAV004.json
2026-01-04T11:46:56.320812Z [variant 1]     ▸ IMP 저장: C:\Users\LAHMUMT_2\Desktop\KU_LAHMUMT\Logs\Scenario_2026-01-04T204646\SBC3\mission_output\variant_01\IndividualMissionPlan_UAV005.json
2026-01-04T11:46:56.325324Z [variant 1]     ▸ IMP 저장: C:\Users\LAHMUMT_2\Desktop\KU_LAHMUMT\Logs\Scenario_2026-01-04T204646\SBC3\mission_output\variant_01\IndividualMissionPlan_UAV006.json
2026-01-04T11:46:56.325324Z [variant 1] [✔] divide_and_pattern 끝 (총 0.7s 경과)
2026-01-04T11:46:56.325324Z [variant 1] [TIME] UAV IMP build: 0.32s, files=3
2026-01-04T11:46:56.325324Z [TIME] divide_and_pattern (variant=1): 714.7 ms
2026-01-04T11:46:56.325324Z [OK] IMP generated: 6 file(s) (variant=1)
2026-01-04T11:46:56.358976Z [TIME] build_0301+load (variant=1): 34.9 ms
2026-01-04T11:46:56.358976Z [OK] MissionPlan built: MissionPlan_1767527216325.json (variant=1)
2026-01-04T11:46:56.358976Z [TIME] collect_missions (variant=1): 1.0 ms, count=66
2026-01-04T11:46:56.593591Z [TIME] pathID_mapping (variant=1): 237.5 ms
2026-01-04T11:46:56.593591Z [INFO] pathID mapping done for 0302/0303/0304 (variant=1)
2026-01-04T11:46:56.593591Z [INFO] FlightPath build mode: parallel (variant=1)
2026-01-04T11:46:57.187750Z [INFO] FlightPath build time (parallel): 0303=594.7 ms, 0304=348.0 ms, wall=595.6 ms
2026-01-04T11:46:57.187750Z [OK] FlightPath counts (variant=1): 0303=33 / 0304=33
2026-01-04T11:46:57.370945Z [TIME] build_0302 (variant=1): 177.9 ms, packages=6
2026-01-04T11:46:57.377442Z [TIME] write_0302 (variant=1): 5.2 ms, files=6
2026-01-04T11:46:57.408882Z [TIME] write_FlightPath (variant=1): 31.2 ms, files=66
2026-01-04T11:46:57.408882Z [TIME] write_0301 (variant=1): 0.4 ms
2026-01-04T11:46:57.408882Z [OK] Stored variant 1: MissionPlanID=700000001, IMP=6, FlightPath=66
2026-01-04T11:46:57.408882Z [TIME] variant_total (variant=1): 1798.7 ms
2026-01-04T11:46:57.408882Z [INFO] Option mapping #1: planID=700000001, optionCode=1(시스템추천)
2026-01-04T11:46:57.408882Z [OK] Stored mission data: MissionPlan=1, IndividualMission=6, FlightPath=66
2026-01-04T11:46:57.408882Z [STEP 4] 0301 push queued (planIds=700000001)
2026-01-04T11:46:57.419331Z [0301] missionPlanID=700000001 전송
2026-01-04T11:46:57.421335Z [PUSH] 0301 button click()
2026-01-04T11:46:58.015056Z [0305] status=2, reason=초기임무재계획 전송
2026-01-04T11:46:58.314263Z [0903] request sent (missionPlanID=700000001)
2026-01-04T11:47:00.474553Z [MODE] 슬라이더 변경 → 임무 수행
2026-01-04T11:47:00.475320Z [0101/POLL] 모드 동기화 code=3
2026-01-04T11:48:08.434010Z [AUTO] 0902 received (planIds=700000002, 700000003)
2026-01-04T11:48:08.434010Z [AUTO] replan pipeline scheduled after 0.1s delay
2026-01-04T11:48:08.534923Z [0305] status=1, reason=무인기 - 전차(ID-7) 발견으로 인한 재계획 전송
2026-01-04T11:48:08.541801Z [INFO] Using latest 0201 ID 1 for inputMissionPackageID (fallback)
2026-01-04T11:48:08.541801Z [INFO] Using latest 0203 ID 1 for missionReferencePackageID (fallback)
2026-01-04T11:48:08.541801Z [STEP 0] Replan pipeline start (reason=무인기 - 전차(ID-7) 발견으로 인한 재계획)
2026-01-04T11:48:08.543805Z [ATTACK] 공격 특화 재계획 요청 감지 → 전용 파이프라인 실행
2026-01-04T11:48:08.543805Z [ATTACK] STEP1 Selected manned aircraft: aircraft 2 (fuel=1.2999999523162842, coord=(38.125816345214844, 127.30183410644531, alt=296))
2026-01-04T11:48:08.543805Z [ATTACK] STEP2 UAV tracking summary: watcher None?’target 7, watcher 4?’target unknown-1
2026-01-04T11:48:10.919054Z [ATTACK] STEP3 Attack plan completed: lat=38.131029, lon=127.293834, alt=503m
2026-01-04T11:48:10.919054Z [ATTACK] [ATTACK] Mission override skipped (aircraft IDs missing).
2026-01-04T11:48:10.919054Z [ATTACK] 분석 로그 저장: C:\Users\LAHMUMT_2\Desktop\KU_LAHMUMT\Logs\Scenario_2026-01-04T204646\SBC3\DSS_Internal\log_attack_algorithm_20260104T114810_919054.json
2026-01-04T11:48:10.919054Z [INFO] Latest input snapshot → 0201:ID=1,ts=816922549226,src=-, 0203:ID=1,ts=820842410577,src=-
2026-01-04T11:48:10.919054Z [STEP 0] Using latest 0201 ID 1 (1.json)
2026-01-04T11:48:10.919054Z [STEP 0] Using latest 0203 ID 1 (1.json)
2026-01-04T11:48:10.919054Z [INFO] Filtered completed input missions (removed=1, 2, converted=-, widthAdjusted=-)
2026-01-04T11:48:10.919054Z [WARN] 공격 옵션이 있으나 활용 가능한 대상 정보가 없어 기본 임무를 유지합니다.
2026-01-04T11:48:10.919054Z [STEP 1.1] Divide & Pattern start
2026-01-04T11:48:10.919054Z [variant 1] [1] CMPK 로드
2026-01-04T11:48:10.932623Z [variant 1]     ▸ VehicleStatus 적용: 사용 가능한 기체 [1, 2, 3, 4, 5, 6]
2026-01-04T11:48:10.932623Z [variant 1]     MRPK 로드
2026-01-04T11:48:10.932623Z [variant 1]     ▸ 로드 완료  (소요 0.01s)
2026-01-04T11:48:10.932623Z [variant 1] [2] LAH 임무 저장 시작
2026-01-04T11:48:11.075036Z [variant 1] [LAH1] LAH 임무파일 저장 → C:\Users\LAHMUMT_2\Desktop\KU_LAHMUMT\Logs\Scenario_2026-01-04T204646\SBC3\mission_output\variant_01\IndividualMissionPlan_LAH001.json
2026-01-04T11:48:11.075036Z [variant 1] [LAH2] LAH 임무파일 저장 → C:\Users\LAHMUMT_2\Desktop\KU_LAHMUMT\Logs\Scenario_2026-01-04T204646\SBC3\mission_output\variant_01\IndividualMissionPlan_LAH002.json
2026-01-04T11:48:11.075036Z [variant 1] [LAH3] LAH 임무파일 저장 → C:\Users\LAHMUMT_2\Desktop\KU_LAHMUMT\Logs\Scenario_2026-01-04T204646\SBC3\mission_output\variant_01\IndividualMissionPlan_LAH003.json
2026-01-04T11:48:11.075036Z [variant 1] [TIME] LAH save: 0.15s
2026-01-04T11:48:11.075036Z [variant 1]     ▸ LAH 3개 파일 저장
2026-01-04T11:48:11.075036Z [variant 1] [3] InputMission 분할
2026-01-04T11:48:11.075036Z [variant 1] [3] InputMission 분할
2026-01-04T11:48:11.075036Z [variant 1]     ▸ (1/9) inputMissionID=3 type=2
2026-01-04T11:48:11.075036Z [variant 1]        └─ sub-area 3개 추가 (누적 3)
2026-01-04T11:48:11.075036Z [variant 1]     ▸ (2/9) inputMissionID=4 type=1
2026-01-04T11:48:11.075036Z [variant 1]        └─ sub-area 3개 추가 (누적 6)
2026-01-04T11:48:11.075036Z [variant 1]     ▸ (3/9) inputMissionID=5 type=2
2026-01-04T11:48:11.075036Z [variant 1]        └─ sub-area 3개 추가 (누적 9)
2026-01-04T11:48:11.075036Z [variant 1]     ▸ (4/9) inputMissionID=6 type=1
2026-01-04T11:48:11.075036Z [variant 1]        └─ sub-area 3개 추가 (누적 12)
2026-01-04T11:48:11.075036Z [variant 1]     ▸ (5/9) inputMissionID=7 type=2
2026-01-04T11:48:11.075036Z [variant 1]        └─ sub-area 3개 추가 (누적 15)
2026-01-04T11:48:11.091012Z [variant 1]     ▸ (6/9) inputMissionID=8 type=1
2026-01-04T11:48:11.091012Z [variant 1]        └─ sub-area 3개 추가 (누적 18)
2026-01-04T11:48:11.091012Z [variant 1]     ▸ (7/9) inputMissionID=9 type=2
2026-01-04T11:48:11.091012Z [variant 1]        └─ sub-area 3개 추가 (누적 21)
2026-01-04T11:48:11.091012Z [variant 1]     ▸ (8/9) inputMissionID=10 type=1
2026-01-04T11:48:11.091012Z [variant 1]        └─ sub-area 3개 추가 (누적 24)
2026-01-04T11:48:11.091012Z [variant 1]     ▸ (9/9) inputMissionID=11 type=1
2026-01-04T11:48:11.091012Z [variant 1]        └─ sub-area 3개 추가 (누적 27)
2026-01-04T11:48:11.091012Z [variant 1]     ▸ 분할 완료: 27개 sub-area
2026-01-04T11:48:11.091012Z [variant 1] [TIME] InputMission split: 0.01s
2026-01-04T11:48:11.091012Z [variant 1] [4] RL 예상시간 계산
2026-01-04T11:48:11.091012Z [variant 1]        RL 진행    1/27  (소요  0.0s)
2026-01-04T11:48:11.091012Z [variant 1]        RL 진행    2/27  (소요  0.0s)
2026-01-04T11:48:11.091012Z [variant 1]        RL 진행    4/27  (소요  0.0s)
2026-01-04T11:48:11.091012Z [variant 1]        RL 진행    6/27  (소요  0.0s)
2026-01-04T11:48:11.091012Z [variant 1]        RL 진행    8/27  (소요  0.0s)
2026-01-04T11:48:11.095514Z [variant 1]        RL 진행   10/27  (소요  0.0s)
2026-01-04T11:48:11.095514Z [variant 1]        RL 진행   12/27  (소요  0.0s)
2026-01-04T11:48:11.095514Z [variant 1]        RL 진행   14/27  (소요  0.0s)
2026-01-04T11:48:11.095514Z [variant 1]        RL 진행   16/27  (소요  0.0s)
2026-01-04T11:48:11.095514Z [variant 1]        RL 진행   18/27  (소요  0.0s)
2026-01-04T11:48:11.095514Z [variant 1]        RL 진행   20/27  (소요  0.0s)
2026-01-04T11:48:11.095514Z [variant 1]        RL 진행   22/27  (소요  0.0s)
2026-01-04T11:48:11.095514Z [variant 1]        RL 진행   24/27  (소요  0.0s)
2026-01-04T11:48:11.095514Z [variant 1]        RL 진행   26/27  (소요  0.0s)
2026-01-04T11:48:11.095514Z [variant 1]        RL 진행   27/27  (소요  0.0s)
2026-01-04T11:48:11.095514Z [variant 1]        ┌─ RL 세부 소요(ms) ─────────────
2026-01-04T11:48:11.097519Z [variant 1]        │ predict :    0.0  / p95    0.0
2026-01-04T11:48:11.097519Z [variant 1]        │ env.step:    0.0  / p95    0.0
2026-01-04T11:48:11.097519Z [variant 1]        │ distance:    0.0  / p95    0.0
2026-01-04T11:48:11.097519Z [variant 1]        └───────────────────────────────
2026-01-04T11:48:11.097519Z [variant 1] [TIME] RL total: 0.00s
2026-01-04T11:48:11.097519Z [variant 1] [5] PuLP 균등 스케줄링
2026-01-04T11:48:11.097519Z [variant 1] [PuLP] 입력 IMP 로드 → _flat.json
2026-01-04T11:48:11.097519Z [variant 1] [PuLP] 임무 27개 → 9개 그룹 (그룹당 ≤3개)
2026-01-04T11:48:11.169052Z [variant 1] [PuLP] Status = Optimal
2026-01-04T11:48:11.169052Z [variant 1] [PuLP] 최적 편차 = 5413.60 s
2026-01-04T11:48:11.169052Z [variant 1] [PuLP] 저장 완료 → C:\Users\LAHMUMT_2\Desktop\KU_LAHMUMT\Logs\Scenario_2026-01-04T204646\SBC3\mission_output\variant_01\_flat_sched.json
2026-01-04T11:48:11.169052Z [variant 1] [TIME] PuLP scheduling: 0.09s
2026-01-04T11:48:11.182304Z [variant 1] [6] UAV IMP 생성‧저장
2026-01-04T11:48:11.608618Z [variant 1]     ▸ IMP 저장: C:\Users\LAHMUMT_2\Desktop\KU_LAHMUMT\Logs\Scenario_2026-01-04T204646\SBC3\mission_output\variant_01\IndividualMissionPlan_UAV004.json
2026-01-04T11:48:11.612133Z [variant 1]     ▸ IMP 저장: C:\Users\LAHMUMT_2\Desktop\KU_LAHMUMT\Logs\Scenario_2026-01-04T204646\SBC3\mission_output\variant_01\IndividualMissionPlan_UAV005.json
2026-01-04T11:48:11.612133Z [variant 1]     ▸ IMP 저장: C:\Users\LAHMUMT_2\Desktop\KU_LAHMUMT\Logs\Scenario_2026-01-04T204646\SBC3\mission_output\variant_01\IndividualMissionPlan_UAV006.json
2026-01-04T11:48:11.612133Z [variant 1] [✔] divide_and_pattern 끝 (총 0.7s 경과)
2026-01-04T11:48:11.612133Z [variant 1] [TIME] UAV IMP build: 0.43s, files=3
2026-01-04T11:48:11.612133Z [TIME] divide_and_pattern (variant=1): 686.6 ms
2026-01-04T11:48:11.612133Z [OK] IMP generated: 6 file(s) (variant=1)
2026-01-04T11:48:11.650998Z [TIME] build_0301+load (variant=1): 37.6 ms
2026-01-04T11:48:11.650998Z [OK] MissionPlan built: MissionPlan_1767527291612.json (variant=1)
2026-01-04T11:48:11.650998Z [TIME] collect_missions (variant=1): 1.0 ms, count=54
2026-01-04T11:48:11.928909Z [TIME] pathID_mapping (variant=1): 288.0 ms
2026-01-04T11:48:11.928909Z [INFO] pathID mapping done for 0302/0303/0304 (variant=1)
2026-01-04T11:48:11.928909Z [INFO] FlightPath build mode: parallel (variant=1)
2026-01-04T11:48:12.282471Z [INFO] FlightPath build time (parallel): 0303=347.7 ms, 0304=276.3 ms, wall=348.6 ms
2026-01-04T11:48:12.282471Z [OK] FlightPath counts (variant=1): 0303=27 / 0304=27
2026-01-04T11:48:12.558727Z [TIME] build_0302 (variant=1): 271.9 ms, packages=6
2026-01-04T11:48:12.563323Z [TIME] write_0302 (variant=1): 3.2 ms, files=6
2026-01-04T11:48:12.579329Z [TIME] write_FlightPath (variant=1): 24.0 ms, files=54
2026-01-04T11:48:12.579329Z [TIME] write_0301 (variant=1): 0.3 ms
2026-01-04T11:48:12.579329Z [OK] Stored variant 1: MissionPlanID=700000002, IMP=6, FlightPath=54
2026-01-04T11:48:12.579329Z [TIME] variant_total (variant=1): 1661.5 ms
2026-01-04T11:48:12.579329Z [INFO] Option mapping #1: planID=700000002, optionCode=2(공격특화)
2026-01-04T11:48:12.579329Z [STEP 1.2] Divide & Pattern start
2026-01-04T11:48:12.579329Z [variant 2] [1] CMPK 로드
2026-01-04T11:48:12.579329Z [variant 2]     ▸ VehicleStatus 적용: 사용 가능한 기체 [1, 2, 3, 4, 5, 6]
2026-01-04T11:48:12.579329Z [variant 2]     MRPK 로드
2026-01-04T11:48:12.579329Z [variant 2]     ▸ 로드 완료  (소요 0.00s)
2026-01-04T11:48:12.579329Z [variant 2] [2] LAH 임무 저장 시작
2026-01-04T11:48:12.802086Z [variant 2] [LAH1] LAH 임무파일 저장 → C:\Users\LAHMUMT_2\Desktop\KU_LAHMUMT\Logs\Scenario_2026-01-04T204646\SBC3\mission_output\variant_02\IndividualMissionPlan_LAH001.json
2026-01-04T11:48:12.802086Z [variant 2] [LAH2] LAH 임무파일 저장 → C:\Users\LAHMUMT_2\Desktop\KU_LAHMUMT\Logs\Scenario_2026-01-04T204646\SBC3\mission_output\variant_02\IndividualMissionPlan_LAH002.json
2026-01-04T11:48:12.802086Z [variant 2] [LAH3] LAH 임무파일 저장 → C:\Users\LAHMUMT_2\Desktop\KU_LAHMUMT\Logs\Scenario_2026-01-04T204646\SBC3\mission_output\variant_02\IndividualMissionPlan_LAH003.json
2026-01-04T11:48:12.802086Z [variant 2] [TIME] LAH save: 0.22s
2026-01-04T11:48:12.802086Z [variant 2]     ▸ LAH 3개 파일 저장
2026-01-04T11:48:12.802086Z [variant 2] [3] InputMission 분할
2026-01-04T11:48:12.802086Z [variant 2] [3] InputMission 분할
2026-01-04T11:48:12.802086Z [variant 2]     ▸ (1/9) inputMissionID=3 type=2
2026-01-04T11:48:12.802086Z [variant 2]        └─ sub-area 3개 추가 (누적 3)
2026-01-04T11:48:12.802086Z [variant 2]     ▸ (2/9) inputMissionID=4 type=1
2026-01-04T11:48:12.802086Z [variant 2]        └─ sub-area 3개 추가 (누적 6)
2026-01-04T11:48:12.802086Z [variant 2]     ▸ (3/9) inputMissionID=5 type=2
2026-01-04T11:48:12.802086Z [variant 2]        └─ sub-area 3개 추가 (누적 9)
2026-01-04T11:48:12.802086Z [variant 2]     ▸ (4/9) inputMissionID=6 type=1
2026-01-04T11:48:12.802086Z [variant 2]        └─ sub-area 3개 추가 (누적 12)
2026-01-04T11:48:12.802086Z [variant 2]     ▸ (5/9) inputMissionID=7 type=2
2026-01-04T11:48:12.818144Z [variant 2]        └─ sub-area 3개 추가 (누적 15)
2026-01-04T11:48:12.818144Z [variant 2]     ▸ (6/9) inputMissionID=8 type=1
2026-01-04T11:48:12.818144Z [variant 2]        └─ sub-area 3개 추가 (누적 18)
2026-01-04T11:48:12.818144Z [variant 2]     ▸ (7/9) inputMissionID=9 type=2
2026-01-04T11:48:12.818144Z [variant 2]        └─ sub-area 3개 추가 (누적 21)
2026-01-04T11:48:12.818144Z [variant 2]     ▸ (8/9) inputMissionID=10 type=1
2026-01-04T11:48:12.818144Z [variant 2]        └─ sub-area 3개 추가 (누적 24)
2026-01-04T11:48:12.818144Z [variant 2]     ▸ (9/9) inputMissionID=11 type=1
2026-01-04T11:48:12.818144Z [variant 2]        └─ sub-area 3개 추가 (누적 27)
2026-01-04T11:48:12.818144Z [variant 2]     ▸ 분할 완료: 27개 sub-area
2026-01-04T11:48:12.818144Z [variant 2] [TIME] InputMission split: 0.01s
2026-01-04T11:48:12.818144Z [variant 2] [4] RL 예상시간 계산
2026-01-04T11:48:12.818144Z [variant 2]        RL 진행    1/27  (소요  0.0s)
2026-01-04T11:48:12.818144Z [variant 2]        RL 진행    2/27  (소요  0.0s)
2026-01-04T11:48:12.818144Z [variant 2]        RL 진행    4/27  (소요  0.0s)
2026-01-04T11:48:12.818144Z [variant 2]        RL 진행    6/27  (소요  0.0s)
2026-01-04T11:48:12.818144Z [variant 2]        RL 진행    8/27  (소요  0.0s)
2026-01-04T11:48:12.818144Z [variant 2]        RL 진행   10/27  (소요  0.0s)
2026-01-04T11:48:12.818144Z [variant 2]        RL 진행   12/27  (소요  0.0s)
2026-01-04T11:48:12.818144Z [variant 2]        RL 진행   14/27  (소요  0.0s)
2026-01-04T11:48:12.818144Z [variant 2]        RL 진행   16/27  (소요  0.0s)
2026-01-04T11:48:12.818144Z [variant 2]        RL 진행   18/27  (소요  0.0s)
2026-01-04T11:48:12.818144Z [variant 2]        RL 진행   20/27  (소요  0.0s)
2026-01-04T11:48:12.818144Z [variant 2]        RL 진행   22/27  (소요  0.0s)
2026-01-04T11:48:12.818144Z [variant 2]        RL 진행   24/27  (소요  0.0s)
2026-01-04T11:48:12.825248Z [variant 2]        RL 진행   26/27  (소요  0.0s)
2026-01-04T11:48:12.825248Z [variant 2]        RL 진행   27/27  (소요  0.0s)
2026-01-04T11:48:12.825248Z [variant 2]        ┌─ RL 세부 소요(ms) ─────────────
2026-01-04T11:48:12.825248Z [variant 2]        │ predict :    0.0  / p95    0.0
2026-01-04T11:48:12.825248Z [variant 2]        │ env.step:    0.0  / p95    0.0
2026-01-04T11:48:12.825248Z [variant 2]        │ distance:    0.0  / p95    0.0
2026-01-04T11:48:12.825248Z [variant 2]        └───────────────────────────────
2026-01-04T11:48:12.825248Z [variant 2] [TIME] RL total: 0.00s
2026-01-04T11:48:12.825248Z [variant 2] [5] PuLP 균등 스케줄링
2026-01-04T11:48:12.825248Z [variant 2] [PuLP] 입력 IMP 로드 → _flat.json
2026-01-04T11:48:12.825248Z [variant 2] [PuLP] 임무 27개 → 9개 그룹 (그룹당 ≤3개)
2026-01-04T11:48:12.896448Z [variant 2] [PuLP] Status = Optimal
2026-01-04T11:48:12.896448Z [variant 2] [PuLP] 최적 편차 = 5413.60 s
2026-01-04T11:48:12.896448Z [variant 2] [PuLP] 저장 완료 → C:\Users\LAHMUMT_2\Desktop\KU_LAHMUMT\Logs\Scenario_2026-01-04T204646\SBC3\mission_output\variant_02\_flat_sched.json
2026-01-04T11:48:12.896448Z [variant 2] [TIME] PuLP scheduling: 0.08s
2026-01-04T11:48:12.902359Z [variant 2] [6] UAV IMP 생성‧저장
2026-01-04T11:48:13.313324Z [variant 2]     ▸ IMP 저장: C:\Users\LAHMUMT_2\Desktop\KU_LAHMUMT\Logs\Scenario_2026-01-04T204646\SBC3\mission_output\variant_02\IndividualMissionPlan_UAV004.json
2026-01-04T11:48:13.313324Z [variant 2]     ▸ IMP 저장: C:\Users\LAHMUMT_2\Desktop\KU_LAHMUMT\Logs\Scenario_2026-01-04T204646\SBC3\mission_output\variant_02\IndividualMissionPlan_UAV005.json
2026-01-04T11:48:13.313324Z [variant 2]     ▸ IMP 저장: C:\Users\LAHMUMT_2\Desktop\KU_LAHMUMT\Logs\Scenario_2026-01-04T204646\SBC3\mission_output\variant_02\IndividualMissionPlan_UAV006.json
2026-01-04T11:48:13.313324Z [variant 2] [✔] divide_and_pattern 끝 (총 0.7s 경과)
2026-01-04T11:48:13.313324Z [variant 2] [TIME] UAV IMP build: 0.41s, files=3
2026-01-04T11:48:13.313324Z [TIME] divide_and_pattern (variant=2): 730.7 ms
2026-01-04T11:48:13.313324Z [OK] IMP generated: 6 file(s) (variant=2)
2026-01-04T11:48:13.360984Z [TIME] build_0301+load (variant=2): 46.6 ms
2026-01-04T11:48:13.360984Z [OK] MissionPlan built: MissionPlan_1767527293313.json (variant=2)
2026-01-04T11:48:13.360984Z [TIME] collect_missions (variant=2): 1.0 ms, count=54
2026-01-04T11:48:13.626129Z [TIME] pathID_mapping (variant=2): 260.2 ms
2026-01-04T11:48:13.626129Z [INFO] pathID mapping done for 0302/0303/0304 (variant=2)
2026-01-04T11:48:13.626129Z [INFO] FlightPath build mode: parallel (variant=2)
2026-01-04T11:48:13.984022Z [INFO] FlightPath build time (parallel): 0303=354.7 ms, 0304=274.0 ms, wall=355.6 ms
2026-01-04T11:48:13.984022Z [OK] FlightPath counts (variant=2): 0303=27 / 0304=27
2026-01-04T11:48:14.278584Z [TIME] build_0302 (variant=2): 295.7 ms, packages=6
2026-01-04T11:48:14.278584Z [TIME] write_0302 (variant=2): 4.0 ms, files=6
2026-01-04T11:48:14.312664Z [TIME] write_FlightPath (variant=2): 29.9 ms, files=54
2026-01-04T11:48:14.312664Z [TIME] write_0301 (variant=2): 0.4 ms
2026-01-04T11:48:14.312664Z [OK] Stored variant 2: MissionPlanID=700000003, IMP=6, FlightPath=54
2026-01-04T11:48:14.312664Z [TIME] variant_total (variant=2): 1724.5 ms
2026-01-04T11:48:14.312664Z [INFO] Option mapping #2: planID=700000003, optionCode=4(정찰특화)
2026-01-04T11:48:14.316234Z [OK] Stored mission data: MissionPlan=2, IndividualMission=12, FlightPath=108
2026-01-04T11:48:14.316234Z [STEP 4] 0301 push queued (planIds=700000002, 700000003)
2026-01-04T11:48:14.317814Z [INFO] Execution mode -> sending 0901 instead of 0903
2026-01-04T11:48:14.319817Z [0301] missionPlanID=700000002 전송
2026-01-04T11:48:14.321818Z [0301] missionPlanID=700000003 전송
2026-01-04T11:48:14.322818Z [PUSH] 0301 button click()
2026-01-04T11:48:14.917693Z [0305] status=2, reason=무인기 - 전차(ID-7) 발견으로 인한 재계획 전송
2026-01-04T11:48:15.222583Z [0901] option request sent (count=2, codes=2(공격특화), 4(정찰특화))
2026-01-04T11:48:21.670989Z [AUTO] 0902 received (planIds=700000004, 700000005)
2026-01-04T11:48:21.670989Z [AUTO] replan pipeline scheduled after 0.1s delay
2026-01-04T11:48:21.784253Z [0305] status=1, reason=무인기 1번 - 전차(ID-7) 발견으로 인한 재계획 전송
2026-01-04T11:48:21.788263Z [INFO] Using latest 0201 ID 1 for inputMissionPackageID (fallback)
2026-01-04T11:48:21.788263Z [INFO] Using latest 0203 ID 1 for missionReferencePackageID (fallback)
2026-01-04T11:48:21.788263Z [STEP 0] Replan pipeline start (reason=무인기 1번 - 전차(ID-7) 발견으로 인한 재계획)
2026-01-04T11:48:21.788263Z [ATTACK] 공격 특화 재계획 요청 감지 → 전용 파이프라인 실행
2026-01-04T11:48:21.793874Z [ATTACK] STEP1 Selected manned aircraft: aircraft 2 (fuel=1.2999999523162842, coord=(38.12656021118164, 127.30205535888672, alt=296))
2026-01-04T11:48:21.797898Z [ATTACK] STEP2 UAV tracking summary: watcher None?’target 7, watcher 4?’target 7
2026-01-04T11:48:24.033789Z [ATTACK] STEP3 Attack plan completed: lat=38.131029, lon=127.293834, alt=503m
2026-01-04T11:48:24.033789Z [ATTACK] [ATTACK] Mission override skipped (aircraft IDs missing).
2026-01-04T11:48:24.033789Z [ATTACK] 분석 로그 저장: C:\Users\LAHMUMT_2\Desktop\KU_LAHMUMT\Logs\Scenario_2026-01-04T204646\SBC3\DSS_Internal\log_attack_algorithm_20260104T114824_033789.json
2026-01-04T11:48:24.033789Z [INFO] Latest input snapshot → 0201:ID=1,ts=816922549226,src=-, 0203:ID=1,ts=820842410577,src=-
2026-01-04T11:48:24.033789Z [STEP 0] Using latest 0201 ID 1 (1.json)
2026-01-04T11:48:24.033789Z [STEP 0] Using latest 0203 ID 1 (1.json)
2026-01-04T11:48:24.033789Z [INFO] Filtered completed input missions (removed=1, 2, converted=-, widthAdjusted=-)
2026-01-04T11:48:24.033789Z [WARN] 공격 옵션이 있으나 활용 가능한 대상 정보가 없어 기본 임무를 유지합니다.
2026-01-04T11:48:24.033789Z [STEP 1.1] Divide & Pattern start
2026-01-04T11:48:24.033789Z [variant 1] [1] CMPK 로드
2026-01-04T11:48:24.033789Z [variant 1]     ▸ VehicleStatus 적용: 사용 가능한 기체 [1, 2, 3, 4, 5, 6]
2026-01-04T11:48:24.033789Z [variant 1]     MRPK 로드
2026-01-04T11:48:24.033789Z [variant 1]     ▸ 로드 완료  (소요 0.00s)
2026-01-04T11:48:24.033789Z [variant 1] [2] LAH 임무 저장 시작
2026-01-04T11:48:24.234805Z [variant 1] [LAH1] LAH 임무파일 저장 → C:\Users\LAHMUMT_2\Desktop\KU_LAHMUMT\Logs\Scenario_2026-01-04T204646\SBC3\mission_output\variant_01\IndividualMissionPlan_LAH001.json
2026-01-04T11:48:24.250499Z [variant 1] [LAH2] LAH 임무파일 저장 → C:\Users\LAHMUMT_2\Desktop\KU_LAHMUMT\Logs\Scenario_2026-01-04T204646\SBC3\mission_output\variant_01\IndividualMissionPlan_LAH002.json
2026-01-04T11:48:24.250499Z [variant 1] [LAH3] LAH 임무파일 저장 → C:\Users\LAHMUMT_2\Desktop\KU_LAHMUMT\Logs\Scenario_2026-01-04T204646\SBC3\mission_output\variant_01\IndividualMissionPlan_LAH003.json
2026-01-04T11:48:24.250499Z [variant 1] [TIME] LAH save: 0.21s
2026-01-04T11:48:24.250499Z [variant 1]     ▸ LAH 3개 파일 저장
2026-01-04T11:48:24.250499Z [variant 1] [3] InputMission 분할
2026-01-04T11:48:24.250499Z [variant 1] [3] InputMission 분할
2026-01-04T11:48:24.250499Z [variant 1]     ▸ (1/9) inputMissionID=3 type=2
2026-01-04T11:48:24.250499Z [variant 1]        └─ sub-area 3개 추가 (누적 3)
2026-01-04T11:48:24.250499Z [variant 1]     ▸ (2/9) inputMissionID=4 type=1
2026-01-04T11:48:24.250499Z [variant 1]        └─ sub-area 3개 추가 (누적 6)
2026-01-04T11:48:24.250499Z [variant 1]     ▸ (3/9) inputMissionID=5 type=2
2026-01-04T11:48:24.250499Z [variant 1]        └─ sub-area 3개 추가 (누적 9)
2026-01-04T11:48:24.250499Z [variant 1]     ▸ (4/9) inputMissionID=6 type=1
2026-01-04T11:48:24.250499Z [variant 1]        └─ sub-area 3개 추가 (누적 12)
2026-01-04T11:48:24.250499Z [variant 1]     ▸ (5/9) inputMissionID=7 type=2
2026-01-04T11:48:24.250499Z [variant 1]        └─ sub-area 3개 추가 (누적 15)
2026-01-04T11:48:24.250499Z [variant 1]     ▸ (6/9) inputMissionID=8 type=1
2026-01-04T11:48:24.262770Z [variant 1]        └─ sub-area 3개 추가 (누적 18)
2026-01-04T11:48:24.262770Z [variant 1]     ▸ (7/9) inputMissionID=9 type=2
2026-01-04T11:48:24.262770Z [variant 1]        └─ sub-area 3개 추가 (누적 21)
2026-01-04T11:48:24.262770Z [variant 1]     ▸ (8/9) inputMissionID=10 type=1
2026-01-04T11:48:24.262770Z [variant 1]        └─ sub-area 3개 추가 (누적 24)
2026-01-04T11:48:24.262770Z [variant 1]     ▸ (9/9) inputMissionID=11 type=1
2026-01-04T11:48:24.262770Z [variant 1]        └─ sub-area 3개 추가 (누적 27)
2026-01-04T11:48:24.262770Z [variant 1]     ▸ 분할 완료: 27개 sub-area
2026-01-04T11:48:24.266198Z [variant 1] [TIME] InputMission split: 0.01s
2026-01-04T11:48:24.266198Z [variant 1] [4] RL 예상시간 계산
2026-01-04T11:48:24.266198Z [variant 1]        RL 진행    1/27  (소요  0.0s)
2026-01-04T11:48:24.266198Z [variant 1]        RL 진행    2/27  (소요  0.0s)
2026-01-04T11:48:24.267201Z [variant 1]        RL 진행    4/27  (소요  0.0s)
2026-01-04T11:48:24.267201Z [variant 1]        RL 진행    6/27  (소요  0.0s)
2026-01-04T11:48:24.267201Z [variant 1]        RL 진행    8/27  (소요  0.0s)
2026-01-04T11:48:24.267201Z [variant 1]        RL 진행   10/27  (소요  0.0s)
2026-01-04T11:48:24.267201Z [variant 1]        RL 진행   12/27  (소요  0.0s)
2026-01-04T11:48:24.267201Z [variant 1]        RL 진행   14/27  (소요  0.0s)
2026-01-04T11:48:24.267201Z [variant 1]        RL 진행   16/27  (소요  0.0s)
2026-01-04T11:48:24.267201Z [variant 1]        RL 진행   18/27  (소요  0.0s)
2026-01-04T11:48:24.267201Z [variant 1]        RL 진행   20/27  (소요  0.0s)
2026-01-04T11:48:24.267201Z [variant 1]        RL 진행   22/27  (소요  0.0s)
2026-01-04T11:48:24.267201Z [variant 1]        RL 진행   24/27  (소요  0.0s)
2026-01-04T11:48:24.267201Z [variant 1]        RL 진행   26/27  (소요  0.0s)
2026-01-04T11:48:24.267201Z [variant 1]        RL 진행   27/27  (소요  0.0s)
2026-01-04T11:48:24.267201Z [variant 1]        ┌─ RL 세부 소요(ms) ─────────────
2026-01-04T11:48:24.267201Z [variant 1]        │ predict :    0.0  / p95    0.0
2026-01-04T11:48:24.267201Z [variant 1]        │ env.step:    0.0  / p95    0.0
2026-01-04T11:48:24.267201Z [variant 1]        │ distance:    0.0  / p95    0.0
2026-01-04T11:48:24.267201Z [variant 1]        └───────────────────────────────
2026-01-04T11:48:24.267201Z [variant 1] [TIME] RL total: 0.00s
2026-01-04T11:48:24.267201Z [variant 1] [5] PuLP 균등 스케줄링
2026-01-04T11:48:24.267201Z [variant 1] [PuLP] 입력 IMP 로드 → _flat.json
2026-01-04T11:48:24.267201Z [variant 1] [PuLP] 임무 27개 → 9개 그룹 (그룹당 ≤3개)
2026-01-04T11:48:24.345343Z [variant 1] [PuLP] Status = Optimal
2026-01-04T11:48:24.345343Z [variant 1] [PuLP] 최적 편차 = 5413.60 s
2026-01-04T11:48:24.345343Z [variant 1] [PuLP] 저장 완료 → C:\Users\LAHMUMT_2\Desktop\KU_LAHMUMT\Logs\Scenario_2026-01-04T204646\SBC3\mission_output\variant_01\_flat_sched.json
2026-01-04T11:48:24.345343Z [variant 1] [TIME] PuLP scheduling: 0.09s
2026-01-04T11:48:24.356450Z [variant 1] [6] UAV IMP 생성‧저장
2026-01-04T11:48:24.770654Z [variant 1]     ▸ IMP 저장: C:\Users\LAHMUMT_2\Desktop\KU_LAHMUMT\Logs\Scenario_2026-01-04T204646\SBC3\mission_output\variant_01\IndividualMissionPlan_UAV004.json
2026-01-04T11:48:24.770654Z [variant 1]     ▸ IMP 저장: C:\Users\LAHMUMT_2\Desktop\KU_LAHMUMT\Logs\Scenario_2026-01-04T204646\SBC3\mission_output\variant_01\IndividualMissionPlan_UAV005.json
2026-01-04T11:48:24.770654Z [variant 1]     ▸ IMP 저장: C:\Users\LAHMUMT_2\Desktop\KU_LAHMUMT\Logs\Scenario_2026-01-04T204646\SBC3\mission_output\variant_01\IndividualMissionPlan_UAV006.json
2026-01-04T11:48:24.770654Z [variant 1] [✔] divide_and_pattern 끝 (총 0.7s 경과)
2026-01-04T11:48:24.770654Z [variant 1] [TIME] UAV IMP build: 0.43s, files=3
2026-01-04T11:48:24.786297Z [TIME] divide_and_pattern (variant=1): 746.7 ms
2026-01-04T11:48:24.786297Z [OK] IMP generated: 6 file(s) (variant=1)
2026-01-04T11:48:24.802267Z [TIME] build_0301+load (variant=1): 31.7 ms
2026-01-04T11:48:24.802267Z [OK] MissionPlan built: MissionPlan_1767527304770.json (variant=1)
2026-01-04T11:48:24.818216Z [TIME] collect_missions (variant=1): 1.0 ms, count=54
2026-01-04T11:48:25.124930Z [TIME] pathID_mapping (variant=1): 314.3 ms
2026-01-04T11:48:25.124930Z [INFO] pathID mapping done for 0302/0303/0304 (variant=1)
2026-01-04T11:48:25.133372Z [INFO] FlightPath build mode: parallel (variant=1)
2026-01-04T11:48:25.496432Z [INFO] FlightPath build time (parallel): 0303=362.8 ms, 0304=286.2 ms, wall=363.9 ms
2026-01-04T11:48:25.496432Z [OK] FlightPath counts (variant=1): 0303=27 / 0304=27
2026-01-04T11:48:25.751295Z [TIME] build_0302 (variant=1): 264.6 ms, packages=6
2026-01-04T11:48:25.762680Z [TIME] write_0302 (variant=1): 3.3 ms, files=6
2026-01-04T11:48:25.783017Z [TIME] write_FlightPath (variant=1): 24.4 ms, files=54
2026-01-04T11:48:25.783017Z [TIME] write_0301 (variant=1): 0.3 ms
2026-01-04T11:48:25.783017Z [OK] Stored variant 1: MissionPlanID=700000004, IMP=6, FlightPath=54
2026-01-04T11:48:25.783017Z [TIME] variant_total (variant=1): 1750.4 ms
2026-01-04T11:48:25.783017Z [INFO] Option mapping #1: planID=700000004, optionCode=2(공격특화)
2026-01-04T11:48:25.783017Z [STEP 1.2] Divide & Pattern start
2026-01-04T11:48:25.783017Z [variant 2] [1] CMPK 로드
2026-01-04T11:48:25.783017Z [variant 2]     ▸ VehicleStatus 적용: 사용 가능한 기체 [1, 2, 3, 4, 5, 6]
2026-01-04T11:48:25.783017Z [variant 2]     MRPK 로드
2026-01-04T11:48:25.783017Z [variant 2]     ▸ 로드 완료  (소요 0.00s)
2026-01-04T11:48:25.783017Z [variant 2] [2] LAH 임무 저장 시작
2026-01-04T11:48:26.012776Z [variant 2] [LAH1] LAH 임무파일 저장 → C:\Users\LAHMUMT_2\Desktop\KU_LAHMUMT\Logs\Scenario_2026-01-04T204646\SBC3\mission_output\variant_02\IndividualMissionPlan_LAH001.json
2026-01-04T11:48:26.012776Z [variant 2] [LAH2] LAH 임무파일 저장 → C:\Users\LAHMUMT_2\Desktop\KU_LAHMUMT\Logs\Scenario_2026-01-04T204646\SBC3\mission_output\variant_02\IndividualMissionPlan_LAH002.json
2026-01-04T11:48:26.012776Z [variant 2] [LAH3] LAH 임무파일 저장 → C:\Users\LAHMUMT_2\Desktop\KU_LAHMUMT\Logs\Scenario_2026-01-04T204646\SBC3\mission_output\variant_02\IndividualMissionPlan_LAH003.json
2026-01-04T11:48:26.012776Z [variant 2] [TIME] LAH save: 0.23s
2026-01-04T11:48:26.012776Z [variant 2]     ▸ LAH 3개 파일 저장
2026-01-04T11:48:26.012776Z [variant 2] [3] InputMission 분할
2026-01-04T11:48:26.012776Z [variant 2] [3] InputMission 분할
2026-01-04T11:48:26.012776Z [variant 2]     ▸ (1/9) inputMissionID=3 type=2
2026-01-04T11:48:26.020660Z [variant 2]        └─ sub-area 3개 추가 (누적 3)
2026-01-04T11:48:26.020660Z [variant 2]     ▸ (2/9) inputMissionID=4 type=1
2026-01-04T11:48:26.020660Z [variant 2]        └─ sub-area 3개 추가 (누적 6)
2026-01-04T11:48:26.020660Z [variant 2]     ▸ (3/9) inputMissionID=5 type=2
2026-01-04T11:48:26.020660Z [variant 2]        └─ sub-area 3개 추가 (누적 9)
2026-01-04T11:48:26.020660Z [variant 2]     ▸ (4/9) inputMissionID=6 type=1
2026-01-04T11:48:26.020660Z [variant 2]        └─ sub-area 3개 추가 (누적 12)
2026-01-04T11:48:26.020660Z [variant 2]     ▸ (5/9) inputMissionID=7 type=2
2026-01-04T11:48:26.020660Z [variant 2]        └─ sub-area 3개 추가 (누적 15)
2026-01-04T11:48:26.020660Z [variant 2]     ▸ (6/9) inputMissionID=8 type=1
2026-01-04T11:48:26.020660Z [variant 2]        └─ sub-area 3개 추가 (누적 18)
2026-01-04T11:48:26.020660Z [variant 2]     ▸ (7/9) inputMissionID=9 type=2
2026-01-04T11:48:26.020660Z [variant 2]        └─ sub-area 3개 추가 (누적 21)
2026-01-04T11:48:26.020660Z [variant 2]     ▸ (8/9) inputMissionID=10 type=1
2026-01-04T11:48:26.020660Z [variant 2]        └─ sub-area 3개 추가 (누적 24)
2026-01-04T11:48:26.020660Z [variant 2]     ▸ (9/9) inputMissionID=11 type=1
2026-01-04T11:48:26.020660Z [variant 2]        └─ sub-area 3개 추가 (누적 27)
2026-01-04T11:48:26.020660Z [variant 2]     ▸ 분할 완료: 27개 sub-area
2026-01-04T11:48:26.020660Z [variant 2] [TIME] InputMission split: 0.01s
2026-01-04T11:48:26.020660Z [variant 2] [4] RL 예상시간 계산
2026-01-04T11:48:26.020660Z [variant 2]        RL 진행    1/27  (소요  0.0s)
2026-01-04T11:48:26.020660Z [variant 2]        RL 진행    2/27  (소요  0.0s)
2026-01-04T11:48:26.020660Z [variant 2]        RL 진행    4/27  (소요  0.0s)
2026-01-04T11:48:26.020660Z [variant 2]        RL 진행    6/27  (소요  0.0s)
2026-01-04T11:48:26.020660Z [variant 2]        RL 진행    8/27  (소요  0.0s)
2026-01-04T11:48:26.020660Z [variant 2]        RL 진행   10/27  (소요  0.0s)
2026-01-04T11:48:26.020660Z [variant 2]        RL 진행   12/27  (소요  0.0s)
2026-01-04T11:48:26.020660Z [variant 2]        RL 진행   14/27  (소요  0.0s)
2026-01-04T11:48:26.020660Z [variant 2]        RL 진행   16/27  (소요  0.0s)
2026-01-04T11:48:26.020660Z [variant 2]        RL 진행   18/27  (소요  0.0s)
2026-01-04T11:48:26.020660Z [variant 2]        RL 진행   20/27  (소요  0.0s)
2026-01-04T11:48:26.020660Z [variant 2]        RL 진행   22/27  (소요  0.0s)
2026-01-04T11:48:26.020660Z [variant 2]        RL 진행   24/27  (소요  0.0s)
2026-01-04T11:48:26.020660Z [variant 2]        RL 진행   26/27  (소요  0.0s)
2026-01-04T11:48:26.020660Z [variant 2]        RL 진행   27/27  (소요  0.0s)
2026-01-04T11:48:26.020660Z [variant 2]        ┌─ RL 세부 소요(ms) ─────────────
2026-01-04T11:48:26.020660Z [variant 2]        │ predict :    0.0  / p95    0.0
2026-01-04T11:48:26.020660Z [variant 2]        │ env.step:    0.0  / p95    0.0
2026-01-04T11:48:26.020660Z [variant 2]        │ distance:    0.0  / p95    0.0
2026-01-04T11:48:26.020660Z [variant 2]        └───────────────────────────────
2026-01-04T11:48:26.020660Z [variant 2] [TIME] RL total: 0.00s
2026-01-04T11:48:26.020660Z [variant 2] [5] PuLP 균등 스케줄링
2026-01-04T11:48:26.020660Z [variant 2] [PuLP] 입력 IMP 로드 → _flat.json
2026-01-04T11:48:26.020660Z [variant 2] [PuLP] 임무 27개 → 9개 그룹 (그룹당 ≤3개)
2026-01-04T11:48:26.110697Z [variant 2] [PuLP] Status = Optimal
2026-01-04T11:48:26.110697Z [variant 2] [PuLP] 최적 편차 = 5413.60 s
2026-01-04T11:48:26.110697Z [variant 2] [PuLP] 저장 완료 → C:\Users\LAHMUMT_2\Desktop\KU_LAHMUMT\Logs\Scenario_2026-01-04T204646\SBC3\mission_output\variant_02\_flat_sched.json
2026-01-04T11:48:26.110697Z [variant 2] [TIME] PuLP scheduling: 0.09s
2026-01-04T11:48:26.118785Z [variant 2] [6] UAV IMP 생성‧저장
2026-01-04T11:48:26.527186Z [variant 2]     ▸ IMP 저장: C:\Users\LAHMUMT_2\Desktop\KU_LAHMUMT\Logs\Scenario_2026-01-04T204646\SBC3\mission_output\variant_02\IndividualMissionPlan_UAV004.json
2026-01-04T11:48:26.528186Z [variant 2]     ▸ IMP 저장: C:\Users\LAHMUMT_2\Desktop\KU_LAHMUMT\Logs\Scenario_2026-01-04T204646\SBC3\mission_output\variant_02\IndividualMissionPlan_UAV005.json
2026-01-04T11:48:26.528186Z [variant 2]     ▸ IMP 저장: C:\Users\LAHMUMT_2\Desktop\KU_LAHMUMT\Logs\Scenario_2026-01-04T204646\SBC3\mission_output\variant_02\IndividualMissionPlan_UAV006.json
2026-01-04T11:48:26.528186Z [variant 2] [✔] divide_and_pattern 끝 (총 0.7s 경과)
2026-01-04T11:48:26.529662Z [variant 2] [TIME] UAV IMP build: 0.41s, files=3
2026-01-04T11:48:26.529662Z [TIME] divide_and_pattern (variant=2): 738.9 ms
2026-01-04T11:48:26.529662Z [OK] IMP generated: 6 file(s) (variant=2)
2026-01-04T11:48:26.561770Z [TIME] build_0301+load (variant=2): 34.7 ms
2026-01-04T11:48:26.561770Z [OK] MissionPlan built: MissionPlan_1767527306528.json (variant=2)
2026-01-04T11:48:26.561770Z [TIME] collect_missions (variant=2): 0.9 ms, count=54
2026-01-04T11:48:26.804836Z [TIME] pathID_mapping (variant=2): 241.6 ms
2026-01-04T11:48:26.804836Z [INFO] pathID mapping done for 0302/0303/0304 (variant=2)
2026-01-04T11:48:26.804836Z [INFO] FlightPath build mode: parallel (variant=2)
2026-01-04T11:48:27.169009Z [INFO] FlightPath build time (parallel): 0303=363.0 ms, 0304=279.0 ms, wall=363.9 ms
2026-01-04T11:48:27.169009Z [OK] FlightPath counts (variant=2): 0303=27 / 0304=27
2026-01-04T11:48:27.418966Z [TIME] build_0302 (variant=2): 257.7 ms, packages=6
2026-01-04T11:48:27.431183Z [TIME] write_0302 (variant=2): 5.4 ms, files=6
2026-01-04T11:48:27.450276Z [TIME] write_FlightPath (variant=2): 26.2 ms, files=54
2026-01-04T11:48:27.450276Z [TIME] write_0301 (variant=2): 0.3 ms
2026-01-04T11:48:27.450276Z [OK] Stored variant 2: MissionPlanID=700000005, IMP=6, FlightPath=54
2026-01-04T11:48:27.450276Z [TIME] variant_total (variant=2): 1670.1 ms
2026-01-04T11:48:27.450276Z [INFO] Option mapping #2: planID=700000005, optionCode=4(정찰특화)
2026-01-04T11:48:27.450276Z [OK] Stored mission data: MissionPlan=2, IndividualMission=12, FlightPath=108
2026-01-04T11:48:27.450276Z [STEP 4] 0301 push queued (planIds=700000004, 700000005)
2026-01-04T11:48:27.463284Z [INFO] Execution mode -> sending 0901 instead of 0903
2026-01-04T11:48:27.465285Z [0301] missionPlanID=700000004 전송
2026-01-04T11:48:27.466284Z [0301] missionPlanID=700000005 전송
2026-01-04T11:48:27.467288Z [PUSH] 0301 button click()
2026-01-04T11:48:28.064834Z [0305] status=2, reason=무인기 1번 - 전차(ID-7) 발견으로 인한 재계획 전송
2026-01-04T11:48:28.363845Z [0901] option request sent (count=2, codes=2(공격특화), 4(정찰특화))
