
[2026-03-16 15:06:24] process-log attached: dashboard
[OPS] Standby 활성화(신규 경로 적용) 2026-03-16T150624 @ C:\Users\rain9\Desktop\LAH_MUMT\branNew\DSS_KU\Logs\Scenario_2026-03-16T150624\SBC3
[OPS] New sortie detected -> mission IDs reset for active scenario
[OPS] SystemMode=2 수신 -> 초기임무계획 모드 진입
모든 SW 초기임무계획 모드
[OPS] 0305 재계획 완료 (대기모드 전환은 0702 수신 후)
[OPS] 0305 재계획 완료 (대기모드 전환은 0702 수신 후)
[OPS] 0702 수신 -> 대기모드 전환
모든 SW 대기모드 진입
[OPS] 0305 재계획 완료 (대기모드 전환은 0702 수신 후)
[OPS] 0702 수신 -> 대기모드 전환
모든 SW 대기모드 진입
[OPS] 0305 재계획 완료 (대기모드 전환은 0702 수신 후)
[OPS] 0305 재계획 완료 (대기모드 전환은 0702 수신 후)
[OPS] 0702 수신 -> 대기모드 전환
모든 SW 대기모드 진입
[OPS] 0305 재계획 완료 (대기모드 전환은 0702 수신 후)
[OPS] 0702 수신 -> 대기모드 전환
모든 SW 대기모드 진입
[OPS] 0305 재계획 완료 (대기모드 전환은 0702 수신 후)
[OPS] 0305 재계획 완료 (대기모드 전환은 0702 수신 후)
[OPS] 0702 수신 -> 대기모드 전환
모든 SW 대기모드 진입
[OPS] 0305 재계획 완료 (대기모드 전환은 0702 수신 후)
[OPS] 0305 재계획 완료 (대기모드 전환은 0702 수신 후)
[OPS] 0702 수신 -> 대기모드 전환
모든 SW 대기모드 진입
[OPS] 0305 재계획 완료 (대기모드 전환은 0702 수신 후)
[OPS] 0702 수신 -> 대기모드 전환
모든 SW 대기모드 진입
