
[2026-03-16 15:06:24] process-log attached: mission_planning
[MODE] 슬라이더 변경 → 대기모드
[0101/POLL] 모드 동기화 code=1
[AUTO] 0902 received (planIds=700000100)
[AUTO] replan pipeline scheduled after 0.1s delay
[MODE] 슬라이더 변경 → 초기 임무 계획
[0101/POLL] 모드 동기화 code=2
[0305] status=1, reason=초기임무재계획 전송
[STEP 0] Replan pipeline start (reason=초기임무재계획)
[INFO] UAV params loaded (cruise=40.00, turn_step=15.0)
[INFO] Latest input snapshot → 0201:ID=-,ts=-,src=-, 0203:ID=-,ts=-,src=-
[INFO] Fallback 0201 file selected: 100.json
[INFO] Fallback 0203 file selected: 0.json
[CHECK] 0201/0203 필수 데이터 확인 시작
[OK] 0201 inputMissionList 확인됨 (count=4) → 진행
[OK] 0201 availableAircraftList 확인됨 (count=6) → 진행
[OK] 0201 inputMissionPackageType=1 확인
[OK] 0201 mainSensor=1 확인
[CHECK] 0201 기체 수=6 (UAV=3, LAH=3)
[CHECK] 0201 임무: total=4 missingID=0 missingDetail=0 missingShape=0 unknownType=0 typeZero=0 lineOnlyViolation=0
[OK] 0203 takeOverInfoList 확인됨 (count=3) → 진행
[OK] 0203 handOverInfoList 확인됨 (count=3) → 진행
[OK] 0203 flightAreaList 확인됨 (count=1) → 진행
[CHECK] 0203 flightAreaList count=1
[STEP 1.1] Divide & Pattern start
[variant 1] [ENHANCED][1] split start: uavs=[4, 5, 6]
[variant 1] [ENHANCED][1] split done: pieces=12
[variant 1] [ENHANCED][2] type-decider done: profile=6 changed=12/12
[variant 1] [ENHANCED][3] expected-path done: count=12
[variant 1] [ENHANCED][4] area-review done: overflow=3 targets=3 pieces=12->34
[variant 1] [ENHANCED][5] expected-velocity done: pieces=34 dbRows=391
[variant 1] [ENHANCED][6] 0302 export done: files=6
[variant 1] [ENHANCED] total=119.5 ms
[TIME] divide_and_pattern (variant=1): 119.7 ms
[OK] IMP generated: 6 file(s) (variant=1)
[TIME] build_0301+load (variant=1): 25.2 ms
[OK] MissionPlan built: MissionPlan_1773641189098.json (variant=1)
[TIME] collect_missions (variant=1): 4.1 ms, count=27
[TIME] pathID_mapping (variant=1): 139.1 ms
[INFO] pathID mapping done for 0302/0303/0304 (variant=1)
[INFO] FlightPath build mode: parallel (variant=1)
[SWEEP][LINE] separation=370.00m, fov=4.40°, spacing=31.27m (~32 strips/1km)
[SWEEP][AREA] separation=1145.00m, fov=1.80°, spacing=39.57m (~25 strips/1km)
[INFO] FlightPath build time (parallel): 0303=917.8 ms, 0304=637.9 ms, wall=921.8 ms
[OK] FlightPath counts (variant=1): 0303=15 / 0304=12
[TIME] build_0302 (variant=1): 95.5 ms, packages=6
[TIME] write_0302 (variant=1): 9.0 ms, files=6
[TIME] write_FlightPath (variant=1): 86.5 ms, files=27
[TIME] write_0301 (variant=1): 1.5 ms
[OK] Stored variant 1: MissionPlanID=700000000, IMP=6, FlightPath=27
[TIME] variant_total (variant=1): 1421.2 ms
[INFO] Option mapping #1: planID=700000000, optionCode=1(시스템 추천)
[OK] Stored mission data: MissionPlan=1, IndividualMission=6, FlightPath=27
[STEP 4] 0301 push queued (planIds=700000000)
[0301] missionPlanID=700000000 전송
[PUSH] 0301 button click()
[INFO] Post-0301 apply queued (grace=1800ms, timeout=3000ms, plans=1)
[0305] status=2, reason=초기임무재계획, elapsed=1.49s 전송
[INFO] Post-0301 ready (timeout) -> sending 0903
[0903] request sent (missionPlanID=700000000)
[MODE] 슬라이더 변경 → 임무 수행
[0101/POLL] 모드 동기화 code=3
[AUTO] 0902 received (planIds=700000101)
[AUTO] replan pipeline scheduled after 0.1s delay
[0305] status=1, reason=000 무인기 경로 미추종으로 인한 재계획 전송
[STEP 0] Replan pipeline start (reason=000 무인기 경로 미추종으로 인한 재계획)
[PATHDEV] Level-3 path deviation request detected. Using dedicated pipeline.
[PATHDEV] stored path-deviation artifacts -> plan:700000101.json, imp:800000456.json, fp:600000478.json (5.9 ms)
[PATHDEV] log captured -> C:\Users\rain9\Desktop\LAH_MUMT\branNew\DSS_KU\Logs\Scenario_2026-03-16T150624\SBC3\DSS_Internal\PathDeviation_6_826956583516.json
[PATHDEV][DELIVERY] direct push start (planIds=700000101)
[STEP 4] 0301 push queued (planIds=700000101)
[INFO] Direct delivery -> skip 0901/0701, send 0301+0903 only
[0301] missionPlanID=700000101 전송
[PUSH] 0301 button click()
[INFO] Post-0301 apply queued (grace=1800ms, timeout=3000ms, plans=1)
[PATHDEV] Path-deviation pipeline complete (planIds=[700000101], log=C:\Users\rain9\Desktop\LAH_MUMT\branNew\DSS_KU\Logs\Scenario_2026-03-16T150624\SBC3\DSS_Internal\PathDeviation_6_826956583516.json)
[0305] status=2, reason=000 무인기 경로 미추종으로 인한 재계획, elapsed=0.09s 전송
[INFO] Post-0301 ready (timeout) -> sending 0903
[0903] request sent (missionPlanID=700000101)
[0702][AUTO] ignore=2 sent (missionPlanID=700000101)
[AUTO] 0902 received (planIds=700000102)
[AUTO] replan pipeline scheduled after 0.1s delay
[0305] status=1, reason=000 무인기 경로 미추종으로 인한 재계획 전송
[STEP 0] Replan pipeline start (reason=000 무인기 경로 미추종으로 인한 재계획)
[PATHDEV] Level-3 path deviation request detected. Using dedicated pipeline.
[PATHDEV] stored path-deviation artifacts -> plan:700000102.json, imp:800000457.json, fp:600000479.json (23.0 ms)
[PATHDEV] log captured -> C:\Users\rain9\Desktop\LAH_MUMT\branNew\DSS_KU\Logs\Scenario_2026-03-16T150624\SBC3\DSS_Internal\PathDeviation_6_826956776468.json
[PATHDEV][DELIVERY] direct push start (planIds=700000102)
[STEP 4] 0301 push queued (planIds=700000102)
[INFO] Direct delivery -> skip 0901/0701, send 0301+0903 only
[0301] missionPlanID=700000102 전송
[PUSH] 0301 button click()
[INFO] Post-0301 apply queued (grace=1800ms, timeout=3000ms, plans=1)
[PATHDEV] Path-deviation pipeline complete (planIds=[700000102], log=C:\Users\rain9\Desktop\LAH_MUMT\branNew\DSS_KU\Logs\Scenario_2026-03-16T150624\SBC3\DSS_Internal\PathDeviation_6_826956776468.json)
[0305] status=2, reason=000 무인기 경로 미추종으로 인한 재계획, elapsed=0.22s 전송
[INFO] Post-0301 ready (timeout) -> sending 0903
[0903] request sent (missionPlanID=700000102)
[0702][AUTO] ignore=2 sent (missionPlanID=700000102)
[AUTO] 0902 received (planIds=700000103)
[AUTO] replan pipeline scheduled after 0.1s delay
[0305] status=1, reason=000 무인기 경로 미추종으로 인한 재계획 전송
[STEP 0] Replan pipeline start (reason=000 무인기 경로 미추종으로 인한 재계획)
[PATHDEV] Level-3 path deviation request detected. Using dedicated pipeline.
[PATHDEV] stored path-deviation artifacts -> plan:700000103.json, imp:800000458.json, fp:500000485.json (14.4 ms)
[PATHDEV] log captured -> C:\Users\rain9\Desktop\LAH_MUMT\branNew\DSS_KU\Logs\Scenario_2026-03-16T150624\SBC3\DSS_Internal\PathDeviation_5_826956986346.json
[PATHDEV][DELIVERY] direct push start (planIds=700000103)
[STEP 4] 0301 push queued (planIds=700000103)
[INFO] Direct delivery -> skip 0901/0701, send 0301+0903 only
[0301] missionPlanID=700000103 전송
[PUSH] 0301 button click()
[INFO] Post-0301 apply queued (grace=1800ms, timeout=3000ms, plans=1)
[PATHDEV] Path-deviation pipeline complete (planIds=[700000103], log=C:\Users\rain9\Desktop\LAH_MUMT\branNew\DSS_KU\Logs\Scenario_2026-03-16T150624\SBC3\DSS_Internal\PathDeviation_5_826956986346.json)
[0305] status=2, reason=000 무인기 경로 미추종으로 인한 재계획, elapsed=0.20s 전송
[AUTO] 0902 received (planIds=700000104)
[AUTO] replan pipeline scheduled after 0.1s delay
[0305] status=1, reason=000 무인기 경로 미추종으로 인한 재계획 전송
[STEP 0] Replan pipeline start (reason=000 무인기 경로 미추종으로 인한 재계획)
[PATHDEV] Level-3 path deviation request detected. Using dedicated pipeline.
[PATHDEV] stored path-deviation artifacts -> plan:700000104.json, imp:800000459.json, fp:400000471.json (22.8 ms)
[PATHDEV] log captured -> C:\Users\rain9\Desktop\LAH_MUMT\branNew\DSS_KU\Logs\Scenario_2026-03-16T150624\SBC3\DSS_Internal\PathDeviation_4_826956987569.json
[PATHDEV][DELIVERY] direct push start (planIds=700000104)
[STEP 4] 0301 push queued (planIds=700000104)
[INFO] Direct delivery -> skip 0901/0701, send 0301+0903 only
[0301] missionPlanID=700000104 전송
[PUSH] 0301 button click()
[INFO] Post-0301 apply queued (grace=1800ms, timeout=3000ms, plans=1)
[PATHDEV] Path-deviation pipeline complete (planIds=[700000104], log=C:\Users\rain9\Desktop\LAH_MUMT\branNew\DSS_KU\Logs\Scenario_2026-03-16T150624\SBC3\DSS_Internal\PathDeviation_4_826956987569.json)
[0305] status=2, reason=000 무인기 경로 미추종으로 인한 재계획, elapsed=0.42s 전송
[INFO] Post-0301 ready (timeout) -> sending 0903
[0903] request sent (missionPlanID=700000104)
[0702][AUTO] ignore=2 sent (missionPlanID=700000104)
[AUTO] 0902 received (planIds=700000105)
[AUTO] replan pipeline scheduled after 0.1s delay
[0305] status=1, reason=000 무인기 경로 미추종으로 인한 재계획 전송
[STEP 0] Replan pipeline start (reason=000 무인기 경로 미추종으로 인한 재계획)
[PATHDEV] Level-3 path deviation request detected. Using dedicated pipeline.
[PATHDEV] stored path-deviation artifacts -> plan:700000105.json, imp:800000460.json, fp:500000486.json (16.0 ms)
[PATHDEV] log captured -> C:\Users\rain9\Desktop\LAH_MUMT\branNew\DSS_KU\Logs\Scenario_2026-03-16T150624\SBC3\DSS_Internal\PathDeviation_5_826956991923.json
[PATHDEV][DELIVERY] direct push start (planIds=700000105)
[STEP 4] 0301 push queued (planIds=700000105)
[INFO] Direct delivery -> skip 0901/0701, send 0301+0903 only
[0301] missionPlanID=700000105 전송
[PUSH] 0301 button click()
[INFO] Post-0301 apply queued (grace=1800ms, timeout=3000ms, plans=1)
[PATHDEV] Path-deviation pipeline complete (planIds=[700000105], log=C:\Users\rain9\Desktop\LAH_MUMT\branNew\DSS_KU\Logs\Scenario_2026-03-16T150624\SBC3\DSS_Internal\PathDeviation_5_826956991923.json)
[0305] status=2, reason=000 무인기 경로 미추종으로 인한 재계획, elapsed=0.21s 전송
[INFO] Post-0301 ready (timeout) -> sending 0903
[0903] request sent (missionPlanID=700000105)
[0702][AUTO] ignore=2 sent (missionPlanID=700000105)
[AUTO] 0902 received (planIds=700000106)
[AUTO] replan pipeline scheduled after 0.1s delay
[0305] status=1, reason=000 무인기 경로 미추종으로 인한 재계획 전송
[STEP 0] Replan pipeline start (reason=000 무인기 경로 미추종으로 인한 재계획)
[PATHDEV] Level-3 path deviation request detected. Using dedicated pipeline.
[PATHDEV] stored path-deviation artifacts -> plan:700000106.json, imp:800000461.json, fp:500000487.json (16.0 ms)
[PATHDEV] log captured -> C:\Users\rain9\Desktop\LAH_MUMT\branNew\DSS_KU\Logs\Scenario_2026-03-16T150624\SBC3\DSS_Internal\PathDeviation_5_826957070778.json
[PATHDEV][DELIVERY] direct push start (planIds=700000106)
[STEP 4] 0301 push queued (planIds=700000106)
[INFO] Direct delivery -> skip 0901/0701, send 0301+0903 only
[0301] missionPlanID=700000106 전송
[PUSH] 0301 button click()
[INFO] Post-0301 apply queued (grace=1800ms, timeout=3000ms, plans=1)
[PATHDEV] Path-deviation pipeline complete (planIds=[700000106], log=C:\Users\rain9\Desktop\LAH_MUMT\branNew\DSS_KU\Logs\Scenario_2026-03-16T150624\SBC3\DSS_Internal\PathDeviation_5_826957070778.json)
[0305] status=2, reason=000 무인기 경로 미추종으로 인한 재계획, elapsed=0.20s 전송
[AUTO] 0902 received (planIds=700000107)
[AUTO] replan pipeline scheduled after 0.1s delay
[0305] status=1, reason=000 무인기 경로 미추종으로 인한 재계획 전송
[STEP 0] Replan pipeline start (reason=000 무인기 경로 미추종으로 인한 재계획)
[PATHDEV] Level-3 path deviation request detected. Using dedicated pipeline.
[PATHDEV] stored path-deviation artifacts -> plan:700000107.json, imp:800000462.json, fp:600000480.json (17.9 ms)
[PATHDEV] log captured -> C:\Users\rain9\Desktop\LAH_MUMT\branNew\DSS_KU\Logs\Scenario_2026-03-16T150624\SBC3\DSS_Internal\PathDeviation_6_826957072022.json
[PATHDEV][DELIVERY] direct push start (planIds=700000107)
[STEP 4] 0301 push queued (planIds=700000107)
[INFO] Direct delivery -> skip 0901/0701, send 0301+0903 only
[0301] missionPlanID=700000107 전송
[PUSH] 0301 button click()
[INFO] Post-0301 apply queued (grace=1800ms, timeout=3000ms, plans=1)
[PATHDEV] Path-deviation pipeline complete (planIds=[700000107], log=C:\Users\rain9\Desktop\LAH_MUMT\branNew\DSS_KU\Logs\Scenario_2026-03-16T150624\SBC3\DSS_Internal\PathDeviation_6_826957072022.json)
[0305] status=2, reason=000 무인기 경로 미추종으로 인한 재계획, elapsed=0.19s 전송
[INFO] Post-0301 ready (timeout) -> sending 0903
[0903] request sent (missionPlanID=700000107)
[0702][AUTO] ignore=2 sent (missionPlanID=700000107)
[AUTO] 0902 received (planIds=700000108)
[AUTO] replan pipeline scheduled after 0.1s delay
[0305] status=1, reason=000 무인기 경로 미추종으로 인한 재계획 전송
[STEP 0] Replan pipeline start (reason=000 무인기 경로 미추종으로 인한 재계획)
[PATHDEV] Level-3 path deviation request detected. Using dedicated pipeline.
[PATHDEV] stored path-deviation artifacts -> plan:700000108.json, imp:800000463.json, fp:500000488.json (9.8 ms)
[PATHDEV] log captured -> C:\Users\rain9\Desktop\LAH_MUMT\branNew\DSS_KU\Logs\Scenario_2026-03-16T150624\SBC3\DSS_Internal\PathDeviation_5_826957075708.json
[PATHDEV][DELIVERY] direct push start (planIds=700000108)
[STEP 4] 0301 push queued (planIds=700000108)
[INFO] Direct delivery -> skip 0901/0701, send 0301+0903 only
[0301] missionPlanID=700000108 전송
[PUSH] 0301 button click()
[INFO] Post-0301 apply queued (grace=1800ms, timeout=3000ms, plans=1)
[PATHDEV] Path-deviation pipeline complete (planIds=[700000108], log=C:\Users\rain9\Desktop\LAH_MUMT\branNew\DSS_KU\Logs\Scenario_2026-03-16T150624\SBC3\DSS_Internal\PathDeviation_5_826957075708.json)
[0305] status=2, reason=000 무인기 경로 미추종으로 인한 재계획, elapsed=0.17s 전송
[AUTO] 0902 received (planIds=700000109)
[AUTO] replan pipeline scheduled after 0.1s delay
[0305] status=1, reason=000 무인기 경로 미추종으로 인한 재계획 전송
[STEP 0] Replan pipeline start (reason=000 무인기 경로 미추종으로 인한 재계획)
[PATHDEV] Level-3 path deviation request detected. Using dedicated pipeline.
[PATHDEV] stored path-deviation artifacts -> plan:700000109.json, imp:800000464.json, fp:400000472.json (16.6 ms)
[PATHDEV] log captured -> C:\Users\rain9\Desktop\LAH_MUMT\branNew\DSS_KU\Logs\Scenario_2026-03-16T150624\SBC3\DSS_Internal\PathDeviation_4_826957076529.json
[PATHDEV][DELIVERY] direct push start (planIds=700000109)
[STEP 4] 0301 push queued (planIds=700000109)
[INFO] Direct delivery -> skip 0901/0701, send 0301+0903 only
[0301] missionPlanID=700000109 전송
[PUSH] 0301 button click()
[INFO] Post-0301 apply queued (grace=1800ms, timeout=3000ms, plans=1)
[PATHDEV] Path-deviation pipeline complete (planIds=[700000109], log=C:\Users\rain9\Desktop\LAH_MUMT\branNew\DSS_KU\Logs\Scenario_2026-03-16T150624\SBC3\DSS_Internal\PathDeviation_4_826957076529.json)
[0305] status=2, reason=000 무인기 경로 미추종으로 인한 재계획, elapsed=0.18s 전송
[INFO] Post-0301 ready (timeout) -> sending 0903
[0903] request sent (missionPlanID=700000109)
[0702][AUTO] ignore=2 sent (missionPlanID=700000109)
[AUTO] 0902 received (planIds=700000110)
[AUTO] replan pipeline scheduled after 0.1s delay
[0305] status=1, reason=000 무인기 경로 미추종으로 인한 재계획 전송
[STEP 0] Replan pipeline start (reason=000 무인기 경로 미추종으로 인한 재계획)
[PATHDEV] Level-3 path deviation request detected. Using dedicated pipeline.
[PATHDEV] stored path-deviation artifacts -> plan:700000110.json, imp:800000465.json, fp:500000489.json (14.7 ms)
[PATHDEV] log captured -> C:\Users\rain9\Desktop\LAH_MUMT\branNew\DSS_KU\Logs\Scenario_2026-03-16T150624\SBC3\DSS_Internal\PathDeviation_5_826957080199.json
[PATHDEV][DELIVERY] direct push start (planIds=700000110)
[STEP 4] 0301 push queued (planIds=700000110)
[INFO] Direct delivery -> skip 0901/0701, send 0301+0903 only
[0301] missionPlanID=700000110 전송
[PUSH] 0301 button click()
[INFO] Post-0301 apply queued (grace=1800ms, timeout=3000ms, plans=1)
[PATHDEV] Path-deviation pipeline complete (planIds=[700000110], log=C:\Users\rain9\Desktop\LAH_MUMT\branNew\DSS_KU\Logs\Scenario_2026-03-16T150624\SBC3\DSS_Internal\PathDeviation_5_826957080199.json)
[0305] status=2, reason=000 무인기 경로 미추종으로 인한 재계획, elapsed=0.21s 전송
[INFO] Post-0301 ready (timeout) -> sending 0903
[0903] request sent (missionPlanID=700000110)
[0702][AUTO] ignore=2 sent (missionPlanID=700000110)
