
[2026-03-16 15:06:25] process-log attached: monitoring
[PATH] DB root -> C:\Users\rain9\Desktop\LAH_MUMT\branNew\DSS_KU\Logs\Scenario_2026-03-16T150624\SBC3
[0902] auto replan request sent (init plan mode)
[RealTimeInferrer] Loading/Reloading Mission Plan: C:\Users\rain9\Desktop\LAH_MUMT\branNew\DSS_KU\Logs\Scenario_2026-03-16T150624\SBC3\MissionPlan\700000000.json
Updated Mission Context: torch.Size([384])
[DL] realtime status -> WARMUP
[PATHDEV] monitoring trigger toggled -> ON
[DL] realtime status -> RUNNING
[0503] recommend=1, inputID=70000001 sent
[0401] path-deviation replan prepared (aircraftID=6, currentWP=97, altWP=906001, missionPlanID=700000101, reason=000 무인기 경로 미추종으로 인한 재계획)
[0902] replan request sent (level=3, reason=000 무인기 경로 미추종으로 인한 재계획, planIds=700000101)
[RealTimeInferrer] Loading/Reloading Mission Plan: C:\Users\rain9\Desktop\LAH_MUMT\branNew\DSS_KU\Logs\Scenario_2026-03-16T150624\SBC3\MissionPlan\700000101.json
Updated Mission Context: torch.Size([384])
[0401] path-deviation replan skipped: source artifacts unresolved (aircraftID=6, currentWP=97)
[0702] ignore=2 -> apply missionPlanID=700000101, source=MMR
[0401] path-deviation replan skipped: source artifacts unresolved (aircraftID=6, currentWP=97)
[0503] recommend=1, inputID=70000002 sent
[0401] path-deviation replan prepared (aircraftID=6, currentWP=100, altWP=906002, missionPlanID=700000102, reason=000 무인기 경로 미추종으로 인한 재계획)
[0902] replan request sent (level=3, reason=000 무인기 경로 미추종으로 인한 재계획, planIds=700000102)
[RealTimeInferrer] Loading/Reloading Mission Plan: C:\Users\rain9\Desktop\LAH_MUMT\branNew\DSS_KU\Logs\Scenario_2026-03-16T150624\SBC3\MissionPlan\700000102.json
Updated Mission Context: torch.Size([384])
[0401] path-deviation replan skipped: source artifacts unresolved (aircraftID=6, currentWP=100)
[0702] ignore=2 -> apply missionPlanID=700000102, source=MMR
[0503] recommend=1, inputID=70000002 sent
[0401] path-deviation replan prepared (aircraftID=5, currentWP=83, altWP=905001, missionPlanID=700000103, reason=000 무인기 경로 미추종으로 인한 재계획)
[0902] replan request sent (level=3, reason=000 무인기 경로 미추종으로 인한 재계획, planIds=700000103)
[0401] path-deviation replan prepared (aircraftID=4, currentWP=66, altWP=904001, missionPlanID=700000104, reason=000 무인기 경로 미추종으로 인한 재계획)
[0902] replan request sent (level=3, reason=000 무인기 경로 미추종으로 인한 재계획, planIds=700000104)
[RealTimeInferrer] Loading/Reloading Mission Plan: C:\Users\rain9\Desktop\LAH_MUMT\branNew\DSS_KU\Logs\Scenario_2026-03-16T150624\SBC3\MissionPlan\700000104.json
Updated Mission Context: torch.Size([384])
[0401] path-deviation replan skipped: source artifacts unresolved (aircraftID=4, currentWP=66)
[0401] path-deviation replan prepared (aircraftID=5, currentWP=83, altWP=905001, missionPlanID=700000105, reason=000 무인기 경로 미추종으로 인한 재계획)
[0902] replan request sent (level=3, reason=000 무인기 경로 미추종으로 인한 재계획, planIds=700000105)
[0702] ignore=2 -> apply missionPlanID=700000104, source=MMR
[0401] path-deviation replan skipped: source artifacts unresolved (aircraftID=4, currentWP=66)
[0401] path-deviation replan skipped: source artifacts unresolved (aircraftID=4, currentWP=66)
[0401] path-deviation replan skipped: source artifacts unresolved (aircraftID=4, currentWP=66)
[0401] path-deviation replan skipped: source artifacts unresolved (aircraftID=4, currentWP=66)
[0401] path-deviation replan skipped: source artifacts unresolved (aircraftID=4, currentWP=66)
[0401] path-deviation replan skipped: source artifacts unresolved (aircraftID=4, currentWP=66)
[0401] path-deviation replan skipped: source artifacts unresolved (aircraftID=4, currentWP=66)
[0401] path-deviation replan skipped: source artifacts unresolved (aircraftID=4, currentWP=66)
[0401] path-deviation replan skipped: source artifacts unresolved (aircraftID=4, currentWP=66)
[0401] path-deviation replan skipped: source artifacts unresolved (aircraftID=4, currentWP=66)
[0401] path-deviation replan skipped: source artifacts unresolved (aircraftID=4, currentWP=66)
[0401] path-deviation replan skipped: source artifacts unresolved (aircraftID=4, currentWP=66)
[RealTimeInferrer] Loading/Reloading Mission Plan: C:\Users\rain9\Desktop\LAH_MUMT\branNew\DSS_KU\Logs\Scenario_2026-03-16T150624\SBC3\MissionPlan\700000105.json
Updated Mission Context: torch.Size([384])
[0401] path-deviation replan skipped: source artifacts unresolved (aircraftID=4, currentWP=66)
[0401] path-deviation replan skipped: source artifacts unresolved (aircraftID=5, currentWP=83)
[0702] ignore=2 -> apply missionPlanID=700000105, source=MMR
[0401] path-deviation replan skipped: source artifacts unresolved (aircraftID=4, currentWP=66)
[0401] path-deviation replan skipped: source artifacts unresolved (aircraftID=5, currentWP=83)
[0401] path-deviation replan skipped: source artifacts unresolved (aircraftID=4, currentWP=66)
[0401] path-deviation replan skipped: source artifacts unresolved (aircraftID=5, currentWP=83)
[0401] path-deviation replan skipped: source artifacts unresolved (aircraftID=4, currentWP=66)
[0401] path-deviation replan skipped: source artifacts unresolved (aircraftID=5, currentWP=83)
[0401] path-deviation replan skipped: source artifacts unresolved (aircraftID=4, currentWP=66)
[0401] path-deviation replan skipped: source artifacts unresolved (aircraftID=5, currentWP=83)
[0401] path-deviation replan skipped: source artifacts unresolved (aircraftID=4, currentWP=66)
[0401] path-deviation replan skipped: source artifacts unresolved (aircraftID=5, currentWP=83)
[0401] path-deviation replan skipped: source artifacts unresolved (aircraftID=4, currentWP=66)
[0401] path-deviation replan skipped: source artifacts unresolved (aircraftID=5, currentWP=83)
[0401] path-deviation replan skipped: source artifacts unresolved (aircraftID=4, currentWP=66)
[0401] path-deviation replan skipped: source artifacts unresolved (aircraftID=5, currentWP=83)
[0401] path-deviation replan skipped: source artifacts unresolved (aircraftID=4, currentWP=66)
[0401] path-deviation replan skipped: source artifacts unresolved (aircraftID=5, currentWP=83)
[0401] path-deviation replan skipped: source artifacts unresolved (aircraftID=4, currentWP=66)
[0401] path-deviation replan skipped: source artifacts unresolved (aircraftID=5, currentWP=83)
[0401] path-deviation replan skipped: source artifacts unresolved (aircraftID=4, currentWP=66)
[0401] path-deviation replan skipped: source artifacts unresolved (aircraftID=5, currentWP=83)
[0401] path-deviation replan skipped: source artifacts unresolved (aircraftID=4, currentWP=66)
[0401] path-deviation replan skipped: source artifacts unresolved (aircraftID=5, currentWP=83)
[0401] path-deviation replan skipped: source artifacts unresolved (aircraftID=4, currentWP=66)
[0401] path-deviation replan skipped: source artifacts unresolved (aircraftID=5, currentWP=83)
[0401] path-deviation replan skipped: source artifacts unresolved (aircraftID=4, currentWP=66)
[0401] path-deviation replan skipped: source artifacts unresolved (aircraftID=5, currentWP=83)
[0401] path-deviation replan skipped: source artifacts unresolved (aircraftID=4, currentWP=66)
[0401] path-deviation replan skipped: source artifacts unresolved (aircraftID=5, currentWP=83)
[0401] path-deviation replan skipped: source artifacts unresolved (aircraftID=4, currentWP=66)
[0401] path-deviation replan skipped: source artifacts unresolved (aircraftID=5, currentWP=83)
[0401] path-deviation replan skipped: source artifacts unresolved (aircraftID=4, currentWP=66)
[0401] path-deviation replan skipped: source artifacts unresolved (aircraftID=5, currentWP=83)
[0401] path-deviation replan skipped: source artifacts unresolved (aircraftID=4, currentWP=66)
[0401] path-deviation replan skipped: source artifacts unresolved (aircraftID=5, currentWP=83)
[0401] path-deviation replan skipped: source artifacts unresolved (aircraftID=4, currentWP=66)
[0401] path-deviation replan skipped: source artifacts unresolved (aircraftID=5, currentWP=83)
[0401] path-deviation replan skipped: source artifacts unresolved (aircraftID=4, currentWP=66)
[0401] path-deviation replan skipped: source artifacts unresolved (aircraftID=5, currentWP=83)
[0401] path-deviation replan skipped: source artifacts unresolved (aircraftID=4, currentWP=66)
[0401] path-deviation replan skipped: source artifacts unresolved (aircraftID=5, currentWP=83)
[0401] path-deviation replan skipped: source artifacts unresolved (aircraftID=4, currentWP=66)
[0401] path-deviation replan skipped: source artifacts unresolved (aircraftID=5, currentWP=83)
[0503] recommend=1, inputID=70000002 sent
[0401] path-deviation replan skipped: source artifacts unresolved (aircraftID=4, currentWP=66)
[0401] path-deviation replan skipped: source artifacts unresolved (aircraftID=5, currentWP=83)
[0401] path-deviation replan skipped: source artifacts unresolved (aircraftID=5, currentWP=83)
[0401] path-deviation replan skipped: source artifacts unresolved (aircraftID=5, currentWP=83)
[0401] path-deviation replan skipped: source artifacts unresolved (aircraftID=5, currentWP=83)
[0401] path-deviation replan skipped: source artifacts unresolved (aircraftID=5, currentWP=83)
[0401] path-deviation replan skipped: source artifacts unresolved (aircraftID=5, currentWP=83)
[0401] path-deviation replan skipped: source artifacts unresolved (aircraftID=5, currentWP=83)
[0401] path-deviation replan skipped: source artifacts unresolved (aircraftID=5, currentWP=83)
[0401] path-deviation replan skipped: source artifacts unresolved (aircraftID=5, currentWP=83)
[0401] path-deviation replan skipped: source artifacts unresolved (aircraftID=5, currentWP=83)
[0401] path-deviation replan skipped: source artifacts unresolved (aircraftID=4, currentWP=66)
[0401] path-deviation replan skipped: source artifacts unresolved (aircraftID=5, currentWP=83)
[0401] path-deviation replan skipped: source artifacts unresolved (aircraftID=4, currentWP=66)
[0401] path-deviation replan skipped: source artifacts unresolved (aircraftID=5, currentWP=83)
[0401] path-deviation replan skipped: source artifacts unresolved (aircraftID=4, currentWP=66)
[0401] path-deviation replan skipped: source artifacts unresolved (aircraftID=5, currentWP=83)
[0401] path-deviation replan skipped: source artifacts unresolved (aircraftID=4, currentWP=66)
[0401] path-deviation replan skipped: source artifacts unresolved (aircraftID=5, currentWP=83)
[0401] path-deviation replan skipped: source artifacts unresolved (aircraftID=4, currentWP=66)
[0401] path-deviation replan skipped: source artifacts unresolved (aircraftID=5, currentWP=83)
[0401] path-deviation replan skipped: source artifacts unresolved (aircraftID=4, currentWP=66)
[0401] path-deviation replan skipped: source artifacts unresolved (aircraftID=5, currentWP=83)
[0401] path-deviation replan skipped: source artifacts unresolved (aircraftID=4, currentWP=66)
[0401] path-deviation replan skipped: source artifacts unresolved (aircraftID=5, currentWP=83)
[0401] path-deviation replan skipped: source artifacts unresolved (aircraftID=4, currentWP=66)
[0401] path-deviation replan skipped: source artifacts unresolved (aircraftID=5, currentWP=83)
[0401] path-deviation replan skipped: source artifacts unresolved (aircraftID=4, currentWP=66)
[0401] path-deviation replan skipped: source artifacts unresolved (aircraftID=5, currentWP=83)
[0401] path-deviation replan skipped: source artifacts unresolved (aircraftID=4, currentWP=66)
[0401] path-deviation replan skipped: source artifacts unresolved (aircraftID=5, currentWP=83)
[0401] path-deviation replan skipped: source artifacts unresolved (aircraftID=4, currentWP=66)
[0401] path-deviation replan skipped: source artifacts unresolved (aircraftID=5, currentWP=83)
[0401] path-deviation replan skipped: source artifacts unresolved (aircraftID=4, currentWP=66)
[0401] path-deviation replan skipped: source artifacts unresolved (aircraftID=5, currentWP=83)
[0401] path-deviation replan skipped: source artifacts unresolved (aircraftID=4, currentWP=66)
[0401] path-deviation replan skipped: source artifacts unresolved (aircraftID=5, currentWP=83)
[0401] path-deviation replan skipped: source artifacts unresolved (aircraftID=4, currentWP=66)
[0401] path-deviation replan skipped: source artifacts unresolved (aircraftID=5, currentWP=83)
[0401] path-deviation replan skipped: source artifacts unresolved (aircraftID=4, currentWP=66)
[0401] path-deviation replan skipped: source artifacts unresolved (aircraftID=5, currentWP=83)
[0401] path-deviation replan skipped: source artifacts unresolved (aircraftID=4, currentWP=66)
[0401] path-deviation replan skipped: source artifacts unresolved (aircraftID=5, currentWP=83)
[0401] path-deviation replan skipped: source artifacts unresolved (aircraftID=4, currentWP=66)
[0401] path-deviation replan skipped: source artifacts unresolved (aircraftID=5, currentWP=83)
[0401] path-deviation replan skipped: source artifacts unresolved (aircraftID=4, currentWP=66)
[0401] path-deviation replan skipped: source artifacts unresolved (aircraftID=5, currentWP=83)
[0401] path-deviation replan skipped: source artifacts unresolved (aircraftID=4, currentWP=66)
[0401] path-deviation replan skipped: source artifacts unresolved (aircraftID=5, currentWP=83)
[0401] path-deviation replan skipped: source artifacts unresolved (aircraftID=4, currentWP=66)
[0401] path-deviation replan skipped: source artifacts unresolved (aircraftID=5, currentWP=83)
[0401] path-deviation replan skipped: source artifacts unresolved (aircraftID=4, currentWP=66)
[0401] path-deviation replan skipped: source artifacts unresolved (aircraftID=5, currentWP=83)
[0401] path-deviation replan skipped: source artifacts unresolved (aircraftID=4, currentWP=66)
[0401] path-deviation replan skipped: source artifacts unresolved (aircraftID=5, currentWP=83)
[0401] path-deviation replan skipped: source artifacts unresolved (aircraftID=4, currentWP=66)
[0401] path-deviation replan skipped: source artifacts unresolved (aircraftID=5, currentWP=83)
[0401] path-deviation replan skipped: source artifacts unresolved (aircraftID=4, currentWP=66)
[0401] path-deviation replan skipped: source artifacts unresolved (aircraftID=5, currentWP=83)
[0401] path-deviation replan skipped: source artifacts unresolved (aircraftID=4, currentWP=66)
[0401] path-deviation replan skipped: source artifacts unresolved (aircraftID=5, currentWP=83)
[0401] path-deviation replan skipped: source artifacts unresolved (aircraftID=4, currentWP=66)
[0401] path-deviation replan skipped: source artifacts unresolved (aircraftID=5, currentWP=83)
[0401] path-deviation replan skipped: source artifacts unresolved (aircraftID=5, currentWP=83)
[0401] path-deviation replan skipped: source artifacts unresolved (aircraftID=5, currentWP=83)
[0401] path-deviation replan skipped: source artifacts unresolved (aircraftID=5, currentWP=83)
[0401] path-deviation replan skipped: source artifacts unresolved (aircraftID=5, currentWP=83)
[0401] path-deviation replan skipped: source artifacts unresolved (aircraftID=5, currentWP=83)
[0401] path-deviation replan skipped: source artifacts unresolved (aircraftID=5, currentWP=83)
[0401] path-deviation replan skipped: source artifacts unresolved (aircraftID=5, currentWP=83)
[0401] path-deviation replan skipped: source artifacts unresolved (aircraftID=5, currentWP=83)
[0401] path-deviation replan skipped: source artifacts unresolved (aircraftID=5, currentWP=83)
[0401] path-deviation replan skipped: source artifacts unresolved (aircraftID=5, currentWP=83)
[0401] path-deviation replan skipped: source artifacts unresolved (aircraftID=5, currentWP=83)
[0401] path-deviation replan skipped: source artifacts unresolved (aircraftID=5, currentWP=83)
[0401] path-deviation replan skipped: source artifacts unresolved (aircraftID=5, currentWP=83)
[0401] path-deviation replan skipped: source artifacts unresolved (aircraftID=5, currentWP=83)
[0401] path-deviation replan skipped: source artifacts unresolved (aircraftID=5, currentWP=83)
[0401] path-deviation replan skipped: source artifacts unresolved (aircraftID=5, currentWP=83)
[0401] path-deviation replan skipped: source artifacts unresolved (aircraftID=5, currentWP=83)
[0401] path-deviation replan skipped: source artifacts unresolved (aircraftID=5, currentWP=83)
[0401] path-deviation replan skipped: source artifacts unresolved (aircraftID=5, currentWP=83)
[0401] path-deviation replan skipped: source artifacts unresolved (aircraftID=5, currentWP=83)
[0401] path-deviation replan skipped: source artifacts unresolved (aircraftID=5, currentWP=83)
[0401] path-deviation replan skipped: source artifacts unresolved (aircraftID=5, currentWP=83)
[0401] path-deviation replan skipped: source artifacts unresolved (aircraftID=5, currentWP=83)
[0401] path-deviation replan skipped: source artifacts unresolved (aircraftID=5, currentWP=83)
[0401] path-deviation replan skipped: source artifacts unresolved (aircraftID=5, currentWP=83)
[0401] path-deviation replan skipped: source artifacts unresolved (aircraftID=5, currentWP=83)
[0401] path-deviation replan skipped: source artifacts unresolved (aircraftID=5, currentWP=83)
[0401] path-deviation replan skipped: source artifacts unresolved (aircraftID=5, currentWP=83)
[0401] path-deviation replan skipped: source artifacts unresolved (aircraftID=5, currentWP=83)
[0401] path-deviation replan skipped: source artifacts unresolved (aircraftID=5, currentWP=83)
[0401] path-deviation replan skipped: source artifacts unresolved (aircraftID=5, currentWP=83)
[0401] path-deviation replan skipped: source artifacts unresolved (aircraftID=5, currentWP=83)
[0401] path-deviation replan skipped: source artifacts unresolved (aircraftID=5, currentWP=83)
[0401] path-deviation replan skipped: source artifacts unresolved (aircraftID=5, currentWP=83)
[0401] path-deviation replan skipped: source artifacts unresolved (aircraftID=5, currentWP=83)
[0401] path-deviation replan skipped: source artifacts unresolved (aircraftID=5, currentWP=83)
[0401] path-deviation replan skipped: source artifacts unresolved (aircraftID=5, currentWP=83)
[0401] path-deviation replan skipped: source artifacts unresolved (aircraftID=5, currentWP=83)
[0401] path-deviation replan skipped: source artifacts unresolved (aircraftID=5, currentWP=83)
[0401] path-deviation replan skipped: source artifacts unresolved (aircraftID=5, currentWP=83)
[0401] path-deviation replan skipped: source artifacts unresolved (aircraftID=5, currentWP=83)
[0401] path-deviation replan skipped: source artifacts unresolved (aircraftID=5, currentWP=83)
[0401] path-deviation replan skipped: source artifacts unresolved (aircraftID=5, currentWP=83)
[0401] path-deviation replan skipped: source artifacts unresolved (aircraftID=5, currentWP=83)
[0401] path-deviation replan skipped: source artifacts unresolved (aircraftID=5, currentWP=83)
[0401] path-deviation replan skipped: source artifacts unresolved (aircraftID=5, currentWP=83)
[0401] path-deviation replan prepared (aircraftID=5, currentWP=905001, altWP=905002, missionPlanID=700000106, reason=000 무인기 경로 미추종으로 인한 재계획)
[0902] replan request sent (level=3, reason=000 무인기 경로 미추종으로 인한 재계획, planIds=700000106)
[0401] path-deviation replan prepared (aircraftID=6, currentWP=906002, altWP=906003, missionPlanID=700000107, reason=000 무인기 경로 미추종으로 인한 재계획)
[0902] replan request sent (level=3, reason=000 무인기 경로 미추종으로 인한 재계획, planIds=700000107)
[RealTimeInferrer] Loading/Reloading Mission Plan: C:\Users\rain9\Desktop\LAH_MUMT\branNew\DSS_KU\Logs\Scenario_2026-03-16T150624\SBC3\MissionPlan\700000107.json
Updated Mission Context: torch.Size([384])
[0401] path-deviation replan prepared (aircraftID=5, currentWP=905001, altWP=905002, missionPlanID=700000108, reason=000 무인기 경로 미추종으로 인한 재계획)
[0401] path-deviation replan skipped: source artifacts unresolved (aircraftID=6, currentWP=906002)
[0902] replan request sent (level=3, reason=000 무인기 경로 미추종으로 인한 재계획, planIds=700000108)
[0702] ignore=2 -> apply missionPlanID=700000107, source=MMR
[0401] path-deviation replan skipped: source artifacts unresolved (aircraftID=6, currentWP=906002)
[0401] path-deviation replan skipped: source artifacts unresolved (aircraftID=6, currentWP=906002)
[0401] path-deviation replan prepared (aircraftID=4, currentWP=904001, altWP=904003, missionPlanID=700000109, reason=000 무인기 경로 미추종으로 인한 재계획)
[0401] path-deviation replan skipped: source artifacts unresolved (aircraftID=6, currentWP=906002)
[0902] replan request sent (level=3, reason=000 무인기 경로 미추종으로 인한 재계획, planIds=700000109)
[0401] path-deviation replan skipped: source artifacts unresolved (aircraftID=6, currentWP=906002)
[0401] path-deviation replan skipped: source artifacts unresolved (aircraftID=6, currentWP=906002)
[0401] path-deviation replan skipped: source artifacts unresolved (aircraftID=6, currentWP=906002)
[0401] path-deviation replan skipped: source artifacts unresolved (aircraftID=6, currentWP=906002)
[0401] path-deviation replan skipped: source artifacts unresolved (aircraftID=6, currentWP=906002)
[0401] path-deviation replan skipped: source artifacts unresolved (aircraftID=6, currentWP=906002)
[0401] path-deviation replan skipped: source artifacts unresolved (aircraftID=6, currentWP=906002)
[0401] path-deviation replan skipped: source artifacts unresolved (aircraftID=6, currentWP=906002)
[0401] path-deviation replan skipped: source artifacts unresolved (aircraftID=6, currentWP=906002)
[0401] path-deviation replan skipped: source artifacts unresolved (aircraftID=6, currentWP=906002)
[0401] path-deviation replan skipped: source artifacts unresolved (aircraftID=6, currentWP=906002)
[0401] path-deviation replan skipped: source artifacts unresolved (aircraftID=6, currentWP=906002)
[0401] path-deviation replan skipped: source artifacts unresolved (aircraftID=6, currentWP=906002)
[RealTimeInferrer] Loading/Reloading Mission Plan: C:\Users\rain9\Desktop\LAH_MUMT\branNew\DSS_KU\Logs\Scenario_2026-03-16T150624\SBC3\MissionPlan\700000109.json
Updated Mission Context: torch.Size([384])
[0401] path-deviation replan skipped: source artifacts unresolved (aircraftID=4, currentWP=904001)
[0401] path-deviation replan prepared (aircraftID=5, currentWP=905001, altWP=905002, missionPlanID=700000110, reason=000 무인기 경로 미추종으로 인한 재계획)
[0401] path-deviation replan skipped: source artifacts unresolved (aircraftID=6, currentWP=906002)
[0902] replan request sent (level=3, reason=000 무인기 경로 미추종으로 인한 재계획, planIds=700000110)
[0702] ignore=2 -> apply missionPlanID=700000109, source=MMR
[0401] path-deviation replan skipped: source artifacts unresolved (aircraftID=4, currentWP=904001)
[0401] path-deviation replan skipped: source artifacts unresolved (aircraftID=6, currentWP=906002)
[0401] path-deviation replan skipped: source artifacts unresolved (aircraftID=4, currentWP=904001)
[0401] path-deviation replan skipped: source artifacts unresolved (aircraftID=6, currentWP=906002)
[0401] path-deviation replan skipped: source artifacts unresolved (aircraftID=4, currentWP=904001)
[0401] path-deviation replan skipped: source artifacts unresolved (aircraftID=6, currentWP=906002)
[0401] path-deviation replan skipped: source artifacts unresolved (aircraftID=4, currentWP=904001)
[0401] path-deviation replan skipped: source artifacts unresolved (aircraftID=6, currentWP=906002)
[RealTimeInferrer] Loading/Reloading Mission Plan: C:\Users\rain9\Desktop\LAH_MUMT\branNew\DSS_KU\Logs\Scenario_2026-03-16T150624\SBC3\MissionPlan\700000110.json
Updated Mission Context: torch.Size([384])
[0401] path-deviation replan skipped: source artifacts unresolved (aircraftID=5, currentWP=905001)
[0702] ignore=2 -> apply missionPlanID=700000110, source=MMR
[0401] path-deviation replan skipped: source artifacts unresolved (aircraftID=5, currentWP=905001)
[0401] path-deviation replan skipped: source artifacts unresolved (aircraftID=5, currentWP=905001)
[0401] path-deviation replan skipped: source artifacts unresolved (aircraftID=5, currentWP=905001)
[0401] path-deviation replan skipped: source artifacts unresolved (aircraftID=5, currentWP=905001)
[0401] path-deviation replan skipped: source artifacts unresolved (aircraftID=5, currentWP=905001)
[0401] path-deviation replan skipped: source artifacts unresolved (aircraftID=5, currentWP=905001)
[0401] path-deviation replan skipped: source artifacts unresolved (aircraftID=5, currentWP=905001)
[0401] path-deviation replan skipped: source artifacts unresolved (aircraftID=5, currentWP=905001)
[0401] path-deviation replan skipped: source artifacts unresolved (aircraftID=5, currentWP=905001)
[0401] path-deviation replan skipped: source artifacts unresolved (aircraftID=5, currentWP=905001)
[0401] path-deviation replan skipped: source artifacts unresolved (aircraftID=5, currentWP=905001)
[0401] path-deviation replan skipped: source artifacts unresolved (aircraftID=5, currentWP=905001)
[0401] path-deviation replan skipped: source artifacts unresolved (aircraftID=5, currentWP=905001)
[0401] path-deviation replan skipped: source artifacts unresolved (aircraftID=5, currentWP=905001)
[0401] path-deviation replan skipped: source artifacts unresolved (aircraftID=5, currentWP=905001)
[0401] path-deviation replan skipped: source artifacts unresolved (aircraftID=5, currentWP=905001)
[0401] path-deviation replan skipped: source artifacts unresolved (aircraftID=5, currentWP=905001)
[0401] path-deviation replan skipped: source artifacts unresolved (aircraftID=5, currentWP=905001)
[0401] path-deviation replan skipped: source artifacts unresolved (aircraftID=5, currentWP=905001)
[0401] path-deviation replan skipped: source artifacts unresolved (aircraftID=5, currentWP=905001)
[0401] path-deviation replan skipped: source artifacts unresolved (aircraftID=5, currentWP=905001)
[0401] path-deviation replan skipped: source artifacts unresolved (aircraftID=5, currentWP=905001)
[0401] path-deviation replan skipped: source artifacts unresolved (aircraftID=5, currentWP=905001)
[0401] path-deviation replan skipped: source artifacts unresolved (aircraftID=5, currentWP=905001)
[0401] path-deviation replan skipped: source artifacts unresolved (aircraftID=5, currentWP=905001)
[0401] path-deviation replan skipped: source artifacts unresolved (aircraftID=5, currentWP=905001)
[0401] path-deviation replan skipped: source artifacts unresolved (aircraftID=5, currentWP=905001)
[0401] path-deviation replan skipped: source artifacts unresolved (aircraftID=5, currentWP=905001)
[0401] path-deviation replan skipped: source artifacts unresolved (aircraftID=5, currentWP=905001)
[0401] path-deviation replan skipped: source artifacts unresolved (aircraftID=5, currentWP=905001)
[0401] path-deviation replan skipped: source artifacts unresolved (aircraftID=5, currentWP=905001)
[0401] path-deviation replan skipped: source artifacts unresolved (aircraftID=5, currentWP=905001)
[0401] path-deviation replan skipped: source artifacts unresolved (aircraftID=5, currentWP=905001)
[0401] path-deviation replan skipped: source artifacts unresolved (aircraftID=5, currentWP=905001)
[0401] path-deviation replan skipped: source artifacts unresolved (aircraftID=5, currentWP=905001)
[0401] path-deviation replan skipped: source artifacts unresolved (aircraftID=5, currentWP=905001)
[0401] path-deviation replan skipped: source artifacts unresolved (aircraftID=5, currentWP=905001)
[0401] path-deviation replan skipped: source artifacts unresolved (aircraftID=5, currentWP=905001)
[0401] path-deviation replan skipped: source artifacts unresolved (aircraftID=5, currentWP=905001)
[0401] path-deviation replan skipped: source artifacts unresolved (aircraftID=5, currentWP=905001)
[0401] path-deviation replan skipped: source artifacts unresolved (aircraftID=5, currentWP=905001)
[0401] path-deviation replan skipped: source artifacts unresolved (aircraftID=5, currentWP=905001)
[0401] path-deviation replan skipped: source artifacts unresolved (aircraftID=5, currentWP=905001)
[0401] path-deviation replan skipped: source artifacts unresolved (aircraftID=5, currentWP=905001)
[0401] path-deviation replan skipped: source artifacts unresolved (aircraftID=5, currentWP=905001)
[0401] path-deviation replan skipped: source artifacts unresolved (aircraftID=5, currentWP=905001)
[0401] path-deviation replan skipped: source artifacts unresolved (aircraftID=5, currentWP=905001)
[0401] path-deviation replan skipped: source artifacts unresolved (aircraftID=5, currentWP=905001)
[0401] path-deviation replan skipped: source artifacts unresolved (aircraftID=5, currentWP=905001)
[0401] path-deviation replan skipped: source artifacts unresolved (aircraftID=5, currentWP=905001)
[0401] path-deviation replan skipped: source artifacts unresolved (aircraftID=5, currentWP=905001)
[0401] path-deviation replan skipped: source artifacts unresolved (aircraftID=5, currentWP=905001)
[0401] path-deviation replan skipped: source artifacts unresolved (aircraftID=5, currentWP=905001)
[0401] path-deviation replan skipped: source artifacts unresolved (aircraftID=5, currentWP=905001)
[0401] path-deviation replan skipped: source artifacts unresolved (aircraftID=5, currentWP=905001)
[0401] path-deviation replan skipped: source artifacts unresolved (aircraftID=5, currentWP=905001)
[0401] path-deviation replan skipped: source artifacts unresolved (aircraftID=5, currentWP=905001)
[0401] path-deviation replan skipped: source artifacts unresolved (aircraftID=5, currentWP=905001)
[0401] path-deviation replan skipped: source artifacts unresolved (aircraftID=5, currentWP=905001)
[0401] path-deviation replan skipped: source artifacts unresolved (aircraftID=5, currentWP=905001)
[0401] path-deviation replan skipped: source artifacts unresolved (aircraftID=5, currentWP=905001)
[0401] path-deviation replan skipped: source artifacts unresolved (aircraftID=5, currentWP=905001)
[0401] path-deviation replan skipped: source artifacts unresolved (aircraftID=5, currentWP=905001)
[0503] recommend=1, inputID=70000002 sent
