[MON][2026-01-04 12:12:42] PlanLoad
  - MissionPlan 700000001 활성화 (inputPkg=1, activeInput=1)
  - InputMissionIDs=[1, 2, 3, 4, 5, 6, 7, 8, 9, 10, 11]
  - 적용상태: appliedPlanID=700000001, previousPlanID=None
  - UAV1: missions=11 pkg=800000001
  - UAV2: missions=11 pkg=800000002
  - UAV3: missions=11 pkg=800000003
  - UAV4: missions=11 pkg=800000004
  - UAV5: missions=11 pkg=800000005
  - UAV6: missions=11 pkg=800000006
[MON][2026-01-04 12:13:03] MonitoringCycle
  - SystemMode=3, PlanID=700000001, ActiveInput=1, PendingPlan=None
  - 0401 timestamp=811517583600, entries=6
  -   UAV1: wp=None, health=1
  -   UAV2: wp=None, health=1
  -   UAV3: wp=None, health=1
  -   UAV4: wp=55, health=1
  -   UAV5: wp=100, health=1
  -   UAV6: wp=146, health=1
  - 0501 currentMissionPlanID=700000001, currentInputMissionID=1
  -   UAV4 status: mission=900000088 input=1 progress=0% (transit) | mission=900000089 input=2 progress=0% | mission=900000090 input=3 progress=0% | mission=900000091 input=4 progress=0% | mission=900000092 input=5 progress=0% | mission=900000093 input=6 progress=0% | mission=900000094 input=7 progress=0% | mission=900000095 input=8 progress=0% | mission=900000096 input=9 progress=0% | mission=900000097 input=10 progress=0% | mission=900000098 input=11 progress=0%
  -   UAV5 status: mission=900000099 input=1 progress=0% (transit) | mission=900000100 input=2 progress=0% | mission=900000101 input=3 progress=0% | mission=900000102 input=4 progress=0% | mission=900000103 input=5 progress=0% | mission=900000104 input=6 progress=0% | mission=900000105 input=7 progress=0% | mission=900000106 input=8 progress=0% | mission=900000107 input=9 progress=0% | mission=900000108 input=10 progress=0% | mission=900000109 input=11 progress=0%
  -   UAV6 status: mission=900000110 input=1 progress=0% (transit) | mission=900000111 input=2 progress=0% | mission=900000112 input=3 progress=0% | mission=900000113 input=4 progress=0% | mission=900000114 input=5 progress=0% | mission=900000115 input=6 progress=0% | mission=900000116 input=7 progress=0% | mission=900000117 input=8 progress=0% | mission=900000118 input=9 progress=0% | mission=900000119 input=10 progress=0% | mission=900000120 input=11 progress=0%
[MON][2026-01-04 12:13:05] ProgressUpdate
  - UAV4 mission=900000088 input=1 progress=33% (missionIndex=0)
  - UAV5 mission=900000099 input=1 progress=33% (missionIndex=0)
  - UAV6 mission=900000110 input=1 progress=33% (missionIndex=0)
[MON][2026-01-04 12:13:05] MonitoringCycle
  - SystemMode=3, PlanID=700000001, ActiveInput=1, PendingPlan=None
  - 0401 timestamp=811517585400, entries=6
  -   UAV1: wp=None, health=1
  -   UAV2: wp=None, health=1
  -   UAV3: wp=None, health=1
  -   UAV4: wp=56, health=1
  -   UAV5: wp=101, health=1
  -   UAV6: wp=147, health=1
  - 0501 currentMissionPlanID=700000001, currentInputMissionID=1
  -   UAV4 status: mission=900000088 input=1 progress=33% | mission=900000089 input=2 progress=0% | mission=900000090 input=3 progress=0% | mission=900000091 input=4 progress=0% | mission=900000092 input=5 progress=0% | mission=900000093 input=6 progress=0% | mission=900000094 input=7 progress=0% | mission=900000095 input=8 progress=0% | mission=900000096 input=9 progress=0% | mission=900000097 input=10 progress=0% | mission=900000098 input=11 progress=0%
  -   UAV5 status: mission=900000099 input=1 progress=33% | mission=900000100 input=2 progress=0% | mission=900000101 input=3 progress=0% | mission=900000102 input=4 progress=0% | mission=900000103 input=5 progress=0% | mission=900000104 input=6 progress=0% | mission=900000105 input=7 progress=0% | mission=900000106 input=8 progress=0% | mission=900000107 input=9 progress=0% | mission=900000108 input=10 progress=0% | mission=900000109 input=11 progress=0%
  -   UAV6 status: mission=900000110 input=1 progress=33% | mission=900000111 input=2 progress=0% | mission=900000112 input=3 progress=0% | mission=900000113 input=4 progress=0% | mission=900000114 input=5 progress=0% | mission=900000115 input=6 progress=0% | mission=900000116 input=7 progress=0% | mission=900000117 input=8 progress=0% | mission=900000118 input=9 progress=0% | mission=900000119 input=10 progress=0% | mission=900000120 input=11 progress=0%
[MON][2026-01-04 12:13:07] ProgressUpdate
  - UAV4 mission=900000088 input=1 progress=67% (missionIndex=0)
  - UAV5 mission=900000099 input=1 progress=67% (missionIndex=0)
  - UAV6 mission=900000110 input=1 progress=67% (missionIndex=0)
[MON][2026-01-04 12:13:07] MonitoringCycle
  - SystemMode=3, PlanID=700000001, ActiveInput=1, PendingPlan=None
  - 0401 timestamp=811517587400, entries=6
  -   UAV1: wp=None, health=1
  -   UAV2: wp=None, health=1
  -   UAV3: wp=None, health=1
  -   UAV4: wp=57, health=1
  -   UAV5: wp=102, health=1
  -   UAV6: wp=148, health=1
  - 0501 currentMissionPlanID=700000001, currentInputMissionID=1
  -   UAV4 status: mission=900000088 input=1 progress=67% | mission=900000089 input=2 progress=0% | mission=900000090 input=3 progress=0% | mission=900000091 input=4 progress=0% | mission=900000092 input=5 progress=0% | mission=900000093 input=6 progress=0% | mission=900000094 input=7 progress=0% | mission=900000095 input=8 progress=0% | mission=900000096 input=9 progress=0% | mission=900000097 input=10 progress=0% | mission=900000098 input=11 progress=0%
  -   UAV5 status: mission=900000099 input=1 progress=67% | mission=900000100 input=2 progress=0% | mission=900000101 input=3 progress=0% | mission=900000102 input=4 progress=0% | mission=900000103 input=5 progress=0% | mission=900000104 input=6 progress=0% | mission=900000105 input=7 progress=0% | mission=900000106 input=8 progress=0% | mission=900000107 input=9 progress=0% | mission=900000108 input=10 progress=0% | mission=900000109 input=11 progress=0%
  -   UAV6 status: mission=900000110 input=1 progress=67% | mission=900000111 input=2 progress=0% | mission=900000112 input=3 progress=0% | mission=900000113 input=4 progress=0% | mission=900000114 input=5 progress=0% | mission=900000115 input=6 progress=0% | mission=900000116 input=7 progress=0% | mission=900000117 input=8 progress=0% | mission=900000118 input=9 progress=0% | mission=900000119 input=10 progress=0% | mission=900000120 input=11 progress=0%
[MON][2026-01-04 12:13:09] ProgressUpdate
  - UAV4 mission=900000088 input=1 progress=100% (missionIndex=0)
  - UAV5 mission=900000099 input=1 progress=100% (missionIndex=0)
  - UAV6 mission=900000110 input=1 progress=100% (missionIndex=0)
[MON][2026-01-04 12:13:09] InputMissionCompletion
  - Input mission 1 completion notification enqueued.
[MON][2026-01-04 12:13:09] InputMissionCompletion
  - Input 1: UAV4 mission=900000088 reached 100%
  - Input 1: UAV5 mission=900000099 reached 100%
  - Input 1: UAV6 mission=900000110 reached 100%
  - Input 1 completed (6 missions)
[MON][2026-01-04 12:13:09] MonitoringCycle
  - SystemMode=3, PlanID=700000001, ActiveInput=1, PendingPlan=None
  - 0401 timestamp=811517589400, entries=6
  -   UAV1: wp=None, health=1
  -   UAV2: wp=None, health=1
  -   UAV3: wp=None, health=1
  -   UAV4: wp=58, health=1
  -   UAV5: wp=103, health=1
  -   UAV6: wp=149, health=1
  - 0501 currentMissionPlanID=700000001, currentInputMissionID=1
  -   UAV4 status: mission=900000088 input=1 progress=100% | mission=900000089 input=2 progress=0% | mission=900000090 input=3 progress=0% | mission=900000091 input=4 progress=0% | mission=900000092 input=5 progress=0% | mission=900000093 input=6 progress=0% | mission=900000094 input=7 progress=0% | mission=900000095 input=8 progress=0% | mission=900000096 input=9 progress=0% | mission=900000097 input=10 progress=0% | mission=900000098 input=11 progress=0%
  -   UAV5 status: mission=900000099 input=1 progress=100% | mission=900000100 input=2 progress=0% | mission=900000101 input=3 progress=0% | mission=900000102 input=4 progress=0% | mission=900000103 input=5 progress=0% | mission=900000104 input=6 progress=0% | mission=900000105 input=7 progress=0% | mission=900000106 input=8 progress=0% | mission=900000107 input=9 progress=0% | mission=900000108 input=10 progress=0% | mission=900000109 input=11 progress=0%
  -   UAV6 status: mission=900000110 input=1 progress=100% | mission=900000111 input=2 progress=0% | mission=900000112 input=3 progress=0% | mission=900000113 input=4 progress=0% | mission=900000114 input=5 progress=0% | mission=900000115 input=6 progress=0% | mission=900000116 input=7 progress=0% | mission=900000117 input=8 progress=0% | mission=900000118 input=9 progress=0% | mission=900000119 input=10 progress=0% | mission=900000120 input=11 progress=0%
