
[2026-05-21 13:25:43] process-log attached: decision_support
[MODE] 모드 변경 → 대기모드
[PATH] DB root -> C:\Users\TRL98\Desktop\LAH_MUMT\Logs\Scenario_2026-05-21T132543\SBC3
[CTRL] 0102 상태 유지: ON
[0102] 상태 보고 이미 송신됨
[0203] DB 참조! (C:\Users\TRL98\Desktop\LAH_MUMT\Logs\Scenario_2026-05-21T132543\SBC3\MissionReferenceInfo\1.json)
[0201] DB 참조! (C:\Users\TRL98\Desktop\LAH_MUMT\Logs\Scenario_2026-05-21T132543\SBC3\InputMissionPlan\1.json)
[MODE] 모드 변경 → 초기 임무 계획
[CTRL] 0102 상태 유지: ON
[0102] 상태 보고 이미 송신됨
[MODE] 모드 변경 → 대기모드
[CTRL] 0102 상태 유지: ON
[0102] 상태 보고 이미 송신됨
[MODE] 모드 변경 → 임무 수행
[CTRL] 0102 상태 유지: ON
[0102] 상태 보고 이미 송신됨
[0701] option info saved: 1.json
[0701] option info sent (count=2)
[0701] option info saved: 2.json
[0701] option info sent (count=2)
[0701] option info saved: 3.json
[0701] option info sent (count=2)
[0701] option info saved: 4.json
[0701] option info sent (count=2)
[0201] DB 참조! (C:\Users\TRL98\Desktop\LAH_MUMT\Logs\Scenario_2026-05-21T132543\SBC3\InputMissionPlan\2.json)
[0701] option info saved: 5.json
[0701] option info sent (count=3)
[0701] option info saved: 6.json
[0701] option info sent (count=2)
[0701] option info saved: 7.json
[0701] option info sent (count=2)
[0701] option info saved: 8.json
[0701] option info sent (count=2)
[0201] DB 참조! (C:\Users\TRL98\Desktop\LAH_MUMT\Logs\Scenario_2026-05-21T132543\SBC3\InputMissionPlan\3.json)
[0701] option info saved: 9.json
[0701] option info sent (count=3)
[0701] option info saved: 10.json
[0701] option info sent (count=2)
[0701] option info saved: 11.json
[0701] option info sent (count=2)
[0701] option info saved: 12.json
[0701] option info sent (count=2)
[0701] option info saved: 13.json
[0701] option info sent (count=2)
[0201] DB 참조! (C:\Users\TRL98\Desktop\LAH_MUMT\Logs\Scenario_2026-05-21T132543\SBC3\InputMissionPlan\4.json)
[0701] option info saved: 14.json
[0701] option info sent (count=3)
[0701] option info saved: 15.json
[0701] option info sent (count=2)
[0701] option info saved: 16.json
[0701] option info sent (count=2)
[0701] option info saved: 17.json
[0701] option info sent (count=2)
[0701] option info saved: 18.json
[0701] option info sent (count=2)
[0201] DB 참조! (C:\Users\TRL98\Desktop\LAH_MUMT\Logs\Scenario_2026-05-21T132543\SBC3\InputMissionPlan\5.json)
[0701] option info saved: 19.json
[0701] option info sent (count=3)
[0701] option info saved: 20.json
[0701] option info sent (count=2)
[0701] option info saved: 21.json
[0701] option info sent (count=3)
[0701] option info saved: 22.json
[0701] option info sent (count=3)
[0701] option info saved: 23.json
[0701] option info sent (count=3)

[2026-05-21 13:56:55] process-log attached: decision_support
[CTRL] listener started @ 127.0.0.1:45983
[PATH] DB root -> C:\Users\TRL98\Desktop\LAH_MUMT\Logs\Scenario_2026-05-21T132543\SBC3
[0901] 옵션 요청 리스너 등록 완료
[0101] 모드 수신 리스너 등록 완료
[0102] 버스 초기화 전이라 0102 송신을 보류합니다.
[0102] NodeMessenger 초기화 대기 중 – 자동 송신 보류
[0102] 버스 준비 전 상태에서 송신을 시도합니다.
[WARN] 0102 송신 실패: Object reference not set to an instance of an object.
   at nFusion.Nodes.Core.NodeMessenger.Push[T](T data, String target)
   at System.RuntimeMethodHandle.InvokeMethod(Object target, Void** arguments, Signature sig, Boolean isConstructor)
   at System.Reflection.MethodBaseInvoker.InvokeDirectByRefWithFewArgs(Object obj, Span`1 copyOfArgs, BindingFlags invokeAttr)
[BUS] MOB NodeMessenger 초기화 완료
[CTRL] 0102 direct handler → ON 요청
[0102] 상태 보고 송신 (status=1)
[0102] 상태 보고 송신 (status=1)
