2026-05-21T02:21:02.757025Z [PATH] DB root changed: C:\Users\LAHMUMT_2\Desktop\DSS_KU\Logs\Scenario_2026-05-21T105003\SBC3 -> C:\Users\LAHMUMT_2\Desktop\DSS_KU\Logs\Scenario_2026-05-21T112102\SBC3
2026-05-21T02:21:02.757532Z [LOG] Mission planning log rebound: C:\Users\LAHMUMT_2\Desktop\DSS_KU\Logs\Scenario_2026-05-21T112102\SBC3\DSS_Internal\mission_planning_gui_20260521T022102_756021Z.log
2026-05-21T02:21:02.897357Z [MODE] 슬라이더 변경 → 대기모드
2026-05-21T02:21:02.898362Z [0101/POLL] 모드 동기화 code=1
2026-05-21T02:21:05.394176Z [MODE] 슬라이더 변경 → 초기 임무 계획
2026-05-21T02:21:05.395178Z [0101/POLL] 모드 동기화 code=2
2026-05-21T02:21:05.430686Z [REPLAN][TIME] 0902_received_ms=0.0 wall_ms=1779330065430 trigger=general_or_unknown replanLevel=1 optionCount=1 forceDirect=0
2026-05-21T02:21:05.430686Z [REPLAN][TIME] 0902_archived_ms=0.6 wall_ms=1779330065430 path=replan_request_832645265406.json
2026-05-21T02:21:05.431687Z [AUTO] 0902 received (planIds=700000001)
2026-05-21T02:21:05.431687Z [REPLAN][TIME] pipeline_scheduled_ms=1.3 wall_ms=1779330065431 delay_ms=100
2026-05-21T02:21:05.431687Z [AUTO] replan pipeline scheduled after 0.1s delay
2026-05-21T02:21:05.527380Z [REPLAN][TIME] scheduled_start_ms=97.0 wall_ms=1779330065527
2026-05-21T02:21:05.536380Z [REPLAN][TIME] 0305_status_1_ms=105.9 wall_ms=1779330065536 reason=초기임무재계획
2026-05-21T02:21:05.536380Z [0305] status=1, reason=초기임무재계획 전송
2026-05-21T02:21:05.540891Z [STEP 0] Replan pipeline start (reason=초기임무재계획)
2026-05-21T02:21:05.541890Z [INFO] UAV params loaded (cruise=40.00, turn_step=15.0)
2026-05-21T02:21:05.541890Z [INFO] Latest input snapshot → 0201:ID=-,ts=-,src=-, 0203:ID=-,ts=-,src=-
2026-05-21T02:21:05.542890Z [INFO] Fallback 0201 file selected: 1.json
2026-05-21T02:21:05.542890Z [INFO] Fallback 0203 file selected: 1.json
2026-05-21T02:21:05.543890Z [CHECK] 0201/0203 필수 데이터 확인 시작
2026-05-21T02:21:05.544890Z [OK] 0201 inputMissionList 확인됨 (count=3) → 진행
2026-05-21T02:21:05.545890Z [OK] 0201 availableAircraftList 확인됨 (count=6) → 진행
2026-05-21T02:21:05.545890Z [OK] 0201 inputMissionPackageType=1 확인
2026-05-21T02:21:05.545890Z [OK] 0201 mainSensor=1 확인
2026-05-21T02:21:05.546890Z [CHECK] 0201 기체 수=6 (UAV=3, LAH=3)
2026-05-21T02:21:05.546890Z [CHECK] 0201 임무: total=3 missingID=0 missingDetail=0 missingShape=0 unknownType=0 typeZeroAuto=0 typeZeroInvalid=0 lineOnlyViolation=0 skippedSinglePoint=0
2026-05-21T02:21:05.546890Z [OK] 0203 takeOverInfoList 확인됨 (count=3) → 진행
2026-05-21T02:21:05.547890Z [OK] 0203 handOverInfoList 확인됨 (count=3) → 진행
2026-05-21T02:21:05.547890Z [OK] 0203 flightAreaList 확인됨 (count=1) → 진행
2026-05-21T02:21:05.548891Z [CHECK] 0203 flightAreaList count=1
2026-05-21T02:21:05.548891Z [INFO] Filtered completed input missions (removed=1, converted=-, widthAdjusted=-, skippedSinglePoint=-, snapshot=-, collapse=-)
2026-05-21T02:21:05.549890Z [variant 1] 일반 재계획 모드 적용
2026-05-21T02:21:05.549890Z [REPLAN][TIME] variant_started_ms=119.0 wall_ms=1779330065548 variant=1 option=1 mode=sequential
2026-05-21T02:21:05.549890Z [STEP 1.1] Divide & Pattern start
2026-05-21T02:21:05.556891Z [variant 1] [ENHANCED][1] split start: uavs=[4, 5, 6]
2026-05-21T02:21:05.558891Z [variant 1] [ENHANCED][1] split done: pieces=6
2026-05-21T02:21:05.559891Z [variant 1] [ENHANCED][2] type-decider done: profile=6 changed=6/6
2026-05-21T02:21:05.578965Z [variant 1] [ENHANCED][3] expected-path done: count=6
2026-05-21T02:21:05.589472Z [variant 1] [ENHANCED][4] area-review done: overflow=0 targets=0 pieces=6->6
2026-05-21T02:21:05.597471Z [variant 1] [ENHANCED][5] expected-velocity done: pieces=6 dbRows=7010
2026-05-21T02:21:05.660260Z [variant 1] [ENHANCED][6] 0302 export done: files=6
2026-05-21T02:21:05.661260Z [variant 1] [ENHANCED] total=111.1 ms
2026-05-21T02:21:05.661260Z [TIME] divide_and_pattern (variant=1): 111.2 ms
2026-05-21T02:21:05.662261Z [OK] IMP generated: 6 file(s) (variant=1)
2026-05-21T02:21:05.670770Z [TIME] build_0301+load (variant=1): 10.3 ms
2026-05-21T02:21:05.671770Z [OK] MissionPlan built: MissionPlan_1779330065660.json (variant=1)
2026-05-21T02:21:05.673770Z [TIME] collect_missions (variant=1): 2.7 ms, count=12
2026-05-21T02:21:05.719186Z [TIME] pathID_mapping (variant=1): 44.8 ms
2026-05-21T02:21:05.719186Z [INFO] pathID mapping done for 0302/0303/0304 (variant=1)
2026-05-21T02:21:06.866798Z [INFO] FlightPath build mode (variant=1): 0303=aircraft_parallel workers=2 aircraft=3, 0304=sequential
2026-05-21T02:21:06.866798Z [REPLAN][METRIC] flightpath_build_0303 variant=1 option=1 recon=0 mode=sequential buildMode=aircraft_parallel workers=2 aircraft=3 paths=6 reassignedWaypoints=12 elapsed_ms=1144.687 fallback=- worker_ms=4:907.710|5:784.144|6:269.393
2026-05-21T02:21:06.866798Z [INFO] FlightPath build time: 0303=1144.7 ms, 0304=12.2 ms
2026-05-21T02:21:06.866798Z [INFO] Applied LAH-UAV ETA follow speed plan (variant=1)
2026-05-21T02:21:06.866798Z [OK] FlightPath counts (variant=1): 0303=6 / 0304=6
2026-05-21T02:21:06.866798Z [REPLAN][METRIC] flightpath_counts variant=1 option=1 recon=0 mode=sequential paths0303=6 paths0304=6 pathsTotal=12 waypoints0303=12 waypoints0304=12 waypointsTotal=24 maxWaypointsPerPath=2 emptyPaths=0 formationPaths=0
2026-05-21T02:21:06.904444Z [TIME] build_0302 (variant=1): 29.4 ms, packages=6
2026-05-21T02:21:06.904444Z [INFO] FlightPath individualMissionID synced (variant=1): fixed=12
2026-05-21T02:21:06.914233Z [TIME] write_0302 (variant=1): 6.5 ms, files=6
2026-05-21T02:21:06.947211Z [TIME] write_FlightPath (variant=1): 25.2 ms, files=12
2026-05-21T02:21:06.947211Z [REPLAN][METRIC] flightpath_write variant=1 option=1 recon=0 mode=sequential files0303=6 files0304=6 filesTotal=12 write_ms=25.211
2026-05-21T02:21:06.947211Z [TIME] write_0301 (variant=1): 1.0 ms
2026-05-21T02:21:06.947211Z [OK] Stored variant 1: MissionPlanID=700000001, IMP=6, FlightPath=12
2026-05-21T02:21:06.947211Z [REPLAN][TIME] variant_finished_ms=1518.5 wall_ms=1779330066947 variant=1 option=1 mode=sequential status=success duration_ms=1399.546
2026-05-21T02:21:06.947211Z [TIME] variant_total (variant=1): 1399.5 ms
2026-05-21T02:21:06.947211Z [INFO] Option mapping #1: planID=700000001, optionCode=1(시스템 추천)
2026-05-21T02:21:06.947211Z [OK] Stored mission data: MissionPlan=1, IndividualMission=6, FlightPath=12
2026-05-21T02:21:06.947211Z [REPLAN][TIME] id_tab_update_deferred_ms=1520.6 wall_ms=1779330066947
2026-05-21T02:21:06.947211Z [REPLAN][TIME] pipeline_done_ms=1520.7 wall_ms=1779330066947 plans=1 force_direct=False
2026-05-21T02:21:06.947211Z [REPLAN][TIME] 0301_queued_ms=1520.7 wall_ms=1779330066947 plans=1
2026-05-21T02:21:06.947211Z [STEP 4] 0301 push queued (planIds=700000001)
2026-05-21T02:21:06.960729Z [0301] missionPlanID=700000001 전송
2026-05-21T02:21:06.960729Z [PUSH] 0301 direct batch send
2026-05-21T02:21:06.960729Z [REPLAN][TIME] 0301_sent_ms=1531.5 wall_ms=1779330066960 plans=1
2026-05-21T02:21:06.960729Z [REPLAN][TIME] post_0301_delivery_queued_ms=1531.9 wall_ms=1779330066960 grace_ms=0 timeout_ms=20 force_direct=0 mode=option_or_0901
2026-05-21T02:21:06.960729Z [INFO] Post-0301 apply queued (mode=option_or_0901, grace=0ms, timeout=20ms, plans=1)
2026-05-21T02:21:06.963995Z [REPLAN][TIME] 0305_status_2_ms=1533.4 wall_ms=1779330066963 reason=초기임무재계획
2026-05-21T02:21:06.963995Z [0305] status=2, reason=초기임무재계획, elapsed=1.43s 전송
2026-05-21T02:21:06.963995Z [REPLAN][TIME] post_0301_completion_ready_ms=1534.0 wall_ms=1779330066963 mode=option_or_0901
2026-05-21T02:21:06.963995Z [REPLAN][METRIC] source_artifact_cache entries=8 hits=0 misses=8
2026-05-21T02:21:06.990727Z [INFO] Post-0301 ready (timeout) -> sending 0903
2026-05-21T02:21:06.990727Z [REPLAN][TIME] post_0301_flushed_ms=1561.2 wall_ms=1779330066990 delivery=0903 trigger=timeout plans=1
2026-05-21T02:21:06.992232Z [REPLAN][TIME] id_tab_update_flushed_ms=1561.6 wall_ms=1779330066992
2026-05-21T02:21:07.085545Z [REPLAN][TIME] 0903_sent_ms=1664.3 wall_ms=1779330067085 missionPlanID=700000001
2026-05-21T02:21:07.085545Z [0903] request sent (missionPlanID=700000001)
2026-05-21T02:21:12.415325Z [MODE] 슬라이더 변경 → 임무 수행
2026-05-21T02:21:12.415325Z [0101/POLL] 모드 동기화 code=3
