
[2026-05-27 16:33:14] process-log attached: mission_planning
[PATH] DB root changed: C:\Users\LAHMUMT_2\Desktop\DSS_KU\Logs\Scenario_2026-05-21T130506\SBC3 -> C:\Users\LAHMUMT_2\Desktop\DSS_KU\Logs\Scenario_2026-05-27T163313\SBC3
[LOG] Mission planning log rebound: C:\Users\LAHMUMT_2\Desktop\DSS_KU\Logs\Scenario_2026-05-27T163313\SBC3\DSS_Internal\mission_planning_gui_20260527T073314_001739Z.log
[MODE] 슬라이더 변경 → 대기모드
[0101/POLL] 모드 동기화 code=1
[REPLAN][TIME] 0902_received_ms=0.0 wall_ms=1779867196428 trigger=general_or_unknown replanLevel=1 optionCount=1 forceDirect=0
[REPLAN][TIME] 0902_archived_ms=0.6 wall_ms=1779867196428 path=replan_request_833182396406.json
[AUTO] 0902 received (planIds=700000001)
[REPLAN][TIME] pipeline_scheduled_ms=1.1 wall_ms=1779867196429 delay_ms=100
[AUTO] replan pipeline scheduled after 0.1s delay
[MODE] 슬라이더 변경 → 초기 임무 계획
[0101/POLL] 모드 동기화 code=2
[REPLAN][TIME] scheduled_start_ms=111.4 wall_ms=1779867196540
[REPLAN][TIME] 0305_status_1_ms=120.9 wall_ms=1779867196549 reason=초기임무재계획
[0305] status=1, reason=초기임무재계획 전송
[STEP 0] Replan pipeline start (reason=초기임무재계획)
[INFO] UAV params loaded (cruise=40.00, turn_step=15.0)
[INFO] Latest input snapshot → 0201:ID=-,ts=-,src=-, 0203:ID=-,ts=-,src=-
[INFO] Fallback 0201 file selected: 1.json
[INFO] Fallback 0203 file selected: 1.json
[CHECK] 0201/0203 필수 데이터 확인 시작
[OK] 0201 inputMissionList 확인됨 (count=3) → 진행
[OK] 0201 availableAircraftList 확인됨 (count=6) → 진행
[OK] 0201 inputMissionPackageType=1 확인
[OK] 0201 mainSensor=1 확인
[CHECK] 0201 기체 수=6 (UAV=3, LAH=3)
[CHECK] 0201 임무: total=3 missingID=0 missingDetail=0 missingShape=0 unknownType=0 typeZeroAuto=0 typeZeroInvalid=0 lineOnlyViolation=0 skippedSinglePoint=0
[OK] 0203 takeOverInfoList 확인됨 (count=3) → 진행
[OK] 0203 handOverInfoList 확인됨 (count=3) → 진행
[OK] 0203 flightAreaList 확인됨 (count=1) → 진행
[CHECK] 0203 flightAreaList count=1
[INFO] Filtered completed input missions (removed=1, converted=-, widthAdjusted=-, skippedSinglePoint=-, snapshot=-, collapse=-)
[variant 1] 일반 재계획 모드 적용
[REPLAN][TIME] variant_started_ms=139.0 wall_ms=1779867196567 variant=1 option=1 mode=sequential
[STEP 1.1] Divide & Pattern start
[variant 1] [ENHANCED][1] split start: uavs=[4, 5, 6]
[variant 1] [ENHANCED][1] split done: pieces=6
[variant 1] [ENHANCED][2] type-decider done: profile=6 changed=6/6
[variant 1] [ENHANCED][3] expected-path done: count=6
[variant 1] [ENHANCED][4] area-review done: overflow=0 targets=0 pieces=6->6
[variant 1] [ENHANCED][5] expected-velocity done: pieces=6 dbRows=7010
[variant 1] [ENHANCED][6] 0302 export done: files=6
[variant 1] [ENHANCED] total=182.1 ms
[TIME] divide_and_pattern (variant=1): 182.2 ms
[OK] IMP generated: 6 file(s) (variant=1)
[TIME] build_0301+load (variant=1): 9.7 ms
[OK] MissionPlan built: MissionPlan_1779867196750.json (variant=1)
[TIME] collect_missions (variant=1): 3.1 ms, count=12
[TIME] pathID_mapping (variant=1): 70.4 ms
[INFO] pathID mapping done for 0302/0303/0304 (variant=1)
[SWEEP][AREA-DB] missionID=900000003 widthRef=3787.07m dbWidth=3953.79m fov=2.70 sep=1657.00
[SWEEP][AREA] separation=1657.00m, fov=2.70°, spacing=52.07m (~19 strips/1km)
[SWEEP][AREA-DB] missionID=900000001 widthRef=4450.18m dbWidth=4451.12m fov=2.20 sep=2026.00
[SWEEP][AREA] separation=2026.00m, fov=2.20°, spacing=51.87m (~19 strips/1km)
[SWEEP][LINE] separation=227.00m, fov=11.70°, spacing=31.01m (~32 strips/1km)
[SWEEP][AREA-DB] missionID=900000005 widthRef=3986.82m dbWidth=3986.98m fov=2.70 sep=1637.00
[SWEEP][AREA] separation=1637.00m, fov=2.70°, spacing=51.44m (~19 strips/1km)
[SWEEP][LINE] separation=227.00m, fov=11.70°, spacing=31.01m (~32 strips/1km)
[INFO] FlightPath build mode (variant=1): 0303=aircraft_parallel workers=2 aircraft=3, 0304=sequential
[REPLAN][METRIC] flightpath_build_0303 variant=1 option=1 recon=0 mode=sequential buildMode=aircraft_parallel workers=2 aircraft=3 paths=6 reassignedWaypoints=12 elapsed_ms=1248.293 fallback=- worker_ms=4:999.613|5:846.602|6:316.842
[INFO] FlightPath build time: 0303=1248.3 ms, 0304=13.3 ms
[INFO] Applied LAH-UAV ETA follow speed plan (variant=1)
[OK] FlightPath counts (variant=1): 0303=6 / 0304=6
[REPLAN][METRIC] flightpath_counts variant=1 option=1 recon=0 mode=sequential paths0303=6 paths0304=6 pathsTotal=12 waypoints0303=12 waypoints0304=12 waypointsTotal=24 maxWaypointsPerPath=2 emptyPaths=0 formationPaths=0
[TIME] build_0302 (variant=1): 37.1 ms, packages=6
[INFO] FlightPath individualMissionID synced (variant=1): fixed=12
[TIME] write_0302 (variant=1): 6.4 ms, files=6
[TIME] write_FlightPath (variant=1): 25.2 ms, files=12
[REPLAN][METRIC] flightpath_write variant=1 option=1 recon=0 mode=sequential files0303=6 files0304=6 filesTotal=12 write_ms=25.230
[TIME] write_0301 (variant=1): 0.8 ms
[OK] Stored variant 1: MissionPlanID=700000001, IMP=6, FlightPath=12
[REPLAN][TIME] variant_finished_ms=1748.7 wall_ms=1779867198177 variant=1 option=1 mode=sequential status=success duration_ms=1609.637
[TIME] variant_total (variant=1): 1609.6 ms
[INFO] Option mapping #1: planID=700000001, optionCode=1(시스템 추천)
[OK] Stored mission data: MissionPlan=1, IndividualMission=6, FlightPath=12
[REPLAN][TIME] id_tab_update_deferred_ms=1750.8 wall_ms=1779867198179
[REPLAN][TIME] pipeline_done_ms=1750.8 wall_ms=1779867198179 plans=1 force_direct=False
[REPLAN][TIME] 0301_queued_ms=1750.9 wall_ms=1779867198179 plans=1
[STEP 4] 0301 push queued (planIds=700000001)
[0301] missionPlanID=700000001 전송
[PUSH] 0301 direct batch send
[REPLAN][TIME] 0301_sent_ms=1758.8 wall_ms=1779867198187 plans=1
[REPLAN][TIME] post_0301_delivery_queued_ms=1759.3 wall_ms=1779867198188 grace_ms=0 timeout_ms=20 force_direct=0 mode=option_or_0901
[INFO] Post-0301 apply queued (mode=option_or_0901, grace=0ms, timeout=20ms, plans=1)
[REPLAN][TIME] 0305_status_2_ms=1760.7 wall_ms=1779867198189 reason=초기임무재계획
[0305] status=2, reason=초기임무재계획, elapsed=1.65s 전송
[REPLAN][TIME] post_0301_completion_ready_ms=1761.4 wall_ms=1779867198190 mode=option_or_0901
[REPLAN][METRIC] source_artifact_cache entries=8 hits=0 misses=8
[INFO] Post-0301 ready (timeout) -> sending 0903
[REPLAN][TIME] post_0301_flushed_ms=1795.5 wall_ms=1779867198223 delivery=0903 trigger=timeout plans=1
[REPLAN][TIME] id_tab_update_flushed_ms=1795.9 wall_ms=1779867198224
[REPLAN][TIME] 0903_sent_ms=1902.7 wall_ms=1779867198331 missionPlanID=700000001
[0903] request sent (missionPlanID=700000001)
[MODE] 슬라이더 변경 → 임무 수행
[0101/POLL] 모드 동기화 code=3

[2026-05-27 17:06:00] process-log attached: mission_planning
[LOG] Mission planning log started: C:\Users\LAHMUMT_2\Desktop\DSS_KU\Logs\Scenario_2026-05-27T163313\SBC3\DSS_Internal\mission_planning_gui_20260527T080559_922158Z.log
[PATH] DB root -> C:\Users\LAHMUMT_2\Desktop\DSS_KU\Logs\Scenario_2026-05-27T163313\SBC3
[CTRL] listener started @ 127.0.0.1:45981
[0101] 모드 수신 리스너 등록 완료
[0102] NodeMessenger 초기화 대기 중 ? 자동 송신 보류
[BUS] NodeMessenger 초기화 완료
[WARM] Mission planner runtime ready (algo_settings)
