
[2026-05-27 16:33:14] process-log attached: monitoring
[PATH] DB root -> C:\Users\LAHMUMT_2\Desktop\DSS_KU\Logs\Scenario_2026-05-27T163313\SBC3
[CTRL] {'cmd': 'system_mode', 'mode': 2}
[STATUS] init availability seeded from InputMissionPlan: [1, 2, 3, 4, 5, 6]
[RQUEUE] dispatching #1 초기 재계획: 초기임무재계획
[0902] auto replan request queued (init plan mode)
[0902] replan request sent (level=1, reason=초기임무재계획, planIds=700000001)
[RQUEUE] active #1 초기 재계획: 초기임무재계획
[RQUEUE] signal 0305 -> #1 재계획 수행중
[QUALITY] startup grace armed (missionPlanID=700000001, duration=10.0s)
[RQUEUE] completed #1 초기 재계획: 초기임무재계획 (수행임무 갱신, signal=0903, active_ms=2013)
[RealTimeInferrer] Loading/Reloading Mission Plan: C:\Users\LAHMUMT_2\Desktop\DSS_KU\Logs\Scenario_2026-05-27T163313\SBC3\MissionPlan\700000001.json
C:\Users\LAHMUMT_2\Desktop\DSS_KU\modules\monitoring\utils\preprocess.py:166: FutureWarning: You are using `torch.load` with `weights_only=False` (the current default value), which uses the default pickle module implicitly. It is possible to construct malicious pickle data which will execute arbitrary code during unpickling (See https://github.com/pytorch/pytorch/blob/main/SECURITY.md#untrusted-models for more details). In a future release, the default value for `weights_only` will be flipped to `True`. This limits the functions that could be executed during unpickling. Arbitrary objects will no longer be allowed to be loaded via this mode unless they are explicitly allowlisted by the user via `torch.serialization.add_safe_globals`. We recommend you start setting `weights_only=True` for any use case where you don't have full control of the loaded file. Please open an issue on GitHub for any issues related to this experimental feature.
  state = torch.load(vectorizer_path, map_location=device)
Updated Mission Context: torch.Size([384])
[0401TRACE] slow phase=dl_update elapsed=0.156s seq=1
[DL] realtime status -> WARMUP

[2026-05-27 17:06:01] process-log attached: monitoring
[PATH] DB root -> C:\Users\LAHMUMT_2\Desktop\DSS_KU\Logs\Scenario_2026-05-27T163313\SBC3
[CTRL] listener started @ 127.0.0.1:45982
C:\Users\LAHMUMT_2\Desktop\DSS_KU\modules\monitoring\logic\risk_analysis.py:229: FutureWarning: You are using `torch.load` with `weights_only=False` (the current default value), which uses the default pickle module implicitly. It is possible to construct malicious pickle data which will execute arbitrary code during unpickling (See https://github.com/pytorch/pytorch/blob/main/SECURITY.md#untrusted-models for more details). In a future release, the default value for `weights_only` will be flipped to `True`. This limits the functions that could be executed during unpickling. Arbitrary objects will no longer be allowed to be loaded via this mode unless they are explicitly allowlisted by the user via `torch.serialization.add_safe_globals`. We recommend you start setting `weights_only=True` for any use case where you don't have full control of the loaded file. Please open an issue on GitHub for any issues related to this experimental feature.
  checkpoint = torch.load(self.model_path, map_location=self.device)
[DL] DNN inferrer initialized
[DL] realtime status -> NO_DATA
[0102] status=1 sent
