2025-11-20T18:33:08.730199Z [LOG] Mission planning log started: C:\Users\LAHMUMT_2\Desktop\KU_LAHMUMT\Logs\Scenario_2025-11-21T032855\SBC3\DSS_Internal\mission_planning_gui_20251120T183308_728197Z.log
2025-11-20T18:33:08.731198Z CTRL UDP 수신 대기 시작 (127.0.0.1:45981)
2025-11-20T18:33:08.733294Z [0101] 모드 수신 리스너 등록 완료
2025-11-20T18:33:08.958239Z [CTRL] MODE change request: 초기화 모드
2025-11-20T18:33:09.241278Z [0102] NodeMessenger 초기화 대기 중 ? 자동 송신 보류
2025-11-20T18:33:09.408656Z [BUS] NodeMessenger 초기화 완료
2025-11-20T18:33:18.485447Z [MODE] 슬라이더 변경 → 대기모드
2025-11-20T18:33:18.486565Z [0101/POLL] 모드 동기화 code=1
2025-11-20T18:33:27.946162Z [INFO] Latest 0203 ID updated → 1
2025-11-20T18:33:28.354297Z [INFO] Latest 0201 ID updated → 1
2025-11-20T18:33:29.175601Z [AUTO] 0902 received (planIds=700000179)
2025-11-20T18:33:29.176600Z [AUTO] replan pipeline scheduled after 0.1s delay
2025-11-20T18:33:29.233480Z [MODE] 슬라이더 변경 → 초기 임무 계획
2025-11-20T18:33:29.234493Z [0101/POLL] 모드 동기화 code=2
2025-11-20T18:33:29.291619Z [0305] status=1, reason=초기임무재계획 전송
2025-11-20T18:33:29.294616Z [INFO] Using latest 0201 ID 1 for inputMissionPackageID (fallback)
2025-11-20T18:33:29.295617Z [INFO] Using latest 0203 ID 1 for missionReferencePackageID (fallback)
2025-11-20T18:33:29.295617Z [STEP 0] Replan pipeline start (reason=초기임무재계획)
2025-11-20T18:33:34.688779Z [INFO] Latest input snapshot → 0201:ID=1,ts=816922549226,src=-, 0203:ID=1,ts=816978807941,src=-
2025-11-20T18:33:34.689781Z [STEP 0] Using latest 0201 ID 1 (1.json)
2025-11-20T18:33:34.690781Z [STEP 0] Using latest 0203 ID 1 (1.json)
2025-11-20T18:33:34.691781Z [STEP 1.1] Divide & Pattern start
2025-11-20T18:33:34.691781Z [variant 1] [1] CMPK 로드
2025-11-20T18:33:34.700781Z [variant 1]     ▸ VehicleStatus 적용: 사용 가능한 기체 [1, 2, 3, 4, 5, 6]
2025-11-20T18:33:34.701781Z [variant 1]     MRPK 로드
2025-11-20T18:33:34.701781Z [variant 1]     ▸ 로드 완료  (소요 0.01s)
2025-11-20T18:33:34.702781Z [variant 1] [2] LAH 임무 저장 시작
2025-11-20T18:33:35.150005Z [variant 1] [LAH1] LAH 임무파일 저장 → C:\Users\LAHMUMT_2\Desktop\KU_LAHMUMT\Logs\Scenario_2025-11-21T033318\SBC3\mission_output\variant_01\IndividualMissionPlan_LAH001.json
2025-11-20T18:33:35.152005Z [variant 1] [LAH2] LAH 임무파일 저장 → C:\Users\LAHMUMT_2\Desktop\KU_LAHMUMT\Logs\Scenario_2025-11-21T033318\SBC3\mission_output\variant_01\IndividualMissionPlan_LAH002.json
2025-11-20T18:33:35.154005Z [variant 1] [LAH3] LAH 임무파일 저장 → C:\Users\LAHMUMT_2\Desktop\KU_LAHMUMT\Logs\Scenario_2025-11-21T033318\SBC3\mission_output\variant_01\IndividualMissionPlan_LAH003.json
2025-11-20T18:33:35.154005Z [variant 1]     ▸ LAH 3개 파일 저장
2025-11-20T18:33:35.155005Z [variant 1] [3] InputMission 분할
2025-11-20T18:33:35.156005Z [variant 1] [3] InputMission 분할
2025-11-20T18:33:35.156005Z [variant 1]     ▸ (1/11) inputMissionID=1 type=1
2025-11-20T18:33:35.158005Z [variant 1]        └─ sub-area 3개 추가 (누적 3)
2025-11-20T18:33:35.159007Z [variant 1]     ▸ (2/11) inputMissionID=2 type=1
2025-11-20T18:33:35.161007Z [variant 1]        └─ sub-area 3개 추가 (누적 6)
2025-11-20T18:33:35.161007Z [variant 1]     ▸ (3/11) inputMissionID=3 type=2
2025-11-20T18:33:35.162071Z [variant 1]        └─ sub-area 3개 추가 (누적 9)
2025-11-20T18:33:35.163071Z [variant 1]     ▸ (4/11) inputMissionID=4 type=1
2025-11-20T18:33:35.164071Z [variant 1]        └─ sub-area 3개 추가 (누적 12)
2025-11-20T18:33:35.164071Z [variant 1]     ▸ (5/11) inputMissionID=5 type=2
2025-11-20T18:33:35.165071Z [variant 1]        └─ sub-area 3개 추가 (누적 15)
2025-11-20T18:33:35.166071Z [variant 1]     ▸ (6/11) inputMissionID=6 type=1
2025-11-20T18:33:35.167071Z [variant 1]        └─ sub-area 3개 추가 (누적 18)
2025-11-20T18:33:35.168071Z [variant 1]     ▸ (7/11) inputMissionID=7 type=2
2025-11-20T18:33:35.169071Z [variant 1]        └─ sub-area 3개 추가 (누적 21)
2025-11-20T18:33:35.169071Z [variant 1]     ▸ (8/11) inputMissionID=8 type=1
2025-11-20T18:33:35.170071Z [variant 1]        └─ sub-area 3개 추가 (누적 24)
2025-11-20T18:33:35.171071Z [variant 1]     ▸ (9/11) inputMissionID=9 type=2
2025-11-20T18:33:35.172071Z [variant 1]        └─ sub-area 3개 추가 (누적 27)
2025-11-20T18:33:35.172071Z [variant 1]     ▸ (10/11) inputMissionID=10 type=1
2025-11-20T18:33:35.174083Z [variant 1]        └─ sub-area 3개 추가 (누적 30)
2025-11-20T18:33:35.174083Z [variant 1]     ▸ (11/11) inputMissionID=11 type=1
2025-11-20T18:33:35.176083Z [variant 1]        └─ sub-area 3개 추가 (누적 33)
2025-11-20T18:33:35.176083Z [variant 1]     ▸ 분할 완료: 33개 sub-area
2025-11-20T18:33:35.179123Z [variant 1] [4] RL 예상시간 계산
2025-11-20T18:33:35.179123Z [variant 1]        RL 진행    1/33  (소요  0.0s)
2025-11-20T18:33:35.180123Z [variant 1]        RL 진행    2/33  (소요  0.0s)
2025-11-20T18:33:35.181122Z [variant 1]        RL 진행    4/33  (소요  0.0s)
2025-11-20T18:33:35.181122Z [variant 1]        RL 진행    6/33  (소요  0.0s)
2025-11-20T18:33:35.181122Z [variant 1]        RL 진행    8/33  (소요  0.0s)
2025-11-20T18:33:35.182123Z [variant 1]        RL 진행   10/33  (소요  0.0s)
2025-11-20T18:33:35.182123Z [variant 1]        RL 진행   12/33  (소요  0.0s)
2025-11-20T18:33:35.182123Z [variant 1]        RL 진행   14/33  (소요  0.0s)
2025-11-20T18:33:35.183122Z [variant 1]        RL 진행   16/33  (소요  0.0s)
2025-11-20T18:33:35.183122Z [variant 1]        RL 진행   18/33  (소요  0.0s)
2025-11-20T18:33:35.184123Z [variant 1]        RL 진행   20/33  (소요  0.0s)
2025-11-20T18:33:35.184123Z [variant 1]        RL 진행   22/33  (소요  0.0s)
2025-11-20T18:33:35.184123Z [variant 1]        RL 진행   24/33  (소요  0.0s)
2025-11-20T18:33:35.185122Z [variant 1]        RL 진행   26/33  (소요  0.0s)
2025-11-20T18:33:35.185122Z [variant 1]        RL 진행   28/33  (소요  0.0s)
2025-11-20T18:33:35.185122Z [variant 1]        RL 진행   30/33  (소요  0.0s)
2025-11-20T18:33:35.186123Z [variant 1]        RL 진행   32/33  (소요  0.0s)
2025-11-20T18:33:35.186123Z [variant 1]        RL 진행   33/33  (소요  0.0s)
2025-11-20T18:33:35.186123Z [variant 1]        ┌─ RL 세부 소요(ms) ─────────────
2025-11-20T18:33:35.187123Z [variant 1]        │ predict :    0.0  / p95    0.0
2025-11-20T18:33:35.187123Z [variant 1]        │ env.step:    0.0  / p95    0.1
2025-11-20T18:33:35.187123Z [variant 1]        │ distance:    0.0  / p95    0.0
2025-11-20T18:33:35.188123Z [variant 1]        └───────────────────────────────
2025-11-20T18:33:35.188123Z [variant 1] [5] PuLP 균등 스케줄링
2025-11-20T18:33:35.191124Z [variant 1] [PuLP] 입력 IMP 로드 → _flat.json
2025-11-20T18:33:35.192124Z [variant 1] [PuLP] 임무 33개 → 11개 그룹 (그룹당 ≤3개)
2025-11-20T18:33:35.438141Z [variant 1] [PuLP] Status = Optimal
2025-11-20T18:33:35.439141Z [variant 1] [PuLP] 최적 편차 = 24664.00 s
2025-11-20T18:33:35.439141Z [variant 1] [PuLP] 저장 완료 → C:\Users\LAHMUMT_2\Desktop\KU_LAHMUMT\Logs\Scenario_2025-11-21T033318\SBC3\mission_output\variant_01\_flat_sched.json
2025-11-20T18:33:35.446142Z [variant 1] [6] UAV IMP 생성‧저장
2025-11-20T18:33:36.158862Z [variant 1]     ▸ IMP 저장: C:\Users\LAHMUMT_2\Desktop\KU_LAHMUMT\Logs\Scenario_2025-11-21T033318\SBC3\mission_output\variant_01\IndividualMissionPlan_UAV004.json
2025-11-20T18:33:36.160862Z [variant 1]     ▸ IMP 저장: C:\Users\LAHMUMT_2\Desktop\KU_LAHMUMT\Logs\Scenario_2025-11-21T033318\SBC3\mission_output\variant_01\IndividualMissionPlan_UAV005.json
2025-11-20T18:33:36.161862Z [variant 1]     ▸ IMP 저장: C:\Users\LAHMUMT_2\Desktop\KU_LAHMUMT\Logs\Scenario_2025-11-21T033318\SBC3\mission_output\variant_01\IndividualMissionPlan_UAV006.json
2025-11-20T18:33:36.162863Z [variant 1] [✔] divide_and_pattern 끝 (총 1762930577.5s 경과)
2025-11-20T18:33:36.163862Z [OK] IMP generated: 6 file(s) (variant=1)
2025-11-20T18:33:36.214717Z [OK] MissionPlan built: MissionPlan_1763663616162.json (variant=1)
2025-11-20T18:33:36.665942Z [INFO] pathID mapping done for 0302/0303/0304 (variant=1)
2025-11-20T18:33:37.978951Z [OK] FlightPath counts (variant=1): 0303=33 / 0304=33
2025-11-20T18:33:38.509492Z [OK] Stored variant 1: MissionPlanID=700000179, IMP=6, FlightPath=66
2025-11-20T18:33:38.510492Z [INFO] Option mapping #1: planID=700000179, optionCode=1(시스템추천)
2025-11-20T18:33:38.512579Z [OK] Stored mission data: MissionPlan=1, IndividualMission=6, FlightPath=66
2025-11-20T18:33:38.512579Z [STEP 4] 0301 push queued (planIds=700000179)
2025-11-20T18:33:38.513579Z [INFO] Direct delivery -> skip 0901/0701, send 0301+0903 only
2025-11-20T18:33:38.524084Z [0301] missionPlanID=700000179 전송
2025-11-20T18:33:38.526086Z [PUSH] 0301 button click()
2025-11-20T18:33:39.124993Z [0305] status=2, reason=초기임무재계획 전송
2025-11-20T18:33:39.426830Z [0903] request sent (missionPlanID=700000179)
