
[2026-03-13 11:13:43] process-log attached: mission_planning
[MODE] 슬라이더 변경 → 대기모드
[0101/POLL] 모드 동기화 code=1
[0203] DB 참조! (C:\Users\TRL98\Desktop\LAH_MUMT\Logs\Scenario_2026-03-13T111343\SBC3\MissionReferenceInfo\1.json)[0201] DB 참조! (C:\Users\TRL98\Desktop\LAH_MUMT\Logs\Scenario_2026-03-13T111343\SBC3\InputMissionPlan\1.json)

[INFO] Latest 0203 ID updated → 1
[INFO] Latest 0201 ID updated → 1
[MODE] 슬라이더 변경 → 초기 임무 계획
[0101/POLL] 모드 동기화 code=2
[AUTO] 0902 received (planIds=700000031)
[AUTO] replan pipeline scheduled after 0.1s delay
[0305] status=1, reason=초기임무재계획 전송
[INFO] Using latest 0201 ID 1 for inputMissionPackageID (fallback)
[INFO] Using latest 0203 ID 1 for missionReferencePackageID (fallback)
[STEP 0] Replan pipeline start (reason=초기임무재계획)
[INFO] UAV params loaded (cruise=40.00, turn_step=15.0)
[INFO] Latest input snapshot → 0201:ID=1,ts=826683232721,src=-, 0203:ID=1,ts=826683232727,src=-
[STEP 0] Using latest 0201 ID 1 (1.json)
[STEP 0] Using latest 0203 ID 1 (1.json)
[CHECK] 0201/0203 필수 데이터 확인 시작
[OK] 0201 inputMissionList 확인됨 (count=11) → 진행
[OK] 0201 availableAircraftList 확인됨 (count=6) → 진행
[OK] 0201 inputMissionPackageType=1 확인
[OK] 0201 mainSensor=1 확인
[CHECK] 0201 기체 수=6 (UAV=3, LAH=3)
[CHECK] 0201 임무: total=11 missingID=0 missingDetail=0 missingShape=0 unknownType=0 typeZero=0 lineOnlyViolation=0
[OK] 0203 takeOverInfoList 확인됨 (count=3) → 진행
[OK] 0203 handOverInfoList 확인됨 (count=3) → 진행
[OK] 0203 flightAreaList 확인됨 (count=1) → 진행
[CHECK] 0203 flightAreaList count=1
[STEP 1.1] Divide & Pattern start
[variant 1] [ENHANCED][1] split start: uavs=[4, 5, 6]
[variant 1] [ENHANCED][1] split done: pieces=33
[variant 1] [ENHANCED][2] type-decider done: profile=6 changed=33/33
[variant 1] [ENHANCED][3] expected-path done: count=33
[variant 1] [ENHANCED][4] area-review done: overflow=5 targets=5 pieces=33->40
[variant 1] [ENHANCED][5] expected-velocity done: pieces=40 dbRows=391
[variant 1] [ENHANCED][6] 0302 export done: files=6
[variant 1] [ENHANCED] total=267.4 ms
[TIME] divide_and_pattern (variant=1): 267.9 ms
[OK] IMP generated: 6 file(s) (variant=1)
[TIME] build_0301+load (variant=1): 15.0 ms
[OK] MissionPlan built: MissionPlan_1773368033495.json (variant=1)
[TIME] collect_missions (variant=1): 6.5 ms, count=71
[TIME] pathID_mapping (variant=1): 79.5 ms
[INFO] pathID mapping done for 0302/0303/0304 (variant=1)
[INFO] FlightPath build mode: parallel (variant=1)
[SWEEP][LINE] separation=370.00m, fov=4.40°, spacing=31.27m (~32 strips/1km)
[SWEEP][AREA] separation=360.00m, fov=4.40°, spacing=30.43m (~33 strips/1km)
[SWEEP][AREA] separation=130.00m, fov=5.60°, spacing=13.99m (~71 strips/1km)
[SWEEP][AREA] separation=155.00m, fov=5.50°, spacing=16.38m (~61 strips/1km)
[SWEEP][AREA] separation=290.00m, fov=4.80°, spacing=26.74m (~37 strips/1km)
[SWEEP][AREA] separation=470.00m, fov=3.80°, spacing=34.30m (~29 strips/1km)
[SWEEP][AREA] separation=295.00m, fov=4.80°, spacing=27.20m (~37 strips/1km)
[SWEEP][AREA] separation=125.00m, fov=5.60°, spacing=13.45m (~74 strips/1km)
[SWEEP][AREA] separation=380.00m, fov=4.30°, spacing=31.39m (~32 strips/1km)
[SWEEP][AREA] separation=375.00m, fov=4.30°, spacing=30.97m (~32 strips/1km)
[SWEEP][AREA] separation=280.00m, fov=4.90°, spacing=26.36m (~38 strips/1km)
[SWEEP][AREA] separation=175.00m, fov=5.40°, spacing=18.16m (~55 strips/1km)
[SWEEP][AREA] separation=275.00m, fov=4.90°, spacing=25.89m (~39 strips/1km)
[SWEEP][AREA] separation=535.00m, fov=3.50°, spacing=35.96m (~28 strips/1km)
[INFO] FlightPath build time (parallel): 0303=1017.1 ms, 0304=676.0 ms, wall=1019.0 ms
[OK] FlightPath counts (variant=1): 0303=38 / 0304=33
[TIME] build_0302 (variant=1): 38.4 ms, packages=6
[TIME] write_0302 (variant=1): 8.9 ms, files=6
[TIME] write_FlightPath (variant=1): 71.0 ms, files=71
[TIME] write_0301 (variant=1): 1.3 ms
[OK] Stored variant 1: MissionPlanID=700000000, IMP=6, FlightPath=71
[TIME] variant_total (variant=1): 1515.7 ms
[INFO] Option mapping #1: planID=700000000, optionCode=1(시스템 추천)
[OK] Stored mission data: MissionPlan=1, IndividualMission=6, FlightPath=71
[STEP 4] 0301 push queued (planIds=700000000)
[0301] missionPlanID=700000000 전송
[PUSH] 0301 button click()
[INFO] Post-0301 apply queued (grace=1800ms, timeout=3000ms, plans=1)
[0305] status=2, reason=초기임무재계획, elapsed=1.58s 전송
[INFO] Post-0301 ready (timeout) -> sending 0903
[0903] request sent (missionPlanID=700000000)
[MODE] 슬라이더 변경 → 대기모드
[0101/POLL] 모드 동기화 code=1
[MODE] 슬라이더 변경 → 임무 수행
[0101/POLL] 모드 동기화 code=3
