
[2026-05-21 11:21:02] process-log attached: mission_planning
[PATH] DB root changed: C:\Users\LAHMUMT_2\Desktop\DSS_KU\Logs\Scenario_2026-05-21T105003\SBC3 -> C:\Users\LAHMUMT_2\Desktop\DSS_KU\Logs\Scenario_2026-05-21T112102\SBC3
[LOG] Mission planning log rebound: C:\Users\LAHMUMT_2\Desktop\DSS_KU\Logs\Scenario_2026-05-21T112102\SBC3\DSS_Internal\mission_planning_gui_20260521T022102_756021Z.log
[MODE] 슬라이더 변경 → 대기모드
[0101/POLL] 모드 동기화 code=1
[MODE] 슬라이더 변경 → 초기 임무 계획
[0101/POLL] 모드 동기화 code=2
[REPLAN][TIME] 0902_received_ms=0.0 wall_ms=1779330065430 trigger=general_or_unknown replanLevel=1 optionCount=1 forceDirect=0
[REPLAN][TIME] 0902_archived_ms=0.6 wall_ms=1779330065430 path=replan_request_832645265406.json
[AUTO] 0902 received (planIds=700000001)
[REPLAN][TIME] pipeline_scheduled_ms=1.3 wall_ms=1779330065431 delay_ms=100
[AUTO] replan pipeline scheduled after 0.1s delay
[REPLAN][TIME] scheduled_start_ms=97.0 wall_ms=1779330065527
[REPLAN][TIME] 0305_status_1_ms=105.9 wall_ms=1779330065536 reason=초기임무재계획
[0305] status=1, reason=초기임무재계획 전송
[STEP 0] Replan pipeline start (reason=초기임무재계획)
[INFO] UAV params loaded (cruise=40.00, turn_step=15.0)
[INFO] Latest input snapshot → 0201:ID=-,ts=-,src=-, 0203:ID=-,ts=-,src=-
[INFO] Fallback 0201 file selected: 1.json
[INFO] Fallback 0203 file selected: 1.json
[CHECK] 0201/0203 필수 데이터 확인 시작
[OK] 0201 inputMissionList 확인됨 (count=3) → 진행
[OK] 0201 availableAircraftList 확인됨 (count=6) → 진행
[OK] 0201 inputMissionPackageType=1 확인
[OK] 0201 mainSensor=1 확인
[CHECK] 0201 기체 수=6 (UAV=3, LAH=3)
[CHECK] 0201 임무: total=3 missingID=0 missingDetail=0 missingShape=0 unknownType=0 typeZeroAuto=0 typeZeroInvalid=0 lineOnlyViolation=0 skippedSinglePoint=0
[OK] 0203 takeOverInfoList 확인됨 (count=3) → 진행
[OK] 0203 handOverInfoList 확인됨 (count=3) → 진행
[OK] 0203 flightAreaList 확인됨 (count=1) → 진행
[CHECK] 0203 flightAreaList count=1
[INFO] Filtered completed input missions (removed=1, converted=-, widthAdjusted=-, skippedSinglePoint=-, snapshot=-, collapse=-)
[variant 1] 일반 재계획 모드 적용
[REPLAN][TIME] variant_started_ms=119.0 wall_ms=1779330065548 variant=1 option=1 mode=sequential
[STEP 1.1] Divide & Pattern start
[variant 1] [ENHANCED][1] split start: uavs=[4, 5, 6]
[variant 1] [ENHANCED][1] split done: pieces=6
[variant 1] [ENHANCED][2] type-decider done: profile=6 changed=6/6
[variant 1] [ENHANCED][3] expected-path done: count=6
[variant 1] [ENHANCED][4] area-review done: overflow=0 targets=0 pieces=6->6
[variant 1] [ENHANCED][5] expected-velocity done: pieces=6 dbRows=7010
[variant 1] [ENHANCED][6] 0302 export done: files=6
[variant 1] [ENHANCED] total=111.1 ms
[TIME] divide_and_pattern (variant=1): 111.2 ms
[OK] IMP generated: 6 file(s) (variant=1)
[TIME] build_0301+load (variant=1): 10.3 ms
[OK] MissionPlan built: MissionPlan_1779330065660.json (variant=1)
[TIME] collect_missions (variant=1): 2.7 ms, count=12
[TIME] pathID_mapping (variant=1): 44.8 ms
[INFO] pathID mapping done for 0302/0303/0304 (variant=1)
[SWEEP][AREA-DB] missionID=900000003 widthRef=3787.07m dbWidth=3953.79m fov=2.70 sep=1657.00
[SWEEP][AREA] separation=1657.00m, fov=2.70°, spacing=52.07m (~19 strips/1km)
[SWEEP][AREA-DB] missionID=900000001 widthRef=4450.18m dbWidth=4696.54m fov=1.70 sep=2772.00
[SWEEP][AREA] separation=2772.00m, fov=1.70°, spacing=54.84m (~18 strips/1km)
[SWEEP][LINE] separation=227.00m, fov=11.70°, spacing=31.01m (~32 strips/1km)
[SWEEP][AREA-DB] missionID=900000005 widthRef=3986.82m dbWidth=4232.35m fov=2.20 sep=2140.00
[SWEEP][AREA] separation=2140.00m, fov=2.20°, spacing=54.79m (~18 strips/1km)
[SWEEP][LINE] separation=227.00m, fov=11.70°, spacing=31.01m (~32 strips/1km)
[INFO] FlightPath build mode (variant=1): 0303=aircraft_parallel workers=2 aircraft=3, 0304=sequential
[REPLAN][METRIC] flightpath_build_0303 variant=1 option=1 recon=0 mode=sequential buildMode=aircraft_parallel workers=2 aircraft=3 paths=6 reassignedWaypoints=12 elapsed_ms=1144.687 fallback=- worker_ms=4:907.710|5:784.144|6:269.393
[INFO] FlightPath build time: 0303=1144.7 ms, 0304=12.2 ms
[INFO] Applied LAH-UAV ETA follow speed plan (variant=1)
[OK] FlightPath counts (variant=1): 0303=6 / 0304=6
[REPLAN][METRIC] flightpath_counts variant=1 option=1 recon=0 mode=sequential paths0303=6 paths0304=6 pathsTotal=12 waypoints0303=12 waypoints0304=12 waypointsTotal=24 maxWaypointsPerPath=2 emptyPaths=0 formationPaths=0
[TIME] build_0302 (variant=1): 29.4 ms, packages=6
[INFO] FlightPath individualMissionID synced (variant=1): fixed=12
[TIME] write_0302 (variant=1): 6.5 ms, files=6
[TIME] write_FlightPath (variant=1): 25.2 ms, files=12
[REPLAN][METRIC] flightpath_write variant=1 option=1 recon=0 mode=sequential files0303=6 files0304=6 filesTotal=12 write_ms=25.211
[TIME] write_0301 (variant=1): 1.0 ms
[OK] Stored variant 1: MissionPlanID=700000001, IMP=6, FlightPath=12
[REPLAN][TIME] variant_finished_ms=1518.5 wall_ms=1779330066947 variant=1 option=1 mode=sequential status=success duration_ms=1399.546
[TIME] variant_total (variant=1): 1399.5 ms
[INFO] Option mapping #1: planID=700000001, optionCode=1(시스템 추천)
[OK] Stored mission data: MissionPlan=1, IndividualMission=6, FlightPath=12
[REPLAN][TIME] id_tab_update_deferred_ms=1520.6 wall_ms=1779330066947
[REPLAN][TIME] pipeline_done_ms=1520.7 wall_ms=1779330066947 plans=1 force_direct=False
[REPLAN][TIME] 0301_queued_ms=1520.7 wall_ms=1779330066947 plans=1
[STEP 4] 0301 push queued (planIds=700000001)
[0301] missionPlanID=700000001 전송
[PUSH] 0301 direct batch send
[REPLAN][TIME] 0301_sent_ms=1531.5 wall_ms=1779330066960 plans=1
[REPLAN][TIME] post_0301_delivery_queued_ms=1531.9 wall_ms=1779330066960 grace_ms=0 timeout_ms=20 force_direct=0 mode=option_or_0901
[INFO] Post-0301 apply queued (mode=option_or_0901, grace=0ms, timeout=20ms, plans=1)
[REPLAN][TIME] 0305_status_2_ms=1533.4 wall_ms=1779330066963 reason=초기임무재계획
[0305] status=2, reason=초기임무재계획, elapsed=1.43s 전송
[REPLAN][TIME] post_0301_completion_ready_ms=1534.0 wall_ms=1779330066963 mode=option_or_0901
[REPLAN][METRIC] source_artifact_cache entries=8 hits=0 misses=8
[INFO] Post-0301 ready (timeout) -> sending 0903
[REPLAN][TIME] post_0301_flushed_ms=1561.2 wall_ms=1779330066990 delivery=0903 trigger=timeout plans=1
[REPLAN][TIME] id_tab_update_flushed_ms=1561.6 wall_ms=1779330066992
[REPLAN][TIME] 0903_sent_ms=1664.3 wall_ms=1779330067085 missionPlanID=700000001
[0903] request sent (missionPlanID=700000001)
[MODE] 슬라이더 변경 → 임무 수행
[0101/POLL] 모드 동기화 code=3

[2026-05-21 12:13:16] process-log attached: mission_planning
[LOG] Mission planning log started: C:\Users\LAHMUMT_2\Desktop\DSS_KU\Logs\Scenario_2026-05-21T112102\SBC3\DSS_Internal\mission_planning_gui_20260521T031315_743251Z.log
[PATH] DB root -> C:\Users\LAHMUMT_2\Desktop\DSS_KU\Logs\Scenario_2026-05-21T112102\SBC3
[CTRL] listener started @ 127.0.0.1:45981
[0101] 모드 수신 리스너 등록 완료
[0102] NodeMessenger 초기화 대기 중 ? 자동 송신 보류
[BUS] NodeMessenger 초기화 완료
[WARM] Mission planner runtime ready (algo_settings)

[2026-05-21 12:56:33] process-log attached: mission_planning
[LOG] Mission planning log started: C:\Users\LAHMUMT_2\Desktop\DSS_KU\Logs\Scenario_2026-05-21T112102\SBC3\DSS_Internal\mission_planning_gui_20260521T035633_102378Z.log
[PATH] DB root -> C:\Users\LAHMUMT_2\Desktop\DSS_KU\Logs\Scenario_2026-05-21T112102\SBC3
[CTRL] listener started @ 127.0.0.1:45981
[0101] 모드 수신 리스너 등록 완료
[0102] NodeMessenger 초기화 대기 중 ? 자동 송신 보류
[BUS] NodeMessenger 초기화 완료
[WARM] Mission planner runtime ready (algo_settings)
