2025-11-20T18:28:50.243405Z [LOG] Mission planning log started: C:\Users\LAHMUMT_2\Desktop\KU_LAHMUMT\Logs\Scenario_2025-11-21T031918\SBC3\DSS_Internal\mission_planning_gui_20251120T182850_242403Z.log
2025-11-20T18:28:50.243405Z CTRL UDP 수신 대기 시작 (127.0.0.1:45981)
2025-11-20T18:28:50.244404Z [0101] 모드 수신 리스너 등록 완료
2025-11-20T18:28:50.389441Z [CTRL] MODE change request: 초기화 모드
2025-11-20T18:28:50.638837Z [BUS] NodeMessenger 초기화 완료
2025-11-20T18:28:55.499456Z [MODE] 슬라이더 변경 → 대기모드
2025-11-20T18:28:55.500456Z [0101/POLL] 모드 동기화 code=1
2025-11-20T18:29:00.278959Z [INFO] Latest 0203 ID updated → 1
2025-11-20T18:29:00.703336Z [INFO] Latest 0201 ID updated → 1
2025-11-20T18:29:01.868276Z [AUTO] 0902 received (planIds=700000178)
2025-11-20T18:29:01.868276Z [AUTO] replan pipeline scheduled after 0.1s delay
2025-11-20T18:29:01.995909Z [0305] status=1, reason=초기임무재계획 전송
2025-11-20T18:29:01.997913Z [MODE] 슬라이더 변경 → 초기 임무 계획
2025-11-20T18:29:01.998912Z [0101/POLL] 모드 동기화 code=2
2025-11-20T18:29:01.998912Z [INFO] Using latest 0201 ID 1 for inputMissionPackageID (fallback)
2025-11-20T18:29:01.999912Z [INFO] Using latest 0203 ID 1 for missionReferencePackageID (fallback)
2025-11-20T18:29:01.999912Z [STEP 0] Replan pipeline start (reason=초기임무재계획)
2025-11-20T18:29:04.313544Z [INFO] Latest input snapshot → 0201:ID=1,ts=816922549226,src=-, 0203:ID=1,ts=816978540275,src=-
2025-11-20T18:29:04.313544Z [STEP 0] Using latest 0201 ID 1 (1.json)
2025-11-20T18:29:04.315047Z [STEP 0] Using latest 0203 ID 1 (1.json)
2025-11-20T18:29:04.315047Z [STEP 1.1] Divide & Pattern start
2025-11-20T18:29:04.316051Z [variant 1] [1] CMPK 로드
2025-11-20T18:29:04.325157Z [variant 1]     ▸ VehicleStatus 적용: 사용 가능한 기체 [1, 2, 3, 4, 5, 6]
2025-11-20T18:29:04.325157Z [variant 1]     MRPK 로드
2025-11-20T18:29:04.330662Z [variant 1]     ▸ 로드 완료  (소요 0.02s)
2025-11-20T18:29:04.330662Z [variant 1] [2] LAH 임무 저장 시작
2025-11-20T18:29:04.723658Z [variant 1] [LAH1] LAH 임무파일 저장 → C:\Users\LAHMUMT_2\Desktop\KU_LAHMUMT\Logs\Scenario_2025-11-21T032855\SBC3\mission_output\variant_01\IndividualMissionPlan_LAH001.json
2025-11-20T18:29:04.724658Z [variant 1] [LAH2] LAH 임무파일 저장 → C:\Users\LAHMUMT_2\Desktop\KU_LAHMUMT\Logs\Scenario_2025-11-21T032855\SBC3\mission_output\variant_01\IndividualMissionPlan_LAH002.json
2025-11-20T18:29:04.727658Z [variant 1] [LAH3] LAH 임무파일 저장 → C:\Users\LAHMUMT_2\Desktop\KU_LAHMUMT\Logs\Scenario_2025-11-21T032855\SBC3\mission_output\variant_01\IndividualMissionPlan_LAH003.json
2025-11-20T18:29:04.727658Z [variant 1]     ▸ LAH 3개 파일 저장
2025-11-20T18:29:04.728658Z [variant 1] [3] InputMission 분할
2025-11-20T18:29:04.728658Z [variant 1] [3] InputMission 분할
2025-11-20T18:29:04.728658Z [variant 1]     ▸ (1/11) inputMissionID=1 type=1
2025-11-20T18:29:04.729658Z [variant 1]        └─ sub-area 3개 추가 (누적 3)
2025-11-20T18:29:04.729658Z [variant 1]     ▸ (2/11) inputMissionID=2 type=1
2025-11-20T18:29:04.730658Z [variant 1]        └─ sub-area 3개 추가 (누적 6)
2025-11-20T18:29:04.730658Z [variant 1]     ▸ (3/11) inputMissionID=3 type=2
2025-11-20T18:29:04.730658Z [variant 1]        └─ sub-area 3개 추가 (누적 9)
2025-11-20T18:29:04.731658Z [variant 1]     ▸ (4/11) inputMissionID=4 type=1
2025-11-20T18:29:04.731658Z [variant 1]        └─ sub-area 3개 추가 (누적 12)
2025-11-20T18:29:04.732769Z [variant 1]     ▸ (5/11) inputMissionID=5 type=2
2025-11-20T18:29:04.732769Z [variant 1]        └─ sub-area 3개 추가 (누적 15)
2025-11-20T18:29:04.732769Z [variant 1]     ▸ (6/11) inputMissionID=6 type=1
2025-11-20T18:29:04.733769Z [variant 1]        └─ sub-area 3개 추가 (누적 18)
2025-11-20T18:29:04.735271Z [variant 1]     ▸ (7/11) inputMissionID=7 type=2
2025-11-20T18:29:04.736274Z [variant 1]        └─ sub-area 3개 추가 (누적 21)
2025-11-20T18:29:04.737274Z [variant 1]     ▸ (8/11) inputMissionID=8 type=1
2025-11-20T18:29:04.737274Z [variant 1]        └─ sub-area 3개 추가 (누적 24)
2025-11-20T18:29:04.738274Z [variant 1]     ▸ (9/11) inputMissionID=9 type=2
2025-11-20T18:29:04.738274Z [variant 1]        └─ sub-area 3개 추가 (누적 27)
2025-11-20T18:29:04.738274Z [variant 1]     ▸ (10/11) inputMissionID=10 type=1
2025-11-20T18:29:04.738274Z [variant 1]        └─ sub-area 3개 추가 (누적 30)
2025-11-20T18:29:04.739275Z [variant 1]     ▸ (11/11) inputMissionID=11 type=1
2025-11-20T18:29:04.739275Z [variant 1]        └─ sub-area 3개 추가 (누적 33)
2025-11-20T18:29:04.739275Z [variant 1]     ▸ 분할 완료: 33개 sub-area
2025-11-20T18:29:04.739275Z [variant 1] [4] RL 예상시간 계산
2025-11-20T18:29:04.740274Z [variant 1]        RL 진행    1/33  (소요  0.0s)
2025-11-20T18:29:04.740274Z [variant 1]        RL 진행    2/33  (소요  0.0s)
2025-11-20T18:29:04.740274Z [variant 1]        RL 진행    4/33  (소요  0.0s)
2025-11-20T18:29:04.740274Z [variant 1]        RL 진행    6/33  (소요  0.0s)
2025-11-20T18:29:04.740274Z [variant 1]        RL 진행    8/33  (소요  0.0s)
2025-11-20T18:29:04.741274Z [variant 1]        RL 진행   10/33  (소요  0.0s)
2025-11-20T18:29:04.741274Z [variant 1]        RL 진행   12/33  (소요  0.0s)
2025-11-20T18:29:04.741274Z [variant 1]        RL 진행   14/33  (소요  0.0s)
2025-11-20T18:29:04.741274Z [variant 1]        RL 진행   16/33  (소요  0.0s)
2025-11-20T18:29:04.741274Z [variant 1]        RL 진행   18/33  (소요  0.0s)
2025-11-20T18:29:04.741274Z [variant 1]        RL 진행   20/33  (소요  0.0s)
2025-11-20T18:29:04.742274Z [variant 1]        RL 진행   22/33  (소요  0.0s)
2025-11-20T18:29:04.742274Z [variant 1]        RL 진행   24/33  (소요  0.0s)
2025-11-20T18:29:04.742274Z [variant 1]        RL 진행   26/33  (소요  0.0s)
2025-11-20T18:29:04.742274Z [variant 1]        RL 진행   28/33  (소요  0.0s)
2025-11-20T18:29:04.742274Z [variant 1]        RL 진행   30/33  (소요  0.0s)
2025-11-20T18:29:04.743274Z [variant 1]        RL 진행   32/33  (소요  0.0s)
2025-11-20T18:29:04.743274Z [variant 1]        RL 진행   33/33  (소요  0.0s)
2025-11-20T18:29:04.743274Z [variant 1]        ┌─ RL 세부 소요(ms) ─────────────
2025-11-20T18:29:04.743274Z [variant 1]        │ predict :    0.0  / p95    0.0
2025-11-20T18:29:04.743274Z [variant 1]        │ env.step:    0.0  / p95    0.0
2025-11-20T18:29:04.743274Z [variant 1]        │ distance:    0.0  / p95    0.0
2025-11-20T18:29:04.744274Z [variant 1]        └───────────────────────────────
2025-11-20T18:29:04.744274Z [variant 1] [5] PuLP 균등 스케줄링
2025-11-20T18:29:04.744274Z [variant 1] [PuLP] 입력 IMP 로드 → _flat.json
2025-11-20T18:29:04.746274Z [variant 1] [PuLP] 임무 33개 → 11개 그룹 (그룹당 ≤3개)
2025-11-20T18:29:04.903790Z [variant 1] [PuLP] Status = Optimal
2025-11-20T18:29:04.904801Z [variant 1] [PuLP] 최적 편차 = 24664.00 s
2025-11-20T18:29:04.904801Z [variant 1] [PuLP] 저장 완료 → C:\Users\LAHMUMT_2\Desktop\KU_LAHMUMT\Logs\Scenario_2025-11-21T032855\SBC3\mission_output\variant_01\_flat_sched.json
2025-11-20T18:29:04.911803Z [variant 1] [6] UAV IMP 생성‧저장
2025-11-20T18:29:05.513563Z [variant 1]     ▸ IMP 저장: C:\Users\LAHMUMT_2\Desktop\KU_LAHMUMT\Logs\Scenario_2025-11-21T032855\SBC3\mission_output\variant_01\IndividualMissionPlan_UAV004.json
2025-11-20T18:29:05.514565Z [variant 1]     ▸ IMP 저장: C:\Users\LAHMUMT_2\Desktop\KU_LAHMUMT\Logs\Scenario_2025-11-21T032855\SBC3\mission_output\variant_01\IndividualMissionPlan_UAV005.json
2025-11-20T18:29:05.515564Z [variant 1]     ▸ IMP 저장: C:\Users\LAHMUMT_2\Desktop\KU_LAHMUMT\Logs\Scenario_2025-11-21T032855\SBC3\mission_output\variant_01\IndividualMissionPlan_UAV006.json
2025-11-20T18:29:05.515564Z [variant 1] [✔] divide_and_pattern 끝 (총 1762930577.3s 경과)
2025-11-20T18:29:05.515564Z [OK] IMP generated: 6 file(s) (variant=1)
2025-11-20T18:29:05.562208Z [OK] MissionPlan built: MissionPlan_1763663345515.json (variant=1)
2025-11-20T18:29:05.922770Z [INFO] pathID mapping done for 0302/0303/0304 (variant=1)
2025-11-20T18:29:06.634808Z [OK] FlightPath counts (variant=1): 0303=33 / 0304=33
2025-11-20T18:29:07.032243Z [OK] Stored variant 1: MissionPlanID=700000178, IMP=6, FlightPath=66
2025-11-20T18:29:07.032243Z [INFO] Option mapping #1: planID=700000178, optionCode=1(시스템추천)
2025-11-20T18:29:07.033245Z [OK] Stored mission data: MissionPlan=1, IndividualMission=6, FlightPath=66
2025-11-20T18:29:07.033245Z [STEP 4] 0301 push queued (planIds=700000178)
2025-11-20T18:29:07.034245Z [INFO] Direct delivery -> skip 0901/0701, send 0301+0903 only
2025-11-20T18:29:07.041245Z [0301] missionPlanID=700000178 전송
2025-11-20T18:29:07.042247Z [PUSH] 0301 button click()
2025-11-20T18:29:07.636810Z [0305] status=2, reason=초기임무재계획 전송
2025-11-20T18:29:07.938432Z [0903] request sent (missionPlanID=700000178)
