2025-11-20T18:19:14.381736Z [LOG] Mission planning log started: C:\Users\LAHMUMT_2\Desktop\KU_LAHMUMT\Logs\Scenario_2025-11-21T025511\SBC3\DSS_Internal\mission_planning_gui_20251120T181914_379737Z.log
2025-11-20T18:19:14.381736Z CTRL UDP 수신 대기 시작 (127.0.0.1:45981)
2025-11-20T18:19:14.383738Z [0101] 모드 수신 리스너 등록 완료
2025-11-20T18:19:14.522003Z [CTRL] MODE change request: 초기화 모드
2025-11-20T18:19:14.777083Z [BUS] NodeMessenger 초기화 완료
2025-11-20T18:19:18.381540Z [MODE] 슬라이더 변경 → 대기모드
2025-11-20T18:19:18.383540Z [0101/POLL] 모드 동기화 code=1
2025-11-20T18:19:23.858316Z [INFO] Latest 0203 ID updated → 1
2025-11-20T18:19:24.349273Z [INFO] Latest 0201 ID updated → 1
2025-11-20T18:19:25.426046Z [AUTO] 0902 received (planIds=700000175)
2025-11-20T18:19:25.427049Z [AUTO] replan pipeline scheduled after 0.1s delay
2025-11-20T18:19:25.539295Z [0305] status=1, reason=초기임무재계획 전송
2025-11-20T18:19:25.541298Z [INFO] Using latest 0201 ID 1 for inputMissionPackageID (fallback)
2025-11-20T18:19:25.542295Z [INFO] Using latest 0203 ID 1 for missionReferencePackageID (fallback)
2025-11-20T18:19:25.542295Z [STEP 0] Replan pipeline start (reason=초기임무재계획)
2025-11-20T18:19:25.643575Z [MODE] 슬라이더 변경 → 초기 임무 계획
2025-11-20T18:19:25.644576Z [0101/POLL] 모드 동기화 code=2
2025-11-20T18:19:27.864776Z [INFO] Latest input snapshot → 0201:ID=1,ts=816922549226,src=-, 0203:ID=1,ts=816977963855,src=-
2025-11-20T18:19:27.864776Z [STEP 0] Using latest 0201 ID 1 (1.json)
2025-11-20T18:19:27.865776Z [STEP 0] Using latest 0203 ID 1 (1.json)
2025-11-20T18:19:27.865776Z [STEP 1.1] Divide & Pattern start
2025-11-20T18:19:27.865776Z [variant 1] [1] CMPK 로드
2025-11-20T18:19:27.872878Z [variant 1]     ▸ VehicleStatus 적용: 사용 가능한 기체 [1, 2, 3, 4, 5, 6]
2025-11-20T18:19:27.873879Z [variant 1]     MRPK 로드
2025-11-20T18:19:27.873879Z [variant 1]     ▸ 로드 완료  (소요 0.01s)
2025-11-20T18:19:27.873879Z [variant 1] [2] LAH 임무 저장 시작
2025-11-20T18:19:28.249370Z [variant 1] [LAH1] LAH 임무파일 저장 → C:\Users\LAHMUMT_2\Desktop\KU_LAHMUMT\Logs\Scenario_2025-11-21T031918\SBC3\mission_output\variant_01\IndividualMissionPlan_LAH001.json
2025-11-20T18:19:28.249370Z [variant 1] [LAH2] LAH 임무파일 저장 → C:\Users\LAHMUMT_2\Desktop\KU_LAHMUMT\Logs\Scenario_2025-11-21T031918\SBC3\mission_output\variant_01\IndividualMissionPlan_LAH002.json
2025-11-20T18:19:28.252373Z [variant 1] [LAH3] LAH 임무파일 저장 → C:\Users\LAHMUMT_2\Desktop\KU_LAHMUMT\Logs\Scenario_2025-11-21T031918\SBC3\mission_output\variant_01\IndividualMissionPlan_LAH003.json
2025-11-20T18:19:28.252373Z [variant 1]     ▸ LAH 3개 파일 저장
2025-11-20T18:19:28.252373Z [variant 1] [3] InputMission 분할
2025-11-20T18:19:28.253373Z [variant 1] [3] InputMission 분할
2025-11-20T18:19:28.253373Z [variant 1]     ▸ (1/11) inputMissionID=1 type=1
2025-11-20T18:19:28.253373Z [variant 1]        └─ sub-area 3개 추가 (누적 3)
2025-11-20T18:19:28.254373Z [variant 1]     ▸ (2/11) inputMissionID=2 type=1
2025-11-20T18:19:28.254373Z [variant 1]        └─ sub-area 3개 추가 (누적 6)
2025-11-20T18:19:28.255372Z [variant 1]     ▸ (3/11) inputMissionID=3 type=2
2025-11-20T18:19:28.255372Z [variant 1]        └─ sub-area 3개 추가 (누적 9)
2025-11-20T18:19:28.255372Z [variant 1]     ▸ (4/11) inputMissionID=4 type=1
2025-11-20T18:19:28.256373Z [variant 1]        └─ sub-area 3개 추가 (누적 12)
2025-11-20T18:19:28.256373Z [variant 1]     ▸ (5/11) inputMissionID=5 type=2
2025-11-20T18:19:28.257373Z [variant 1]        └─ sub-area 3개 추가 (누적 15)
2025-11-20T18:19:28.257373Z [variant 1]     ▸ (6/11) inputMissionID=6 type=1
2025-11-20T18:19:28.257373Z [variant 1]        └─ sub-area 3개 추가 (누적 18)
2025-11-20T18:19:28.258487Z [variant 1]     ▸ (7/11) inputMissionID=7 type=2
2025-11-20T18:19:28.258487Z [variant 1]        └─ sub-area 3개 추가 (누적 21)
2025-11-20T18:19:28.259487Z [variant 1]     ▸ (8/11) inputMissionID=8 type=1
2025-11-20T18:19:28.259487Z [variant 1]        └─ sub-area 3개 추가 (누적 24)
2025-11-20T18:19:28.260487Z [variant 1]     ▸ (9/11) inputMissionID=9 type=2
2025-11-20T18:19:28.261487Z [variant 1]        └─ sub-area 3개 추가 (누적 27)
2025-11-20T18:19:28.261487Z [variant 1]     ▸ (10/11) inputMissionID=10 type=1
2025-11-20T18:19:28.262487Z [variant 1]        └─ sub-area 3개 추가 (누적 30)
2025-11-20T18:19:28.262487Z [variant 1]     ▸ (11/11) inputMissionID=11 type=1
2025-11-20T18:19:28.262487Z [variant 1]        └─ sub-area 3개 추가 (누적 33)
2025-11-20T18:19:28.263488Z [variant 1]     ▸ 분할 완료: 33개 sub-area
2025-11-20T18:19:28.263488Z [variant 1] [4] RL 예상시간 계산
2025-11-20T18:19:28.263488Z [variant 1]        RL 진행    1/33  (소요  0.0s)
2025-11-20T18:19:28.263488Z [variant 1]        RL 진행    2/33  (소요  0.0s)
2025-11-20T18:19:28.264490Z [variant 1]        RL 진행    4/33  (소요  0.0s)
2025-11-20T18:19:28.264490Z [variant 1]        RL 진행    6/33  (소요  0.0s)
2025-11-20T18:19:28.264490Z [variant 1]        RL 진행    8/33  (소요  0.0s)
2025-11-20T18:19:28.264490Z [variant 1]        RL 진행   10/33  (소요  0.0s)
2025-11-20T18:19:28.264490Z [variant 1]        RL 진행   12/33  (소요  0.0s)
2025-11-20T18:19:28.265488Z [variant 1]        RL 진행   14/33  (소요  0.0s)
2025-11-20T18:19:28.265488Z [variant 1]        RL 진행   16/33  (소요  0.0s)
2025-11-20T18:19:28.265488Z [variant 1]        RL 진행   18/33  (소요  0.0s)
2025-11-20T18:19:28.265488Z [variant 1]        RL 진행   20/33  (소요  0.0s)
2025-11-20T18:19:28.265488Z [variant 1]        RL 진행   22/33  (소요  0.0s)
2025-11-20T18:19:28.265488Z [variant 1]        RL 진행   24/33  (소요  0.0s)
2025-11-20T18:19:28.265488Z [variant 1]        RL 진행   26/33  (소요  0.0s)
2025-11-20T18:19:28.266992Z [variant 1]        RL 진행   28/33  (소요  0.0s)
2025-11-20T18:19:28.266992Z [variant 1]        RL 진행   30/33  (소요  0.0s)
2025-11-20T18:19:28.266992Z [variant 1]        RL 진행   32/33  (소요  0.0s)
2025-11-20T18:19:28.266992Z [variant 1]        RL 진행   33/33  (소요  0.0s)
2025-11-20T18:19:28.266992Z [variant 1]        ┌─ RL 세부 소요(ms) ─────────────
2025-11-20T18:19:28.267995Z [variant 1]        │ predict :    0.0  / p95    0.0
2025-11-20T18:19:28.267995Z [variant 1]        │ env.step:    0.0  / p95    0.0
2025-11-20T18:19:28.267995Z [variant 1]        │ distance:    0.0  / p95    0.0
2025-11-20T18:19:28.267995Z [variant 1]        └───────────────────────────────
2025-11-20T18:19:28.267995Z [variant 1] [5] PuLP 균등 스케줄링
2025-11-20T18:19:28.268994Z [variant 1] [PuLP] 입력 IMP 로드 → _flat.json
2025-11-20T18:19:28.271994Z [variant 1] [PuLP] 임무 33개 → 11개 그룹 (그룹당 ≤3개)
2025-11-20T18:19:28.430616Z [variant 1] [PuLP] Status = Optimal
2025-11-20T18:19:28.431628Z [variant 1] [PuLP] 최적 편차 = 24664.00 s
2025-11-20T18:19:28.431628Z [variant 1] [PuLP] 저장 완료 → C:\Users\LAHMUMT_2\Desktop\KU_LAHMUMT\Logs\Scenario_2025-11-21T031918\SBC3\mission_output\variant_01\_flat_sched.json
2025-11-20T18:19:28.438118Z [variant 1] [6] UAV IMP 생성‧저장
2025-11-20T18:19:29.049106Z [variant 1]     ▸ IMP 저장: C:\Users\LAHMUMT_2\Desktop\KU_LAHMUMT\Logs\Scenario_2025-11-21T031918\SBC3\mission_output\variant_01\IndividualMissionPlan_UAV004.json
2025-11-20T18:19:29.050106Z [variant 1]     ▸ IMP 저장: C:\Users\LAHMUMT_2\Desktop\KU_LAHMUMT\Logs\Scenario_2025-11-21T031918\SBC3\mission_output\variant_01\IndividualMissionPlan_UAV005.json
2025-11-20T18:19:29.051106Z [variant 1]     ▸ IMP 저장: C:\Users\LAHMUMT_2\Desktop\KU_LAHMUMT\Logs\Scenario_2025-11-21T031918\SBC3\mission_output\variant_01\IndividualMissionPlan_UAV006.json
2025-11-20T18:19:29.052106Z [variant 1] [✔] divide_and_pattern 끝 (총 1762930577.3s 경과)
2025-11-20T18:19:29.052106Z [OK] IMP generated: 6 file(s) (variant=1)
2025-11-20T18:19:29.093484Z [OK] MissionPlan built: MissionPlan_1763662769052.json (variant=1)
2025-11-20T18:19:29.442359Z [INFO] pathID mapping done for 0302/0303/0304 (variant=1)
2025-11-20T18:19:30.161662Z [OK] FlightPath counts (variant=1): 0303=33 / 0304=33
2025-11-20T18:19:30.556864Z [OK] Stored variant 1: MissionPlanID=700000175, IMP=6, FlightPath=66
2025-11-20T18:19:30.557864Z [INFO] Option mapping #1: planID=700000175, optionCode=1(시스템추천)
2025-11-20T18:19:30.557864Z [OK] Stored mission data: MissionPlan=1, IndividualMission=6, FlightPath=66
2025-11-20T18:19:30.558864Z [STEP 4] 0301 push queued (planIds=700000175)
2025-11-20T18:19:30.558864Z [INFO] Direct delivery -> skip 0901/0701, send 0301+0903 only
2025-11-20T18:19:30.565866Z [0301] missionPlanID=700000175 전송
2025-11-20T18:19:30.566867Z [PUSH] 0301 button click()
2025-11-20T18:19:31.161091Z [0305] status=2, reason=초기임무재계획 전송
2025-11-20T18:19:31.463616Z [0903] request sent (missionPlanID=700000175)
2025-11-20T18:19:33.380503Z [MODE] 슬라이더 변경 → 임무 수행
2025-11-20T18:19:33.381504Z [0101/POLL] 모드 동기화 code=3
2025-11-20T18:19:53.287489Z [AUTO] 0902 received (planIds=700000176, 700000177)
2025-11-20T18:19:53.287489Z [AUTO] replan pipeline scheduled after 0.1s delay
2025-11-20T18:19:53.405054Z [0305] status=1, reason=무인기 1번 - 전차(ID-7) 발견으로 인한 재계획 전송
2025-11-20T18:19:53.407055Z [INFO] Using latest 0201 ID 1 for inputMissionPackageID (fallback)
2025-11-20T18:19:53.408054Z [INFO] Using latest 0203 ID 1 for missionReferencePackageID (fallback)
2025-11-20T18:19:53.408054Z [STEP 0] Replan pipeline start (reason=무인기 1번 - 전차(ID-7) 발견으로 인한 재계획)
2025-11-20T18:19:53.408054Z [ATTACK] 공격 특화 재계획 요청 감지 → 전용 파이프라인 실행
2025-11-20T18:19:53.417056Z [ATTACK] STEP1 Selected manned aircraft: aircraft 2 (fuel=1.2999999523162842, coord=(38.1268424987793, 127.30203247070312, alt=296))
2025-11-20T18:19:53.417056Z [ATTACK] STEP2 UAV tracking summary: watcher 4?’target 7
2025-11-20T18:19:55.732610Z [ATTACK] STEP3 Attack plan completed: lat=38.131029, lon=127.293834, alt=503m
2025-11-20T18:19:55.746665Z [ATTACK] [PRIOR] Falling back to first mission for aircraft 2 (current waypoint not found in plan).
2025-11-20T18:19:55.790453Z [ATTACK] [ATTACK][LAH] Generated attack/egress missions -> IMP:800013847.json PATHS:200001126.json/200001127.json
2025-11-20T18:19:55.845153Z [ATTACK] [ATTACK][UAV] Generated tracking/resume missions -> IMP:800013848.json PATHS:400000679.json/400000680.json
2025-11-20T18:19:55.845153Z [ATTACK] [ATTACK][PLAN] MissionPlan saved -> 700000176.json (planID=700000176)
2025-11-20T18:19:55.847156Z [ATTACK] 분석 로그 저장: C:\Users\LAHMUMT_2\Desktop\KU_LAHMUMT\Logs\Scenario_2025-11-21T031918\SBC3\DSS_Internal\log_attack_algorithm_20251120T181955_846156.json
2025-11-20T18:19:55.847156Z [ATTACK] 공격 임무 계획 완료 (planIds=700000176, 700000177)
2025-11-20T18:19:55.848156Z [INFO] Latest input snapshot → 0201:ID=1,ts=816922549226,src=-, 0203:ID=1,ts=816977963855,src=-
2025-11-20T18:19:55.848156Z [STEP 0] Using latest 0201 ID 1 (1.json)
2025-11-20T18:19:55.848156Z [STEP 0] Using latest 0203 ID 1 (1.json)
2025-11-20T18:19:55.849262Z [WARN] 공격 옵션이 있으나 활용 가능한 대상 정보가 없어 기본 임무를 유지합니다.
2025-11-20T18:19:55.849262Z [STEP 1.1] Divide & Pattern start
2025-11-20T18:19:55.849262Z [variant 1] [1] CMPK 로드
2025-11-20T18:19:55.850264Z [variant 1]     ▸ VehicleStatus 적용: 사용 가능한 기체 [1, 2, 3, 4, 5, 6]
2025-11-20T18:19:55.850264Z [variant 1]     MRPK 로드
2025-11-20T18:19:55.850264Z [variant 1]     ▸ 로드 완료  (소요 0.00s)
2025-11-20T18:19:55.850264Z [variant 1] [2] LAH 임무 저장 시작
2025-11-20T18:19:56.216949Z [variant 1] [LAH1] LAH 임무파일 저장 → C:\Users\LAHMUMT_2\Desktop\KU_LAHMUMT\Logs\Scenario_2025-11-21T031918\SBC3\mission_output\variant_01\IndividualMissionPlan_LAH001.json
2025-11-20T18:19:56.217952Z [variant 1] [LAH2] LAH 임무파일 저장 → C:\Users\LAHMUMT_2\Desktop\KU_LAHMUMT\Logs\Scenario_2025-11-21T031918\SBC3\mission_output\variant_01\IndividualMissionPlan_LAH002.json
2025-11-20T18:19:56.219949Z [variant 1] [LAH3] LAH 임무파일 저장 → C:\Users\LAHMUMT_2\Desktop\KU_LAHMUMT\Logs\Scenario_2025-11-21T031918\SBC3\mission_output\variant_01\IndividualMissionPlan_LAH003.json
2025-11-20T18:19:56.219949Z [variant 1]     ▸ LAH 3개 파일 저장
2025-11-20T18:19:56.220952Z [variant 1] [3] InputMission 분할
2025-11-20T18:19:56.220952Z [variant 1] [3] InputMission 분할
2025-11-20T18:19:56.221951Z [variant 1]     ▸ (1/11) inputMissionID=1 type=1
2025-11-20T18:19:56.221951Z [variant 1]        └─ sub-area 3개 추가 (누적 3)
2025-11-20T18:19:56.221951Z [variant 1]     ▸ (2/11) inputMissionID=2 type=1
2025-11-20T18:19:56.223029Z [variant 1]        └─ sub-area 3개 추가 (누적 6)
2025-11-20T18:19:56.223029Z [variant 1]     ▸ (3/11) inputMissionID=3 type=2
2025-11-20T18:19:56.224029Z [variant 1]        └─ sub-area 3개 추가 (누적 9)
2025-11-20T18:19:56.224029Z [variant 1]     ▸ (4/11) inputMissionID=4 type=1
2025-11-20T18:19:56.225029Z [variant 1]        └─ sub-area 3개 추가 (누적 12)
2025-11-20T18:19:56.225029Z [variant 1]     ▸ (5/11) inputMissionID=5 type=2
2025-11-20T18:19:56.225029Z [variant 1]        └─ sub-area 3개 추가 (누적 15)
2025-11-20T18:19:56.226029Z [variant 1]     ▸ (6/11) inputMissionID=6 type=1
2025-11-20T18:19:56.229030Z [variant 1]        └─ sub-area 3개 추가 (누적 18)
2025-11-20T18:19:56.230030Z [variant 1]     ▸ (7/11) inputMissionID=7 type=2
2025-11-20T18:19:56.231030Z [variant 1]        └─ sub-area 3개 추가 (누적 21)
2025-11-20T18:19:56.232031Z [variant 1]     ▸ (8/11) inputMissionID=8 type=1
2025-11-20T18:19:56.232031Z [variant 1]        └─ sub-area 3개 추가 (누적 24)
2025-11-20T18:19:56.232031Z [variant 1]     ▸ (9/11) inputMissionID=9 type=2
2025-11-20T18:19:56.233030Z [variant 1]        └─ sub-area 3개 추가 (누적 27)
2025-11-20T18:19:56.233030Z [variant 1]     ▸ (10/11) inputMissionID=10 type=1
2025-11-20T18:19:56.234031Z [variant 1]        └─ sub-area 3개 추가 (누적 30)
2025-11-20T18:19:56.234031Z [variant 1]     ▸ (11/11) inputMissionID=11 type=1
2025-11-20T18:19:56.237741Z [variant 1]        └─ sub-area 3개 추가 (누적 33)
2025-11-20T18:19:56.237741Z [variant 1]     ▸ 분할 완료: 33개 sub-area
2025-11-20T18:19:56.238741Z [variant 1] [4] RL 예상시간 계산
2025-11-20T18:19:56.238741Z [variant 1]        RL 진행    1/33  (소요  0.0s)
2025-11-20T18:19:56.238741Z [variant 1]        RL 진행    2/33  (소요  0.0s)
2025-11-20T18:19:56.238741Z [variant 1]        RL 진행    4/33  (소요  0.0s)
2025-11-20T18:19:56.239741Z [variant 1]        RL 진행    6/33  (소요  0.0s)
2025-11-20T18:19:56.239741Z [variant 1]        RL 진행    8/33  (소요  0.0s)
2025-11-20T18:19:56.239741Z [variant 1]        RL 진행   10/33  (소요  0.0s)
2025-11-20T18:19:56.240858Z [variant 1]        RL 진행   12/33  (소요  0.0s)
2025-11-20T18:19:56.240858Z [variant 1]        RL 진행   14/33  (소요  0.0s)
2025-11-20T18:19:56.240858Z [variant 1]        RL 진행   16/33  (소요  0.0s)
2025-11-20T18:19:56.240858Z [variant 1]        RL 진행   18/33  (소요  0.0s)
2025-11-20T18:19:56.241857Z [variant 1]        RL 진행   20/33  (소요  0.0s)
2025-11-20T18:19:56.241857Z [variant 1]        RL 진행   22/33  (소요  0.0s)
2025-11-20T18:19:56.241857Z [variant 1]        RL 진행   24/33  (소요  0.0s)
2025-11-20T18:19:56.242857Z [variant 1]        RL 진행   26/33  (소요  0.0s)
2025-11-20T18:19:56.243856Z [variant 1]        RL 진행   28/33  (소요  0.0s)
2025-11-20T18:19:56.243856Z [variant 1]        RL 진행   30/33  (소요  0.0s)
2025-11-20T18:19:56.244857Z [variant 1]        RL 진행   32/33  (소요  0.0s)
2025-11-20T18:19:56.244857Z [variant 1]        RL 진행   33/33  (소요  0.0s)
2025-11-20T18:19:56.244857Z [variant 1]        ┌─ RL 세부 소요(ms) ─────────────
2025-11-20T18:19:56.244857Z [variant 1]        │ predict :    0.0  / p95    0.0
2025-11-20T18:19:56.245858Z [variant 1]        │ env.step:    0.0  / p95    0.0
2025-11-20T18:19:56.245858Z [variant 1]        │ distance:    0.0  / p95    0.0
2025-11-20T18:19:56.245858Z [variant 1]        └───────────────────────────────
2025-11-20T18:19:56.245858Z [variant 1] [5] PuLP 균등 스케줄링
2025-11-20T18:19:56.246857Z [variant 1] [PuLP] 입력 IMP 로드 → _flat.json
2025-11-20T18:19:56.247859Z [variant 1] [PuLP] 임무 33개 → 11개 그룹 (그룹당 ≤3개)
2025-11-20T18:19:56.403128Z [variant 1] [PuLP] Status = Optimal
2025-11-20T18:19:56.404129Z [variant 1] [PuLP] 최적 편차 = 24664.00 s
2025-11-20T18:19:56.404129Z [variant 1] [PuLP] 저장 완료 → C:\Users\LAHMUMT_2\Desktop\KU_LAHMUMT\Logs\Scenario_2025-11-21T031918\SBC3\mission_output\variant_01\_flat_sched.json
2025-11-20T18:19:56.409130Z [variant 1] [6] UAV IMP 생성‧저장
2025-11-20T18:19:57.041237Z [variant 1]     ▸ IMP 저장: C:\Users\LAHMUMT_2\Desktop\KU_LAHMUMT\Logs\Scenario_2025-11-21T031918\SBC3\mission_output\variant_01\IndividualMissionPlan_UAV004.json
2025-11-20T18:19:57.041237Z [variant 1]     ▸ IMP 저장: C:\Users\LAHMUMT_2\Desktop\KU_LAHMUMT\Logs\Scenario_2025-11-21T031918\SBC3\mission_output\variant_01\IndividualMissionPlan_UAV005.json
2025-11-20T18:19:57.042238Z [variant 1]     ▸ IMP 저장: C:\Users\LAHMUMT_2\Desktop\KU_LAHMUMT\Logs\Scenario_2025-11-21T031918\SBC3\mission_output\variant_01\IndividualMissionPlan_UAV006.json
2025-11-20T18:19:57.043237Z [variant 1] [✔] divide_and_pattern 끝 (총 1762930577.3s 경과)
2025-11-20T18:19:57.044237Z [OK] IMP generated: 6 file(s) (variant=1)
2025-11-20T18:19:57.096835Z [OK] MissionPlan built: MissionPlan_1763662797041.json (variant=1)
2025-11-20T18:19:57.478282Z [INFO] pathID mapping done for 0302/0303/0304 (variant=1)
2025-11-20T18:19:58.023288Z [OK] FlightPath counts (variant=1): 0303=33 / 0304=33
2025-11-20T18:19:58.438001Z [OK] Stored variant 1: MissionPlanID=700000176, IMP=6, FlightPath=66
2025-11-20T18:19:58.438001Z [INFO] Option mapping #1: planID=700000176, optionCode=2(공격특화)
2025-11-20T18:19:58.439001Z [STEP 1.2] Divide & Pattern start
2025-11-20T18:19:58.439001Z [variant 2] [1] CMPK 로드
2025-11-20T18:19:58.439001Z [variant 2]     ▸ VehicleStatus 적용: 사용 가능한 기체 [1, 2, 3, 4, 5, 6]
2025-11-20T18:19:58.440003Z [variant 2]     MRPK 로드
2025-11-20T18:19:58.440003Z [variant 2]     ▸ 로드 완료  (소요 0.00s)
2025-11-20T18:19:58.440003Z [variant 2] [2] LAH 임무 저장 시작
2025-11-20T18:19:58.847352Z [variant 2] [LAH1] LAH 임무파일 저장 → C:\Users\LAHMUMT_2\Desktop\KU_LAHMUMT\Logs\Scenario_2025-11-21T031918\SBC3\mission_output\variant_02\IndividualMissionPlan_LAH001.json
2025-11-20T18:19:58.847352Z [variant 2] [LAH2] LAH 임무파일 저장 → C:\Users\LAHMUMT_2\Desktop\KU_LAHMUMT\Logs\Scenario_2025-11-21T031918\SBC3\mission_output\variant_02\IndividualMissionPlan_LAH002.json
2025-11-20T18:19:58.848352Z [variant 2] [LAH3] LAH 임무파일 저장 → C:\Users\LAHMUMT_2\Desktop\KU_LAHMUMT\Logs\Scenario_2025-11-21T031918\SBC3\mission_output\variant_02\IndividualMissionPlan_LAH003.json
2025-11-20T18:19:58.849352Z [variant 2]     ▸ LAH 3개 파일 저장
2025-11-20T18:19:58.849352Z [variant 2] [3] InputMission 분할
2025-11-20T18:19:58.850352Z [variant 2] [3] InputMission 분할
2025-11-20T18:19:58.850352Z [variant 2]     ▸ (1/11) inputMissionID=1 type=1
2025-11-20T18:19:58.850352Z [variant 2]        └─ sub-area 3개 추가 (누적 3)
2025-11-20T18:19:58.851352Z [variant 2]     ▸ (2/11) inputMissionID=2 type=1
2025-11-20T18:19:58.851352Z [variant 2]        └─ sub-area 3개 추가 (누적 6)
2025-11-20T18:19:58.851352Z [variant 2]     ▸ (3/11) inputMissionID=3 type=2
2025-11-20T18:19:58.852352Z [variant 2]        └─ sub-area 3개 추가 (누적 9)
2025-11-20T18:19:58.852352Z [variant 2]     ▸ (4/11) inputMissionID=4 type=1
2025-11-20T18:19:58.853352Z [variant 2]        └─ sub-area 3개 추가 (누적 12)
2025-11-20T18:19:58.853352Z [variant 2]     ▸ (5/11) inputMissionID=5 type=2
2025-11-20T18:19:58.853352Z [variant 2]        └─ sub-area 3개 추가 (누적 15)
2025-11-20T18:19:58.854352Z [variant 2]     ▸ (6/11) inputMissionID=6 type=1
2025-11-20T18:19:58.854352Z [variant 2]        └─ sub-area 3개 추가 (누적 18)
2025-11-20T18:19:58.855352Z [variant 2]     ▸ (7/11) inputMissionID=7 type=2
2025-11-20T18:19:58.855352Z [variant 2]        └─ sub-area 3개 추가 (누적 21)
2025-11-20T18:19:58.857352Z [variant 2]     ▸ (8/11) inputMissionID=8 type=1
2025-11-20T18:19:58.857352Z [variant 2]        └─ sub-area 3개 추가 (누적 24)
2025-11-20T18:19:58.858425Z [variant 2]     ▸ (9/11) inputMissionID=9 type=2
2025-11-20T18:19:58.858425Z [variant 2]        └─ sub-area 3개 추가 (누적 27)
2025-11-20T18:19:58.858425Z [variant 2]     ▸ (10/11) inputMissionID=10 type=1
2025-11-20T18:19:58.858425Z [variant 2]        └─ sub-area 3개 추가 (누적 30)
2025-11-20T18:19:58.859426Z [variant 2]     ▸ (11/11) inputMissionID=11 type=1
2025-11-20T18:19:58.859426Z [variant 2]        └─ sub-area 3개 추가 (누적 33)
2025-11-20T18:19:58.859426Z [variant 2]     ▸ 분할 완료: 33개 sub-area
2025-11-20T18:19:58.859426Z [variant 2] [4] RL 예상시간 계산
2025-11-20T18:19:58.859426Z [variant 2]        RL 진행    1/33  (소요  0.0s)
2025-11-20T18:19:58.859426Z [variant 2]        RL 진행    2/33  (소요  0.0s)
2025-11-20T18:19:58.860426Z [variant 2]        RL 진행    4/33  (소요  0.0s)
2025-11-20T18:19:58.860426Z [variant 2]        RL 진행    6/33  (소요  0.0s)
2025-11-20T18:19:58.860426Z [variant 2]        RL 진행    8/33  (소요  0.0s)
2025-11-20T18:19:58.860426Z [variant 2]        RL 진행   10/33  (소요  0.0s)
2025-11-20T18:19:58.860426Z [variant 2]        RL 진행   12/33  (소요  0.0s)
2025-11-20T18:19:58.861444Z [variant 2]        RL 진행   14/33  (소요  0.0s)
2025-11-20T18:19:58.861444Z [variant 2]        RL 진행   16/33  (소요  0.0s)
2025-11-20T18:19:58.861444Z [variant 2]        RL 진행   18/33  (소요  0.0s)
2025-11-20T18:19:58.861444Z [variant 2]        RL 진행   20/33  (소요  0.0s)
2025-11-20T18:19:58.861444Z [variant 2]        RL 진행   22/33  (소요  0.0s)
2025-11-20T18:19:58.862445Z [variant 2]        RL 진행   24/33  (소요  0.0s)
2025-11-20T18:19:58.862445Z [variant 2]        RL 진행   26/33  (소요  0.0s)
2025-11-20T18:19:58.862445Z [variant 2]        RL 진행   28/33  (소요  0.0s)
2025-11-20T18:19:58.862445Z [variant 2]        RL 진행   30/33  (소요  0.0s)
2025-11-20T18:19:58.863444Z [variant 2]        RL 진행   32/33  (소요  0.0s)
2025-11-20T18:19:58.863444Z [variant 2]        RL 진행   33/33  (소요  0.0s)
2025-11-20T18:19:58.863444Z [variant 2]        ┌─ RL 세부 소요(ms) ─────────────
2025-11-20T18:19:58.863444Z [variant 2]        │ predict :    0.0  / p95    0.0
2025-11-20T18:19:58.863444Z [variant 2]        │ env.step:    0.0  / p95    0.0
2025-11-20T18:19:58.863444Z [variant 2]        │ distance:    0.0  / p95    0.0
2025-11-20T18:19:58.864445Z [variant 2]        └───────────────────────────────
2025-11-20T18:19:58.864445Z [variant 2] [5] PuLP 균등 스케줄링
2025-11-20T18:19:58.864445Z [variant 2] [PuLP] 입력 IMP 로드 → _flat.json
2025-11-20T18:19:58.865445Z [variant 2] [PuLP] 임무 33개 → 11개 그룹 (그룹당 ≤3개)
2025-11-20T18:19:59.026103Z [variant 2] [PuLP] Status = Optimal
2025-11-20T18:19:59.027103Z [variant 2] [PuLP] 최적 편차 = 24664.00 s
2025-11-20T18:19:59.027103Z [variant 2] [PuLP] 저장 완료 → C:\Users\LAHMUMT_2\Desktop\KU_LAHMUMT\Logs\Scenario_2025-11-21T031918\SBC3\mission_output\variant_02\_flat_sched.json
2025-11-20T18:19:59.034184Z [variant 2] [6] UAV IMP 생성‧저장
2025-11-20T18:19:59.631705Z [variant 2]     ▸ IMP 저장: C:\Users\LAHMUMT_2\Desktop\KU_LAHMUMT\Logs\Scenario_2025-11-21T031918\SBC3\mission_output\variant_02\IndividualMissionPlan_UAV004.json
2025-11-20T18:19:59.632706Z [variant 2]     ▸ IMP 저장: C:\Users\LAHMUMT_2\Desktop\KU_LAHMUMT\Logs\Scenario_2025-11-21T031918\SBC3\mission_output\variant_02\IndividualMissionPlan_UAV005.json
2025-11-20T18:19:59.633706Z [variant 2]     ▸ IMP 저장: C:\Users\LAHMUMT_2\Desktop\KU_LAHMUMT\Logs\Scenario_2025-11-21T031918\SBC3\mission_output\variant_02\IndividualMissionPlan_UAV006.json
2025-11-20T18:19:59.633706Z [variant 2] [✔] divide_and_pattern 끝 (총 1762930577.3s 경과)
2025-11-20T18:19:59.634705Z [OK] IMP generated: 6 file(s) (variant=2)
2025-11-20T18:19:59.677057Z [OK] MissionPlan built: MissionPlan_1763662799633.json (variant=2)
2025-11-20T18:20:00.095121Z [INFO] pathID mapping done for 0302/0303/0304 (variant=2)
2025-11-20T18:20:00.664183Z [OK] FlightPath counts (variant=2): 0303=33 / 0304=33
2025-11-20T18:20:01.127404Z [OK] Stored variant 2: MissionPlanID=700000177, IMP=6, FlightPath=66
2025-11-20T18:20:01.127404Z [INFO] Option mapping #2: planID=700000177, optionCode=4(정찰특화)
2025-11-20T18:20:01.129404Z [OK] Stored mission data: MissionPlan=2, IndividualMission=12, FlightPath=132
2025-11-20T18:20:01.130404Z [STEP 4] 0301 push queued (planIds=700000176, 700000177)
2025-11-20T18:20:01.130404Z [INFO] Execution mode -> sending 0901 instead of 0903
2025-11-20T18:20:01.134404Z [0301] missionPlanID=700000176 전송
2025-11-20T18:20:01.136404Z [0301] missionPlanID=700000177 전송
2025-11-20T18:20:01.137405Z [PUSH] 0301 button click()
2025-11-20T18:20:01.732535Z [0305] status=2, reason=무인기 1번 - 전차(ID-7) 발견으로 인한 재계획 전송
2025-11-20T18:20:02.036851Z [0901] option request sent (count=2, codes=2(공격특화), 4(정찰특화))
