
[2026-05-21 13:05:06] process-log attached: info_manage
[PATH] DB root -> C:\Users\LAHMUMT_2\Desktop\DSS_KU\Logs\Scenario_2026-05-21T130506\SBC3
[INFO] 0102 periodic transmission disabled for INF mock mode
[CTRL] 시스템모드(0101) 전송 요청 수신: 2
시스템운용모드(0101) GUI 전송: 2
[INFO] 0102 periodic transmission disabled for INF mock mode
[0201] DB 참조! (C:\Users\LAHMUMT_2\Desktop\DSS_KU\Logs\Scenario_2026-05-21T130506\SBC3\InputMissionPlan\2.json)
[0201] DB 참조! (C:\Users\LAHMUMT_2\Desktop\DSS_KU\Logs\Scenario_2026-05-21T130506\SBC3\InputMissionPlan\3.json)

[2026-05-21 13:35:46] process-log attached: info_manage
[CTRL] listener started @ 127.0.0.1:45984
[PATH] DB root -> C:\Users\LAHMUMT_2\Desktop\DSS_KU\Logs\Scenario_2026-05-21T130506\SBC3
[INFO] 0102 periodic transmission disabled for INF mock mode

[2026-05-21 13:37:26] process-log attached: info_manage
[CTRL] listener started @ 127.0.0.1:45984
[PATH] DB root -> C:\Users\LAHMUMT_2\Desktop\DSS_KU\Logs\Scenario_2026-05-21T130506\SBC3
[INFO] 0102 periodic transmission disabled for INF mock mode

[2026-05-27 16:33:07] process-log attached: info_manage
[CTRL] listener started @ 127.0.0.1:45984
[PATH] DB root -> C:\Users\LAHMUMT_2\Desktop\DSS_KU\Logs\Scenario_2026-05-21T130506\SBC3
[INFO] 0102 periodic transmission disabled for INF mock mode
[CTRL] 시스템모드(0101) 전송 요청 수신: 1
시스템운용모드(0101) GUI 전송: 1
