
[2026-05-21 13:05:06] process-log attached: mission_planning
[PATH] DB root changed: C:\Users\LAHMUMT_2\Desktop\DSS_KU\Logs\Scenario_2026-05-21T125649\SBC3 -> C:\Users\LAHMUMT_2\Desktop\DSS_KU\Logs\Scenario_2026-05-21T130506\SBC3
[LOG] Mission planning log rebound: C:\Users\LAHMUMT_2\Desktop\DSS_KU\Logs\Scenario_2026-05-21T130506\SBC3\DSS_Internal\mission_planning_gui_20260521T040506_816659Z.log
[MODE] 슬라이더 변경 → 대기모드
[0101/POLL] 모드 동기화 code=1
[MODE] 슬라이더 변경 → 초기 임무 계획
[0101/POLL] 모드 동기화 code=2
[REPLAN][TIME] 0902_received_ms=0.0 wall_ms=1779336309848 trigger=general_or_unknown replanLevel=1 optionCount=1 forceDirect=0
[REPLAN][TIME] 0902_archived_ms=0.7 wall_ms=1779336309849 path=replan_request_832651509828.json
[AUTO] 0902 received (planIds=700000001)
[REPLAN][TIME] pipeline_scheduled_ms=1.3 wall_ms=1779336309849 delay_ms=100
[AUTO] replan pipeline scheduled after 0.1s delay
[REPLAN][TIME] scheduled_start_ms=113.1 wall_ms=1779336309961
[REPLAN][TIME] 0305_status_1_ms=121.9 wall_ms=1779336309969 reason=초기임무재계획
[0305] status=1, reason=초기임무재계획 전송
[STEP 0] Replan pipeline start (reason=초기임무재계획)
[INFO] UAV params loaded (cruise=40.00, turn_step=15.0)
[INFO] Latest input snapshot → 0201:ID=-,ts=-,src=-, 0203:ID=-,ts=-,src=-
[INFO] Fallback 0201 file selected: 1.json
[INFO] Fallback 0203 file selected: 1.json
[CHECK] 0201/0203 필수 데이터 확인 시작
[OK] 0201 inputMissionList 확인됨 (count=3) → 진행
[OK] 0201 availableAircraftList 확인됨 (count=6) → 진행
[OK] 0201 inputMissionPackageType=1 확인
[OK] 0201 mainSensor=1 확인
[CHECK] 0201 기체 수=6 (UAV=3, LAH=3)
[CHECK] 0201 임무: total=3 missingID=0 missingDetail=0 missingShape=0 unknownType=0 typeZeroAuto=0 typeZeroInvalid=0 lineOnlyViolation=0 skippedSinglePoint=0
[OK] 0203 takeOverInfoList 확인됨 (count=3) → 진행
[OK] 0203 handOverInfoList 확인됨 (count=3) → 진행
[OK] 0203 flightAreaList 확인됨 (count=1) → 진행
[CHECK] 0203 flightAreaList count=1
[INFO] Filtered completed input missions (removed=1, converted=-, widthAdjusted=-, skippedSinglePoint=-, snapshot=-, collapse=-)
[variant 1] 일반 재계획 모드 적용
[REPLAN][TIME] variant_started_ms=140.3 wall_ms=1779336309988 variant=1 option=1 mode=sequential
[STEP 1.1] Divide & Pattern start
[variant 1] [ENHANCED][1] split start: uavs=[4, 5, 6]
[variant 1] [ENHANCED][1] split done: pieces=6
[variant 1] [ENHANCED][2] type-decider done: profile=6 changed=6/6
[variant 1] [ENHANCED][3] expected-path done: count=6
[variant 1] [ENHANCED][4] area-review done: overflow=0 targets=0 pieces=6->6
[variant 1] [ENHANCED][5] expected-velocity done: pieces=6 dbRows=7010
[variant 1] [ENHANCED][6] 0302 export done: files=6
[variant 1] [ENHANCED] total=202.8 ms
[TIME] divide_and_pattern (variant=1): 202.8 ms
[OK] IMP generated: 6 file(s) (variant=1)
[TIME] build_0301+load (variant=1): 9.1 ms
[OK] MissionPlan built: MissionPlan_1779336310191.json (variant=1)
[TIME] collect_missions (variant=1): 3.4 ms, count=12
[TIME] pathID_mapping (variant=1): 43.0 ms
[INFO] pathID mapping done for 0302/0303/0304 (variant=1)
[SWEEP][AREA-DB] missionID=900000001 widthRef=4450.18m dbWidth=4451.12m fov=2.20 sep=2026.00
[SWEEP][AREA] separation=2026.00m, fov=2.20°, spacing=51.87m (~19 strips/1km)
[SWEEP][AREA-DB] missionID=900000003 widthRef=3787.07m dbWidth=3953.79m fov=2.70 sep=1657.00
[SWEEP][AREA] separation=1657.00m, fov=2.70°, spacing=52.07m (~19 strips/1km)
[SWEEP][LINE] separation=227.00m, fov=11.70°, spacing=31.01m (~32 strips/1km)
[SWEEP][AREA-DB] missionID=900000005 widthRef=3986.82m dbWidth=3986.98m fov=2.70 sep=1637.00
[SWEEP][AREA] separation=1637.00m, fov=2.70°, spacing=51.44m (~19 strips/1km)
[SWEEP][LINE] separation=227.00m, fov=11.70°, spacing=31.01m (~32 strips/1km)
[INFO] FlightPath build mode (variant=1): 0303=aircraft_parallel workers=2 aircraft=3, 0304=sequential
[REPLAN][METRIC] flightpath_build_0303 variant=1 option=1 recon=0 mode=sequential buildMode=aircraft_parallel workers=2 aircraft=3 paths=6 reassignedWaypoints=12 elapsed_ms=1219.470 fallback=- worker_ms=4:985.241|5:827.783|6:322.414
[INFO] FlightPath build time: 0303=1219.5 ms, 0304=13.1 ms
[INFO] Applied LAH-UAV ETA follow speed plan (variant=1)
[OK] FlightPath counts (variant=1): 0303=6 / 0304=6
[REPLAN][METRIC] flightpath_counts variant=1 option=1 recon=0 mode=sequential paths0303=6 paths0304=6 pathsTotal=12 waypoints0303=12 waypoints0304=12 waypointsTotal=24 maxWaypointsPerPath=2 emptyPaths=0 formationPaths=0
[TIME] build_0302 (variant=1): 20.3 ms, packages=6
[INFO] FlightPath individualMissionID synced (variant=1): fixed=12
[TIME] write_0302 (variant=1): 6.2 ms, files=6
[TIME] write_FlightPath (variant=1): 24.6 ms, files=12
[REPLAN][METRIC] flightpath_write variant=1 option=1 recon=0 mode=sequential files0303=6 files0304=6 filesTotal=12 write_ms=24.596
[TIME] write_0301 (variant=1): 1.2 ms
[OK] Stored variant 1: MissionPlanID=700000001, IMP=6, FlightPath=12
[REPLAN][TIME] variant_finished_ms=1696.6 wall_ms=1779336311542 variant=1 option=1 mode=sequential status=success duration_ms=1556.27
[TIME] variant_total (variant=1): 1556.3 ms
[INFO] Option mapping #1: planID=700000001, optionCode=1(시스템 추천)
[OK] Stored mission data: MissionPlan=1, IndividualMission=6, FlightPath=12
[REPLAN][TIME] id_tab_update_deferred_ms=1698.8 wall_ms=1779336311542
[REPLAN][TIME] pipeline_done_ms=1698.8 wall_ms=1779336311542 plans=1 force_direct=False
[REPLAN][TIME] 0301_queued_ms=1698.8 wall_ms=1779336311542 plans=1
[STEP 4] 0301 push queued (planIds=700000001)
[0301] missionPlanID=700000001 전송
[PUSH] 0301 direct batch send
[REPLAN][TIME] 0301_sent_ms=1706.9 wall_ms=1779336311542 plans=1
[REPLAN][TIME] post_0301_delivery_queued_ms=1707.4 wall_ms=1779336311556 grace_ms=0 timeout_ms=20 force_direct=0 mode=option_or_0901
[INFO] Post-0301 apply queued (mode=option_or_0901, grace=0ms, timeout=20ms, plans=1)
[REPLAN][TIME] 0305_status_2_ms=1708.9 wall_ms=1779336311556 reason=초기임무재계획
[0305] status=2, reason=초기임무재계획, elapsed=1.59s 전송
[REPLAN][TIME] post_0301_completion_ready_ms=1709.6 wall_ms=1779336311556 mode=option_or_0901
[REPLAN][METRIC] source_artifact_cache entries=8 hits=0 misses=8
[INFO] Post-0301 ready (timeout) -> sending 0903
[REPLAN][TIME] post_0301_flushed_ms=1740.3 wall_ms=1779336311588 delivery=0903 trigger=timeout plans=1
[REPLAN][TIME] id_tab_update_flushed_ms=1740.7 wall_ms=1779336311588
[REPLAN][TIME] 0903_sent_ms=1857.6 wall_ms=1779336311698 missionPlanID=700000001
[0903] request sent (missionPlanID=700000001)
[MODE] 슬라이더 변경 → 임무 수행
[0101/POLL] 모드 동기화 code=3
[REPLAN][TIME] 0902_received_ms=0.1 wall_ms=1779336323718 trigger=attack_2_option replanLevel=2 optionCount=2 forceDirect=0
[REPLAN][TIME] 0902_archived_ms=0.8 wall_ms=1779336323719 path=replan_request_832651522561.json
[AUTO] 0902 received (planIds=700000002, 700000003)
[REPLAN][TIME] pipeline_scheduled_ms=1.5 wall_ms=1779336323719 delay_ms=0
[REPLAN][TIME] scheduled_start_ms=2.1 wall_ms=1779336323720
[REPLAN][TIME] 0305_status_1_ms=2.9 wall_ms=1779336323721 reason=표적7 발견 재계획
[0305] status=1, reason=표적7 발견 재계획 전송
[STEP 0] Replan pipeline start (reason=표적7 발견 재계획)
[REPLAN][TIME] attack_exclusion_parallel_started_ms=6.0 wall_ms=1779336323724 option_index=2 sourcePlanID=700000001
[ATTACK-EXCLUDE] parallel generation started (sourcePlanID=700000001, optionIndex=2)
[ATTACK] 공격 특화 재계획 요청 감지 → 전용 파이프라인 실행
[ATTACK] [TIME] select_manned_aircraft=9ms
[ATTACK] STEP1 Selected manned aircraft: aircraft 2 (fuel=14.98731517791748, coord=(37.926570892333984, 128.1556854248047, alt=1761))
[ATTACK] [TIME] load_target_entries=2ms
[ATTACK] STEP2 UAV tracking summary: watcher 4?’target 7
[ATTACK] STEP2.5 Using bundled 0402 targets: target=7 watcher=4
[ATTACK] [ATTACK] Selected target id=7 type=2 weaponType=2 (preferred=2, ammo={'type1': 5, 'type2': 10, 'type3': 100})
[ATTACK] [TIME] compute_attack_point=3ms
[ATTACK] STEP3 Attack plan completed: lat=37.915149, lon=128.164458, alt=300m
[ATTACK] [ATTACK] Using remembered waypoint 51 for watcher 4 while auto-tracking.
[ATTACK] [ATTACK] Weapon choice aircraft=2 preferred=2 selected=2 ammo={'type1': 5, 'type2': 10, 'type3': 100}
[ATTACK] [ATTACK][ETA] Tracking ETA computed with LAH max attack speed (dist=1485.0m, speed=73.61m/s, +30s) -> 50s
[ATTACK] [ATTACK] Using requested missionPlanID 700000002 (sourcePlanID=700000001)
[ATTACK] [ATTACK][POINT] Primary target adaptive standoff mode=far_projected_to_preferred_standoff currentDist=3485.0030025351625m candidateDist=2000.0000000005089m standoff=300.0/2000.0m.
[ATTACK] [ATTACK][ETA] UAV 5 remaining mission time: 0.0s
[ATTACK] [ATTACK][ETA] UAV 6 remaining mission time: 0.0s
[ATTACK] [ATTACK][ETA] Non-tracking UAV ETA selected: UAV 5 with 0s remaining
[ATTACK] [ATTACK][ETA] All tracking ETAs unified to 0s
[ATTACK] [ATTACK][COLLAB] Remaining UAV entry lookahead applied: 9.0s (pathFollow=3, linearFallback=3, currentOnly=0)
[ATTACK] [PRIOR] Falling back to first mission for aircraft 2 (current waypoint not found in plan).
[FOV_DB] loaded 7010 rows, 7008 unique widths, path=C:\Users\LAHMUMT_2\Desktop\DSS_KU\resource\db\fov_db_탱크_72_38_6_3.2.csv
[ATTACK] [ATTACK][LAH] Using max attack speed 73.61m/s (265.0km/h) for aircraft 2.
[ATTACK] [ATTACK][LAH] Inferred current waypoint from position -> 66.
[ATTACK] [ATTACK][LAH] Dropped current waypoint from resume path (currentWP=66, nextWP=67).
[ATTACK] [ATTACK][LAH] Preserved completed prefix, inserted attack, and reattached 1 follow-up mission(s).
[ATTACK] [ATTACK][LAH] Generated attack/resume missions -> IMP:800000008.json PATHS:200000003.json/200000004.json (followUps=1)
[ATTACK] [PRIOR] Falling back to first mission for aircraft 1 (current waypoint not found in plan).
[ATTACK] [ATTACK][LAH] Inferred current waypoint from position -> 62.
[ATTACK] [ATTACK][LAH] Dropped current waypoint from resume path (currentWP=62, nextWP=63).
[ATTACK] [ATTACK][LAH] Preserved completed prefix, inserted hold, and reattached 1 follow-up mission(s).
[ATTACK] [ATTACK][LAH] Generated hold/resume missions -> IMP:800000009.json PATHS:100000003.json/100000004.json (followUps=1)
[ATTACK] [PRIOR] Falling back to first mission for aircraft 3 (current waypoint not found in plan).
[ATTACK] [ATTACK][LAH] Inferred current waypoint from position -> 70.
[ATTACK] [ATTACK][LAH] Dropped current waypoint from resume path (currentWP=70, nextWP=71).
[ATTACK] [ATTACK][LAH] Preserved completed prefix, inserted hold, and reattached 1 follow-up mission(s).
[ATTACK] [ATTACK][LAH] Generated hold/resume missions -> IMP:800000010.json PATHS:300000003.json/300000004.json (followUps=1)
[ATTACK] [NEXTCOLLAB] division planner area-division pieces=2
[ATTACK] [NEXTCOLLAB] division planner final workflow=no_split paths=2
[ATTACK] [ATTACK][COLLAB] Collaborative replacement IMP written (aircraft=5, imp=800000012.json, missions=1).
[ATTACK] [ATTACK][COLLAB] Collaborative replacement IMP written (aircraft=6, imp=800000013.json, missions=1).
[ATTACK] [ATTACK][COLLAB] First sweep searchSpeed boosted (aircraft=5, pathID=500000003, waypointID=103, factor=1.30, old=851.80, new=1107.34).
[ATTACK] [ATTACK][COLLAB] First sweep searchSpeed boosted (aircraft=6, pathID=600000003, waypointID=113, factor=1.30, old=893.86, new=1162.02).
[ATTACK] [ATTACK][COLLAB] Collaborative remaining mission replanned (inputMissionID=2, unavailable=[4], remaining=[5, 6], workflow=no_split).
[ATTACK] [ATTACK][UAV] Resume trimmed by currentWP (lastRemovedWP=50).
[ATTACK] [ATTACK][UAV] Added replan anchor waypoint to done path (anchorWP=115).
[ATTACK] [ATTACK][UAV] Resume sweep trim applied (cutPoints=33, rawCutPoints=33, doneSweepPoints=0, pathID=400000001).
[ATTACK] [ATTACK][UAV] Resume searchSpeed scaled (factor=1.30, waypoints=1).
[ATTACK] [ATTACK][COLLAB] Tracking UAV resume replaced with release transit (aircraft=4, targetFinishEta=120, speed=58.0m/s).
[ATTACK] [ATTACK][UAV] Preserved completed prefix, inserted tracking, and reattached 1 follow-up mission(s).
[ATTACK] [ATTACK][UAV] Generated tracking/resume missions -> IMP:800000014.json PATHS:400000007.json/400000008.json (followUps=1)
[ATTACK] [ATTACK][UAV] Tracking assignment state saved (aircraft=4, sourcePlan=700000001, attackPlan=700000002).
[ATTACK] [ATTACK][COLLAB] Aircraft 5 handled by collaborative remaining replan (inputMissionID=2).
[ATTACK] [ATTACK][COLLAB] Aircraft 6 handled by collaborative remaining replan (inputMissionID=2).
[ATTACK] [ATTACK][PLAN] carried area remaining snapshot -> mission_area_snapshot_700000002.json (sourcePlanID=700000001, planID=700000002)
[ATTACK] [ATTACK][PLAN] MissionPlan saved -> 700000002.json (planID=700000002)
[ATTACK] [ATTACK][TIME] override_detail={"phases": {"metadata_normalize": {"elapsedMs": 0.003, "attackTargetCount": 1, "selectedMannedCount": 1}, "agent_index": {"elapsedMs": 0.031, "aircraftCount": 6}, "weapon_choice": {"elapsedMs": 2.564, "selectedWeaponType": 2, "ammoAvailable": true}, "initial_tracking_eta": {"elapsedMs": 0.35, "useDetectionTracking": true, "trackingEtaS": 50}, "resolve_source_plan": {"elapsedMs": 0.278, "sourcePlanID": 700000001}, "source_plan_load": {"elapsedMs": 0.236, "sourcePlanID": 700000001, "aircraftCount": 6}, "sweep_progress_load": {"elapsedMs": 0.21, "entries": 6}, "plan_id_resolve": {"elapsedMs": 0.01, "requested": true, "missionPlanID": 700000002}, "source_artifact_cache_build": {"elapsedMs": 0.007, "aircraftEntries": 6}, "done_input_ids_load": {"elapsedMs": 0.61, "count": 1}, "plan_deepcopy": {"elapsedMs": 0.02}, "target_uav_assignment": {"elapsedMs": 0.183, "assignedTargetCount": 1, "usedTrackingUavCount": 1}, "manned_sequence_assignment": {"elapsedMs": 0.932, "aircraftCount": 1, "error": null}, "attack_coordinate_resolution": {"elapsedMs": 0.917, "resolvedCount": 1, "mannedSequenceCount": 1}, "remaining_eta": {"elapsedMs": 4.939, "allUavCount": 3, "trackingUavCount": 1, "computedEtaCount": 1, "adjustedEtaS": 0}, "descriptor_list_build": {"elapsedMs": 0.014, "descriptorCount": 6, "activeMannedCount": 1, "otherLahCount": 2, "otherUavCount": 2}, "collab_tracking_scan": {"elapsedMs": 0.906, "inputCount": 1, "unavailableUavCount": 1}, "collab_agent_state_map": {"elapsedMs": 4.542, "aircraftCount": 6}, "collab_parallel_started": {"elapsedMs": 0.611, "inputCount": 1, "workers": 1}, "collab_parallel_join": {"elapsedMs": 958.28, "waitReason": "UAV_TRACK", "inputCount": 1}, "descriptor_loop": {"elapsedMs": 1888.735, "descriptorCount": 6, "updateCount": 4}, "final_collab_plan_update": {"elapsedMs": 0.007, "collabInputCount": 1}, "mission_plan_write": {"elapsedMs": 11.307, "missionPlanID": 700000002}, "option_meta_build": {"elapsedMs": 0.021, "targetCount": 1, "collabInputCount": 1}}, "collabRuns": [{"inputMissionID": 2, "unavailableAircraftIDs": [4], "elapsedMs": 1676.065, "status": "ok", "replacementAircraftIDs": [5, 6], "generatedPathCount": 2, "finishEtaS": 120, "workflow": "no_split"}], "descriptorDetails": [{"aircraftID": 2, "label": "manned", "mode": "LAH_ATTACK", "resolveArtifacts": {"elapsedMs": 0.47, "currentWaypointID": null, "sourcePathID": 200000001, "sourceImpID": 800000002}, "loadArtifacts": {"elapsedMs": 0.004, "impLoaded": true, "fpLoaded": true}, "cloneAndLocateMission": {"elapsedMs": 0.044, "missionCount": 2, "targetIndex": 0}, "allocateAndPlanUpdate": {"elapsedMs": 9.052, "newImpID": 800000008}, "builder": {"elapsedMs": 280.644, "builderMode": "LAH_ATTACK"}, "builderDetail": {"allocate_ids": {"elapsedMs": 159.998, "attackPathID": 200000003, "resumePathID": 200000004, "attackIndividualID": 900000015, "resumeIndividualID": 900000016, "entryWaypointID": 76, "attackWaypointID": 78}, "split_lah_resume": {"elapsedMs": 67.075, "resumeWaypointCount": 1, "removedWaypointID": 66}, "clone_followups": {"elapsedMs": 30.875, "followUpMissionCount": 1, "followUpPathCount": 1}, "payload_build": {"elapsedMs": 13.001, "hasResume": true, "followUpMissionCount": 1, "attackSpeedMps": 73.61}, "write_json": {"elapsedMs": 5.086, "fileCount": 4}, "totalMs": 279.772}, "status": "ok", "elapsedMs": 290.296}, {"aircraftID": 1, "label": "lah_hold_1", "mode": "LAH_HOLD_RESUME", "resolveArtifacts": {"elapsedMs": 0.652, "currentWaypointID": null, "sourcePathID": 100000001, "sourceImpID": 800000001}, "loadArtifacts": {"elapsedMs": 0.002, "impLoaded": true, "fpLoaded": true}, "cloneAndLocateMission": {"elapsedMs": 0.033, "missionCount": 2, "targetIndex": 0}, "allocateAndPlanUpdate": {"elapsedMs": 7.464, "newImpID": 800000009}, "builder": {"elapsedMs": 126.763, "builderMode": "LAH_HOLD_RESUME"}, "builderDetail": {"allocate_ids": {"elapsedMs": 20.516, "holdPathID": 100000003, "resumePathID": 100000004, "holdIndividualID": 900000020, "resumeIndividualID": 900000021}, "split_lah_resume": {"elapsedMs": 57.727, "resumeWaypointCount": 1, "removedWaypointID": 62}, "clone_followups": {"elapsedMs": 27.443, "followUpMissionCount": 1, "followUpPathCount": 1}, "payload_build": {"elapsedMs": 42.068, "hasResume": true, "followUpMissionCount": 1}, "write_json": {"elapsedMs": 3.2, "fileCount": 4}, "totalMs": 126.743}, "status": "ok", "elapsedMs": 134.971}, {"aircraftID": 3, "label": "lah_hold_3", "mode": "LAH_HOLD_RESUME", "resolveArtifacts": {"elapsedMs": 0.393, "currentWaypointID": null, "sourcePathID": 300000001, "sourceImpID": 800000003}, "loadArtifacts": {"elapsedMs": 0.003, "impLoaded": true, "fpLoaded": true}, "cloneAndLocateMission": {"elapsedMs": 0.032, "missionCount": 2, "targetIndex": 0}, "allocateAndPlanUpdate": {"elapsedMs": 6.223, "newImpID": 800000010}, "builder": {"elapsedMs": 288.225, "builderMode": "LAH_HOLD_RESUME"}, "builderDetail": {"allocate_ids": {"elapsedMs": 21.05, "holdPathID": 300000003, "resumePathID": 300000004, "holdIndividualID": 900000023, "resumeIndividualID": 900000024}, "split_lah_resume": {"elapsedMs": 177.567, "resumeWaypointCount": 1, "removedWaypointID": 70}, "clone_followups": {"elapsedMs": 59.872, "followUpMissionCount": 1, "followUpPathCount": 1}, "payload_build": {"elapsedMs": 79.603, "hasResume": true, "followUpMissionCount": 1}, "write_json": {"elapsedMs": 5.525, "fileCount": 4}, "totalMs": 288.204}, "status": "ok", "elapsedMs": 294.924}, {"aircraftID": 4, "label": "uav_tracking_4", "mode": "UAV_TRACK", "resolveArtifacts": {"elapsedMs": 0.011, "currentWaypointID": 51, "sourcePathID": 400000001, "sourceImpID": 800000004}, "loadArtifacts": {"elapsedMs": 0.001, "impLoaded": true, "fpLoaded": true}, "cloneAndLocateMission": {"elapsedMs": 0.045, "missionCount": 2, "targetIndex": 0}, "allocateAndPlanUpdate": {"elapsedMs": 7.673, "newImpID": 800000014}, "builder": {"elapsedMs": 200.07, "builderMode": "UAV_TRACK"}, "builderDetail": {"allocate_ids": {"elapsedMs": 49.103, "donePathID": 400000006, "attackPathID": 400000007, "resumePathID": 400000008, "trackingIndividualID": 900000028, "resumeIndividualID": 900000029, "targetWaypointID": 114}, "split_done_resume": {"elapsedMs": 42.888, "sourceSinglePoint": false, "doneWaypointCount": 2, "resumeWaypointCount": 1, "removedWaypointID": 50}, "clone_followups": {"elapsedMs": 58.822, "followUpMissionCount": 1, "followUpPathCount": 1}, "release_resume": {"elapsedMs": 23.697, "releaseWaypointCount": 2, "targetFinishEtaS": 120}, "write_json": {"elapsedMs": 21.0, "fileCount": 5}, "totalMs": 198.421}, "trackingState": {"elapsedMs": 1.059}, "status": "ok", "elapsedMs": 209.232}, {"aircraftID": 5, "label": "uav_resume_5", "mode": "UAV_RESUME", "resolveArtifacts": {"elapsedMs": 0.01, "currentWaypointID": 55, "sourcePathID": 500000001, "sourceImpID": 800000005}, "loadArtifacts": {"elapsedMs": 0.001, "impLoaded": true, "fpLoaded": true}, "cloneAndLocateMission": {"elapsedMs": 0.043, "missionCount": 2, "targetIndex": 0}, "status": "handled_by_collab", "elapsedMs": 0.495}, {"aircraftID": 6, "label": "uav_resume_6", "mode": "UAV_RESUME", "resolveArtifacts": {"elapsedMs": 0.01, "currentWaypointID": 59, "sourcePathID": 600000001, "sourceImpID": 800000006}, "loadArtifacts": {"elapsedMs": 0.001, "impLoaded": true, "fpLoaded": true}, "cloneAndLocateMission": {"elapsedMs": 0.043, "missionCount": 2, "targetIndex": 0}, "status": "handled_by_collab", "elapsedMs": 0.322}], "totalMs": 1915}
[ATTACK] [ATTACK][TIME] override_total=1915ms
[ATTACK] [TIME] apply_attack_plan_overrides=1920ms
[ATTACK] [TIME] timingMs={"read_source": 11.547, "descriptor_build": 1.854, "write_artifacts": 1924.844, "delivery_wait": 6.141}
[ATTACK] [TIME] total=1945ms
[ATTACK] 분석 로그 저장: C:\Users\LAHMUMT_2\Desktop\DSS_KU\Logs\Scenario_2026-05-21T130506\SBC3\DSS_Internal\log_attack_algorithm_20260521T040525_670461.json
[ATTACK] mark target used: targetIDs=7
[ATTACK] 공격 임무 계획 완료 (planIds=700000002)
[INFO] UAV params loaded (cruise=40.00, turn_step=15.0)
[INFO] Latest input snapshot → 0201:ID=-,ts=-,src=-, 0203:ID=-,ts=-,src=-
[INFO] Fallback 0201 file selected: 1.json
[INFO] Fallback 0203 file selected: 1.json
[CHECK] 0201/0203 필수 데이터 확인 시작
[OK] 0201 inputMissionList 확인됨 (count=3) → 진행
[OK] 0201 availableAircraftList 확인됨 (count=6) → 진행
[OK] 0201 inputMissionPackageType=1 확인
[OK] 0201 mainSensor=1 확인
[CHECK] 0201 기체 수=6 (UAV=3, LAH=3)
[CHECK] 0201 임무: total=3 missingID=0 missingDetail=0 missingShape=0 unknownType=0 typeZeroAuto=0 typeZeroInvalid=0 lineOnlyViolation=0 skippedSinglePoint=0
[OK] 0203 takeOverInfoList 확인됨 (count=3) → 진행
[OK] 0203 handOverInfoList 확인됨 (count=3) → 진행
[OK] 0203 flightAreaList 확인됨 (count=1) → 진행
[CHECK] 0203 flightAreaList count=1
[INFO] 임무 진행영역 스냅샷 적용: sourcePlan=700000001, updated=2, done=0
[INFO] 임무 진행영역 재계획 collapse 적용: groups=1, normalized=3
[INFO] Filtered completed input missions (removed=1, converted=-, widthAdjusted=-, skippedSinglePoint=-, snapshot=updated=2, done=0, collapse=groups=1, normalized=3)
[REPLAN][TIME] variant_started_ms=1963.0 wall_ms=1779336325681 variant=1 option=3 mode=attack_exclusion
[variant 1] 공격 배제 병렬 결과 병합
[ATTACK-EXCLUDE] ATTACK-EXCLUDE using requested missionPlanID 700000003 (sourcePlanID=700000001)
[ATTACK-EXCLUDE] [PRIOR][UAV] Resume trimmed by currentWP (lastRemovedWP=50).
[ATTACK-EXCLUDE] [PRIOR][UAV] Added replan anchor waypoint to done path (anchorWP=77).
[ATTACK-EXCLUDE] [PRIOR][UAV] Resume sweep trim applied (cutPoints=33, rawCutPoints=33, doneSweepPoints=0, pathID=400000001).
[ATTACK-EXCLUDE] [PRIOR][UAV] Resume searchSpeed scaled (factor=1.30, waypoints=1).
[ATTACK-EXCLUDE] [PRIOR][UAV] Generated done/resume mission -> aircraft=4 IMP:800000007.json PATHS:400000003.json/400000004.json
[ATTACK-EXCLUDE] [PRIOR][UAV] Resume trimmed by currentWP (lastRemovedWP=54).
[ATTACK-EXCLUDE] [PRIOR][UAV] Added replan anchor waypoint to done path (anchorWP=106).
[ATTACK-EXCLUDE] [PRIOR][UAV] Resume sweep trim applied (cutPoints=40, rawCutPoints=40, doneSweepPoints=0, pathID=500000001).
[ATTACK-EXCLUDE] [PRIOR][UAV] Resume searchSpeed scaled (factor=1.30, waypoints=1).
[ATTACK-EXCLUDE] [PRIOR][UAV] Generated done/resume mission -> aircraft=5 IMP:800000011.json PATHS:500000004.json/500000005.json
[ATTACK-EXCLUDE] [PRIOR][UAV] Resume trimmed by currentWP (lastRemovedWP=58).
[ATTACK-EXCLUDE] [PRIOR][UAV] Added replan anchor waypoint to done path (anchorWP=125).
[ATTACK-EXCLUDE] [PRIOR][UAV] Resume sweep trim applied (cutPoints=38, rawCutPoints=38, doneSweepPoints=0, pathID=600000001).
[ATTACK-EXCLUDE] [PRIOR][UAV] Resume searchSpeed scaled (factor=1.30, waypoints=1).
[ATTACK-EXCLUDE] [PRIOR][UAV] Generated done/resume mission -> aircraft=6 IMP:800000015.json PATHS:600000004.json/600000005.json
[ATTACK-EXCLUDE] 공격 배제 MissionPlan 저장 -> 700000003.json (planID=700000003)
[ATTACK-EXCLUDE] ATTACK-EXCLUDE carried area remaining snapshot -> mission_area_snapshot_700000003.json (sourcePlanID=700000001, planID=700000003)
[REPLAN][TIME] attack_exclusion_parallel_joined_ms=2354.1 wall_ms=1779336326072 variant=1 duration_ms=2341.175 wait_ms=384.14
[OK] 공격 배제 variant 저장: MissionPlanID=700000003 (elapsed=2341.2 ms)
[INFO] Option mapping #1: planID=700000003, optionCode=3(공격배제)
[REPLAN][TIME] variant_finished_ms=2354.2 wall_ms=1779336326072 variant=1 option=3 mode=attack_exclusion status=success duration_ms=2341.175
[OK] Stored mission data: MissionPlan=1, IndividualMission=0, FlightPath=0
[REPLAN][TIME] id_tab_update_deferred_ms=2355.6 wall_ms=1779336326074
[REPLAN][TIME] pipeline_done_ms=2355.6 wall_ms=1779336326074 plans=2 force_direct=False
[REPLAN][TIME] 0301_queued_ms=2355.6 wall_ms=1779336326074 plans=2
[STEP 4] 0301 push queued (planIds=700000002, 700000003)
[0301] missionPlanID=700000002 전송
[0301] missionPlanID=700000003 전송
[PUSH] 0301 direct batch send
[REPLAN][TIME] 0301_sent_ms=2365.2 wall_ms=1779336326083 plans=2
[REPLAN][TIME] post_0301_delivery_queued_ms=2365.6 wall_ms=1779336326084 grace_ms=0 timeout_ms=20 force_direct=0 mode=option_or_0901
[INFO] Post-0301 apply queued (mode=option_or_0901, grace=0ms, timeout=20ms, plans=2)
[REPLAN][TIME] 0305_status_2_ms=2367.2 wall_ms=1779336326085 reason=표적7 발견 재계획
[0305] status=2, reason=표적7 발견 재계획, elapsed=2.36s 전송
[REPLAN][TIME] post_0301_completion_ready_ms=2367.9 wall_ms=1779336326086 mode=option_or_0901
[REPLAN][METRIC] source_artifact_cache entries=21 hits=39 misses=21
[INFO] Post-0301 ready (timeout) -> sending 0901
[REPLAN][TIME] post_0301_flushed_ms=2390.8 wall_ms=1779336326108 delivery=0901 trigger=timeout
[REPLAN][TIME] 0901_sent_ms=2395.5 wall_ms=1779336326113 options=2
[0901] option request sent (count=2, codes=2(공격특화), 3(공격배제))
[REPLAN][TIME] id_tab_update_flushed_ms=2396.3 wall_ms=1779336326114
[REPLAN][TIME] 0902_received_ms=0.1 wall_ms=1779336351087 trigger=attack_2_option replanLevel=2 optionCount=2 forceDirect=0
[REPLAN][TIME] 0902_archived_ms=0.6 wall_ms=1779336351087 path=replan_request_832651549871.json
[AUTO] 0902 received (planIds=700000004, 700000005)
[REPLAN][TIME] pipeline_scheduled_ms=1.4 wall_ms=1779336351088 delay_ms=0
[REPLAN][TIME] scheduled_start_ms=1.9 wall_ms=1779336351089
[REPLAN][TIME] 0305_status_1_ms=2.7 wall_ms=1779336351089 reason=표적8 발견 재계획
[0305] status=1, reason=표적8 발견 재계획 전송
[STEP 0] Replan pipeline start (reason=표적8 발견 재계획)
[REPLAN][TIME] attack_exclusion_parallel_started_ms=5.9 wall_ms=1779336351093 option_index=2 sourcePlanID=700000003
[ATTACK-EXCLUDE] parallel generation started (sourcePlanID=700000003, optionIndex=2)
[ATTACK] 공격 특화 재계획 요청 감지 → 전용 파이프라인 실행
[ATTACK] [TIME] select_manned_aircraft=7ms
[ATTACK] STEP1 Selected manned aircraft: aircraft 3 (fuel=14.949629783630371, coord=(37.92477035522461, 128.1556854248047, alt=1764))
[ATTACK] [TIME] load_target_entries=0ms
[ATTACK] STEP2 UAV tracking summary: watcher 4?’target 7, watcher 5?’target 8
[ATTACK] STEP2.5 Using bundled 0402 targets: target=8 watcher=5
[ATTACK] [ATTACK] Selected target id=8 type=4 weaponType=3 (preferred=3, ammo={'type1': 5, 'type2': 10, 'type3': 100})
[ATTACK] [TIME] compute_attack_point=3ms
[ATTACK] STEP3 Attack plan completed: lat=37.924770, lon=128.155685, alt=300m
[ATTACK] [ATTACK] Using remembered waypoint 111 for watcher 5 while auto-tracking.
[ATTACK] [ATTACK] Weapon choice aircraft=3 preferred=3 selected=3 ammo={'type1': 5, 'type2': 10, 'type3': 100}
[ATTACK] [ATTACK][ETA] Tracking ETA computed with LAH max attack speed (dist=0.0m, speed=73.61m/s, +30s) -> 30s
[ATTACK] [ATTACK] Using requested missionPlanID 700000004 (sourcePlanID=700000003)
[ATTACK] [ATTACK][POINT] Primary target adaptive standoff mode=current_position_within_standoff currentDist=1296.1105125004221m candidateDist=1296.1105125004221m standoff=300.0/2000.0m.
[ATTACK] [ATTACK][ETA] UAV 4 remaining mission time: 0.0s
[ATTACK] [ATTACK][ETA] UAV 6 remaining mission time: 0.0s
[ATTACK] [ATTACK][ETA] Non-tracking UAV ETA selected: UAV 4 with 0s remaining
[ATTACK] [ATTACK][ETA] All tracking ETAs unified to 0s
[ATTACK] [ATTACK][COLLAB] Remaining UAV entry lookahead applied: 9.0s (pathFollow=3, linearFallback=3, currentOnly=0)
[ATTACK] [PRIOR] Falling back to first mission for aircraft 3 (current waypoint not found in plan).
[FOV_DB] loaded 7010 rows, 7008 unique widths, path=C:\Users\LAHMUMT_2\Desktop\DSS_KU\resource\db\fov_db_탱크_72_38_6_3.2.csv
[ATTACK] [ATTACK][LAH] Using max attack speed 73.61m/s (265.0km/h) for aircraft 3.
[ATTACK] [ATTACK][LAH] Inferred current waypoint from position -> 70.
[ATTACK] [ATTACK][LAH] Dropped current waypoint from resume path (currentWP=70, nextWP=71).
[ATTACK] [ATTACK][LAH] Preserved completed prefix, inserted attack, and reattached 1 follow-up mission(s).
[ATTACK] [ATTACK][LAH] Generated attack/resume missions -> IMP:800000017.json PATHS:300000006.json/300000007.json (followUps=1)
[ATTACK] [PRIOR] Falling back to first mission for aircraft 1 (current waypoint not found in plan).
[ATTACK] [ATTACK][LAH] Inferred current waypoint from position -> 62.
[ATTACK] [ATTACK][LAH] Dropped current waypoint from resume path (currentWP=62, nextWP=63).
[ATTACK] [ATTACK][LAH] Preserved completed prefix, inserted hold, and reattached 1 follow-up mission(s).
[ATTACK] [ATTACK][LAH] Generated hold/resume missions -> IMP:800000019.json PATHS:100000006.json/100000007.json (followUps=1)
[ATTACK] [PRIOR] Falling back to first mission for aircraft 2 (current waypoint not found in plan).
[ATTACK] [ATTACK][LAH] Inferred current waypoint from position -> 66.
[ATTACK] [ATTACK][LAH] Dropped current waypoint from resume path (currentWP=66, nextWP=67).
[ATTACK] [ATTACK][LAH] Preserved completed prefix, inserted hold, and reattached 1 follow-up mission(s).
[ATTACK] [ATTACK][LAH] Generated hold/resume missions -> IMP:800000021.json PATHS:200000006.json/200000007.json (followUps=1)
[ATTACK] [NEXTCOLLAB] division planner area-division pieces=2
[ATTACK] [NEXTCOLLAB] division planner final workflow=no_split paths=2
[ATTACK] [ATTACK][COLLAB] Collaborative replacement IMP written (aircraft=4, imp=800000022.json, missions=1).
[ATTACK] [ATTACK][COLLAB] Collaborative replacement IMP written (aircraft=6, imp=800000023.json, missions=1).
[ATTACK] [ATTACK][COLLAB] First sweep searchSpeed boosted (aircraft=4, pathID=400000013, waypointID=146, factor=1.30, old=828.38, new=1076.90).
[ATTACK] [ATTACK][COLLAB] First sweep searchSpeed boosted (aircraft=6, pathID=600000007, waypointID=162, factor=1.30, old=1295.89, new=1684.66).
[ATTACK] [ATTACK][COLLAB] Collaborative remaining mission replanned (inputMissionID=2, unavailable=[5], remaining=[4, 6], workflow=no_split).
[ATTACK] [ATTACK][UAV] Source path has a single waypoint; preserving it as done and skipping done/resume split.
[ATTACK] [ATTACK][COLLAB] Tracking UAV resume replaced with release transit (aircraft=5, targetFinishEta=68, speed=58.0m/s).
[ATTACK] [ATTACK][UAV] Preserved completed prefix, inserted tracking, and reattached 1 follow-up mission(s).
[ATTACK] [ATTACK][UAV] Generated tracking/resume missions -> IMP:800000024.json PATHS:500000011.json/500000012.json (followUps=1)
[ATTACK] [ATTACK][UAV] Tracking assignment state saved (aircraft=5, sourcePlan=700000003, attackPlan=700000004).
[ATTACK] [ATTACK][COLLAB] Aircraft 4 handled by collaborative remaining replan (inputMissionID=2).
[ATTACK] [ATTACK][COLLAB] Aircraft 6 handled by collaborative remaining replan (inputMissionID=2).
[ATTACK] [ATTACK][PLAN] carried area remaining snapshot -> mission_area_snapshot_700000004.json (sourcePlanID=700000003, planID=700000004)
[ATTACK] [ATTACK][PLAN] MissionPlan saved -> 700000004.json (planID=700000004)
[ATTACK] [ATTACK][TIME] override_detail={"phases": {"metadata_normalize": {"elapsedMs": 0.003, "attackTargetCount": 1, "selectedMannedCount": 1}, "agent_index": {"elapsedMs": 0.036, "aircraftCount": 6}, "weapon_choice": {"elapsedMs": 1.112, "selectedWeaponType": 3, "ammoAvailable": true}, "initial_tracking_eta": {"elapsedMs": 0.33, "useDetectionTracking": true, "trackingEtaS": 30}, "resolve_source_plan": {"elapsedMs": 0.394, "sourcePlanID": 700000003}, "source_plan_load": {"elapsedMs": 0.223, "sourcePlanID": 700000003, "aircraftCount": 6}, "sweep_progress_load": {"elapsedMs": 0.226, "entries": 12}, "plan_id_resolve": {"elapsedMs": 0.009, "requested": true, "missionPlanID": 700000004}, "source_artifact_cache_build": {"elapsedMs": 0.006, "aircraftEntries": 6}, "done_input_ids_load": {"elapsedMs": 0.88, "count": 1}, "plan_deepcopy": {"elapsedMs": 0.02}, "target_uav_assignment": {"elapsedMs": 0.433, "assignedTargetCount": 1, "usedTrackingUavCount": 1}, "manned_sequence_assignment": {"elapsedMs": 2.211, "aircraftCount": 1, "error": null}, "attack_coordinate_resolution": {"elapsedMs": 1.761, "resolvedCount": 1, "mannedSequenceCount": 1}, "remaining_eta": {"elapsedMs": 4.155, "allUavCount": 3, "trackingUavCount": 1, "computedEtaCount": 1, "adjustedEtaS": 0}, "descriptor_list_build": {"elapsedMs": 0.012, "descriptorCount": 6, "activeMannedCount": 1, "otherLahCount": 2, "otherUavCount": 2}, "collab_tracking_scan": {"elapsedMs": 1.327, "inputCount": 1, "unavailableUavCount": 1}, "collab_agent_state_map": {"elapsedMs": 3.83, "aircraftCount": 6}, "collab_parallel_started": {"elapsedMs": 0.559, "inputCount": 1, "workers": 1}, "collab_parallel_join": {"elapsedMs": 16.829, "waitReason": "UAV_TRACK", "inputCount": 1}, "descriptor_loop": {"elapsedMs": 1103.436, "descriptorCount": 6, "updateCount": 4}, "final_collab_plan_update": {"elapsedMs": 0.007, "collabInputCount": 1}, "mission_plan_write": {"elapsedMs": 11.161, "missionPlanID": 700000004}, "option_meta_build": {"elapsedMs": 0.027, "targetCount": 1, "collabInputCount": 1}}, "collabRuns": [{"inputMissionID": 2, "unavailableAircraftIDs": [5], "elapsedMs": 953.085, "status": "ok", "replacementAircraftIDs": [4, 6], "generatedPathCount": 2, "finishEtaS": 68, "workflow": "no_split"}], "descriptorDetails": [{"aircraftID": 3, "label": "manned", "mode": "LAH_ATTACK", "resolveArtifacts": {"elapsedMs": 0.376, "currentWaypointID": null, "sourcePathID": 300000001, "sourceImpID": 800000003}, "loadArtifacts": {"elapsedMs": 0.001, "impLoaded": true, "fpLoaded": true}, "cloneAndLocateMission": {"elapsedMs": 0.029, "missionCount": 2, "targetIndex": 0}, "allocateAndPlanUpdate": {"elapsedMs": 7.615, "newImpID": 800000017}, "builder": {"elapsedMs": 369.338, "builderMode": "LAH_ATTACK"}, "builderDetail": {"allocate_ids": {"elapsedMs": 126.487, "attackPathID": 300000006, "resumePathID": 300000007, "attackIndividualID": 900000035, "resumeIndividualID": 900000036, "entryWaypointID": 129, "attackWaypointID": 130}, "split_lah_resume": {"elapsedMs": 125.555, "resumeWaypointCount": 1, "removedWaypointID": 70}, "clone_followups": {"elapsedMs": 68.464, "followUpMissionCount": 1, "followUpPathCount": 1}, "payload_build": {"elapsedMs": 40.683, "hasResume": true, "followUpMissionCount": 1, "attackSpeedMps": 73.61}, "write_json": {"elapsedMs": 3.512, "fileCount": 4}, "totalMs": 368.198}, "status": "ok", "elapsedMs": 377.409}, {"aircraftID": 1, "label": "lah_hold_1", "mode": "LAH_HOLD_RESUME", "resolveArtifacts": {"elapsedMs": 0.405, "currentWaypointID": null, "sourcePathID": 100000001, "sourceImpID": 800000001}, "loadArtifacts": {"elapsedMs": 0.002, "impLoaded": true, "fpLoaded": true}, "cloneAndLocateMission": {"elapsedMs": 0.032, "missionCount": 2, "targetIndex": 0}, "allocateAndPlanUpdate": {"elapsedMs": 14.831, "newImpID": 800000019}, "builder": {"elapsedMs": 330.16, "builderMode": "LAH_HOLD_RESUME"}, "builderDetail": {"allocate_ids": {"elapsedMs": 86.374, "holdPathID": 100000006, "resumePathID": 100000007, "holdIndividualID": 900000042, "resumeIndividualID": 900000043}, "split_lah_resume": {"elapsedMs": 128.762, "resumeWaypointCount": 1, "removedWaypointID": 62}, "clone_followups": {"elapsedMs": 56.761, "followUpMissionCount": 1, "followUpPathCount": 1}, "payload_build": {"elapsedMs": 107.977, "hasResume": true, "followUpMissionCount": 1}, "write_json": {"elapsedMs": 3.964, "fileCount": 4}, "totalMs": 330.141}, "status": "ok", "elapsedMs": 345.481}, {"aircraftID": 2, "label": "lah_hold_2", "mode": "LAH_HOLD_RESUME", "resolveArtifacts": {"elapsedMs": 0.415, "currentWaypointID": null, "sourcePathID": 200000001, "sourceImpID": 800000002}, "loadArtifacts": {"elapsedMs": 0.003, "impLoaded": true, "fpLoaded": true}, "cloneAndLocateMission": {"elapsedMs": 0.03, "missionCount": 2, "targetIndex": 0}, "allocateAndPlanUpdate": {"elapsedMs": 31.234, "newImpID": 800000021}, "builder": {"elapsedMs": 183.891, "builderMode": "LAH_HOLD_RESUME"}, "builderDetail": {"allocate_ids": {"elapsedMs": 23.292, "holdPathID": 200000006, "resumePathID": 200000007, "holdIndividualID": 900000047, "resumeIndividualID": 900000048}, "split_lah_resume": {"elapsedMs": 79.956, "resumeWaypointCount": 1, "removedWaypointID": 66}, "clone_followups": {"elapsedMs": 53.099, "followUpMissionCount": 1, "followUpPathCount": 1}, "payload_build": {"elapsedMs": 75.513, "hasResume": true, "followUpMissionCount": 1}, "write_json": {"elapsedMs": 3.144, "fileCount": 4}, "totalMs": 183.874}, "status": "ok", "elapsedMs": 215.62}, {"aircraftID": 5, "label": "uav_tracking_5", "mode": "UAV_TRACK", "resolveArtifacts": {"elapsedMs": 0.01, "currentWaypointID": 111, "sourcePathID": 500000005, "sourceImpID": 800000011}, "loadArtifacts": {"elapsedMs": 0.001, "impLoaded": true, "fpLoaded": true}, "cloneAndLocateMission": {"elapsedMs": 0.044, "missionCount": 2, "targetIndex": 0}, "allocateAndPlanUpdate": {"elapsedMs": 6.201, "newImpID": 800000024}, "builder": {"elapsedMs": 132.975, "builderMode": "UAV_TRACK"}, "builderDetail": {"allocate_ids": {"elapsedMs": 56.406, "donePathID": 500000010, "attackPathID": 500000011, "resumePathID": 500000012, "trackingIndividualID": 900000050, "resumeIndividualID": 900000051, "targetWaypointID": 166}, "split_done_resume": {"elapsedMs": 0.678, "sourceSinglePoint": true, "doneWaypointCount": 1, "resumeWaypointCount": 0, "removedWaypointID": 111}, "clone_followups": {"elapsedMs": 35.536, "followUpMissionCount": 1, "followUpPathCount": 1}, "release_resume": {"elapsedMs": 15.655, "releaseWaypointCount": 2, "targetFinishEtaS": 68}, "write_json": {"elapsedMs": 20.842, "fileCount": 5}, "totalMs": 131.89}, "trackingState": {"elapsedMs": 7.407}, "status": "ok", "elapsedMs": 147.031}, {"aircraftID": 4, "label": "uav_resume_4", "mode": "UAV_RESUME", "resolveArtifacts": {"elapsedMs": 0.011, "currentWaypointID": 82, "sourcePathID": 400000004, "sourceImpID": 800000007}, "loadArtifacts": {"elapsedMs": 0.001, "impLoaded": true, "fpLoaded": true}, "cloneAndLocateMission": {"elapsedMs": 0.049, "missionCount": 2, "targetIndex": 0}, "status": "handled_by_collab", "elapsedMs": 0.446}, {"aircraftID": 6, "label": "uav_resume_6", "mode": "UAV_RESUME", "resolveArtifacts": {"elapsedMs": 0.012, "currentWaypointID": 128, "sourcePathID": 600000005, "sourceImpID": 800000015}, "loadArtifacts": {"elapsedMs": 0.001, "impLoaded": true, "fpLoaded": true}, "cloneAndLocateMission": {"elapsedMs": 0.048, "missionCount": 2, "targetIndex": 0}, "status": "handled_by_collab", "elapsedMs": 0.415}], "totalMs": 1131}
[ATTACK] [ATTACK][TIME] override_total=1131ms
[ATTACK] [TIME] apply_attack_plan_overrides=1135ms
[ATTACK] [TIME] timingMs={"read_source": 8.556, "descriptor_build": 1.825, "write_artifacts": 1139.532, "delivery_wait": 6.245}
[ATTACK] [TIME] total=1157ms
[ATTACK] 분석 로그 저장: C:\Users\LAHMUMT_2\Desktop\DSS_KU\Logs\Scenario_2026-05-21T130506\SBC3\DSS_Internal\log_attack_algorithm_20260521T040552_250322.json
[ATTACK] mark target used: targetIDs=8
[ATTACK-EXCLUDE] ATTACK-EXCLUDE using requested missionPlanID 700000005 (sourcePlanID=700000003)
[ATTACK-EXCLUDE] [PRIOR][UAV] Resume sweep trim applied (cutPoints=56, rawCutPoints=56, doneSweepPoints=0, pathID=400000004).
[ATTACK-EXCLUDE] [PRIOR][UAV] Resume searchSpeed scaled (factor=1.30, waypoints=1).
[ATTACK-EXCLUDE] [PRIOR][UAV] Generated done/resume mission -> aircraft=4 IMP:800000016.json PATHS:400000011.json
[ATTACK-EXCLUDE] [PRIOR][UAV] Resume sweep trim applied (cutPoints=68, rawCutPoints=68, doneSweepPoints=0, pathID=500000005).
[ATTACK-EXCLUDE] [PRIOR][UAV] Resume searchSpeed scaled (factor=1.30, waypoints=1).
[ATTACK-EXCLUDE] [PRIOR][UAV] Generated done/resume mission -> aircraft=5 IMP:800000018.json PATHS:500000008.json
[ATTACK-EXCLUDE] [PRIOR][UAV] Resume sweep trim applied (cutPoints=69, rawCutPoints=69, doneSweepPoints=0, pathID=600000005).
[ATTACK-EXCLUDE] [PRIOR][UAV] Resume searchSpeed scaled (factor=1.30, waypoints=1).
[ATTACK-EXCLUDE] [PRIOR][UAV] Generated done/resume mission -> aircraft=6 IMP:800000020.json PATHS:600000009.json
[ATTACK-EXCLUDE] 공격 배제 MissionPlan 저장 -> 700000005.json (planID=700000005)
[ATTACK-EXCLUDE] ATTACK-EXCLUDE carried area remaining snapshot -> mission_area_snapshot_700000005.json (sourcePlanID=700000003, planID=700000005)
[ATTACK] 공격 임무 계획 완료 (planIds=700000004)
[INFO] UAV params loaded (cruise=40.00, turn_step=15.0)
[INFO] Latest input snapshot → 0201:ID=-,ts=-,src=-, 0203:ID=-,ts=-,src=-
[INFO] Fallback 0201 file selected: 1.json
[INFO] Fallback 0203 file selected: 1.json
[CHECK] 0201/0203 필수 데이터 확인 시작
[OK] 0201 inputMissionList 확인됨 (count=3) → 진행
[OK] 0201 availableAircraftList 확인됨 (count=6) → 진행
[OK] 0201 inputMissionPackageType=1 확인
[OK] 0201 mainSensor=1 확인
[CHECK] 0201 기체 수=6 (UAV=3, LAH=3)
[CHECK] 0201 임무: total=3 missingID=0 missingDetail=0 missingShape=0 unknownType=0 typeZeroAuto=0 typeZeroInvalid=0 lineOnlyViolation=0 skippedSinglePoint=0
[OK] 0203 takeOverInfoList 확인됨 (count=3) → 진행
[OK] 0203 handOverInfoList 확인됨 (count=3) → 진행
[OK] 0203 flightAreaList 확인됨 (count=1) → 진행
[CHECK] 0203 flightAreaList count=1
[INFO] 임무 진행영역 스냅샷 적용: sourcePlan=700000003, updated=2, done=0
[INFO] 임무 진행영역 재계획 collapse 적용: groups=1, normalized=3
[INFO] Filtered completed input missions (removed=1, converted=-, widthAdjusted=-, skippedSinglePoint=-, snapshot=updated=2, done=0, collapse=groups=1, normalized=3)
[REPLAN][TIME] variant_started_ms=1180.6 wall_ms=1779336352267 variant=1 option=3 mode=attack_exclusion
[variant 1] 공격 배제 병렬 결과 병합
[REPLAN][TIME] attack_exclusion_parallel_joined_ms=1185.2 wall_ms=1779336352272 variant=1 duration_ms=814.797 wait_ms=0.006
[OK] 공격 배제 variant 저장: MissionPlanID=700000005 (elapsed=814.8 ms)
[INFO] Option mapping #1: planID=700000005, optionCode=3(공격배제)
[REPLAN][TIME] variant_finished_ms=1185.3 wall_ms=1779336352272 variant=1 option=3 mode=attack_exclusion status=success duration_ms=814.797
[OK] Stored mission data: MissionPlan=1, IndividualMission=0, FlightPath=0
[REPLAN][TIME] id_tab_update_deferred_ms=1185.8 wall_ms=1779336352272
[REPLAN][TIME] pipeline_done_ms=1185.9 wall_ms=1779336352272 plans=2 force_direct=False
[REPLAN][TIME] 0301_queued_ms=1185.9 wall_ms=1779336352272 plans=2
[STEP 4] 0301 push queued (planIds=700000004, 700000005)
[0301] missionPlanID=700000004 전송
[0301] missionPlanID=700000005 전송
[PUSH] 0301 direct batch send
[REPLAN][TIME] 0301_sent_ms=1307.0 wall_ms=1779336352394 plans=2
[REPLAN][TIME] post_0301_delivery_queued_ms=1307.4 wall_ms=1779336352394 grace_ms=0 timeout_ms=20 force_direct=0 mode=option_or_0901
[INFO] Post-0301 apply queued (mode=option_or_0901, grace=0ms, timeout=20ms, plans=2)
[REPLAN][TIME] 0305_status_2_ms=1308.9 wall_ms=1779336352396 reason=표적8 발견 재계획
[0305] status=2, reason=표적8 발견 재계획, elapsed=1.31s 전송
[REPLAN][TIME] post_0301_completion_ready_ms=1309.6 wall_ms=1779336352397 mode=option_or_0901
[REPLAN][METRIC] source_artifact_cache entries=21 hits=39 misses=21
[INFO] Post-0301 ready (timeout) -> sending 0901
[REPLAN][TIME] post_0301_flushed_ms=1345.6 wall_ms=1779336352433 delivery=0901 trigger=timeout
[REPLAN][TIME] 0901_sent_ms=1347.1 wall_ms=1779336352434 options=2
[0901] option request sent (count=2, codes=2(공격특화), 3(공격배제))
[REPLAN][TIME] id_tab_update_flushed_ms=1348.0 wall_ms=1779336352435
[0201] DB 참조! (C:\Users\LAHMUMT_2\Desktop\DSS_KU\Logs\Scenario_2026-05-21T130506\SBC3\InputMissionPlan\2.json)
[INFO] Latest 0201 ID updated → 2
[REPLAN][TIME] 0902_received_ms=0.1 wall_ms=1779336412193 trigger=general_3_option replanLevel=1 optionCount=3 forceDirect=0
[REPLAN][TIME] 0902_archived_ms=0.6 wall_ms=1779336412194 path=replan_request_832651612175.json
[AUTO] 0902 received (planIds=700000006, 700000007, 700000008)
[REPLAN][TIME] pipeline_scheduled_ms=1.3 wall_ms=1779336412194 delay_ms=100
[AUTO] replan pipeline scheduled after 0.1s delay
[REPLAN][TIME] scheduled_start_ms=113.6 wall_ms=1779336412307
[REPLAN][TIME] 0305_status_1_ms=114.9 wall_ms=1779336412308 reason=협업기저임무 재수행 요청
[0305] status=1, reason=협업기저임무 재수행 요청 전송
[STEP 0] Replan pipeline start (reason=협업기저임무 재수행 요청)
[INFO] UAV params loaded (cruise=40.00, turn_step=15.0)
[INFO] Latest input snapshot → 0201:ID=2,ts=832651611819,src=-, 0203:ID=-,ts=-,src=-
[STEP 0] Using latest 0201 ID 2 (2.json)
[INFO] Fallback 0203 file selected: 1.json
[CHECK] 0201/0203 필수 데이터 확인 시작
[OK] 0201 inputMissionList 확인됨 (count=4) → 진행
[OK] 0201 availableAircraftList 확인됨 (count=6) → 진행
[OK] 0201 inputMissionPackageType=1 확인
[OK] 0201 mainSensor=1 확인
[CHECK] 0201 기체 수=6 (UAV=3, LAH=3)
[CHECK] 0201 임무: total=4 missingID=0 missingDetail=0 missingShape=0 unknownType=0 typeZeroAuto=0 typeZeroInvalid=0 lineOnlyViolation=0 skippedSinglePoint=0
[OK] 0203 takeOverInfoList 확인됨 (count=3) → 진행
[OK] 0203 handOverInfoList 확인됨 (count=3) → 진행
[OK] 0203 flightAreaList 확인됨 (count=1) → 진행
[CHECK] 0203 flightAreaList count=1
[INFO] 임무 진행영역 스냅샷 미적용: sourcePlan=700000005, reason=fresh collabReexecuteInputRefresh trigger
[INFO] 현재 임무 collaborative hybrid armed: inputMissionID=4, sourcePlan=700000005, mode=reexecute_first_mission, aircraft=[4, 5, 6], options=all
[INFO] Filtered completed input missions (removed=1, 2, converted=-, widthAdjusted=-, skippedSinglePoint=-, snapshot=-, collapse=-)
[REPLAN][TIME] parallel_safety_gate_ms=134.7 wall_ms=1779336412328 enabled=True workers=3 waypoint_block_size=50000 reasons=-
[INFO] 현재임무 재수행 옵션 병렬 생성 활성화: variant별 hybrid 요청 격리 적용
[INFO] 일반 재계획 옵션 병렬 생성 활성화: variants=3, workers=3
[INFO] variant 1 waypointID blocks reserved: 0303=171-50170, 0304=50171-100170
[INFO] variant 2 waypointID blocks reserved: 0303=100171-150170, 0304=150171-200170
[INFO] variant 3 waypointID blocks reserved: 0303=200171-250170, 0304=250171-300170
[FOV_DB] loaded 7010 rows, 7008 unique widths, path=C:\Users\LAHMUMT_2\Desktop\DSS_KU\resource\db\fov_db_탱크_72_38_6_3.2.csv
[SWEEP][LINE] separation=1000.00m, fov=2.40°, spacing=27.93m (~36 strips/1km)
[FOV_DB] loaded 7010 rows, 7008 unique widths, path=C:\Users\LAHMUMT_2\Desktop\DSS_KU\resource\db\fov_db_탱크_72_38_6_3.2.csv
[SWEEP][LINE] separation=1000.00m, fov=2.40°, spacing=27.93m (~36 strips/1km)
[REPLAN][TIME] variant_started_ms=265.6 wall_ms=1779336412458 variant=2 option=4 mode=parallel_core
[REPLAN][TIME] variant_core_finished_ms=2346.5 wall_ms=1779336414540 variant=2 option=4 mode=parallel_core status=success duration_ms=2080.905
[STEP 1.2] Divide & Pattern start
[variant 2] [ENHANCED][1] split start: uavs=[4, 5, 6]
[variant 2] [ENHANCED][1] split done: pieces=6
[variant 2] [REPLAN][METRIC] recon_area_review_before option=4 pieces=6 areaPieces=3 maxSegmentM=600.000 maxSplitCountLimit=0 minSegmentM=0.000 fixedFovDeg=2.400 areaFovDeg=2.400 sweepSeparationM=1000.000 sweepSeparationScale=1.000 turnRadiusM=800.000
[variant 2] [REPLAN][METRIC] recon_area_review option=4 elapsed_ms=90.476 maxSegmentM=600.000 maxSplitCountLimit=0 minSegmentM=0.000 pieces_before=6 pieces_after=16 area_before=3 area_after=13 targets=3 localized=3 changed_details=3 detail_count=3 split_count_sum=13 raw_split_count_sum=13 max_split_count=5 max_raw_split_count=5 split_capped_count=0 max_projected_span_m=2497.311 max_total_len_m=0.000 max_segment_len_m=538.930 fixedFovDeg=2.400 areaFovDeg=2.400 sweepSeparationM=1000.000 sweepSeparationScale=1.000 turnRadiusM=800.000 reasons=-
[variant 2] [ENHANCED][1R] recon-area-review done: targets=3 localized=3 pieces=6->16
[variant 2] [ENHANCED][2] type-decider done: profile=6 changed=16/16
[variant 2] [ENHANCED][3] expected-path done: count=16
[variant 2] [ENHANCED][4] area-review done: overflow=0 targets=0 pieces=16->16
[variant 2] [ENHANCED][5] expected-velocity done: pieces=16 dbRows=7010
[variant 2] [ENHANCED][6] 0302 export done: files=6
[variant 2] [ENHANCED] total=416.0 ms
[TIME] divide_and_pattern (variant=2): 416.2 ms
[OK] IMP generated: 6 file(s) (variant=2)
[TIME] build_0301+load (variant=2): 13.5 ms
[OK] MissionPlan built: MissionPlan_1779336412875.json (variant=2)
[TIME] collect_missions (variant=2): 6.7 ms, count=22
[variant 2] [REEXEC-FIRST] current-position first mission builder armed: sourcePlan=700000005, inputMissionID=4, sourceTemplateInputID=2, aircraft=[4, 5, 6], entries=A4=37.9160584,128.1964727,alt=1911.0, A5=37.9255287,128.1677924,alt=1961.0, A6=37.9233302,128.2071603,alt=1994.0
[variant 2] [REEXEC-FIRST] division planner area-division pieces=3
[variant 2] [REEXEC-FIRST] division planner final workflow=no_split paths=3
[variant 2] current remaining generic 0303 skipped: inputMissionID=4, missions=13, aircraft=[4, 5, 6], pathIDs=[400000001, 400000002, 400000003, 400000004, 500000001, 500000002, 500000003, 500000004, 600000001, 600000002, 600000003, 600000004, 600000005]
[INFO] FlightPath build mode (variant=2): 0303=aircraft_parallel workers=2 aircraft=3, 0304=sequential
[REPLAN][METRIC] flightpath_build_0303 variant=2 option=4 recon=1 mode=parallel_core buildMode=aircraft_parallel workers=2 aircraft=3 paths=3 reassignedWaypoints=9 elapsed_ms=734.727 fallback=- worker_ms=4:495.928|5:489.449|6:243.241
[INFO] FlightPath build time: 0303=734.7 ms, 0304=1.9 ms
[variant 2] current remaining collaborative hybrid applied: inputMissionID=4, aircraft=[4, 5, 6], removedPaths=13, workflow=reexecute_first_mission:no_split
[INFO] Applied LAH-UAV ETA follow speed plan (variant=2)
[OK] FlightPath counts (variant=2): 0303=6 / 0304=6
[REPLAN][METRIC] flightpath_counts variant=2 option=4 recon=1 mode=parallel_core paths0303=6 paths0304=6 pathsTotal=12 waypoints0303=15 waypoints0304=12 waypointsTotal=27 maxWaypointsPerPath=3 emptyPaths=0 formationPaths=0
[SWEEP][LINE] separation=227.00m, fov=11.70°, spacing=31.01m (~32 strips/1km)
[SWEEP][LINE] separation=227.00m, fov=11.70°, spacing=31.01m (~32 strips/1km)
[FOV_DB] loaded 7010 rows, 7008 unique widths, path=C:\Users\LAHMUMT_2\Desktop\DSS_KU\resource\db\fov_db_탱크_72_38_6_3.2.csv
[REPLAN][TIME] variant_started_ms=265.1 wall_ms=1779336412458 variant=1 option=6 mode=parallel_core
[REPLAN][TIME] variant_core_finished_ms=2684.5 wall_ms=1779336414878 variant=1 option=6 mode=parallel_core status=success duration_ms=2419.376
[STEP 1.1] Divide & Pattern start
[variant 1] [ENHANCED][1] split start: uavs=[4, 5, 6]
[variant 1] [ENHANCED][1] split done: pieces=6
[variant 1] [ENHANCED][2] type-decider done: profile=6 changed=6/6
[variant 1] [ENHANCED][3] expected-path done: count=6
[variant 1] [ENHANCED][4] area-review done: overflow=0 targets=0 pieces=6->6
[variant 1] [ENHANCED][5] expected-velocity done: pieces=6 dbRows=7010
[variant 1] [ENHANCED][6] 0302 export done: files=6
[variant 1] [ENHANCED] total=420.8 ms
[TIME] divide_and_pattern (variant=1): 421.0 ms
[OK] IMP generated: 6 file(s) (variant=1)
[TIME] build_0301+load (variant=1): 12.9 ms
[OK] MissionPlan built: MissionPlan_1779336412880.json (variant=1)
[TIME] collect_missions (variant=1): 6.1 ms, count=12
[variant 1] [REEXEC-FIRST] current-position first mission builder armed: sourcePlan=700000005, inputMissionID=4, sourceTemplateInputID=2, aircraft=[4, 5, 6], entries=A4=37.9160584,128.1964727,alt=1911.0, A5=37.9255287,128.1677924,alt=1961.0, A6=37.9233302,128.2071603,alt=1994.0
[variant 1] [REEXEC-FIRST] division planner area-division pieces=3
[variant 1] [REEXEC-FIRST] division planner final workflow=no_split paths=3
[variant 1] current remaining generic 0303 skipped: inputMissionID=4, missions=3, aircraft=[4, 5, 6], pathIDs=[400000001, 500000001, 600000001]
[INFO] FlightPath build mode (variant=1): 0303=aircraft_parallel workers=2 aircraft=3, 0304=sequential
[REPLAN][METRIC] flightpath_build_0303 variant=1 option=6 recon=0 mode=parallel_core buildMode=aircraft_parallel workers=2 aircraft=3 paths=3 reassignedWaypoints=9 elapsed_ms=132.288 fallback=- worker_ms=4:65.548|5:62.545|6:67.850
[INFO] FlightPath build time: 0303=132.3 ms, 0304=1.8 ms
[variant 1] current remaining collaborative hybrid applied: inputMissionID=4, aircraft=[4, 5, 6], removedPaths=3, workflow=reexecute_first_mission:no_split
[INFO] Applied LAH-UAV ETA follow speed plan (variant=1)
[OK] FlightPath counts (variant=1): 0303=6 / 0304=6
[REPLAN][METRIC] flightpath_counts variant=1 option=6 recon=0 mode=parallel_core paths0303=6 paths0304=6 pathsTotal=12 waypoints0303=15 waypoints0304=12 waypointsTotal=27 maxWaypointsPerPath=3 emptyPaths=0 formationPaths=0
[SWEEP][LINE] separation=227.00m, fov=11.70°, spacing=31.01m (~32 strips/1km)
[SWEEP][LINE] separation=227.00m, fov=11.70°, spacing=31.01m (~32 strips/1km)
[REPLAN][TIME] variant_started_ms=265.8 wall_ms=1779336412458 variant=3 option=5 mode=parallel_core
[REPLAN][TIME] variant_core_finished_ms=3050.7 wall_ms=1779336415243 variant=3 option=5 mode=parallel_core status=success duration_ms=2784.894
[STEP 1.3] Divide & Pattern start
[variant 3] [ENHANCED][1] split start: uavs=[4, 5, 6]
[variant 3] [ENHANCED][1] split done: pieces=6
[variant 3] [ENHANCED][2] type-decider done: profile=6 changed=6/6
[variant 3] [ENHANCED][3] expected-path done: count=6
[variant 3] [ENHANCED][4] area-review done: overflow=0 targets=0 pieces=6->6
[variant 3] [ENHANCED][5] expected-velocity done: pieces=6 dbRows=7010
[variant 3] [ENHANCED][6] 0302 export done: files=6
[variant 3] [ENHANCED] total=418.6 ms
[TIME] divide_and_pattern (variant=3): 418.6 ms
[OK] IMP generated: 6 file(s) (variant=3)
[TIME] build_0301+load (variant=3): 18.5 ms
[OK] MissionPlan built: MissionPlan_1779336412878.json (variant=3)
[TIME] collect_missions (variant=3): 3.7 ms, count=12
[variant 3] [REEXEC-FIRST] current-position first mission builder armed: sourcePlan=700000005, inputMissionID=4, sourceTemplateInputID=2, aircraft=[4, 5, 6], entries=A4=37.9160584,128.1964727,alt=1911.0, A5=37.9255287,128.1677924,alt=1961.0, A6=37.9233302,128.2071603,alt=1994.0
[variant 3] [REEXEC-FIRST] division planner area-division pieces=3
[variant 3] [REEXEC-FIRST] division planner final workflow=no_split paths=3
[variant 3] current remaining generic 0303 skipped: inputMissionID=4, missions=3, aircraft=[4, 5, 6], pathIDs=[400000001, 500000001, 600000001]
[INFO] FlightPath build mode (variant=3): 0303=aircraft_parallel workers=2 aircraft=3, 0304=sequential
[REPLAN][METRIC] flightpath_build_0303 variant=3 option=5 recon=0 mode=parallel_core buildMode=aircraft_parallel workers=2 aircraft=3 paths=3 reassignedWaypoints=9 elapsed_ms=67.830 fallback=- worker_ms=4:49.557|5:50.828|6:17.049
[INFO] FlightPath build time: 0303=67.8 ms, 0304=1.8 ms
[variant 3] current remaining collaborative hybrid applied: inputMissionID=4, aircraft=[4, 5, 6], removedPaths=3, workflow=reexecute_first_mission:no_split
[INFO] Applied LAH-UAV ETA follow speed plan (variant=3)
[OK] FlightPath counts (variant=3): 0303=6 / 0304=6
[REPLAN][METRIC] flightpath_counts variant=3 option=5 recon=0 mode=parallel_core paths0303=6 paths0304=6 pathsTotal=12 waypoints0303=15 waypoints0304=12 waypointsTotal=27 maxWaypointsPerPath=3 emptyPaths=0 formationPaths=0
[TIME] pathID_mapping (variant=1, current_remaining_parallel_store): 67.0 ms
[INFO] pathID mapping done after current remaining hybrid merge (variant=1, parallel_store)
[INFO] FlightPath pathID enforced (variant=1): 0303=6, 0304=6
[TIME] build_0302 (variant=1): 33.6 ms, packages=6
[INFO] FlightPath individualMissionID synced (variant=1): fixed=12
[TIME] write_0302 (variant=1): 6.1 ms, files=6
[TIME] write_FlightPath (variant=1): 31.2 ms, files=12
[REPLAN][METRIC] flightpath_write variant=1 option=6 recon=0 mode=parallel_store files0303=6 files0304=6 filesTotal=12 write_ms=31.236
[TIME] write_0301 (variant=1): 1.1 ms
[OK] Stored variant 1: MissionPlanID=700000006, IMP=6, FlightPath=12
[REPLAN][TIME] variant_finished_ms=3209.6 wall_ms=1779336415402 variant=1 option=6 mode=parallel_store status=success duration_ms=2576.542
[TIME] variant_total (variant=1): 2576.5 ms
[INFO] Option mapping #1: planID=700000006, optionCode=6(정찰/시간 균형)
[TIME] pathID_mapping (variant=2, current_remaining_parallel_store): 76.9 ms
[INFO] pathID mapping done after current remaining hybrid merge (variant=2, parallel_store)
[INFO] FlightPath pathID enforced (variant=2): 0303=6, 0304=6
[TIME] build_0302 (variant=2): 37.1 ms, packages=6
[INFO] FlightPath individualMissionID synced (variant=2): fixed=12
[TIME] write_0302 (variant=2): 4.5 ms, files=6
[TIME] write_FlightPath (variant=2): 28.7 ms, files=12
[REPLAN][METRIC] flightpath_write variant=2 option=4 recon=1 mode=parallel_store files0303=6 files0304=6 filesTotal=12 write_ms=28.696
[TIME] write_0301 (variant=2): 0.9 ms
[OK] Stored variant 2: MissionPlanID=700000007, IMP=6, FlightPath=12
[REPLAN][TIME] variant_finished_ms=3377.4 wall_ms=1779336415570 variant=2 option=4 mode=parallel_store status=success duration_ms=2245.478
[TIME] variant_total (variant=2): 2245.5 ms
[INFO] Option mapping #2: planID=700000007, optionCode=4(정찰특화)
[TIME] pathID_mapping (variant=3, current_remaining_parallel_store): 72.5 ms
[INFO] pathID mapping done after current remaining hybrid merge (variant=3, parallel_store)
[INFO] FlightPath pathID enforced (variant=3): 0303=6, 0304=6
[TIME] build_0302 (variant=3): 36.7 ms, packages=6
[INFO] FlightPath individualMissionID synced (variant=3): fixed=12
[TIME] write_0302 (variant=3): 5.3 ms, files=6
[TIME] write_FlightPath (variant=3): 26.7 ms, files=12
[REPLAN][METRIC] flightpath_write variant=3 option=5 recon=0 mode=parallel_store files0303=6 files0304=6 filesTotal=12 write_ms=26.710
[TIME] write_0301 (variant=3): 1.1 ms
[OK] Stored variant 3: MissionPlanID=700000008, IMP=6, FlightPath=12
[REPLAN][TIME] variant_finished_ms=3537.3 wall_ms=1779336415730 variant=3 option=5 mode=parallel_store status=success duration_ms=2941.54
[TIME] variant_total (variant=3): 2941.5 ms
[INFO] Option mapping #3: planID=700000008, optionCode=5(최소시간)
[OK] Stored mission data: MissionPlan=3, IndividualMission=18, FlightPath=36
[REPLAN][TIME] id_tab_update_deferred_ms=3539.8 wall_ms=1779336415732
[REPLAN][TIME] pipeline_done_ms=3539.8 wall_ms=1779336415732 plans=3 force_direct=False
[REPLAN][TIME] 0301_queued_ms=3539.9 wall_ms=1779336415732 plans=3
[STEP 4] 0301 push queued (planIds=700000006, 700000007, 700000008)
[0301] missionPlanID=700000006 전송
[0301] missionPlanID=700000007 전송
[0301] missionPlanID=700000008 전송
[PUSH] 0301 direct batch send
[REPLAN][TIME] 0301_sent_ms=3547.3 wall_ms=1779336415740 plans=3
[REPLAN][TIME] post_0301_delivery_queued_ms=3549.5 wall_ms=1779336415742 grace_ms=0 timeout_ms=20 force_direct=0 mode=option_or_0901
[INFO] Post-0301 apply queued (mode=option_or_0901, grace=0ms, timeout=20ms, plans=3)
[REPLAN][TIME] 0305_status_2_ms=3551.5 wall_ms=1779336415744 reason=협업기저임무 재수행 요청
[0305] status=2, reason=협업기저임무 재수행 요청, elapsed=3.44s 전송
[REPLAN][TIME] post_0301_completion_ready_ms=3552.4 wall_ms=1779336415745 mode=option_or_0901
[REPLAN][METRIC] source_artifact_cache entries=34 hits=28 misses=34
[INFO] Post-0301 ready (timeout) -> sending 0901
[REPLAN][TIME] post_0301_flushed_ms=3574.4 wall_ms=1779336415768 delivery=0901 trigger=timeout
[REPLAN][TIME] 0901_sent_ms=3575.8 wall_ms=1779336415769 options=3
[0901] option request sent (count=3, codes=6(정찰/시간 균형), 4(정찰특화), 5(최소시간))
[REPLAN][TIME] id_tab_update_flushed_ms=3576.6 wall_ms=1779336415770
[0201] DB 참조! (C:\Users\LAHMUMT_2\Desktop\DSS_KU\Logs\Scenario_2026-05-21T130506\SBC3\InputMissionPlan\3.json)
[INFO] Latest 0201 ID updated → 3
[REPLAN][TIME] 0902_received_ms=0.1 wall_ms=1779336492715 trigger=general_3_option replanLevel=1 optionCount=3 forceDirect=0
[REPLAN][TIME] 0902_archived_ms=0.7 wall_ms=1779336492715 path=replan_request_832651692574.json
[AUTO] 0902 received (planIds=700000009, 700000010, 700000011)
[REPLAN][TIME] pipeline_scheduled_ms=1.4 wall_ms=1779336492716 delay_ms=100
[AUTO] replan pipeline scheduled after 0.1s delay
[REPLAN][TIME] scheduled_start_ms=109.1 wall_ms=1779336492824
[REPLAN][TIME] 0305_status_1_ms=110.6 wall_ms=1779336492825 reason=협업기저임무 재수행 요청
[0305] status=1, reason=협업기저임무 재수행 요청 전송
[STEP 0] Replan pipeline start (reason=협업기저임무 재수행 요청)
[INFO] UAV params loaded (cruise=40.00, turn_step=15.0)
[INFO] Latest input snapshot → 0201:ID=3,ts=832651692367,src=-, 0203:ID=-,ts=-,src=-
[STEP 0] Using latest 0201 ID 3 (3.json)
[INFO] Fallback 0203 file selected: 1.json
[CHECK] 0201/0203 필수 데이터 확인 시작
[OK] 0201 inputMissionList 확인됨 (count=5) → 진행
[OK] 0201 availableAircraftList 확인됨 (count=6) → 진행
[OK] 0201 inputMissionPackageType=1 확인
[OK] 0201 mainSensor=1 확인
[CHECK] 0201 기체 수=6 (UAV=3, LAH=3)
[CHECK] 0201 임무: total=5 missingID=0 missingDetail=0 missingShape=0 unknownType=0 typeZeroAuto=0 typeZeroInvalid=0 lineOnlyViolation=0 skippedSinglePoint=0
[OK] 0203 takeOverInfoList 확인됨 (count=3) → 진행
[OK] 0203 handOverInfoList 확인됨 (count=3) → 진행
[OK] 0203 flightAreaList 확인됨 (count=1) → 진행
[CHECK] 0203 flightAreaList count=1
[INFO] 임무 진행영역 스냅샷 미적용: sourcePlan=700000006, reason=fresh collabReexecuteInputRefresh trigger
[INFO] 현재 임무 collaborative hybrid armed: inputMissionID=5, sourcePlan=700000006, mode=reexecute_first_mission, aircraft=[4, 5, 6], options=all
[INFO] Filtered completed input missions (removed=1, 2, 4, converted=-, widthAdjusted=-, skippedSinglePoint=-, snapshot=-, collapse=-)
[REPLAN][TIME] parallel_safety_gate_ms=130.2 wall_ms=1779336492845 enabled=True workers=3 waypoint_block_size=50000 reasons=-
[INFO] 현재임무 재수행 옵션 병렬 생성 활성화: variant별 hybrid 요청 격리 적용
[INFO] 일반 재계획 옵션 병렬 생성 활성화: variants=3, workers=3
[INFO] variant 1 waypointID blocks reserved: 0303=300207-350206, 0304=350207-400206
[INFO] variant 2 waypointID blocks reserved: 0303=400207-450206, 0304=450207-500206
[INFO] variant 3 waypointID blocks reserved: 0303=500207-550206, 0304=550207-600206
[FOV_DB] loaded 7010 rows, 7008 unique widths, path=C:\Users\LAHMUMT_2\Desktop\DSS_KU\resource\db\fov_db_탱크_72_38_6_3.2.csv
[SWEEP][LINE] separation=227.00m, fov=11.70°, spacing=31.01m (~32 strips/1km)
[SWEEP][LINE] separation=227.00m, fov=11.70°, spacing=31.01m (~32 strips/1km)
[FOV_DB] loaded 7010 rows, 7008 unique widths, path=C:\Users\LAHMUMT_2\Desktop\DSS_KU\resource\db\fov_db_탱크_72_38_6_3.2.csv
[REPLAN][TIME] variant_started_ms=319.6 wall_ms=1779336493035 variant=1 option=6 mode=parallel_core
[REPLAN][TIME] variant_core_finished_ms=1579.9 wall_ms=1779336494295 variant=1 option=6 mode=parallel_core status=success duration_ms=1260.242
[STEP 1.1] Divide & Pattern start
[variant 1] [ENHANCED][1] split start: uavs=[4, 5, 6]
[variant 1] [ENHANCED][1] split done: pieces=6
[variant 1] [ENHANCED][2] type-decider done: profile=6 changed=6/6
[variant 1] [ENHANCED][3] expected-path done: count=6
[variant 1] [ENHANCED][4] area-review done: overflow=0 targets=0 pieces=6->6
[variant 1] [ENHANCED][5] expected-velocity done: pieces=6 dbRows=7010
[variant 1] [ENHANCED][6] 0302 export done: files=6
[variant 1] [ENHANCED] total=417.1 ms
[TIME] divide_and_pattern (variant=1): 417.2 ms
[OK] IMP generated: 6 file(s) (variant=1)
[TIME] build_0301+load (variant=1): 33.9 ms
[OK] MissionPlan built: MissionPlan_1779336493451.json (variant=1)
[TIME] collect_missions (variant=1): 9.5 ms, count=12
[variant 1] [REEXEC-FIRST] current-position first mission builder armed: sourcePlan=700000006, inputMissionID=5, sourceTemplateInputID=4, aircraft=[4, 5, 6], entries=A4=37.8913202,128.1681618,alt=1997.0, A5=37.8999278,128.1642260,alt=2009.0, A6=37.8943178,128.2054460,alt=1969.0
[variant 1] [REEXEC-FIRST] division planner area-division pieces=3
[variant 1] [REEXEC-FIRST] division planner final workflow=no_split paths=3
[variant 1] current remaining generic 0303 skipped: inputMissionID=5, missions=3, aircraft=[4, 5, 6], pathIDs=[400000001, 500000001, 600000001]
[INFO] FlightPath build mode (variant=1): 0303=aircraft_parallel workers=2 aircraft=3, 0304=sequential
[REPLAN][METRIC] flightpath_build_0303 variant=1 option=6 recon=0 mode=parallel_core buildMode=aircraft_parallel workers=2 aircraft=3 paths=3 reassignedWaypoints=9 elapsed_ms=134.069 fallback=- worker_ms=4:66.217|5:67.874|6:66.109
[INFO] FlightPath build time: 0303=134.1 ms, 0304=2.0 ms
[variant 1] current remaining collaborative hybrid applied: inputMissionID=5, aircraft=[4, 5, 6], removedPaths=3, workflow=reexecute_first_mission:no_split
[INFO] Applied LAH-UAV ETA follow speed plan (variant=1)
[OK] FlightPath counts (variant=1): 0303=6 / 0304=6
[REPLAN][METRIC] flightpath_counts variant=1 option=6 recon=0 mode=parallel_core paths0303=6 paths0304=6 pathsTotal=12 waypoints0303=15 waypoints0304=12 waypointsTotal=27 maxWaypointsPerPath=3 emptyPaths=0 formationPaths=0
[SWEEP][LINE] separation=227.00m, fov=11.70°, spacing=31.01m (~32 strips/1km)
[SWEEP][LINE] separation=227.00m, fov=11.70°, spacing=31.01m (~32 strips/1km)
[FOV_DB] loaded 7010 rows, 7008 unique widths, path=C:\Users\LAHMUMT_2\Desktop\DSS_KU\resource\db\fov_db_탱크_72_38_6_3.2.csv
[REPLAN][TIME] variant_started_ms=320.6 wall_ms=1779336493036 variant=3 option=5 mode=parallel_core
[REPLAN][TIME] variant_core_finished_ms=2048.7 wall_ms=1779336494764 variant=3 option=5 mode=parallel_core status=success duration_ms=1728.127
[STEP 1.3] Divide & Pattern start
[variant 3] [ENHANCED][1] split start: uavs=[4, 5, 6]
[variant 3] [ENHANCED][1] split done: pieces=6
[variant 3] [ENHANCED][2] type-decider done: profile=6 changed=6/6
[variant 3] [ENHANCED][3] expected-path done: count=6
[variant 3] [ENHANCED][4] area-review done: overflow=0 targets=0 pieces=6->6
[variant 3] [ENHANCED][5] expected-velocity done: pieces=6 dbRows=7010
[variant 3] [ENHANCED][6] 0302 export done: files=6
[variant 3] [ENHANCED] total=419.0 ms
[TIME] divide_and_pattern (variant=3): 419.1 ms
[OK] IMP generated: 6 file(s) (variant=3)
[TIME] build_0301+load (variant=3): 32.3 ms
[OK] MissionPlan built: MissionPlan_1779336493454.json (variant=3)
[TIME] collect_missions (variant=3): 12.7 ms, count=12
[variant 3] [REEXEC-FIRST] current-position first mission builder armed: sourcePlan=700000006, inputMissionID=5, sourceTemplateInputID=4, aircraft=[4, 5, 6], entries=A4=37.8913202,128.1681618,alt=1997.0, A5=37.8999278,128.1642260,alt=2009.0, A6=37.8943178,128.2054460,alt=1969.0
[variant 3] [REEXEC-FIRST] division planner area-division pieces=3
[variant 3] [REEXEC-FIRST] division planner final workflow=no_split paths=3
[variant 3] current remaining generic 0303 skipped: inputMissionID=5, missions=3, aircraft=[4, 5, 6], pathIDs=[400000001, 500000001, 600000001]
[INFO] FlightPath build mode (variant=3): 0303=aircraft_parallel workers=2 aircraft=3, 0304=sequential
[REPLAN][METRIC] flightpath_build_0303 variant=3 option=5 recon=0 mode=parallel_core buildMode=aircraft_parallel workers=2 aircraft=3 paths=3 reassignedWaypoints=9 elapsed_ms=127.242 fallback=- worker_ms=4:60.485|5:63.695|6:65.472
[INFO] FlightPath build time: 0303=127.2 ms, 0304=1.9 ms
[variant 3] current remaining collaborative hybrid applied: inputMissionID=5, aircraft=[4, 5, 6], removedPaths=3, workflow=reexecute_first_mission:no_split
[INFO] Applied LAH-UAV ETA follow speed plan (variant=3)
[OK] FlightPath counts (variant=3): 0303=6 / 0304=6
[REPLAN][METRIC] flightpath_counts variant=3 option=5 recon=0 mode=parallel_core paths0303=6 paths0304=6 pathsTotal=12 waypoints0303=15 waypoints0304=12 waypointsTotal=27 maxWaypointsPerPath=3 emptyPaths=0 formationPaths=0
[SWEEP][LINE] separation=1000.00m, fov=2.40°, spacing=27.93m (~36 strips/1km)
[SWEEP][LINE] separation=1000.00m, fov=2.40°, spacing=27.93m (~36 strips/1km)
[REPLAN][TIME] variant_started_ms=320.4 wall_ms=1779336493036 variant=2 option=4 mode=parallel_core
[REPLAN][TIME] variant_core_finished_ms=3264.5 wall_ms=1779336495980 variant=2 option=4 mode=parallel_core status=success duration_ms=2944.088
[STEP 1.2] Divide & Pattern start
[variant 2] [ENHANCED][1] split start: uavs=[4, 5, 6]
[variant 2] [ENHANCED][1] split done: pieces=6
[variant 2] [REPLAN][METRIC] recon_area_review_before option=4 pieces=6 areaPieces=3 maxSegmentM=600.000 maxSplitCountLimit=0 minSegmentM=0.000 fixedFovDeg=2.400 areaFovDeg=2.400 sweepSeparationM=1000.000 sweepSeparationScale=1.000 turnRadiusM=800.000
[variant 2] [REPLAN][METRIC] recon_area_review option=4 elapsed_ms=168.496 maxSegmentM=600.000 maxSplitCountLimit=0 minSegmentM=0.000 pieces_before=6 pieces_after=16 area_before=3 area_after=13 targets=3 localized=3 changed_details=3 detail_count=3 split_count_sum=13 raw_split_count_sum=13 max_split_count=5 max_raw_split_count=5 split_capped_count=0 max_projected_span_m=2497.311 max_total_len_m=0.000 max_segment_len_m=538.930 fixedFovDeg=2.400 areaFovDeg=2.400 sweepSeparationM=1000.000 sweepSeparationScale=1.000 turnRadiusM=800.000 reasons=-
[variant 2] [ENHANCED][1R] recon-area-review done: targets=3 localized=3 pieces=6->16
[variant 2] [ENHANCED][2] type-decider done: profile=6 changed=16/16
[variant 2] [ENHANCED][3] expected-path done: count=16
[variant 2] [ENHANCED][4] area-review done: overflow=0 targets=0 pieces=16->16
[variant 2] [ENHANCED][5] expected-velocity done: pieces=16 dbRows=7010
[variant 2] [ENHANCED][6] 0302 export done: files=6
[variant 2] [ENHANCED] total=447.1 ms
[TIME] divide_and_pattern (variant=2): 447.3 ms
[OK] IMP generated: 6 file(s) (variant=2)
[TIME] build_0301+load (variant=2): 16.6 ms
[OK] MissionPlan built: MissionPlan_1779336493483.json (variant=2)
[TIME] collect_missions (variant=2): 4.5 ms, count=22
[variant 2] [REEXEC-FIRST] current-position first mission builder armed: sourcePlan=700000006, inputMissionID=5, sourceTemplateInputID=4, aircraft=[4, 5, 6], entries=A4=37.8913202,128.1681618,alt=1997.0, A5=37.8999278,128.1642260,alt=2009.0, A6=37.8943178,128.2054460,alt=1969.0
[variant 2] [REEXEC-FIRST] division planner area-division pieces=3
[variant 2] [REEXEC-FIRST] division planner final workflow=no_split paths=3
[variant 2] current remaining generic 0303 skipped: inputMissionID=5, missions=13, aircraft=[4, 5, 6], pathIDs=[400000001, 400000002, 400000003, 400000004, 500000001, 500000002, 500000003, 500000004, 600000001, 600000002, 600000003, 600000004, 600000005]
[INFO] FlightPath build mode (variant=2): 0303=aircraft_parallel workers=2 aircraft=3, 0304=sequential
[REPLAN][METRIC] flightpath_build_0303 variant=2 option=4 recon=1 mode=parallel_core buildMode=aircraft_parallel workers=2 aircraft=3 paths=3 reassignedWaypoints=9 elapsed_ms=70.311 fallback=- worker_ms=4:52.645|5:55.199|6:16.557
[INFO] FlightPath build time: 0303=70.3 ms, 0304=1.9 ms
[variant 2] current remaining collaborative hybrid applied: inputMissionID=5, aircraft=[4, 5, 6], removedPaths=13, workflow=reexecute_first_mission:no_split
[INFO] Applied LAH-UAV ETA follow speed plan (variant=2)
[OK] FlightPath counts (variant=2): 0303=6 / 0304=6
[REPLAN][METRIC] flightpath_counts variant=2 option=4 recon=1 mode=parallel_core paths0303=6 paths0304=6 pathsTotal=12 waypoints0303=15 waypoints0304=12 waypointsTotal=27 maxWaypointsPerPath=3 emptyPaths=0 formationPaths=0
[TIME] pathID_mapping (variant=1, current_remaining_parallel_store): 75.6 ms
[INFO] pathID mapping done after current remaining hybrid merge (variant=1, parallel_store)
[INFO] FlightPath pathID enforced (variant=1): 0303=6, 0304=6
[TIME] build_0302 (variant=1): 36.1 ms, packages=6
[INFO] FlightPath individualMissionID synced (variant=1): fixed=12
[TIME] write_0302 (variant=1): 5.4 ms, files=6
[TIME] write_FlightPath (variant=1): 30.0 ms, files=12
[REPLAN][METRIC] flightpath_write variant=1 option=6 recon=0 mode=parallel_store files0303=6 files0304=6 filesTotal=12 write_ms=30.007
[TIME] write_0301 (variant=1): 1.2 ms
[OK] Stored variant 1: MissionPlanID=700000009, IMP=6, FlightPath=12
[REPLAN][TIME] variant_finished_ms=3428.8 wall_ms=1779336496143 variant=1 option=6 mode=parallel_store status=success duration_ms=1422.554
[TIME] variant_total (variant=1): 1422.6 ms
[INFO] Option mapping #1: planID=700000009, optionCode=6(정찰/시간 균형)
[TIME] pathID_mapping (variant=2, current_remaining_parallel_store): 77.7 ms
[INFO] pathID mapping done after current remaining hybrid merge (variant=2, parallel_store)
[INFO] FlightPath pathID enforced (variant=2): 0303=6, 0304=6
[TIME] build_0302 (variant=2): 38.0 ms, packages=6
[INFO] FlightPath individualMissionID synced (variant=2): fixed=12
[TIME] write_0302 (variant=2): 4.4 ms, files=6
[TIME] write_FlightPath (variant=2): 29.5 ms, files=12
[REPLAN][METRIC] flightpath_write variant=2 option=4 recon=1 mode=parallel_store files0303=6 files0304=6 filesTotal=12 write_ms=29.470
[TIME] write_0301 (variant=2): 0.9 ms
[OK] Stored variant 2: MissionPlanID=700000010, IMP=6, FlightPath=12
[REPLAN][TIME] variant_finished_ms=3604.4 wall_ms=1779336496319 variant=2 option=4 mode=parallel_store status=success duration_ms=3116.256
[TIME] variant_total (variant=2): 3116.3 ms
[INFO] Option mapping #2: planID=700000010, optionCode=4(정찰특화)
[TIME] pathID_mapping (variant=3, current_remaining_parallel_store): 77.6 ms
[INFO] pathID mapping done after current remaining hybrid merge (variant=3, parallel_store)
[INFO] FlightPath pathID enforced (variant=3): 0303=6, 0304=6
[TIME] build_0302 (variant=3): 38.4 ms, packages=6
[INFO] FlightPath individualMissionID synced (variant=3): fixed=12
[TIME] write_0302 (variant=3): 6.2 ms, files=6
[TIME] write_FlightPath (variant=3): 23.9 ms, files=12
[REPLAN][METRIC] flightpath_write variant=3 option=5 recon=0 mode=parallel_store files0303=6 files0304=6 filesTotal=12 write_ms=23.852
[TIME] write_0301 (variant=3): 1.0 ms
[OK] Stored variant 3: MissionPlanID=700000011, IMP=6, FlightPath=12
[REPLAN][TIME] variant_finished_ms=3768.7 wall_ms=1779336496484 variant=3 option=5 mode=parallel_store status=success duration_ms=1889.035
[TIME] variant_total (variant=3): 1889.0 ms
[INFO] Option mapping #3: planID=700000011, optionCode=5(최소시간)
[OK] Stored mission data: MissionPlan=3, IndividualMission=18, FlightPath=36
[REPLAN][TIME] id_tab_update_deferred_ms=3771.1 wall_ms=1779336496486
[REPLAN][TIME] pipeline_done_ms=3771.2 wall_ms=1779336496486 plans=3 force_direct=False
[REPLAN][TIME] 0301_queued_ms=3771.2 wall_ms=1779336496486 plans=3
[STEP 4] 0301 push queued (planIds=700000009, 700000010, 700000011)
[0301] missionPlanID=700000009 전송
[0301] missionPlanID=700000010 전송
[0301] missionPlanID=700000011 전송
[PUSH] 0301 direct batch send
[REPLAN][TIME] 0301_sent_ms=3778.1 wall_ms=1779336496493 plans=3
[REPLAN][TIME] post_0301_delivery_queued_ms=3778.5 wall_ms=1779336496494 grace_ms=0 timeout_ms=20 force_direct=0 mode=option_or_0901
[INFO] Post-0301 apply queued (mode=option_or_0901, grace=0ms, timeout=20ms, plans=3)
[REPLAN][TIME] 0305_status_2_ms=3779.8 wall_ms=1779336496495 reason=협업기저임무 재수행 요청
[0305] status=2, reason=협업기저임무 재수행 요청, elapsed=3.67s 전송
[REPLAN][TIME] post_0301_completion_ready_ms=3780.4 wall_ms=1779336496495 mode=option_or_0901
[REPLAN][METRIC] source_artifact_cache entries=34 hits=28 misses=34
[INFO] Post-0301 ready (timeout) -> sending 0901
[REPLAN][TIME] post_0301_flushed_ms=3800.1 wall_ms=1779336496515 delivery=0901 trigger=timeout
[REPLAN][TIME] 0901_sent_ms=3801.4 wall_ms=1779336496517 options=3
[0901] option request sent (count=3, codes=6(정찰/시간 균형), 4(정찰특화), 5(최소시간))
[REPLAN][TIME] id_tab_update_flushed_ms=3802.5 wall_ms=1779336496518
[REPLAN][TIME] 0902_received_ms=0.1 wall_ms=1779336528237 trigger=attack_2_option replanLevel=2 optionCount=2 forceDirect=0
[REPLAN][TIME] 0902_archived_ms=0.9 wall_ms=1779336528238 path=replan_request_832651727240.json
[AUTO] 0902 received (planIds=700000012, 700000013)
[REPLAN][TIME] pipeline_scheduled_ms=1.5 wall_ms=1779336528238 delay_ms=0
[REPLAN][TIME] scheduled_start_ms=2.2 wall_ms=1779336528239
[REPLAN][TIME] 0305_status_1_ms=3.2 wall_ms=1779336528240 reason=표적9 발견 재계획
[0305] status=1, reason=표적9 발견 재계획 전송
[STEP 0] Replan pipeline start (reason=표적9 발견 재계획)
[REPLAN][TIME] attack_exclusion_parallel_started_ms=6.6 wall_ms=1779336528244 option_index=2 sourcePlanID=700000009
[ATTACK-EXCLUDE] parallel generation started (sourcePlanID=700000009, optionIndex=2)
[ATTACK] 공격 특화 재계획 요청 감지 → 전용 파이프라인 실행
[ATTACK] [TIME] select_manned_aircraft=8ms
[ATTACK] STEP1 Selected manned aircraft: aircraft 2 (fuel=14.526110649108887, coord=(37.926483154296875, 128.1553192138672, alt=1742))
[ATTACK] [TIME] load_target_entries=5ms
[ATTACK] STEP2 UAV tracking summary: watcher 4?’target 7, watcher 5?’target 8, watcher 6?’target 9
[ATTACK] STEP2.5 Using bundled 0402 targets: target=9 watcher=6
[ATTACK] [ATTACK] Selected target id=9 type=3 weaponType=3 (preferred=3, ammo={'type1': 5, 'type2': 10, 'type3': 100})
[ATTACK] [TIME] compute_attack_point=4ms
[ATTACK] STEP3 Attack plan completed: lat=37.920356, lon=128.173185, alt=300m
[ATTACK] [ATTACK] Using remembered waypoint 600218 for watcher 6 while auto-tracking.
[ATTACK] [ATTACK] Weapon choice aircraft=2 preferred=3 selected=3 ammo={'type1': 5, 'type2': 10, 'type3': 100}
[ATTACK] [ATTACK][ETA] Tracking ETA computed with LAH max attack speed (dist=1708.8m, speed=73.61m/s, +30s) -> 53s
[ATTACK] [ATTACK] Using requested missionPlanID 700000012 (sourcePlanID=700000009)
[ATTACK] [ATTACK][POINT] Primary target adaptive standoff mode=candidate_within_standoff currentDist=3708.7770277984973m candidateDist=1999.9999999995237m standoff=300.0/2000.0m.
[ATTACK] [ATTACK][ETA] UAV 4 remaining mission time: 0.0s
[ATTACK] [ATTACK][ETA] UAV 5 remaining mission time: 0.0s
[ATTACK] [ATTACK][ETA] Non-tracking UAV ETA selected: UAV 4 with 0s remaining
[ATTACK] [ATTACK][ETA] All tracking ETAs unified to 0s
[ATTACK] [ATTACK][COLLAB] Remaining UAV entry lookahead applied: 9.0s (pathFollow=3, linearFallback=3, currentOnly=0)
[ATTACK] [PRIOR] Falling back to first mission for aircraft 2 (current waypoint not found in plan).
[FOV_DB] loaded 7010 rows, 7008 unique widths, path=C:\Users\LAHMUMT_2\Desktop\DSS_KU\resource\db\fov_db_탱크_72_38_6_3.2.csv
[ATTACK] [ATTACK][LAH] Using max attack speed 73.61m/s (265.0km/h) for aircraft 2.
[ATTACK] [ATTACK][LAH] Inferred current waypoint from position -> 350211.
[ATTACK] [ATTACK][LAH] Dropped current waypoint from resume path (currentWP=350211, nextWP=350212).
[ATTACK] [ATTACK][LAH] Preserved completed prefix, inserted attack, and reattached 1 follow-up mission(s).
[ATTACK] [ATTACK][LAH] Generated attack/resume missions -> IMP:800000062.json PATHS:200000021.json/200000022.json (followUps=1)
[ATTACK] [PRIOR] Falling back to first mission for aircraft 1 (current waypoint not found in plan).
[ATTACK] [ATTACK][LAH] Inferred current waypoint from position -> 350207.
[ATTACK] [ATTACK][LAH] Dropped current waypoint from resume path (currentWP=350207, nextWP=350208).
[ATTACK] [ATTACK][LAH] Preserved completed prefix, inserted hold, and reattached 1 follow-up mission(s).
[ATTACK] [ATTACK][LAH] Generated hold/resume missions -> IMP:800000064.json PATHS:100000021.json/100000022.json (followUps=1)
[ATTACK] [PRIOR] Falling back to first mission for aircraft 3 (current waypoint not found in plan).
[ATTACK] [ATTACK][LAH] Inferred current waypoint from position -> 350215.
[ATTACK] [ATTACK][LAH] Dropped current waypoint from resume path (currentWP=350215, nextWP=350216).
[ATTACK] [ATTACK][LAH] Preserved completed prefix, inserted hold, and reattached 1 follow-up mission(s).
[ATTACK] [ATTACK][LAH] Generated hold/resume missions -> IMP:800000068.json PATHS:300000021.json/300000022.json (followUps=1)
[ATTACK] [NEXTCOLLAB] division planner area-division pieces=2
[ATTACK] [NEXTCOLLAB] division planner final workflow=no_split paths=2
[ATTACK] [ATTACK][COLLAB] Collaborative replacement IMP written (aircraft=4, imp=800000066.json, missions=1).
[ATTACK] [ATTACK][COLLAB] Collaborative replacement IMP written (aircraft=5, imp=800000067.json, missions=1).
[ATTACK] [ATTACK][COLLAB] First sweep searchSpeed boosted (aircraft=4, pathID=400000035, waypointID=600260, factor=1.30, old=634.67, new=825.07).
[ATTACK] [ATTACK][COLLAB] First sweep searchSpeed boosted (aircraft=5, pathID=500000035, waypointID=600275, factor=1.30, old=454.84, new=591.29).
[ATTACK] [ATTACK][COLLAB] Collaborative remaining mission replanned (inputMissionID=5, unavailable=[6], remaining=[4, 5], workflow=no_split).
[ATTACK] [ATTACK][UAV] Resume trimmed by currentWP (lastRemovedWP=600217).
[ATTACK] [ATTACK][UAV] Added replan anchor waypoint to done path (anchorWP=600293).
[ATTACK] [ATTACK][UAV] Resume sweep trim applied (cutPoints=67, rawCutPoints=67, doneSweepPoints=0, pathID=600000023).
[ATTACK] [ATTACK][UAV] Resume searchSpeed scaled (factor=1.30, waypoints=1).
[ATTACK] [ATTACK][COLLAB] Tracking UAV resume replaced with release transit (aircraft=6, targetFinishEta=92, speed=58.0m/s).
[ATTACK] [ATTACK][UAV] Preserved completed prefix, inserted tracking, and reattached 1 follow-up mission(s).
[ATTACK] [ATTACK][UAV] Generated tracking/resume missions -> IMP:800000069.json PATHS:600000033.json/600000034.json (followUps=1)
[ATTACK] [ATTACK][UAV] Tracking assignment state saved (aircraft=6, sourcePlan=700000009, attackPlan=700000012).
[ATTACK] [ATTACK][COLLAB] Aircraft 4 handled by collaborative remaining replan (inputMissionID=5).
[ATTACK] [ATTACK][COLLAB] Aircraft 5 handled by collaborative remaining replan (inputMissionID=5).
[ATTACK] [ATTACK][PLAN] carried area remaining snapshot -> mission_area_snapshot_700000012.json (sourcePlanID=700000009, planID=700000012)
[ATTACK] [ATTACK][PLAN] MissionPlan saved -> 700000012.json (planID=700000012)
[ATTACK] [ATTACK][TIME] override_detail={"phases": {"metadata_normalize": {"elapsedMs": 0.003, "attackTargetCount": 1, "selectedMannedCount": 1}, "agent_index": {"elapsedMs": 0.036, "aircraftCount": 6}, "weapon_choice": {"elapsedMs": 1.338, "selectedWeaponType": 3, "ammoAvailable": true}, "initial_tracking_eta": {"elapsedMs": 0.294, "useDetectionTracking": true, "trackingEtaS": 53}, "resolve_source_plan": {"elapsedMs": 0.41, "sourcePlanID": 700000009}, "source_plan_load": {"elapsedMs": 0.237, "sourcePlanID": 700000009, "aircraftCount": 6}, "sweep_progress_load": {"elapsedMs": 0.302, "entries": 30}, "plan_id_resolve": {"elapsedMs": 0.01, "requested": true, "missionPlanID": 700000012}, "source_artifact_cache_build": {"elapsedMs": 0.009, "aircraftEntries": 6}, "done_input_ids_load": {"elapsedMs": 0.716, "count": 3}, "plan_deepcopy": {"elapsedMs": 0.021}, "target_uav_assignment": {"elapsedMs": 0.356, "assignedTargetCount": 1, "usedTrackingUavCount": 1}, "manned_sequence_assignment": {"elapsedMs": 1.405, "aircraftCount": 1, "error": null}, "attack_coordinate_resolution": {"elapsedMs": 1.244, "resolvedCount": 1, "mannedSequenceCount": 1}, "remaining_eta": {"elapsedMs": 3.89, "allUavCount": 3, "trackingUavCount": 1, "computedEtaCount": 1, "adjustedEtaS": 0}, "descriptor_list_build": {"elapsedMs": 0.014, "descriptorCount": 6, "activeMannedCount": 1, "otherLahCount": 2, "otherUavCount": 2}, "collab_tracking_scan": {"elapsedMs": 1.458, "inputCount": 1, "unavailableUavCount": 1}, "collab_agent_state_map": {"elapsedMs": 4.244, "aircraftCount": 6}, "collab_parallel_started": {"elapsedMs": 0.572, "inputCount": 1, "workers": 1}, "collab_parallel_join": {"elapsedMs": 1.955, "waitReason": "UAV_TRACK", "inputCount": 1}, "descriptor_loop": {"elapsedMs": 2155.251, "descriptorCount": 6, "updateCount": 4}, "final_collab_plan_update": {"elapsedMs": 0.007, "collabInputCount": 1}, "mission_plan_write": {"elapsedMs": 9.736, "missionPlanID": 700000012}, "option_meta_build": {"elapsedMs": 0.027, "targetCount": 1, "collabInputCount": 1}}, "collabRuns": [{"inputMissionID": 5, "unavailableAircraftIDs": [6], "elapsedMs": 1409.928, "status": "ok", "replacementAircraftIDs": [4, 5], "generatedPathCount": 2, "finishEtaS": 92, "workflow": "no_split"}], "descriptorDetails": [{"aircraftID": 2, "label": "manned", "mode": "LAH_ATTACK", "resolveArtifacts": {"elapsedMs": 0.385, "currentWaypointID": null, "sourcePathID": 200000015, "sourceImpID": 800000044}, "loadArtifacts": {"elapsedMs": 0.002, "impLoaded": true, "fpLoaded": true}, "cloneAndLocateMission": {"elapsedMs": 0.027, "missionCount": 2, "targetIndex": 0}, "allocateAndPlanUpdate": {"elapsedMs": 9.517, "newImpID": 800000062}, "builder": {"elapsedMs": 741.29, "builderMode": "LAH_ATTACK"}, "builderDetail": {"allocate_ids": {"elapsedMs": 259.713, "attackPathID": 200000021, "resumePathID": 200000022, "attackIndividualID": 900000145, "resumeIndividualID": 900000146, "entryWaypointID": 600246, "attackWaypointID": 600248}, "split_lah_resume": {"elapsedMs": 275.815, "resumeWaypointCount": 1, "removedWaypointID": 350211}, "clone_followups": {"elapsedMs": 113.671, "followUpMissionCount": 1, "followUpPathCount": 1}, "payload_build": {"elapsedMs": 85.83, "hasResume": true, "followUpMissionCount": 1, "attackSpeedMps": 73.61}, "write_json": {"elapsedMs": 3.19, "fileCount": 4}, "totalMs": 740.36}, "status": "ok", "elapsedMs": 751.277}, {"aircraftID": 1, "label": "lah_hold_1", "mode": "LAH_HOLD_RESUME", "resolveArtifacts": {"elapsedMs": 0.391, "currentWaypointID": null, "sourcePathID": 100000015, "sourceImpID": 800000043}, "loadArtifacts": {"elapsedMs": 0.005, "impLoaded": true, "fpLoaded": true}, "cloneAndLocateMission": {"elapsedMs": 0.054, "missionCount": 2, "targetIndex": 0}, "allocateAndPlanUpdate": {"elapsedMs": 63.953, "newImpID": 800000064}, "builder": {"elapsedMs": 528.6, "builderMode": "LAH_HOLD_RESUME"}, "builderDetail": {"allocate_ids": {"elapsedMs": 132.887, "holdPathID": 100000021, "resumePathID": 100000022, "holdIndividualID": 900000152, "resumeIndividualID": 900000153}, "split_lah_resume": {"elapsedMs": 217.363, "resumeWaypointCount": 1, "removedWaypointID": 350207}, "clone_followups": {"elapsedMs": 119.044, "followUpMissionCount": 1, "followUpPathCount": 1}, "payload_build": {"elapsedMs": 172.8, "hasResume": true, "followUpMissionCount": 1}, "write_json": {"elapsedMs": 3.353, "fileCount": 4}, "totalMs": 528.58}, "status": "ok", "elapsedMs": 593.073}, {"aircraftID": 3, "label": "lah_hold_3", "mode": "LAH_HOLD_RESUME", "resolveArtifacts": {"elapsedMs": 0.348, "currentWaypointID": null, "sourcePathID": 300000015, "sourceImpID": 800000045}, "loadArtifacts": {"elapsedMs": 0.003, "impLoaded": true, "fpLoaded": true}, "cloneAndLocateMission": {"elapsedMs": 0.03, "missionCount": 2, "targetIndex": 0}, "allocateAndPlanUpdate": {"elapsedMs": 59.562, "newImpID": 800000068}, "builder": {"elapsedMs": 405.562, "builderMode": "LAH_HOLD_RESUME"}, "builderDetail": {"allocate_ids": {"elapsedMs": 94.706, "holdPathID": 300000021, "resumePathID": 300000022, "holdIndividualID": 900000157, "resumeIndividualID": 900000158}, "split_lah_resume": {"elapsedMs": 213.481, "resumeWaypointCount": 1, "removedWaypointID": 350215}, "clone_followups": {"elapsedMs": 52.432, "followUpMissionCount": 1, "followUpPathCount": 1}, "payload_build": {"elapsedMs": 92.19, "hasResume": true, "followUpMissionCount": 1}, "write_json": {"elapsedMs": 2.988, "fileCount": 4}, "totalMs": 405.546}, "status": "ok", "elapsedMs": 465.553}, {"aircraftID": 6, "label": "uav_tracking_6", "mode": "UAV_TRACK", "resolveArtifacts": {"elapsedMs": 0.01, "currentWaypointID": 600218, "sourcePathID": 600000023, "sourceImpID": 800000048}, "loadArtifacts": {"elapsedMs": 0.002, "impLoaded": true, "fpLoaded": true}, "cloneAndLocateMission": {"elapsedMs": 0.047, "missionCount": 2, "targetIndex": 0}, "allocateAndPlanUpdate": {"elapsedMs": 6.673, "newImpID": 800000069}, "builder": {"elapsedMs": 327.788, "builderMode": "UAV_TRACK"}, "builderDetail": {"allocate_ids": {"elapsedMs": 82.423, "donePathID": 600000032, "attackPathID": 600000033, "resumePathID": 600000034, "trackingIndividualID": 900000160, "resumeIndividualID": 900000161, "targetWaypointID": 600292}, "split_done_resume": {"elapsedMs": 129.054, "sourceSinglePoint": false, "doneWaypointCount": 2, "resumeWaypointCount": 1, "removedWaypointID": 600217}, "clone_followups": {"elapsedMs": 53.718, "followUpMissionCount": 1, "followUpPathCount": 1}, "release_resume": {"elapsedMs": 38.236, "releaseWaypointCount": 2, "targetFinishEtaS": 92}, "write_json": {"elapsedMs": 20.051, "fileCount": 5}, "totalMs": 326.774}, "trackingState": {"elapsedMs": 7.418}, "status": "ok", "elapsedMs": 342.409}, {"aircraftID": 4, "label": "uav_resume_4", "mode": "UAV_RESUME", "resolveArtifacts": {"elapsedMs": 0.012, "currentWaypointID": 600210, "sourcePathID": 400000026, "sourceImpID": 800000046}, "loadArtifacts": {"elapsedMs": 0.002, "impLoaded": true, "fpLoaded": true}, "cloneAndLocateMission": {"elapsedMs": 0.049, "missionCount": 2, "targetIndex": 0}, "status": "handled_by_collab", "elapsedMs": 0.436}, {"aircraftID": 5, "label": "uav_resume_5", "mode": "UAV_RESUME", "resolveArtifacts": {"elapsedMs": 0.009, "currentWaypointID": 600214, "sourcePathID": 500000026, "sourceImpID": 800000047}, "loadArtifacts": {"elapsedMs": 0.001, "impLoaded": true, "fpLoaded": true}, "cloneAndLocateMission": {"elapsedMs": 0.047, "missionCount": 2, "targetIndex": 0}, "status": "handled_by_collab", "elapsedMs": 0.358}], "totalMs": 2181}
[ATTACK] [ATTACK][TIME] override_total=2181ms
[ATTACK] [TIME] apply_attack_plan_overrides=2185ms
[ATTACK] [TIME] timingMs={"read_source": 15.455, "descriptor_build": 3.201, "write_artifacts": 2190.971, "delivery_wait": 6.694}
[ATTACK] [TIME] total=2217ms
[ATTACK] 분석 로그 저장: C:\Users\LAHMUMT_2\Desktop\DSS_KU\Logs\Scenario_2026-05-21T130506\SBC3\DSS_Internal\log_attack_algorithm_20260521T040850_461152.json
[ATTACK] mark target used: targetIDs=9
[ATTACK-EXCLUDE] ATTACK-EXCLUDE using requested missionPlanID 700000013 (sourcePlanID=700000009)
[ATTACK-EXCLUDE] [PRIOR][UAV] Resume trimmed by currentWP (lastRemovedWP=600209).
[ATTACK-EXCLUDE] [PRIOR][UAV] Added replan anchor waypoint to done path (anchorWP=600247).
[ATTACK-EXCLUDE] [PRIOR][UAV] Resume sweep trim applied (cutPoints=41, rawCutPoints=41, doneSweepPoints=0, pathID=400000026).
[ATTACK-EXCLUDE] [PRIOR][UAV] Resume searchSpeed scaled (factor=1.30, waypoints=1).
[ATTACK-EXCLUDE] [PRIOR][UAV] Generated done/resume mission -> aircraft=4 IMP:800000061.json PATHS:400000032.json/400000033.json
[ATTACK-EXCLUDE] [PRIOR][UAV] Resume trimmed by currentWP (lastRemovedWP=600213).
[ATTACK-EXCLUDE] [PRIOR][UAV] Added replan anchor waypoint to done path (anchorWP=600265).
[ATTACK-EXCLUDE] [PRIOR][UAV] Resume sweep trim applied (cutPoints=95, rawCutPoints=95, doneSweepPoints=0, pathID=500000026).
[ATTACK-EXCLUDE] [PRIOR][UAV] Resume searchSpeed scaled (factor=1.30, waypoints=1).
[ATTACK-EXCLUDE] [PRIOR][UAV] Generated done/resume mission -> aircraft=5 IMP:800000063.json PATHS:500000032.json/500000033.json
[ATTACK-EXCLUDE] [PRIOR][UAV] Resume trimmed by currentWP (lastRemovedWP=600217).
[ATTACK-EXCLUDE] [PRIOR][UAV] Added replan anchor waypoint to done path (anchorWP=600282).
[ATTACK-EXCLUDE] [PRIOR][UAV] Resume sweep trim applied (cutPoints=67, rawCutPoints=67, doneSweepPoints=0, pathID=600000023).
[ATTACK-EXCLUDE] [PRIOR][UAV] Resume searchSpeed scaled (factor=1.30, waypoints=1).
[ATTACK-EXCLUDE] [PRIOR][UAV] Generated done/resume mission -> aircraft=6 IMP:800000065.json PATHS:600000029.json/600000030.json
[ATTACK-EXCLUDE] 공격 배제 MissionPlan 저장 -> 700000013.json (planID=700000013)
[ATTACK-EXCLUDE] ATTACK-EXCLUDE carried area remaining snapshot -> mission_area_snapshot_700000013.json (sourcePlanID=700000009, planID=700000013)
[ATTACK] 공격 임무 계획 완료 (planIds=700000012)
[INFO] UAV params loaded (cruise=40.00, turn_step=15.0)
[INFO] Latest input snapshot → 0201:ID=3,ts=832651692367,src=-, 0203:ID=-,ts=-,src=-
[STEP 0] Using latest 0201 ID 3 (3.json)
[INFO] Fallback 0203 file selected: 1.json
[CHECK] 0201/0203 필수 데이터 확인 시작
[OK] 0201 inputMissionList 확인됨 (count=5) → 진행
[OK] 0201 availableAircraftList 확인됨 (count=6) → 진행
[OK] 0201 inputMissionPackageType=1 확인
[OK] 0201 mainSensor=1 확인
[CHECK] 0201 기체 수=6 (UAV=3, LAH=3)
[CHECK] 0201 임무: total=5 missingID=0 missingDetail=0 missingShape=0 unknownType=0 typeZeroAuto=0 typeZeroInvalid=0 lineOnlyViolation=0 skippedSinglePoint=0
[OK] 0203 takeOverInfoList 확인됨 (count=3) → 진행
[OK] 0203 handOverInfoList 확인됨 (count=3) → 진행
[OK] 0203 flightAreaList 확인됨 (count=1) → 진행
[CHECK] 0203 flightAreaList count=1
[INFO] 임무 진행영역 스냅샷 적용: sourcePlan=700000009, updated=2, done=0
[INFO] 임무 진행영역 재계획 collapse 적용: groups=2, normalized=3, 5
[INFO] Filtered completed input missions (removed=1, 2, 4, converted=-, widthAdjusted=-, skippedSinglePoint=-, snapshot=updated=2, done=0, collapse=groups=2, normalized=3,5)
[REPLAN][TIME] variant_started_ms=2235.4 wall_ms=1779336530472 variant=1 option=3 mode=attack_exclusion
[variant 1] 공격 배제 병렬 결과 병합
[REPLAN][TIME] attack_exclusion_parallel_joined_ms=2242.2 wall_ms=1779336530479 variant=1 duration_ms=1632.523 wait_ms=0.004
[OK] 공격 배제 variant 저장: MissionPlanID=700000013 (elapsed=1632.5 ms)
[INFO] Option mapping #1: planID=700000013, optionCode=3(공격배제)
[REPLAN][TIME] variant_finished_ms=2242.4 wall_ms=1779336530479 variant=1 option=3 mode=attack_exclusion status=success duration_ms=1632.523
[OK] Stored mission data: MissionPlan=1, IndividualMission=0, FlightPath=0
[REPLAN][TIME] id_tab_update_deferred_ms=2243.5 wall_ms=1779336530480
[REPLAN][TIME] pipeline_done_ms=2243.5 wall_ms=1779336530480 plans=2 force_direct=False
[REPLAN][TIME] 0301_queued_ms=2243.5 wall_ms=1779336530480 plans=2
[STEP 4] 0301 push queued (planIds=700000012, 700000013)
[0301] missionPlanID=700000012 전송
[0301] missionPlanID=700000013 전송
[PUSH] 0301 direct batch send
[REPLAN][TIME] 0301_sent_ms=2410.8 wall_ms=1779336530647 plans=2
[REPLAN][TIME] post_0301_delivery_queued_ms=2411.1 wall_ms=1779336530647 grace_ms=0 timeout_ms=20 force_direct=0 mode=option_or_0901
[INFO] Post-0301 apply queued (mode=option_or_0901, grace=0ms, timeout=20ms, plans=2)
[REPLAN][TIME] 0305_status_2_ms=2412.4 wall_ms=1779336530649 reason=표적9 발견 재계획
[0305] status=2, reason=표적9 발견 재계획, elapsed=2.41s 전송
[REPLAN][TIME] post_0301_completion_ready_ms=2413.1 wall_ms=1779336530649 mode=option_or_0901
[REPLAN][METRIC] source_artifact_cache entries=21 hits=39 misses=21
[INFO] Post-0301 ready (timeout) -> sending 0901
[REPLAN][TIME] post_0301_flushed_ms=2437.9 wall_ms=1779336530675 delivery=0901 trigger=timeout
[REPLAN][TIME] 0901_sent_ms=2439.2 wall_ms=1779336530676 options=2
[0901] option request sent (count=2, codes=2(공격특화), 3(공격배제))
[REPLAN][TIME] id_tab_update_flushed_ms=2439.9 wall_ms=1779336530677
[REPLAN][TIME] 0902_received_ms=0.0 wall_ms=1779336569931 trigger=post_attack_direct replanLevel=2 optionCount=1 forceDirect=1
[REPLAN][TIME] 0902_archived_ms=0.6 wall_ms=1779336569931 path=replan_request_832651769813.json
[AUTO] 0902 received (planIds=700000014)
[REPLAN][TIME] pipeline_scheduled_ms=1.3 wall_ms=1779336569932 delay_ms=0
[REPLAN][TIME] scheduled_start_ms=1.8 wall_ms=1779336569933
[REPLAN][TIME] 0305_status_1_ms=2.7 wall_ms=1779336569933 reason=표적9 격파 후 복귀
[0305] status=1, reason=표적9 격파 후 복귀 전송
[STEP 0] Replan pipeline start (reason=표적9 격파 후 복귀)
[POSTATTACK] 공격 종료 재계획 요청 감지 → 복귀 협업 재계획 평가 실행
[POSTATTACK] watcher mismatch on closure detail -> using trackingAircraftIDList fallback (eventWatcher=2, trackingAircraft=6).
[POSTATTACK] [PRIOR] Falling back to first pending mission for aircraft 2 (current waypoint not found in plan).
[POSTATTACK] [POSTATTACK][LAH] Trimmed stale start waypoint(s) before replan anchor (aircraft=2, pathID=200000022, removedWaypoints=1, firstWP=600302).
[POSTATTACK] [POSTATTACK][LAH] returning LAH resume package written (aircraft=2, imp=800000070.json, missions=2).
[POSTATTACK] [POSTATTACK][ACTIVE-DONE] completion hold extended for returning UAV rejoin (hold=64s).
[POSTATTACK] [POSTATTACK][ACTIVE-SUFFIX] Resume trimmed by currentWP (lastRemovedWP=600259).
[POSTATTACK] [POSTATTACK][ACTIVE-SUFFIX] Added replan anchor waypoint to done path (anchorWP=600311).
[POSTATTACK] [POSTATTACK][ACTIVE-SUFFIX] Resume sweep trim applied (cutPoints=107, rawCutPoints=107, doneSweepPoints=0, pathID=400000035).
[POSTATTACK] [POSTATTACK][ACTIVE-SUFFIX] Resume searchSpeed scaled (factor=1.30, waypoints=1).
[POSTATTACK] [POSTATTACK][ACTIVE-SUFFIX] Generated done/resume mission -> aircraft=4 IMP:800000071.json PATHS:400000036.json/400000037.json
[POSTATTACK] [POSTATTACK][ACTIVE-SUFFIX] Resume trimmed by currentWP (lastRemovedWP=600274).
[POSTATTACK] [POSTATTACK][ACTIVE-SUFFIX] Added replan anchor waypoint to done path (anchorWP=600318).
[POSTATTACK] [POSTATTACK][ACTIVE-SUFFIX] Resume sweep trim applied (cutPoints=53, rawCutPoints=53, doneSweepPoints=0, pathID=500000035).
[POSTATTACK] [POSTATTACK][ACTIVE-SUFFIX] Resume searchSpeed scaled (factor=1.30, waypoints=1).
[POSTATTACK] [POSTATTACK][ACTIVE-SUFFIX] Generated done/resume mission -> aircraft=5 IMP:800000072.json PATHS:500000036.json/500000037.json
[POSTATTACK] [POSTATTACK][TRACK-RETURN] short return path collapsed (aircraft=6, distance=898.0m, threshold=2000.0m).
[POSTATTACK] [POSTATTACK][TRACK-RETURN] tracking branch replaced with return-only package (aircraft=6, imp=800000073.json, path=600000036.json, hold=64s, followUps=1, speed=58.0).
[POSTATTACK] [ATTACK-SLOT] released manned attack slots after closed tracking assignments -> inputMissionPackageID=3, aircraft=[2].
[POSTATTACK] carried area remaining snapshot -> mission_area_snapshot_700000014.json (sourcePlan=700000012, plan=700000014).
[POSTATTACK] MissionPlan updated for post-attack rejoin -> 700000014.json (sourcePlan=700000012, updatedAircraft=[2, 4, 5, 6]).
[REPLAN][TIME] pipeline_done_ms=829.7 wall_ms=1779336570760 plans=1 force_direct=True
[REPLAN][TIME] 0301_queued_ms=829.7 wall_ms=1779336570761 plans=1
[STEP 4] 0301 push queued (planIds=700000014)
[INFO] Direct delivery -> skip 0901/0701, send 0301+0903 only
[0301] missionPlanID=700000014 전송
[PUSH] 0301 direct batch send
[REPLAN][TIME] 0301_sent_ms=833.5 wall_ms=1779336570764 plans=1
[REPLAN][TIME] post_0301_delivery_queued_ms=833.8 wall_ms=1779336570765 grace_ms=0 timeout_ms=1200 force_direct=1 mode=direct_0903
[INFO] Post-0301 apply queued (mode=direct_0903, grace=0ms, timeout=1200ms, plans=1)
[REPLAN][TIME] 0305_status_2_ms=835.4 wall_ms=1779336570766 reason=표적9 격파 후 복귀
[0305] status=2, reason=표적9 격파 후 복귀, elapsed=0.83s 전송
[REPLAN][TIME] post_0301_completion_ready_ms=836.1 wall_ms=1779336570767 mode=direct_0903
[INFO] Post-0301 ready (0305_status_2) -> sending 0903
[REPLAN][TIME] post_0301_flushed_ms=836.9 wall_ms=1779336570768 delivery=0903 trigger=0305_status_2 plans=1
[REPLAN][TIME] id_tab_update_flushed_ms=837.3 wall_ms=1779336570768
[REPLAN][TIME] id_tab_update_deferred_ms=829.7 wall_ms=1779336570761
[REPLAN][METRIC] source_artifact_cache entries=16 hits=35 misses=16
[REPLAN][TIME] 0903_sent_ms=970.3 wall_ms=1779336570901 missionPlanID=700000014
[0903] request sent (missionPlanID=700000014)

[2026-05-21 13:35:47] process-log attached: mission_planning
[LOG] Mission planning log started: C:\Users\LAHMUMT_2\Desktop\DSS_KU\Logs\Scenario_2026-05-21T130506\SBC3\DSS_Internal\mission_planning_gui_20260521T043547_383526Z.log
[PATH] DB root -> C:\Users\LAHMUMT_2\Desktop\DSS_KU\Logs\Scenario_2026-05-21T130506\SBC3
[CTRL] listener started @ 127.0.0.1:45981
[0101] 모드 수신 리스너 등록 완료
[0102] NodeMessenger 초기화 대기 중 ? 자동 송신 보류
[BUS] NodeMessenger 초기화 완료
[WARM] Mission planner runtime ready (algo_settings)

[2026-05-21 13:37:27] process-log attached: mission_planning
[LOG] Mission planning log started: C:\Users\LAHMUMT_2\Desktop\DSS_KU\Logs\Scenario_2026-05-21T130506\SBC3\DSS_Internal\mission_planning_gui_20260521T043727_416021Z.log
[PATH] DB root -> C:\Users\LAHMUMT_2\Desktop\DSS_KU\Logs\Scenario_2026-05-21T130506\SBC3
[CTRL] listener started @ 127.0.0.1:45981
[0101] 모드 수신 리스너 등록 완료
[0102] NodeMessenger 초기화 대기 중 ? 자동 송신 보류
[BUS] NodeMessenger 초기화 완료
[WARM] Mission planner runtime ready (algo_settings)

[2026-05-27 16:33:09] process-log attached: mission_planning
[LOG] Mission planning log started: C:\Users\LAHMUMT_2\Desktop\DSS_KU\Logs\Scenario_2026-05-21T130506\SBC3\DSS_Internal\mission_planning_gui_20260527T073309_074076Z.log
[PATH] DB root -> C:\Users\LAHMUMT_2\Desktop\DSS_KU\Logs\Scenario_2026-05-21T130506\SBC3
[CTRL] listener started @ 127.0.0.1:45981
[0101] 모드 수신 리스너 등록 완료
[0102] NodeMessenger 초기화 대기 중 ? 자동 송신 보류
[BUS] NodeMessenger 초기화 완료
[WARM] Mission planner runtime ready (algo_settings)
