
[2026-05-21 13:05:06] process-log attached: monitoring
[PATH] DB root -> C:\Users\LAHMUMT_2\Desktop\DSS_KU\Logs\Scenario_2026-05-21T130506\SBC3
[CTRL] {'cmd': 'system_mode', 'mode': 2}
[STATUS] init availability seeded from InputMissionPlan: [1, 2, 3, 4, 5, 6]
[RQUEUE] dispatching #1 초기 재계획: 초기임무재계획
[0902] auto replan request queued (init plan mode)
[0902] replan request sent (level=1, reason=초기임무재계획, planIds=700000001)
[RQUEUE] active #1 초기 재계획: 초기임무재계획
[RQUEUE] signal 0305 -> #1 재계획 수행중
[RQUEUE] signal 0305 -> #1 재계획 산출 완료
[QUALITY] startup grace armed (missionPlanID=700000001, duration=10.0s)
[RQUEUE] completed #1 초기 재계획: 초기임무재계획 (수행임무 갱신, signal=0903, active_ms=2002)
[RealTimeInferrer] Loading/Reloading Mission Plan: C:\Users\LAHMUMT_2\Desktop\DSS_KU\Logs\Scenario_2026-05-21T130506\SBC3\MissionPlan\700000001.json
C:\Users\LAHMUMT_2\Desktop\DSS_KU\modules\monitoring\utils\preprocess.py:166: FutureWarning: You are using `torch.load` with `weights_only=False` (the current default value), which uses the default pickle module implicitly. It is possible to construct malicious pickle data which will execute arbitrary code during unpickling (See https://github.com/pytorch/pytorch/blob/main/SECURITY.md#untrusted-models for more details). In a future release, the default value for `weights_only` will be flipped to `True`. This limits the functions that could be executed during unpickling. Arbitrary objects will no longer be allowed to be loaded via this mode unless they are explicitly allowlisted by the user via `torch.serialization.add_safe_globals`. We recommend you start setting `weights_only=True` for any use case where you don't have full control of the loaded file. Please open an issue on GitHub for any issues related to this experimental feature.
  state = torch.load(vectorizer_path, map_location=device)
Updated Mission Context: torch.Size([384])
[DL] realtime status -> WARMUP
[0402] new detections: 1
[0402] bundled target replan prepared: key=7-4, primaryTargetID=7, targets=[7]
[RQUEUE] queued #2 표적탐지: 표적7 발견 재계획
[RQUEUE] dispatching #2 표적탐지: 표적7 발견 재계획
[0902] replan request sent (level=2, reason=표적7 발견 재계획, planIds=700000002, 700000003)
[RQUEUE] active #2 표적탐지: 표적7 발견 재계획
[RQUEUE] signal 0305 -> #2 재계획 수행중
[RQUEUE] signal 0701 -> #2 옵션 정보 전송
[RQUEUE] signal 0305 -> #2 재계획 산출 완료
[0702] ignore=2 -> apply missionPlanID=700000003, source=SIM_UI
[0702] 공격 배제 선택 -> target bundle isIgnored=1 반영 (count=1)
[QUALITY] startup grace armed (missionPlanID=700000003, duration=10.0s)
[RQUEUE] completed #2 표적탐지: 표적7 발견 재계획 (결과 수신, signal=0702, active_ms=5494)
[RealTimeInferrer] Loading/Reloading Mission Plan: C:\Users\LAHMUMT_2\Desktop\DSS_KU\Logs\Scenario_2026-05-21T130506\SBC3\MissionPlan\700000003.json
C:\Users\LAHMUMT_2\Desktop\DSS_KU\modules\monitoring\utils\preprocess.py:166: FutureWarning: You are using `torch.load` with `weights_only=False` (the current default value), which uses the default pickle module implicitly. It is possible to construct malicious pickle data which will execute arbitrary code during unpickling (See https://github.com/pytorch/pytorch/blob/main/SECURITY.md#untrusted-models for more details). In a future release, the default value for `weights_only` will be flipped to `True`. This limits the functions that could be executed during unpickling. Arbitrary objects will no longer be allowed to be loaded via this mode unless they are explicitly allowlisted by the user via `torch.serialization.add_safe_globals`. We recommend you start setting `weights_only=True` for any use case where you don't have full control of the loaded file. Please open an issue on GitHub for any issues related to this experimental feature.
  state = torch.load(vectorizer_path, map_location=device)
Updated Mission Context: torch.Size([384])
[0401] path-deviation trigger suppressed: within 3s after 0702 apply (remaining=2698ms)
[DL] realtime status -> RUNNING
[0402] new detections: 1
[0402] bundled target replan prepared: key=8-5, primaryTargetID=8, targets=[8]
[RQUEUE] queued #3 표적탐지: 표적8 발견 재계획
[RQUEUE] dispatching #3 표적탐지: 표적8 발견 재계획
[0902] replan request sent (level=2, reason=표적8 발견 재계획, planIds=700000004, 700000005)
[RQUEUE] active #3 표적탐지: 표적8 발견 재계획
[RQUEUE] bundle targets marked used: count=1
[RQUEUE] signal 0305 -> #3 재계획 수행중
[RQUEUE] signal 0701 -> #3 옵션 정보 전송
[RQUEUE] signal 0305 -> #3 재계획 산출 완료
[0702] ignore=2 -> apply missionPlanID=700000005, source=SIM_UI
[0702] 공격 배제 선택 -> target bundle isIgnored=1 반영 (count=1)
[QUALITY] startup grace armed (missionPlanID=700000005, duration=10.0s)
[RQUEUE] completed #3 표적탐지: 표적8 발견 재계획 (결과 수신, signal=0702, active_ms=4014)
[RealTimeInferrer] Loading/Reloading Mission Plan: C:\Users\LAHMUMT_2\Desktop\DSS_KU\Logs\Scenario_2026-05-21T130506\SBC3\MissionPlan\700000005.json
C:\Users\LAHMUMT_2\Desktop\DSS_KU\modules\monitoring\utils\preprocess.py:166: FutureWarning: You are using `torch.load` with `weights_only=False` (the current default value), which uses the default pickle module implicitly. It is possible to construct malicious pickle data which will execute arbitrary code during unpickling (See https://github.com/pytorch/pytorch/blob/main/SECURITY.md#untrusted-models for more details). In a future release, the default value for `weights_only` will be flipped to `True`. This limits the functions that could be executed during unpickling. Arbitrary objects will no longer be allowed to be loaded via this mode unless they are explicitly allowlisted by the user via `torch.serialization.add_safe_globals`. We recommend you start setting `weights_only=True` for any use case where you don't have full control of the loaded file. Please open an issue on GitHub for any issues related to this experimental feature.
  state = torch.load(vectorizer_path, map_location=device)
Updated Mission Context: torch.Size([384])
[0401] path-deviation trigger suppressed: within 3s after 0702 apply (remaining=2771ms)
[0503] recommend=1, inputID=2 sent
[0201] DB 참조! (C:\Users\LAHMUMT_2\Desktop\DSS_KU\Logs\Scenario_2026-05-21T130506\SBC3\InputMissionPlan\2.json)
[REEXEC] execute=2 received -> waiting for next 0201 arrival (package=None, timestamp=None)
[REEXEC] next 0201 arrival detected -> dispatching 0902 replan request (package=2, timestamp=832651611819)
[CURRENT] reexecute attach start: currentInputMissionID=4, firstPayloadInputID=4, aircraft=4,5,6
[CURRENT] reexecute cached 0401 rows loaded: count=6
[CURRENT] reexecute source missionPlanID attached: 700000005
[CURRENT] reexecute snapshot entries resolved: count=3, lead=5.0s
[CURRENT] reexecute current-position hybrid attached for all options
[RQUEUE] dispatching #4 재실행: 협업기저임무 재수행 요청
[REINPUT] skipped: reexecute 0201 already handled
[0902] replan request sent (level=1, reason=협업기저임무 재수행 요청, planIds=700000006, 700000007, 700000008)
[RQUEUE] active #4 재실행: 협업기저임무 재수행 요청
[RQUEUE] signal 0305 -> #4 재계획 수행중
[RQUEUE] signal 0701 -> #4 옵션 정보 전송
[RQUEUE] signal 0305 -> #4 재계획 산출 완료
[0702] ignore=2 -> apply missionPlanID=700000006, source=SIM_UI
[QUALITY] startup grace armed (missionPlanID=700000006, duration=10.0s)
[RQUEUE] completed #4 재실행: 협업기저임무 재수행 요청 (결과 수신, signal=0702, active_ms=6027)
[RealTimeInferrer] Loading/Reloading Mission Plan: C:\Users\LAHMUMT_2\Desktop\DSS_KU\Logs\Scenario_2026-05-21T130506\SBC3\MissionPlan\700000006.json
C:\Users\LAHMUMT_2\Desktop\DSS_KU\modules\monitoring\utils\preprocess.py:166: FutureWarning: You are using `torch.load` with `weights_only=False` (the current default value), which uses the default pickle module implicitly. It is possible to construct malicious pickle data which will execute arbitrary code during unpickling (See https://github.com/pytorch/pytorch/blob/main/SECURITY.md#untrusted-models for more details). In a future release, the default value for `weights_only` will be flipped to `True`. This limits the functions that could be executed during unpickling. Arbitrary objects will no longer be allowed to be loaded via this mode unless they are explicitly allowlisted by the user via `torch.serialization.add_safe_globals`. We recommend you start setting `weights_only=True` for any use case where you don't have full control of the loaded file. Please open an issue on GitHub for any issues related to this experimental feature.
  state = torch.load(vectorizer_path, map_location=device)
Updated Mission Context: torch.Size([384])
[0401] path-deviation trigger suppressed: within 3s after 0702 apply (remaining=2755ms)
[0503] recommend=1, inputID=4 sent
[0201] DB 참조! (C:\Users\LAHMUMT_2\Desktop\DSS_KU\Logs\Scenario_2026-05-21T130506\SBC3\InputMissionPlan\3.json)
[REEXEC] refreshed 0201 clone detected before execute=2 listener -> dispatching 0902 replan request (package=3, timestamp=832651692367, inputMissionID=5)
[CURRENT] reexecute attach start: currentInputMissionID=5, firstPayloadInputID=5, aircraft=4,5,6
[CURRENT] reexecute cached 0401 rows loaded: count=6
[CURRENT] reexecute source missionPlanID attached: 700000006
[CURRENT] reexecute snapshot entries resolved: count=3, lead=5.0s
[CURRENT] reexecute current-position hybrid attached for all options
[RQUEUE] dispatching #5 재실행: 협업기저임무 재수행 요청
[REINPUT] skipped: reexecute 0201 already handled
[REEXEC] execute=2 received after refreshed 0201 clone -> already dispatched reexecute 0902 (package=3, timestamp=832651692367, inputMissionID=5)
[0902] replan request sent (level=1, reason=협업기저임무 재수행 요청, planIds=700000009, 700000010, 700000011)
[RQUEUE] active #5 재실행: 협업기저임무 재수행 요청
[RQUEUE] signal 0305 -> #5 재계획 수행중
[RQUEUE] signal 0701 -> #5 옵션 정보 전송
[RQUEUE] signal 0305 -> #5 재계획 산출 완료
[0702] ignore=2 -> apply missionPlanID=700000009, source=SIM_UI
[QUALITY] startup grace armed (missionPlanID=700000009, duration=10.0s)
[RQUEUE] completed #5 재실행: 협업기저임무 재수행 요청 (결과 수신, signal=0702, active_ms=7872)
[RealTimeInferrer] Loading/Reloading Mission Plan: C:\Users\LAHMUMT_2\Desktop\DSS_KU\Logs\Scenario_2026-05-21T130506\SBC3\MissionPlan\700000009.json
C:\Users\LAHMUMT_2\Desktop\DSS_KU\modules\monitoring\utils\preprocess.py:166: FutureWarning: You are using `torch.load` with `weights_only=False` (the current default value), which uses the default pickle module implicitly. It is possible to construct malicious pickle data which will execute arbitrary code during unpickling (See https://github.com/pytorch/pytorch/blob/main/SECURITY.md#untrusted-models for more details). In a future release, the default value for `weights_only` will be flipped to `True`. This limits the functions that could be executed during unpickling. Arbitrary objects will no longer be allowed to be loaded via this mode unless they are explicitly allowlisted by the user via `torch.serialization.add_safe_globals`. We recommend you start setting `weights_only=True` for any use case where you don't have full control of the loaded file. Please open an issue on GitHub for any issues related to this experimental feature.
  state = torch.load(vectorizer_path, map_location=device)
Updated Mission Context: torch.Size([384])
[0401] path-deviation trigger suppressed: within 3s after 0702 apply (remaining=2830ms)
[0402] new detections: 1
[0402] bundled target replan prepared: key=9-6, primaryTargetID=9, targets=[9]
[RQUEUE] queued #6 표적탐지: 표적9 발견 재계획
[RQUEUE] dispatching #6 표적탐지: 표적9 발견 재계획
[0902] replan request sent (level=2, reason=표적9 발견 재계획, planIds=700000012, 700000013)
[RQUEUE] active #6 표적탐지: 표적9 발견 재계획
[RQUEUE] signal 0305 -> #6 재계획 수행중
[0401TRACE] slow phase=area_tab elapsed=0.172s seq=860
[RQUEUE] signal 0701 -> #6 옵션 정보 전송
[RQUEUE] signal 0305 -> #6 재계획 산출 완료
[0702] ignore=2 -> apply missionPlanID=700000012, source=SIM_UI
[0702] 공격 임무 확정 -> aircraftID=2 슬롯 점유
[QUALITY] startup grace armed (missionPlanID=700000012, duration=10.0s)
[RQUEUE] completed #6 표적탐지: 표적9 발견 재계획 (결과 수신, signal=0702, active_ms=5317)
[RealTimeInferrer] Loading/Reloading Mission Plan: C:\Users\LAHMUMT_2\Desktop\DSS_KU\Logs\Scenario_2026-05-21T130506\SBC3\MissionPlan\700000012.json
C:\Users\LAHMUMT_2\Desktop\DSS_KU\modules\monitoring\utils\preprocess.py:166: FutureWarning: You are using `torch.load` with `weights_only=False` (the current default value), which uses the default pickle module implicitly. It is possible to construct malicious pickle data which will execute arbitrary code during unpickling (See https://github.com/pytorch/pytorch/blob/main/SECURITY.md#untrusted-models for more details). In a future release, the default value for `weights_only` will be flipped to `True`. This limits the functions that could be executed during unpickling. Arbitrary objects will no longer be allowed to be loaded via this mode unless they are explicitly allowlisted by the user via `torch.serialization.add_safe_globals`. We recommend you start setting `weights_only=True` for any use case where you don't have full control of the loaded file. Please open an issue on GitHub for any issues related to this experimental feature.
  state = torch.load(vectorizer_path, map_location=device)
Updated Mission Context: torch.Size([384])
[0401] path-deviation trigger suppressed: within 3s after 0702 apply (remaining=2792ms)
[0402-close] attack target destroyed -> post-attack rejoin request queued (targetID=9, trackingAircraft=[6])
[RQUEUE] dispatching #7 공격 후 복귀: 표적9 격파 후 복귀
[0902] replan request sent (level=2, reason=표적9 격파 후 복귀, planIds=700000014)
[RQUEUE] active #7 공격 후 복귀: 표적9 격파 후 복귀
[RQUEUE] signal 0305 -> #7 재계획 수행중
[RQUEUE] signal 0305 -> #7 재계획 산출 완료
[QUALITY] startup grace armed (missionPlanID=700000014, duration=10.0s)
[RQUEUE] completed #7 공격 후 복귀: 표적9 격파 후 복귀 (수행임무 갱신, signal=0903, active_ms=1150)
[RealTimeInferrer] Loading/Reloading Mission Plan: C:\Users\LAHMUMT_2\Desktop\DSS_KU\Logs\Scenario_2026-05-21T130506\SBC3\MissionPlan\700000014.json
C:\Users\LAHMUMT_2\Desktop\DSS_KU\modules\monitoring\utils\preprocess.py:166: FutureWarning: You are using `torch.load` with `weights_only=False` (the current default value), which uses the default pickle module implicitly. It is possible to construct malicious pickle data which will execute arbitrary code during unpickling (See https://github.com/pytorch/pytorch/blob/main/SECURITY.md#untrusted-models for more details). In a future release, the default value for `weights_only` will be flipped to `True`. This limits the functions that could be executed during unpickling. Arbitrary objects will no longer be allowed to be loaded via this mode unless they are explicitly allowlisted by the user via `torch.serialization.add_safe_globals`. We recommend you start setting `weights_only=True` for any use case where you don't have full control of the loaded file. Please open an issue on GitHub for any issues related to this experimental feature.
  state = torch.load(vectorizer_path, map_location=device)
Updated Mission Context: torch.Size([384])
[0503] recommend=1, inputID=5 sent

[2026-05-21 13:35:48] process-log attached: monitoring
[PATH] DB root -> C:\Users\LAHMUMT_2\Desktop\DSS_KU\Logs\Scenario_2026-05-21T130506\SBC3
[CTRL] listener started @ 127.0.0.1:45982
C:\Users\LAHMUMT_2\Desktop\DSS_KU\modules\monitoring\logic\risk_analysis.py:229: FutureWarning: You are using `torch.load` with `weights_only=False` (the current default value), which uses the default pickle module implicitly. It is possible to construct malicious pickle data which will execute arbitrary code during unpickling (See https://github.com/pytorch/pytorch/blob/main/SECURITY.md#untrusted-models for more details). In a future release, the default value for `weights_only` will be flipped to `True`. This limits the functions that could be executed during unpickling. Arbitrary objects will no longer be allowed to be loaded via this mode unless they are explicitly allowlisted by the user via `torch.serialization.add_safe_globals`. We recommend you start setting `weights_only=True` for any use case where you don't have full control of the loaded file. Please open an issue on GitHub for any issues related to this experimental feature.
  checkpoint = torch.load(self.model_path, map_location=self.device)
[DL] DNN inferrer initialized
[DL] realtime status -> NO_DATA
[0102] status=1 sent

[2026-05-21 13:37:28] process-log attached: monitoring
[PATH] DB root -> C:\Users\LAHMUMT_2\Desktop\DSS_KU\Logs\Scenario_2026-05-21T130506\SBC3
[CTRL] listener started @ 127.0.0.1:45982
C:\Users\LAHMUMT_2\Desktop\DSS_KU\modules\monitoring\logic\risk_analysis.py:229: FutureWarning: You are using `torch.load` with `weights_only=False` (the current default value), which uses the default pickle module implicitly. It is possible to construct malicious pickle data which will execute arbitrary code during unpickling (See https://github.com/pytorch/pytorch/blob/main/SECURITY.md#untrusted-models for more details). In a future release, the default value for `weights_only` will be flipped to `True`. This limits the functions that could be executed during unpickling. Arbitrary objects will no longer be allowed to be loaded via this mode unless they are explicitly allowlisted by the user via `torch.serialization.add_safe_globals`. We recommend you start setting `weights_only=True` for any use case where you don't have full control of the loaded file. Please open an issue on GitHub for any issues related to this experimental feature.
  checkpoint = torch.load(self.model_path, map_location=self.device)
[DL] DNN inferrer initialized
[DL] realtime status -> NO_DATA
[0102] status=1 sent

[2026-05-27 16:33:10] process-log attached: monitoring
[PATH] DB root -> C:\Users\LAHMUMT_2\Desktop\DSS_KU\Logs\Scenario_2026-05-21T130506\SBC3
[CTRL] listener started @ 127.0.0.1:45982
C:\Users\LAHMUMT_2\Desktop\DSS_KU\modules\monitoring\logic\risk_analysis.py:229: FutureWarning: You are using `torch.load` with `weights_only=False` (the current default value), which uses the default pickle module implicitly. It is possible to construct malicious pickle data which will execute arbitrary code during unpickling (See https://github.com/pytorch/pytorch/blob/main/SECURITY.md#untrusted-models for more details). In a future release, the default value for `weights_only` will be flipped to `True`. This limits the functions that could be executed during unpickling. Arbitrary objects will no longer be allowed to be loaded via this mode unless they are explicitly allowlisted by the user via `torch.serialization.add_safe_globals`. We recommend you start setting `weights_only=True` for any use case where you don't have full control of the loaded file. Please open an issue on GitHub for any issues related to this experimental feature.
  checkpoint = torch.load(self.model_path, map_location=self.device)
[DL] DNN inferrer initialized
[DL] realtime status -> NO_DATA
[0102] status=1 sent
[CTRL] {'cmd': 'system_mode', 'mode': 1}
