
[2026-05-21 10:56:40] process-log attached: monitoring
[PATH] DB root -> C:\Users\TRL98\Desktop\LAH_MUMT\Logs\Scenario_2026-05-21T105639\SBC3
[0201] DB 참조! (C:\Users\TRL98\Desktop\LAH_MUMT\Logs\Scenario_2026-05-21T105639\SBC3\InputMissionPlan\1.json)
[0203] DB 참조! (C:\Users\TRL98\Desktop\LAH_MUMT\Logs\Scenario_2026-05-21T105639\SBC3\MissionReferenceInfo\1.json)
[REINPUT] skipped: mode=1 (need 3/4)
[STATUS] init availability seeded from InputMissionPlan: [1, 2, 3, 4, 5, 6]
[RQUEUE] dispatching #1 초기 재계획: 초기임무재계획
[0902] auto replan request queued (init plan mode)
[0902] replan request sent (level=1, reason=초기임무재계획, planIds=700000001)
[RQUEUE] active #1 초기 재계획: 초기임무재계획
[RQUEUE] signal 0305 -> #1 재계획 수행중
[RQUEUE] signal 0305 -> #1 재계획 산출 완료
[QUALITY] startup grace armed (missionPlanID=700000001, duration=10.0s)
[RQUEUE] completed #1 초기 재계획: 초기임무재계획 (수행임무 갱신, signal=0903, active_ms=5770)
[RealTimeInferrer] Loading/Reloading Mission Plan: C:\Users\TRL98\Desktop\LAH_MUMT\Logs\Scenario_2026-05-21T105639\SBC3\MissionPlan\700000001.json
Updated Mission Context: torch.Size([384])
[DL] realtime status -> WARMUP
[0401TRACE] slow phase=area_tab elapsed=0.162s seq=17
[0401TRACE] handler slow seq=17 elapsed=0.309s ts=832644056430 states=6
[0401TRACE] handler slow seq=18 elapsed=0.368s ts=832644057021 states=6
[0501] heartbeat failover send active
[0401TRACE] handler slow seq=19 elapsed=0.375s ts=832644057426 states=6
[0803] execute=1 aircraft 5: entry altitude sanitized 1312.0 -> 2005
[0803] execute=1 aircraft 6: entry altitude sanitized 1122.0 -> 1901
[0803] execute=1 -> next collaborative mission replan prepared (currentInput=1, targetInput=2, strategy=turn_projection, aircraft=4,5,6, missionPlanID=700000002)
[RQUEUE] dispatching #2 다음 협업임무: _협업 기저 전환으로 인한 재계획
[0501] current rollback guarded: candidate=1 kept=2 plan=700000001
[0501] queued completion payload discarded: queuedInput=1 activeInput=2
[0401TRACE] handler slow seq=20 elapsed=0.349s ts=832644058021 states=6
[0902] replan request sent (level=3, reason=_협업 기저 전환으로 인한 재계획, planIds=700000002)
[RQUEUE] active #2 다음 협업임무: _협업 기저 전환으로 인한 재계획
[0401TRACE] slow phase=area_tab elapsed=0.228s seq=21
[0401TRACE] handler slow seq=21 elapsed=0.374s ts=832644058423 states=6
[RQUEUE] signal 0305 -> #2 재계획 수행중
[0401TRACE] handler slow seq=22 elapsed=0.371s ts=832644059033 states=6
[0401TRACE] handler slow seq=23 elapsed=0.382s ts=832644059422 states=6
[0401TRACE] handler slow seq=24 elapsed=0.393s ts=832644060030 states=6
[0401TRACE] slow phase=area_tab elapsed=0.233s seq=25
[0401TRACE] handler slow seq=25 elapsed=0.387s ts=832644060434 states=6
[0401TRACE] handler slow seq=26 elapsed=0.399s ts=832644061028 states=6
[QUALITY] startup grace armed (missionPlanID=700000002, duration=10.0s)
[RQUEUE] completed #2 다음 협업임무: _협업 기저 전환으로 인한 재계획 (수행임무 갱신, signal=0903, active_ms=3118)
[RealTimeInferrer] Loading/Reloading Mission Plan: C:\Users\TRL98\Desktop\LAH_MUMT\Logs\Scenario_2026-05-21T105639\SBC3\MissionPlan\700000002.json
Updated Mission Context: torch.Size([384])
[0401TRACE] handler slow seq=27 elapsed=0.379s ts=832644061432 states=6
[DL] realtime status -> RUNNING
[0401TRACE] handler slow seq=567 elapsed=0.305s ts=832644218216 states=6
[0401TRACE] slow phase=area_tab elapsed=0.152s seq=572
[0401TRACE] handler slow seq=572 elapsed=0.303s ts=832644220418 states=6
[0402] new detections: 1
[0402] bundled target replan prepared: key=74-4, primaryTargetID=74, targets=[74]
[RQUEUE] queued #3 표적탐지: 표적74 발견 재계획
[RQUEUE] dispatching #3 표적탐지: 표적74 발견 재계획
[0902] replan request sent (level=2, reason=표적74 발견 재계획, planIds=700000003, 700000004)
[RQUEUE] active #3 표적탐지: 표적74 발견 재계획
[RQUEUE] signal 0305 -> #3 재계획 수행중
[0401TRACE] slow phase=area_tab elapsed=0.165s seq=580
[0401TRACE] handler slow seq=580 elapsed=0.346s ts=832644223825 states=6
[RQUEUE] signal 0305 -> #3 재계획 산출 완료
[RQUEUE] signal 0701 -> #3 옵션 정보 전송
[0401] path-deviation trigger suppressed: option pending until 0702 (queueID=3, source=target_detection, stage=옵션 정보 전송)
[0401TRACE] slow phase=area_tab elapsed=0.155s seq=617
[0401TRACE] handler slow seq=617 elapsed=0.317s ts=832644237417 states=6
[0501] heartbeat failover send active
[0401TRACE] slow phase=area_tab elapsed=0.180s seq=621
[0401TRACE] handler slow seq=621 elapsed=0.357s ts=832644239418 states=6
[0401TRACE] slow phase=area_tab elapsed=0.164s seq=639
[0401TRACE] handler slow seq=639 elapsed=0.324s ts=832644247221 states=6
[0401TRACE] slow phase=area_tab elapsed=0.172s seq=662
[0401TRACE] handler slow seq=662 elapsed=0.326s ts=832644255821 states=6
[0401TRACE] slow phase=area_tab elapsed=0.189s seq=667
[0401TRACE] handler slow seq=667 elapsed=0.343s ts=832644257820 states=6
[0401TRACE] slow phase=area_tab elapsed=0.192s seq=674
[0501] heartbeat failover send active
[0401TRACE] handler slow seq=674 elapsed=0.352s ts=832644260415 states=6
[0401TRACE] slow phase=area_tab elapsed=0.199s seq=681
[0401TRACE] handler slow seq=681 elapsed=0.364s ts=832644263025 states=6
[0401TRACE] slow phase=area_tab elapsed=0.239s seq=685
[0401TRACE] handler slow seq=685 elapsed=0.386s ts=832644265023 states=6
[0501] heartbeat failover send active
[0401TRACE] slow phase=area_tab elapsed=0.225s seq=690
[0401TRACE] handler slow seq=690 elapsed=0.395s ts=832644267414 states=6
[RQUEUE] completed #3 표적탐지: 표적74 발견 재계획 (시간 초과, signal=timeout, active_ms=45606)
[0401TRACE] handler slow seq=694 elapsed=0.387s ts=832644269223 states=6
[0401TRACE] slow phase=area_tab elapsed=0.281s seq=699
[0401TRACE] handler slow seq=699 elapsed=0.446s ts=832644271427 states=6
[0402] new detections: 1
[0402] accumulated attack bundle prepared: count=2, targets=[74, 75]
[0402] bundled target replan prepared: key=75-5, primaryTargetID=75, targets=[74, 75]
[RQUEUE] queued #4 표적탐지: 표적75 등 2개 발견
[RQUEUE] dispatching #4 표적탐지: 표적75 등 2개 발견
[0902] replan request sent (level=2, reason=표적75 등 2개 발견, planIds=700000005, 700000006)
[RQUEUE] active #4 표적탐지: 표적75 등 2개 발견
[RQUEUE] signal 0305 -> #4 재계획 수행중
[RQUEUE] signal 0701 -> #4 옵션 정보 전송
[RQUEUE] signal 0305 -> #4 재계획 산출 완료
[0402] new detections: 1
[0402] accumulated attack bundle prepared: count=3, targets=[75, 74, 76]
[0402] bundled target replan prepared: key=76-6, primaryTargetID=76, targets=[75, 74, 76]
[RQUEUE] queued #5 표적탐지: 표적76 등 3개 발견
[RQUEUE] completed #4 표적탐지: 표적75 등 2개 발견 (시간 초과, signal=timeout, active_ms=45397)
[RQUEUE] dispatching #5 표적탐지: 표적76 등 3개 발견
[0902] replan request sent (level=2, reason=표적76 등 3개 발견, planIds=700000007, 700000008)
[RQUEUE] active #5 표적탐지: 표적76 등 3개 발견
[RQUEUE] signal 0305 -> #5 재계획 수행중
[RQUEUE] signal 0701 -> #5 옵션 정보 전송
[RQUEUE] signal 0305 -> #5 재계획 산출 완료
[0401TRACE] handler slow seq=899 elapsed=0.313s ts=832644341816 states=6
[RQUEUE] completed #5 표적탐지: 표적76 등 3개 발견 (시간 초과, signal=timeout, active_ms=45062)
