2025-12-03T13:54:36.243354Z [LOG] Mission planning log started: C:\Users\LAHMUMT_2\Desktop\KU_LAHMUMT\Logs\Scenario_2025-12-03T224702\SBC3\DSS_Internal\mission_planning_gui_20251203T135436_241354Z.log
2025-12-03T13:54:36.244354Z CTRL UDP 수신 대기 시작 (127.0.0.1:45981)
2025-12-03T13:54:36.245354Z [0101] 모드 수신 리스너 등록 완료
2025-12-03T13:54:36.509944Z [CTRL] MODE change request: 초기화 모드
2025-12-03T13:54:36.678055Z [BUS] NodeMessenger 초기화 완료
2025-12-03T13:54:43.996675Z [MODE] 슬라이더 변경 → 대기모드
2025-12-03T13:54:43.998029Z [0101/POLL] 모드 동기화 code=1
2025-12-03T13:54:47.596064Z [INFO] Latest 0203 ID updated → 1
2025-12-03T13:54:48.036081Z [INFO] Latest 0201 ID updated → 1
2025-12-03T13:54:49.383633Z [AUTO] 0902 received (planIds=700000001)
2025-12-03T13:54:49.383633Z [AUTO] replan pipeline scheduled after 0.1s delay
2025-12-03T13:54:49.496799Z [0305] status=1, reason=초기임무재계획 전송
2025-12-03T13:54:49.498799Z [MODE] 슬라이더 변경 → 초기 임무 계획
2025-12-03T13:54:49.499798Z [0101/POLL] 모드 동기화 code=2
2025-12-03T13:54:49.499798Z [INFO] Using latest 0201 ID 1 for inputMissionPackageID (fallback)
2025-12-03T13:54:49.499798Z [INFO] Using latest 0203 ID 1 for missionReferencePackageID (fallback)
2025-12-03T13:54:49.501072Z [STEP 0] Replan pipeline start (reason=초기임무재계획)
2025-12-03T13:54:51.813466Z [INFO] Latest input snapshot → 0201:ID=1,ts=816922549226,src=-, 0203:ID=1,ts=818085287593,src=-
2025-12-03T13:54:51.814466Z [STEP 0] Using latest 0201 ID 1 (1.json)
2025-12-03T13:54:51.814466Z [STEP 0] Using latest 0203 ID 1 (1.json)
2025-12-03T13:54:51.815466Z [STEP 1.1] Divide & Pattern start
2025-12-03T13:54:51.815466Z [variant 1] [1] CMPK 로드
2025-12-03T13:54:51.824571Z [variant 1]     ▸ VehicleStatus 적용: 사용 가능한 기체 [1, 2, 3, 4, 5, 6]
2025-12-03T13:54:51.824571Z [variant 1]     MRPK 로드
2025-12-03T13:54:51.831573Z [variant 1]     ▸ 로드 완료  (소요 0.02s)
2025-12-03T13:54:51.831573Z [variant 1] [2] LAH 임무 저장 시작
2025-12-03T13:54:52.114302Z [variant 1] [LAH1] LAH 임무파일 저장 → C:\Users\LAHMUMT_2\Desktop\KU_LAHMUMT\Logs\Scenario_2025-12-03T225443\SBC3\mission_output\variant_01\IndividualMissionPlan_LAH001.json
2025-12-03T13:54:52.115303Z [variant 1] [LAH2] LAH 임무파일 저장 → C:\Users\LAHMUMT_2\Desktop\KU_LAHMUMT\Logs\Scenario_2025-12-03T225443\SBC3\mission_output\variant_01\IndividualMissionPlan_LAH002.json
2025-12-03T13:54:52.117302Z [variant 1] [LAH3] LAH 임무파일 저장 → C:\Users\LAHMUMT_2\Desktop\KU_LAHMUMT\Logs\Scenario_2025-12-03T225443\SBC3\mission_output\variant_01\IndividualMissionPlan_LAH003.json
2025-12-03T13:54:52.118302Z [variant 1]     ▸ LAH 3개 파일 저장
2025-12-03T13:54:52.118302Z [variant 1] [3] InputMission 분할
2025-12-03T13:54:52.119302Z [variant 1] [3] InputMission 분할
2025-12-03T13:54:52.119302Z [variant 1]     ▸ (1/11) inputMissionID=1 type=1
2025-12-03T13:54:52.120302Z [variant 1]        └─ sub-area 3개 추가 (누적 3)
2025-12-03T13:54:52.120302Z [variant 1]     ▸ (2/11) inputMissionID=2 type=1
2025-12-03T13:54:52.121302Z [variant 1]        └─ sub-area 3개 추가 (누적 6)
2025-12-03T13:54:52.121302Z [variant 1]     ▸ (3/11) inputMissionID=3 type=2
2025-12-03T13:54:52.122404Z [variant 1]        └─ sub-area 3개 추가 (누적 9)
2025-12-03T13:54:52.122404Z [variant 1]     ▸ (4/11) inputMissionID=4 type=1
2025-12-03T13:54:52.122404Z [variant 1]        └─ sub-area 3개 추가 (누적 12)
2025-12-03T13:54:52.123403Z [variant 1]     ▸ (5/11) inputMissionID=5 type=2
2025-12-03T13:54:52.123403Z [variant 1]        └─ sub-area 3개 추가 (누적 15)
2025-12-03T13:54:52.124907Z [variant 1]     ▸ (6/11) inputMissionID=6 type=1
2025-12-03T13:54:52.124907Z [variant 1]        └─ sub-area 3개 추가 (누적 18)
2025-12-03T13:54:52.124907Z [variant 1]     ▸ (7/11) inputMissionID=7 type=2
2025-12-03T13:54:52.126909Z [variant 1]        └─ sub-area 3개 추가 (누적 21)
2025-12-03T13:54:52.127911Z [variant 1]     ▸ (8/11) inputMissionID=8 type=1
2025-12-03T13:54:52.127911Z [variant 1]        └─ sub-area 3개 추가 (누적 24)
2025-12-03T13:54:52.127911Z [variant 1]     ▸ (9/11) inputMissionID=9 type=2
2025-12-03T13:54:52.128910Z [variant 1]        └─ sub-area 3개 추가 (누적 27)
2025-12-03T13:54:52.128910Z [variant 1]     ▸ (10/11) inputMissionID=10 type=1
2025-12-03T13:54:52.128910Z [variant 1]        └─ sub-area 3개 추가 (누적 30)
2025-12-03T13:54:52.128910Z [variant 1]     ▸ (11/11) inputMissionID=11 type=1
2025-12-03T13:54:52.128910Z [variant 1]        └─ sub-area 3개 추가 (누적 33)
2025-12-03T13:54:52.129911Z [variant 1]     ▸ 분할 완료: 33개 sub-area
2025-12-03T13:54:52.129911Z [variant 1] [4] RL 예상시간 계산
2025-12-03T13:54:52.129911Z [variant 1]        RL 진행    1/33  (소요  0.0s)
2025-12-03T13:54:52.129911Z [variant 1]        RL 진행    2/33  (소요  0.0s)
2025-12-03T13:54:52.130911Z [variant 1]        RL 진행    4/33  (소요  0.0s)
2025-12-03T13:54:52.130911Z [variant 1]        RL 진행    6/33  (소요  0.0s)
2025-12-03T13:54:52.130911Z [variant 1]        RL 진행    8/33  (소요  0.0s)
2025-12-03T13:54:52.130911Z [variant 1]        RL 진행   10/33  (소요  0.0s)
2025-12-03T13:54:52.131910Z [variant 1]        RL 진행   12/33  (소요  0.0s)
2025-12-03T13:54:52.131910Z [variant 1]        RL 진행   14/33  (소요  0.0s)
2025-12-03T13:54:52.131910Z [variant 1]        RL 진행   16/33  (소요  0.0s)
2025-12-03T13:54:52.131910Z [variant 1]        RL 진행   18/33  (소요  0.0s)
2025-12-03T13:54:52.131910Z [variant 1]        RL 진행   20/33  (소요  0.0s)
2025-12-03T13:54:52.132910Z [variant 1]        RL 진행   22/33  (소요  0.0s)
2025-12-03T13:54:52.132910Z [variant 1]        RL 진행   24/33  (소요  0.0s)
2025-12-03T13:54:52.132910Z [variant 1]        RL 진행   26/33  (소요  0.0s)
2025-12-03T13:54:52.133910Z [variant 1]        RL 진행   28/33  (소요  0.0s)
2025-12-03T13:54:52.133910Z [variant 1]        RL 진행   30/33  (소요  0.0s)
2025-12-03T13:54:52.133910Z [variant 1]        RL 진행   32/33  (소요  0.0s)
2025-12-03T13:54:52.133910Z [variant 1]        RL 진행   33/33  (소요  0.0s)
2025-12-03T13:54:52.133910Z [variant 1]        ┌─ RL 세부 소요(ms) ─────────────
2025-12-03T13:54:52.134910Z [variant 1]        │ predict :    0.0  / p95    0.0
2025-12-03T13:54:52.134910Z [variant 1]        │ env.step:    0.0  / p95    0.0
2025-12-03T13:54:52.134910Z [variant 1]        │ distance:    0.0  / p95    0.0
2025-12-03T13:54:52.134910Z [variant 1]        └───────────────────────────────
2025-12-03T13:54:52.134910Z [variant 1] [5] PuLP 균등 스케줄링
2025-12-03T13:54:52.135911Z [variant 1] [PuLP] 입력 IMP 로드 → _flat.json
2025-12-03T13:54:52.137910Z [variant 1] [PuLP] 임무 33개 → 11개 그룹 (그룹당 ≤3개)
2025-12-03T13:54:52.289256Z [variant 1] [PuLP] Status = Optimal
2025-12-03T13:54:52.289256Z [variant 1] [PuLP] 최적 편차 = 24664.00 s
2025-12-03T13:54:52.290257Z [variant 1] [PuLP] 저장 완료 → C:\Users\LAHMUMT_2\Desktop\KU_LAHMUMT\Logs\Scenario_2025-12-03T225443\SBC3\mission_output\variant_01\_flat_sched.json
2025-12-03T13:54:52.295330Z [variant 1] [6] UAV IMP 생성‧저장
2025-12-03T13:54:52.627767Z [variant 1]     ▸ IMP 저장: C:\Users\LAHMUMT_2\Desktop\KU_LAHMUMT\Logs\Scenario_2025-12-03T225443\SBC3\mission_output\variant_01\IndividualMissionPlan_UAV004.json
2025-12-03T13:54:52.628767Z [variant 1]     ▸ IMP 저장: C:\Users\LAHMUMT_2\Desktop\KU_LAHMUMT\Logs\Scenario_2025-12-03T225443\SBC3\mission_output\variant_01\IndividualMissionPlan_UAV005.json
2025-12-03T13:54:52.629767Z [variant 1]     ▸ IMP 저장: C:\Users\LAHMUMT_2\Desktop\KU_LAHMUMT\Logs\Scenario_2025-12-03T225443\SBC3\mission_output\variant_01\IndividualMissionPlan_UAV006.json
2025-12-03T13:54:52.631767Z [variant 1] [✔] divide_and_pattern 끝 (총 1762930614.2s 경과)
2025-12-03T13:54:52.631767Z [OK] IMP generated: 6 file(s) (variant=1)
2025-12-03T13:54:52.671159Z [OK] MissionPlan built: MissionPlan_1764770092629.json (variant=1)
2025-12-03T13:54:52.948751Z [INFO] pathID mapping done for 0302/0303/0304 (variant=1)
2025-12-03T13:54:53.246463Z [MODE] 슬라이더 변경 → 임무 수행
2025-12-03T13:54:53.247464Z [0101/POLL] 모드 동기화 code=3
2025-12-03T13:54:53.682431Z [OK] FlightPath counts (variant=1): 0303=33 / 0304=33
2025-12-03T13:54:53.906076Z [OK] Stored variant 1: MissionPlanID=700000001, IMP=6, FlightPath=66
2025-12-03T13:54:53.906076Z [INFO] Option mapping #1: planID=700000001, optionCode=1(시스템추천)
2025-12-03T13:54:53.907078Z [OK] Stored mission data: MissionPlan=1, IndividualMission=6, FlightPath=66
2025-12-03T13:54:53.908175Z [STEP 4] 0301 push queued (planIds=700000001)
2025-12-03T13:54:53.908175Z [INFO] Execution mode -> sending 0901 instead of 0903
2025-12-03T13:54:53.915174Z [0301] missionPlanID=700000001 전송
2025-12-03T13:54:53.916174Z [PUSH] 0301 button click()
2025-12-03T13:54:54.510961Z [0305] status=2, reason=초기임무재계획 전송
2025-12-03T13:54:54.813100Z [0901] option request sent (count=1, codes=1(시스템추천))
2025-12-03T13:55:09.788665Z [AUTO] 0902 received (planIds=700000002, 700000003, 700000004)
2025-12-03T13:55:09.788665Z [AUTO] replan pipeline scheduled after 0.1s delay
2025-12-03T13:55:09.898444Z [0305] status=1, reason=강제귀환으로 인한 재계획 전송
2025-12-03T13:55:09.903445Z [INFO] Using latest 0201 ID 1 for inputMissionPackageID (fallback)
2025-12-03T13:55:09.903445Z [INFO] Using latest 0203 ID 1 for missionReferencePackageID (fallback)
2025-12-03T13:55:09.903445Z [STEP 0] Replan pipeline start (reason=강제귀환으로 인한 재계획)
2025-12-03T13:55:09.904563Z [INFO] Latest input snapshot → 0201:ID=1,ts=816922549226,src=-, 0203:ID=1,ts=818085287593,src=-
2025-12-03T13:55:09.904563Z [STEP 0] Using latest 0201 ID 1 (1.json)
2025-12-03T13:55:09.904563Z [STEP 0] Using latest 0203 ID 1 (1.json)
2025-12-03T13:55:09.910069Z [STEP 1.1] Divide & Pattern start
2025-12-03T13:55:09.910069Z [variant 1] [1] CMPK 로드
2025-12-03T13:55:09.913069Z [variant 1]     ▸ VehicleStatus 적용: 불가 기체 제외 [4]
2025-12-03T13:55:09.913069Z [variant 1]     MRPK 로드
2025-12-03T13:55:09.913069Z [variant 1]     ▸ 로드 완료  (소요 0.01s)
2025-12-03T13:55:09.914069Z [variant 1] [2] LAH 임무 저장 시작
2025-12-03T13:55:10.166466Z [variant 1] [LAH1] LAH 임무파일 저장 → C:\Users\LAHMUMT_2\Desktop\KU_LAHMUMT\Logs\Scenario_2025-12-03T225443\SBC3\mission_output\variant_01\IndividualMissionPlan_LAH001.json
2025-12-03T13:55:10.166466Z [variant 1] [LAH2] LAH 임무파일 저장 → C:\Users\LAHMUMT_2\Desktop\KU_LAHMUMT\Logs\Scenario_2025-12-03T225443\SBC3\mission_output\variant_01\IndividualMissionPlan_LAH002.json
2025-12-03T13:55:10.167467Z [variant 1] [LAH3] LAH 임무파일 저장 → C:\Users\LAHMUMT_2\Desktop\KU_LAHMUMT\Logs\Scenario_2025-12-03T225443\SBC3\mission_output\variant_01\IndividualMissionPlan_LAH003.json
2025-12-03T13:55:10.167467Z [variant 1]     ▸ LAH 3개 파일 저장
2025-12-03T13:55:10.168468Z [variant 1] [3] InputMission 분할
2025-12-03T13:55:10.168468Z [variant 1] [3] InputMission 분할
2025-12-03T13:55:10.169467Z [variant 1]     ▸ (1/11) inputMissionID=1 type=1
2025-12-03T13:55:10.169467Z [variant 1]        └─ sub-area 2개 추가 (누적 2)
2025-12-03T13:55:10.170467Z [variant 1]     ▸ (2/11) inputMissionID=2 type=1
2025-12-03T13:55:10.170467Z [variant 1]        └─ sub-area 2개 추가 (누적 4)
2025-12-03T13:55:10.171468Z [variant 1]     ▸ (3/11) inputMissionID=3 type=2
2025-12-03T13:55:10.171468Z [variant 1]        └─ sub-area 2개 추가 (누적 6)
2025-12-03T13:55:10.172471Z [variant 1]     ▸ (4/11) inputMissionID=4 type=1
2025-12-03T13:55:10.172471Z [variant 1]        └─ sub-area 2개 추가 (누적 8)
2025-12-03T13:55:10.174471Z [variant 1]     ▸ (5/11) inputMissionID=5 type=2
2025-12-03T13:55:10.174471Z [variant 1]        └─ sub-area 2개 추가 (누적 10)
2025-12-03T13:55:10.174471Z [variant 1]     ▸ (6/11) inputMissionID=6 type=1
2025-12-03T13:55:10.175472Z [variant 1]        └─ sub-area 2개 추가 (누적 12)
2025-12-03T13:55:10.175472Z [variant 1]     ▸ (7/11) inputMissionID=7 type=2
2025-12-03T13:55:10.175472Z [variant 1]        └─ sub-area 2개 추가 (누적 14)
2025-12-03T13:55:10.176580Z [variant 1]     ▸ (8/11) inputMissionID=8 type=1
2025-12-03T13:55:10.176580Z [variant 1]        └─ sub-area 2개 추가 (누적 16)
2025-12-03T13:55:10.177580Z [variant 1]     ▸ (9/11) inputMissionID=9 type=2
2025-12-03T13:55:10.177580Z [variant 1]        └─ sub-area 2개 추가 (누적 18)
2025-12-03T13:55:10.177580Z [variant 1]     ▸ (10/11) inputMissionID=10 type=1
2025-12-03T13:55:10.177580Z [variant 1]        └─ sub-area 2개 추가 (누적 20)
2025-12-03T13:55:10.177580Z [variant 1]     ▸ (11/11) inputMissionID=11 type=1
2025-12-03T13:55:10.178581Z [variant 1]        └─ sub-area 2개 추가 (누적 22)
2025-12-03T13:55:10.178581Z [variant 1]     ▸ 분할 완료: 22개 sub-area
2025-12-03T13:55:10.178581Z [variant 1] [4] RL 예상시간 계산
2025-12-03T13:55:10.178581Z [variant 1]        RL 진행    1/22  (소요  0.0s)
2025-12-03T13:55:10.179581Z [variant 1]        RL 진행    2/22  (소요  0.0s)
2025-12-03T13:55:10.179581Z [variant 1]        RL 진행    4/22  (소요  0.0s)
2025-12-03T13:55:10.179581Z [variant 1]        RL 진행    6/22  (소요  0.0s)
2025-12-03T13:55:10.179581Z [variant 1]        RL 진행    8/22  (소요  0.0s)
2025-12-03T13:55:10.180580Z [variant 1]        RL 진행   10/22  (소요  0.0s)
2025-12-03T13:55:10.180580Z [variant 1]        RL 진행   12/22  (소요  0.0s)
2025-12-03T13:55:10.180580Z [variant 1]        RL 진행   14/22  (소요  0.0s)
2025-12-03T13:55:10.180580Z [variant 1]        RL 진행   16/22  (소요  0.0s)
2025-12-03T13:55:10.180580Z [variant 1]        RL 진행   18/22  (소요  0.0s)
2025-12-03T13:55:10.181581Z [variant 1]        RL 진행   20/22  (소요  0.0s)
2025-12-03T13:55:10.181581Z [variant 1]        RL 진행   22/22  (소요  0.0s)
2025-12-03T13:55:10.181581Z [variant 1]        ┌─ RL 세부 소요(ms) ─────────────
2025-12-03T13:55:10.181581Z [variant 1]        │ predict :    0.0  / p95    0.0
2025-12-03T13:55:10.182581Z [variant 1]        │ env.step:    0.0  / p95    0.0
2025-12-03T13:55:10.182581Z [variant 1]        │ distance:    0.0  / p95    0.0
2025-12-03T13:55:10.182581Z [variant 1]        └───────────────────────────────
2025-12-03T13:55:10.182581Z [variant 1] [5] PuLP 균등 스케줄링
2025-12-03T13:55:10.182581Z [variant 1] [PuLP] 입력 IMP 로드 → _flat.json
2025-12-03T13:55:10.183580Z [variant 1] [PuLP] 임무 22개 → 11개 그룹 (그룹당 ≤2개)
2025-12-03T13:55:10.205198Z [variant 1] [PuLP] Status = Optimal
2025-12-03T13:55:10.205198Z [variant 1] [PuLP] 최적 편차 = 39.50 s
2025-12-03T13:55:10.206199Z [variant 1] [PuLP] 저장 완료 → C:\Users\LAHMUMT_2\Desktop\KU_LAHMUMT\Logs\Scenario_2025-12-03T225443\SBC3\mission_output\variant_01\_flat_sched.json
2025-12-03T13:55:10.206199Z [variant 1] [6] UAV IMP 생성‧저장
2025-12-03T13:55:10.465391Z [variant 1]     ▸ IMP 저장: C:\Users\LAHMUMT_2\Desktop\KU_LAHMUMT\Logs\Scenario_2025-12-03T225443\SBC3\mission_output\variant_01\IndividualMissionPlan_UAV005.json
2025-12-03T13:55:10.466391Z [variant 1]     ▸ IMP 저장: C:\Users\LAHMUMT_2\Desktop\KU_LAHMUMT\Logs\Scenario_2025-12-03T225443\SBC3\mission_output\variant_01\IndividualMissionPlan_UAV006.json
2025-12-03T13:55:10.467390Z [variant 1] [✔] divide_and_pattern 끝 (총 1762930613.9s 경과)
2025-12-03T13:55:10.467390Z [OK] IMP generated: 5 file(s) (variant=1)
2025-12-03T13:55:10.500983Z [OK] MissionPlan built: MissionPlan_1764770110466.json (variant=1)
2025-12-03T13:55:10.763628Z [INFO] pathID mapping done for 0302/0303/0304 (variant=1)
2025-12-03T13:55:11.323246Z [OK] FlightPath counts (variant=1): 0303=22 / 0304=33
2025-12-03T13:55:11.552284Z [OK] Stored variant 1: MissionPlanID=700000002, IMP=5, FlightPath=55
2025-12-03T13:55:11.552284Z [INFO] Option mapping #1: planID=700000002, optionCode=1(시스템추천)
2025-12-03T13:55:11.553286Z [STEP 1.2] Divide & Pattern start
2025-12-03T13:55:11.553286Z [variant 2] [1] CMPK 로드
2025-12-03T13:55:11.554285Z [variant 2]     ▸ VehicleStatus 적용: 불가 기체 제외 [4]
2025-12-03T13:55:11.554285Z [variant 2]     MRPK 로드
2025-12-03T13:55:11.554285Z [variant 2]     ▸ 로드 완료  (소요 0.00s)
2025-12-03T13:55:11.554285Z [variant 2] [2] LAH 임무 저장 시작
2025-12-03T13:55:11.786441Z [variant 2] [LAH1] LAH 임무파일 저장 → C:\Users\LAHMUMT_2\Desktop\KU_LAHMUMT\Logs\Scenario_2025-12-03T225443\SBC3\mission_output\variant_02\IndividualMissionPlan_LAH001.json
2025-12-03T13:55:11.787441Z [variant 2] [LAH2] LAH 임무파일 저장 → C:\Users\LAHMUMT_2\Desktop\KU_LAHMUMT\Logs\Scenario_2025-12-03T225443\SBC3\mission_output\variant_02\IndividualMissionPlan_LAH002.json
2025-12-03T13:55:11.788441Z [variant 2] [LAH3] LAH 임무파일 저장 → C:\Users\LAHMUMT_2\Desktop\KU_LAHMUMT\Logs\Scenario_2025-12-03T225443\SBC3\mission_output\variant_02\IndividualMissionPlan_LAH003.json
2025-12-03T13:55:11.788441Z [variant 2]     ▸ LAH 3개 파일 저장
2025-12-03T13:55:11.789441Z [variant 2] [3] InputMission 분할
2025-12-03T13:55:11.789441Z [variant 2] [3] InputMission 분할
2025-12-03T13:55:11.790441Z [variant 2]     ▸ (1/11) inputMissionID=1 type=1
2025-12-03T13:55:11.790441Z [variant 2]        └─ sub-area 2개 추가 (누적 2)
2025-12-03T13:55:11.791441Z [variant 2]     ▸ (2/11) inputMissionID=2 type=1
2025-12-03T13:55:11.791441Z [variant 2]        └─ sub-area 2개 추가 (누적 4)
2025-12-03T13:55:11.791441Z [variant 2]     ▸ (3/11) inputMissionID=3 type=2
2025-12-03T13:55:11.792550Z [variant 2]        └─ sub-area 2개 추가 (누적 6)
2025-12-03T13:55:11.792550Z [variant 2]     ▸ (4/11) inputMissionID=4 type=1
2025-12-03T13:55:11.793550Z [variant 2]        └─ sub-area 2개 추가 (누적 8)
2025-12-03T13:55:11.794549Z [variant 2]     ▸ (5/11) inputMissionID=5 type=2
2025-12-03T13:55:11.794549Z [variant 2]        └─ sub-area 2개 추가 (누적 10)
2025-12-03T13:55:11.797553Z [variant 2]     ▸ (6/11) inputMissionID=6 type=1
2025-12-03T13:55:11.797553Z [variant 2]        └─ sub-area 2개 추가 (누적 12)
2025-12-03T13:55:11.797553Z [variant 2]     ▸ (7/11) inputMissionID=7 type=2
2025-12-03T13:55:11.798553Z [variant 2]        └─ sub-area 2개 추가 (누적 14)
2025-12-03T13:55:11.799553Z [variant 2]     ▸ (8/11) inputMissionID=8 type=1
2025-12-03T13:55:11.799553Z [variant 2]        └─ sub-area 2개 추가 (누적 16)
2025-12-03T13:55:11.799553Z [variant 2]     ▸ (9/11) inputMissionID=9 type=2
2025-12-03T13:55:11.800553Z [variant 2]        └─ sub-area 2개 추가 (누적 18)
2025-12-03T13:55:11.800553Z [variant 2]     ▸ (10/11) inputMissionID=10 type=1
2025-12-03T13:55:11.800553Z [variant 2]        └─ sub-area 2개 추가 (누적 20)
2025-12-03T13:55:11.800553Z [variant 2]     ▸ (11/11) inputMissionID=11 type=1
2025-12-03T13:55:11.801553Z [variant 2]        └─ sub-area 2개 추가 (누적 22)
2025-12-03T13:55:11.801553Z [variant 2]     ▸ 분할 완료: 22개 sub-area
2025-12-03T13:55:11.801553Z [variant 2] [4] RL 예상시간 계산
2025-12-03T13:55:11.802553Z [variant 2]        RL 진행    1/22  (소요  0.0s)
2025-12-03T13:55:11.802553Z [variant 2]        RL 진행    2/22  (소요  0.0s)
2025-12-03T13:55:11.802553Z [variant 2]        RL 진행    4/22  (소요  0.0s)
2025-12-03T13:55:11.802553Z [variant 2]        RL 진행    6/22  (소요  0.0s)
2025-12-03T13:55:11.802553Z [variant 2]        RL 진행    8/22  (소요  0.0s)
2025-12-03T13:55:11.803553Z [variant 2]        RL 진행   10/22  (소요  0.0s)
2025-12-03T13:55:11.803553Z [variant 2]        RL 진행   12/22  (소요  0.0s)
2025-12-03T13:55:11.803553Z [variant 2]        RL 진행   14/22  (소요  0.0s)
2025-12-03T13:55:11.803553Z [variant 2]        RL 진행   16/22  (소요  0.0s)
2025-12-03T13:55:11.804552Z [variant 2]        RL 진행   18/22  (소요  0.0s)
2025-12-03T13:55:11.804552Z [variant 2]        RL 진행   20/22  (소요  0.0s)
2025-12-03T13:55:11.804552Z [variant 2]        RL 진행   22/22  (소요  0.0s)
2025-12-03T13:55:11.804552Z [variant 2]        ┌─ RL 세부 소요(ms) ─────────────
2025-12-03T13:55:11.805553Z [variant 2]        │ predict :    0.0  / p95    0.0
2025-12-03T13:55:11.805553Z [variant 2]        │ env.step:    0.0  / p95    0.0
2025-12-03T13:55:11.805553Z [variant 2]        │ distance:    0.0  / p95    0.0
2025-12-03T13:55:11.805553Z [variant 2]        └───────────────────────────────
2025-12-03T13:55:11.805553Z [variant 2] [5] PuLP 균등 스케줄링
2025-12-03T13:55:11.806555Z [variant 2] [PuLP] 입력 IMP 로드 → _flat.json
2025-12-03T13:55:11.806555Z [variant 2] [PuLP] 임무 22개 → 11개 그룹 (그룹당 ≤2개)
2025-12-03T13:55:11.821174Z [variant 2] [PuLP] Status = Optimal
2025-12-03T13:55:11.822173Z [variant 2] [PuLP] 최적 편차 = 39.50 s
2025-12-03T13:55:11.822173Z [variant 2] [PuLP] 저장 완료 → C:\Users\LAHMUMT_2\Desktop\KU_LAHMUMT\Logs\Scenario_2025-12-03T225443\SBC3\mission_output\variant_02\_flat_sched.json
2025-12-03T13:55:11.822173Z [variant 2] [6] UAV IMP 생성‧저장
2025-12-03T13:55:12.053286Z [variant 2]     ▸ IMP 저장: C:\Users\LAHMUMT_2\Desktop\KU_LAHMUMT\Logs\Scenario_2025-12-03T225443\SBC3\mission_output\variant_02\IndividualMissionPlan_UAV005.json
2025-12-03T13:55:12.054287Z [variant 2]     ▸ IMP 저장: C:\Users\LAHMUMT_2\Desktop\KU_LAHMUMT\Logs\Scenario_2025-12-03T225443\SBC3\mission_output\variant_02\IndividualMissionPlan_UAV006.json
2025-12-03T13:55:12.054287Z [variant 2] [✔] divide_and_pattern 끝 (총 1762930613.9s 경과)
2025-12-03T13:55:12.054287Z [OK] IMP generated: 5 file(s) (variant=2)
2025-12-03T13:55:12.082441Z [OK] MissionPlan built: MissionPlan_1764770112054.json (variant=2)
2025-12-03T13:55:12.325286Z [INFO] pathID mapping done for 0302/0303/0304 (variant=2)
2025-12-03T13:55:12.766870Z [OK] FlightPath counts (variant=2): 0303=22 / 0304=33
2025-12-03T13:55:12.964490Z [OK] Stored variant 2: MissionPlanID=700000003, IMP=5, FlightPath=55
2025-12-03T13:55:12.965490Z [INFO] Option mapping #2: planID=700000003, optionCode=4(정찰특화)
2025-12-03T13:55:12.966490Z [STEP 1.3] Divide & Pattern start
2025-12-03T13:55:12.966490Z [variant 3] [1] CMPK 로드
2025-12-03T13:55:12.966490Z [variant 3]     ▸ VehicleStatus 적용: 불가 기체 제외 [4]
2025-12-03T13:55:12.966490Z [variant 3]     MRPK 로드
2025-12-03T13:55:12.967489Z [variant 3]     ▸ 로드 완료  (소요 0.00s)
2025-12-03T13:55:12.967489Z [variant 3] [2] LAH 임무 저장 시작
2025-12-03T13:55:13.198404Z [variant 3] [LAH1] LAH 임무파일 저장 → C:\Users\LAHMUMT_2\Desktop\KU_LAHMUMT\Logs\Scenario_2025-12-03T225443\SBC3\mission_output\variant_03\IndividualMissionPlan_LAH001.json
2025-12-03T13:55:13.199403Z [variant 3] [LAH2] LAH 임무파일 저장 → C:\Users\LAHMUMT_2\Desktop\KU_LAHMUMT\Logs\Scenario_2025-12-03T225443\SBC3\mission_output\variant_03\IndividualMissionPlan_LAH002.json
2025-12-03T13:55:13.199403Z [variant 3] [LAH3] LAH 임무파일 저장 → C:\Users\LAHMUMT_2\Desktop\KU_LAHMUMT\Logs\Scenario_2025-12-03T225443\SBC3\mission_output\variant_03\IndividualMissionPlan_LAH003.json
2025-12-03T13:55:13.200404Z [variant 3]     ▸ LAH 3개 파일 저장
2025-12-03T13:55:13.200404Z [variant 3] [3] InputMission 분할
2025-12-03T13:55:13.201404Z [variant 3] [3] InputMission 분할
2025-12-03T13:55:13.201404Z [variant 3]     ▸ (1/11) inputMissionID=1 type=1
2025-12-03T13:55:13.201404Z [variant 3]        └─ sub-area 2개 추가 (누적 2)
2025-12-03T13:55:13.202518Z [variant 3]     ▸ (2/11) inputMissionID=2 type=1
2025-12-03T13:55:13.202518Z [variant 3]        └─ sub-area 2개 추가 (누적 4)
2025-12-03T13:55:13.203518Z [variant 3]     ▸ (3/11) inputMissionID=3 type=2
2025-12-03T13:55:13.203518Z [variant 3]        └─ sub-area 2개 추가 (누적 6)
2025-12-03T13:55:13.204521Z [variant 3]     ▸ (4/11) inputMissionID=4 type=1
2025-12-03T13:55:13.204521Z [variant 3]        └─ sub-area 2개 추가 (누적 8)
2025-12-03T13:55:13.205521Z [variant 3]     ▸ (5/11) inputMissionID=5 type=2
2025-12-03T13:55:13.206521Z [variant 3]        └─ sub-area 2개 추가 (누적 10)
2025-12-03T13:55:13.206521Z [variant 3]     ▸ (6/11) inputMissionID=6 type=1
2025-12-03T13:55:13.206521Z [variant 3]        └─ sub-area 2개 추가 (누적 12)
2025-12-03T13:55:13.207521Z [variant 3]     ▸ (7/11) inputMissionID=7 type=2
2025-12-03T13:55:13.208521Z [variant 3]        └─ sub-area 2개 추가 (누적 14)
2025-12-03T13:55:13.208521Z [variant 3]     ▸ (8/11) inputMissionID=8 type=1
2025-12-03T13:55:13.208521Z [variant 3]        └─ sub-area 2개 추가 (누적 16)
2025-12-03T13:55:13.208521Z [variant 3]     ▸ (9/11) inputMissionID=9 type=2
2025-12-03T13:55:13.209522Z [variant 3]        └─ sub-area 2개 추가 (누적 18)
2025-12-03T13:55:13.209522Z [variant 3]     ▸ (10/11) inputMissionID=10 type=1
2025-12-03T13:55:13.209522Z [variant 3]        └─ sub-area 2개 추가 (누적 20)
2025-12-03T13:55:13.209522Z [variant 3]     ▸ (11/11) inputMissionID=11 type=1
2025-12-03T13:55:13.209522Z [variant 3]        └─ sub-area 2개 추가 (누적 22)
2025-12-03T13:55:13.210521Z [variant 3]     ▸ 분할 완료: 22개 sub-area
2025-12-03T13:55:13.210521Z [variant 3] [4] RL 예상시간 계산
2025-12-03T13:55:13.210521Z [variant 3]        RL 진행    1/22  (소요  0.0s)
2025-12-03T13:55:13.210521Z [variant 3]        RL 진행    2/22  (소요  0.0s)
2025-12-03T13:55:13.211522Z [variant 3]        RL 진행    4/22  (소요  0.0s)
2025-12-03T13:55:13.211522Z [variant 3]        RL 진행    6/22  (소요  0.0s)
2025-12-03T13:55:13.211522Z [variant 3]        RL 진행    8/22  (소요  0.0s)
2025-12-03T13:55:13.211522Z [variant 3]        RL 진행   10/22  (소요  0.0s)
2025-12-03T13:55:13.212522Z [variant 3]        RL 진행   12/22  (소요  0.0s)
2025-12-03T13:55:13.212522Z [variant 3]        RL 진행   14/22  (소요  0.0s)
2025-12-03T13:55:13.212522Z [variant 3]        RL 진행   16/22  (소요  0.0s)
2025-12-03T13:55:13.212522Z [variant 3]        RL 진행   18/22  (소요  0.0s)
2025-12-03T13:55:13.212522Z [variant 3]        RL 진행   20/22  (소요  0.0s)
2025-12-03T13:55:13.213521Z [variant 3]        RL 진행   22/22  (소요  0.0s)
2025-12-03T13:55:13.213521Z [variant 3]        ┌─ RL 세부 소요(ms) ─────────────
2025-12-03T13:55:13.213521Z [variant 3]        │ predict :    0.0  / p95    0.0
2025-12-03T13:55:13.213521Z [variant 3]        │ env.step:    0.0  / p95    0.0
2025-12-03T13:55:13.213521Z [variant 3]        │ distance:    0.0  / p95    0.0
2025-12-03T13:55:13.214520Z [variant 3]        └───────────────────────────────
2025-12-03T13:55:13.214520Z [variant 3] [5] PuLP 균등 스케줄링
2025-12-03T13:55:13.214520Z [variant 3] [PuLP] 입력 IMP 로드 → _flat.json
2025-12-03T13:55:13.215521Z [variant 3] [PuLP] 임무 22개 → 11개 그룹 (그룹당 ≤2개)
2025-12-03T13:55:13.233649Z [variant 3] [PuLP] Status = Optimal
2025-12-03T13:55:13.233649Z [variant 3] [PuLP] 최적 편차 = 39.50 s
2025-12-03T13:55:13.234649Z [variant 3] [PuLP] 저장 완료 → C:\Users\LAHMUMT_2\Desktop\KU_LAHMUMT\Logs\Scenario_2025-12-03T225443\SBC3\mission_output\variant_03\_flat_sched.json
2025-12-03T13:55:13.234649Z [variant 3] [6] UAV IMP 생성‧저장
2025-12-03T13:55:13.473409Z [variant 3]     ▸ IMP 저장: C:\Users\LAHMUMT_2\Desktop\KU_LAHMUMT\Logs\Scenario_2025-12-03T225443\SBC3\mission_output\variant_03\IndividualMissionPlan_UAV005.json
2025-12-03T13:55:13.474577Z [variant 3]     ▸ IMP 저장: C:\Users\LAHMUMT_2\Desktop\KU_LAHMUMT\Logs\Scenario_2025-12-03T225443\SBC3\mission_output\variant_03\IndividualMissionPlan_UAV006.json
2025-12-03T13:55:13.474577Z [variant 3] [✔] divide_and_pattern 끝 (총 1762930613.9s 경과)
2025-12-03T13:55:13.474577Z [OK] IMP generated: 5 file(s) (variant=3)
2025-12-03T13:55:13.504164Z [OK] MissionPlan built: MissionPlan_1764770113474.json (variant=3)
2025-12-03T13:55:13.757606Z [INFO] pathID mapping done for 0302/0303/0304 (variant=3)
2025-12-03T13:55:14.246836Z [OK] FlightPath counts (variant=3): 0303=22 / 0304=33
2025-12-03T13:55:14.439827Z [OK] Stored variant 3: MissionPlanID=700000004, IMP=5, FlightPath=55
2025-12-03T13:55:14.439827Z [INFO] Option mapping #3: planID=700000004, optionCode=5(최소시간)
2025-12-03T13:55:14.440828Z [OK] Stored mission data: MissionPlan=3, IndividualMission=15, FlightPath=165
2025-12-03T13:55:14.441827Z [STEP 4] 0301 push queued (planIds=700000002, 700000003, 700000004)
2025-12-03T13:55:14.441827Z [INFO] Execution mode -> sending 0901 instead of 0903
2025-12-03T13:55:14.444828Z [0301] missionPlanID=700000002 전송
2025-12-03T13:55:14.446829Z [0301] missionPlanID=700000003 전송
2025-12-03T13:55:14.447829Z [0301] missionPlanID=700000004 전송
2025-12-03T13:55:14.448828Z [PUSH] 0301 button click()
2025-12-03T13:55:15.044435Z [0305] status=2, reason=강제귀환으로 인한 재계획 전송
2025-12-03T13:55:15.344737Z [0901] option request sent (count=3, codes=1(시스템추천), 4(정찰특화), 5(최소시간))
2025-12-03T13:57:29.485259Z [AUTO] 0902 received (planIds=700000005)
2025-12-03T13:57:29.485259Z [AUTO] replan pipeline scheduled after 0.1s delay
2025-12-03T13:57:29.596387Z [0305] status=1, reason=선행임무 : 좌표지향 전송
2025-12-03T13:57:29.599387Z [INFO] Using latest 0201 ID 1 for inputMissionPackageID (fallback)
2025-12-03T13:57:29.599387Z [INFO] Using latest 0203 ID 1 for missionReferencePackageID (fallback)
2025-12-03T13:57:29.599387Z [STEP 0] Replan pipeline start (reason=선행임무 : 좌표지향)
2025-12-03T13:57:29.600684Z [PRIOR] Level-4 prior mission request but replanDetail missing/invalid → running prior pipeline with empty detail.
2025-12-03T13:57:29.601689Z [PRIOR] detail keys: ∅
2025-12-03T13:57:29.612741Z [PRIOR] sourceMissionPlanID resolved from mission_progress (planID=700000001).
2025-12-03T13:57:29.619249Z [PRIOR][STEP1] Loaded 0401 snapshot with 3 unmanned entries (saved_at=2025-12-03T13:57:29.495379+00:00).
2025-12-03T13:57:29.620248Z [PRIOR][STEP1] UAV 4: currentWP=1, coord=(38.156857, 127.332260, alt=449.0)
2025-12-03T13:57:29.620248Z [PRIOR][STEP1] UAV 5: currentWP=486, coord=(38.155159, 127.335297, alt=449.0)
2025-12-03T13:57:29.620248Z [PRIOR][STEP1] UAV 6: currentWP=532, coord=(38.153740, 127.338112, alt=450.0)
2025-12-03T13:57:29.623249Z [PRIOR][STEP2] Target coordinate 보강: PriorMissionInfo 최신 기록에서 좌표 복구.
2025-12-03T13:57:30.404469Z [PRIOR][STEP2] CoordinateOrientation (PriorMissionInfo latest) altitude resolved via DEM (0m).
2025-12-03T13:57:30.404469Z [PRIOR][STEP2] Target coordinate (0202) → (0.000000, 0.000000, alt=0.0)
2025-12-03T13:57:30.405972Z [PRIOR][STEP3] Nearest UAV 4 selected based on 0401 snapshot (currentWP=1, distance≈13174392.0 m).
2025-12-03T13:57:30.463988Z [PRIOR][STEP4] Reserved new waypoint ID 633 for UAV 4 (currentWP=1, distance≈13174392.0 m).
2025-12-03T13:57:30.463988Z [PRIOR] Allocated IDs -> plan:700000005 imp:800000022 path(prior/resume):400000012/400000013 indiv(prior/resume):900000415/900000416 wp(approach/target):632/633
2025-12-03T13:57:30.465987Z [PRIOR] Stored new artifacts -> plan:700000005.json, imp:800000022.json, fp:400000012.json/400000013.json
2025-12-03T13:57:30.466987Z [PRIOR] Log captured -> C:\Users\LAHMUMT_2\Desktop\KU_LAHMUMT\Logs\Scenario_2025-12-03T225443\SBC3\DSS_Internal\PriorMission_1_818085450463.json
2025-12-03T13:57:30.466987Z [STEP 4] 0301 push queued (planIds=700000005)
2025-12-03T13:57:30.466987Z [INFO] Direct delivery -> skip 0901/0701, send 0301+0903 only
2025-12-03T13:57:30.468489Z [PRIOR] Prior mission pipeline complete (planIds=[700000005], log=C:\Users\LAHMUMT_2\Desktop\KU_LAHMUMT\Logs\Scenario_2025-12-03T225443\SBC3\DSS_Internal\PriorMission_1_818085450463.json)
2025-12-03T13:57:30.470491Z [0301] missionPlanID=700000005 전송
2025-12-03T13:57:30.471491Z [PUSH] 0301 button click()
2025-12-03T13:57:31.071310Z [0305] status=2, reason=선행임무 : 좌표지향 전송
2025-12-03T13:57:31.376668Z [0903] request sent (missionPlanID=700000005)
2025-12-03T14:12:24.855889Z [AUTO] 0902 received (planIds=700000006, 700000007)
2025-12-03T14:12:24.856889Z [AUTO] replan pipeline scheduled after 0.1s delay
2025-12-03T14:12:24.961556Z [0305] status=1, reason=무인기 1번 - 전차(ID-7) 발견으로 인한 재계획 전송
2025-12-03T14:12:24.966553Z [INFO] Using latest 0201 ID 1 for inputMissionPackageID (fallback)
2025-12-03T14:12:24.967553Z [INFO] Using latest 0203 ID 1 for missionReferencePackageID (fallback)
2025-12-03T14:12:24.967553Z [STEP 0] Replan pipeline start (reason=무인기 1번 - 전차(ID-7) 발견으로 인한 재계획)
2025-12-03T14:12:24.968553Z [ATTACK] 공격 특화 재계획 요청 감지 → 전용 파이프라인 실행
2025-12-03T14:12:24.977177Z [ATTACK] STEP1 Selected manned aircraft: aircraft 2 (fuel=1.2999999523162842, coord=(38.1268424987793, 127.30203247070312, alt=296))
2025-12-03T14:12:24.978177Z [ATTACK] STEP2 UAV tracking summary: watcher 4?’target 7
2025-12-03T14:12:30.113924Z [ATTACK] STEP3 Attack plan completed: lat=38.131029, lon=127.293834, alt=503m
2025-12-03T14:12:30.129430Z [ATTACK] [PRIOR] Falling back to first mission for aircraft 2 (current waypoint not found in plan).
2025-12-03T14:12:30.184204Z [ATTACK] [ATTACK][LAH] Generated attack/egress missions -> IMP:800000023.json PATHS:200000073.json/200000074.json
2025-12-03T14:12:30.184204Z [ATTACK] [PRIOR] Aircraft 4 not present in MissionPlan 700000002.
2025-12-03T14:12:30.186204Z [ATTACK] [ATTACK][PLAN] MissionPlan saved -> 700000006.json (planID=700000006)
2025-12-03T14:12:30.187707Z [ATTACK] 분석 로그 저장: C:\Users\LAHMUMT_2\Desktop\KU_LAHMUMT\Logs\Scenario_2025-12-03T225443\SBC3\DSS_Internal\log_attack_algorithm_20251203T141230_186204.json
2025-12-03T14:12:30.188710Z [ATTACK] 공격 임무 계획 완료 (planIds=700000006, 700000007)
2025-12-03T14:12:30.189709Z [INFO] Latest input snapshot → 0201:ID=1,ts=816922549226,src=-, 0203:ID=1,ts=818085287593,src=-
2025-12-03T14:12:30.189709Z [STEP 0] Using latest 0201 ID 1 (1.json)
2025-12-03T14:12:30.190709Z [STEP 0] Using latest 0203 ID 1 (1.json)
2025-12-03T14:12:30.190709Z [WARN] 공격 옵션이 있으나 활용 가능한 대상 정보가 없어 기본 임무를 유지합니다.
2025-12-03T14:12:30.191709Z [STEP 1.1] Divide & Pattern start
2025-12-03T14:12:30.191709Z [variant 1] [1] CMPK 로드
2025-12-03T14:12:30.192712Z [variant 1]     ▸ VehicleStatus 적용: 불가 기체 제외 [4]
2025-12-03T14:12:30.192712Z [variant 1]     MRPK 로드
2025-12-03T14:12:30.192712Z [variant 1]     ▸ 로드 완료  (소요 0.00s)
2025-12-03T14:12:30.193697Z [variant 1] [2] LAH 임무 저장 시작
2025-12-03T14:12:30.569206Z [variant 1] [LAH1] LAH 임무파일 저장 → C:\Users\LAHMUMT_2\Desktop\KU_LAHMUMT\Logs\Scenario_2025-12-03T225443\SBC3\mission_output\variant_01\IndividualMissionPlan_LAH001.json
2025-12-03T14:12:30.570205Z [variant 1] [LAH2] LAH 임무파일 저장 → C:\Users\LAHMUMT_2\Desktop\KU_LAHMUMT\Logs\Scenario_2025-12-03T225443\SBC3\mission_output\variant_01\IndividualMissionPlan_LAH002.json
2025-12-03T14:12:30.572206Z [variant 1] [LAH3] LAH 임무파일 저장 → C:\Users\LAHMUMT_2\Desktop\KU_LAHMUMT\Logs\Scenario_2025-12-03T225443\SBC3\mission_output\variant_01\IndividualMissionPlan_LAH003.json
2025-12-03T14:12:30.572206Z [variant 1]     ▸ LAH 3개 파일 저장
2025-12-03T14:12:30.573206Z [variant 1] [3] InputMission 분할
2025-12-03T14:12:30.574206Z [variant 1] [3] InputMission 분할
2025-12-03T14:12:30.575205Z [variant 1]     ▸ (1/11) inputMissionID=1 type=1
2025-12-03T14:12:30.575205Z [variant 1]        └─ sub-area 2개 추가 (누적 2)
2025-12-03T14:12:30.576206Z [variant 1]     ▸ (2/11) inputMissionID=2 type=1
2025-12-03T14:12:30.577205Z [variant 1]        └─ sub-area 2개 추가 (누적 4)
2025-12-03T14:12:30.578205Z [variant 1]     ▸ (3/11) inputMissionID=3 type=2
2025-12-03T14:12:30.579207Z [variant 1]        └─ sub-area 2개 추가 (누적 6)
2025-12-03T14:12:30.580208Z [variant 1]     ▸ (4/11) inputMissionID=4 type=1
2025-12-03T14:12:30.580208Z [variant 1]        └─ sub-area 2개 추가 (누적 8)
2025-12-03T14:12:30.581207Z [variant 1]     ▸ (5/11) inputMissionID=5 type=2
2025-12-03T14:12:30.584301Z [variant 1]        └─ sub-area 2개 추가 (누적 10)
2025-12-03T14:12:30.584301Z [variant 1]     ▸ (6/11) inputMissionID=6 type=1
2025-12-03T14:12:30.585301Z [variant 1]        └─ sub-area 2개 추가 (누적 12)
2025-12-03T14:12:30.585301Z [variant 1]     ▸ (7/11) inputMissionID=7 type=2
2025-12-03T14:12:30.586301Z [variant 1]        └─ sub-area 2개 추가 (누적 14)
2025-12-03T14:12:30.587301Z [variant 1]     ▸ (8/11) inputMissionID=8 type=1
2025-12-03T14:12:30.588301Z [variant 1]        └─ sub-area 2개 추가 (누적 16)
2025-12-03T14:12:30.588301Z [variant 1]     ▸ (9/11) inputMissionID=9 type=2
2025-12-03T14:12:30.589301Z [variant 1]        └─ sub-area 2개 추가 (누적 18)
2025-12-03T14:12:30.589301Z [variant 1]     ▸ (10/11) inputMissionID=10 type=1
2025-12-03T14:12:30.589301Z [variant 1]        └─ sub-area 2개 추가 (누적 20)
2025-12-03T14:12:30.590301Z [variant 1]     ▸ (11/11) inputMissionID=11 type=1
2025-12-03T14:12:30.590301Z [variant 1]        └─ sub-area 2개 추가 (누적 22)
2025-12-03T14:12:30.590301Z [variant 1]     ▸ 분할 완료: 22개 sub-area
2025-12-03T14:12:30.591301Z [variant 1] [4] RL 예상시간 계산
2025-12-03T14:12:30.591301Z [variant 1]        RL 진행    1/22  (소요  0.0s)
2025-12-03T14:12:30.591301Z [variant 1]        RL 진행    2/22  (소요  0.0s)
2025-12-03T14:12:30.592301Z [variant 1]        RL 진행    4/22  (소요  0.0s)
2025-12-03T14:12:30.592301Z [variant 1]        RL 진행    6/22  (소요  0.0s)
2025-12-03T14:12:30.592301Z [variant 1]        RL 진행    8/22  (소요  0.0s)
2025-12-03T14:12:30.592301Z [variant 1]        RL 진행   10/22  (소요  0.0s)
2025-12-03T14:12:30.593802Z [variant 1]        RL 진행   12/22  (소요  0.0s)
2025-12-03T14:12:30.593802Z [variant 1]        RL 진행   14/22  (소요  0.0s)
2025-12-03T14:12:30.593802Z [variant 1]        RL 진행   16/22  (소요  0.0s)
2025-12-03T14:12:30.594805Z [variant 1]        RL 진행   18/22  (소요  0.0s)
2025-12-03T14:12:30.594805Z [variant 1]        RL 진행   20/22  (소요  0.0s)
2025-12-03T14:12:30.595805Z [variant 1]        RL 진행   22/22  (소요  0.0s)
2025-12-03T14:12:30.595805Z [variant 1]        ┌─ RL 세부 소요(ms) ─────────────
2025-12-03T14:12:30.595805Z [variant 1]        │ predict :    0.0  / p95    0.0
2025-12-03T14:12:30.596805Z [variant 1]        │ env.step:    0.0  / p95    0.0
2025-12-03T14:12:30.596805Z [variant 1]        │ distance:    0.0  / p95    0.0
2025-12-03T14:12:30.596805Z [variant 1]        └───────────────────────────────
2025-12-03T14:12:30.597805Z [variant 1] [5] PuLP 균등 스케줄링
2025-12-03T14:12:30.597805Z [variant 1] [PuLP] 입력 IMP 로드 → _flat.json
2025-12-03T14:12:30.598808Z [variant 1] [PuLP] 임무 22개 → 11개 그룹 (그룹당 ≤2개)
2025-12-03T14:12:30.615920Z [variant 1] [PuLP] Status = Optimal
2025-12-03T14:12:30.616920Z [variant 1] [PuLP] 최적 편차 = 39.50 s
2025-12-03T14:12:30.618015Z [variant 1] [PuLP] 저장 완료 → C:\Users\LAHMUMT_2\Desktop\KU_LAHMUMT\Logs\Scenario_2025-12-03T225443\SBC3\mission_output\variant_01\_flat_sched.json
2025-12-03T14:12:30.618015Z [variant 1] [6] UAV IMP 생성‧저장
2025-12-03T14:12:31.007914Z [variant 1]     ▸ IMP 저장: C:\Users\LAHMUMT_2\Desktop\KU_LAHMUMT\Logs\Scenario_2025-12-03T225443\SBC3\mission_output\variant_01\IndividualMissionPlan_UAV005.json
2025-12-03T14:12:31.008915Z [variant 1]     ▸ IMP 저장: C:\Users\LAHMUMT_2\Desktop\KU_LAHMUMT\Logs\Scenario_2025-12-03T225443\SBC3\mission_output\variant_01\IndividualMissionPlan_UAV006.json
2025-12-03T14:12:31.009915Z [variant 1] [✔] divide_and_pattern 끝 (총 1762930614.1s 경과)
2025-12-03T14:12:31.010914Z [OK] IMP generated: 5 file(s) (variant=1)
2025-12-03T14:12:31.045604Z [OK] MissionPlan built: MissionPlan_1764771151009.json (variant=1)
2025-12-03T14:12:31.422227Z [INFO] pathID mapping done for 0302/0303/0304 (variant=1)
2025-12-03T14:12:32.218760Z [OK] FlightPath counts (variant=1): 0303=22 / 0304=33
2025-12-03T14:12:32.567402Z [OK] Stored variant 1: MissionPlanID=700000006, IMP=5, FlightPath=55
2025-12-03T14:12:32.567402Z [INFO] Option mapping #1: planID=700000006, optionCode=2(공격특화)
2025-12-03T14:12:32.569402Z [STEP 1.2] Divide & Pattern start
2025-12-03T14:12:32.569402Z [variant 2] [1] CMPK 로드
2025-12-03T14:12:32.570402Z [variant 2]     ▸ VehicleStatus 적용: 불가 기체 제외 [4]
2025-12-03T14:12:32.570402Z [variant 2]     MRPK 로드
2025-12-03T14:12:32.571411Z [variant 2]     ▸ 로드 완료  (소요 0.00s)
2025-12-03T14:12:32.571411Z [variant 2] [2] LAH 임무 저장 시작
2025-12-03T14:12:32.922131Z [variant 2] [LAH1] LAH 임무파일 저장 → C:\Users\LAHMUMT_2\Desktop\KU_LAHMUMT\Logs\Scenario_2025-12-03T225443\SBC3\mission_output\variant_02\IndividualMissionPlan_LAH001.json
2025-12-03T14:12:32.923136Z [variant 2] [LAH2] LAH 임무파일 저장 → C:\Users\LAHMUMT_2\Desktop\KU_LAHMUMT\Logs\Scenario_2025-12-03T225443\SBC3\mission_output\variant_02\IndividualMissionPlan_LAH002.json
2025-12-03T14:12:32.925134Z [variant 2] [LAH3] LAH 임무파일 저장 → C:\Users\LAHMUMT_2\Desktop\KU_LAHMUMT\Logs\Scenario_2025-12-03T225443\SBC3\mission_output\variant_02\IndividualMissionPlan_LAH003.json
2025-12-03T14:12:32.926133Z [variant 2]     ▸ LAH 3개 파일 저장
2025-12-03T14:12:32.927133Z [variant 2] [3] InputMission 분할
2025-12-03T14:12:32.927133Z [variant 2] [3] InputMission 분할
2025-12-03T14:12:32.928133Z [variant 2]     ▸ (1/11) inputMissionID=1 type=1
2025-12-03T14:12:32.929133Z [variant 2]        └─ sub-area 2개 추가 (누적 2)
2025-12-03T14:12:32.929133Z [variant 2]     ▸ (2/11) inputMissionID=2 type=1
2025-12-03T14:12:32.930133Z [variant 2]        └─ sub-area 2개 추가 (누적 4)
2025-12-03T14:12:32.930133Z [variant 2]     ▸ (3/11) inputMissionID=3 type=2
2025-12-03T14:12:32.931243Z [variant 2]        └─ sub-area 2개 추가 (누적 6)
2025-12-03T14:12:32.931243Z [variant 2]     ▸ (4/11) inputMissionID=4 type=1
2025-12-03T14:12:32.933243Z [variant 2]        └─ sub-area 2개 추가 (누적 8)
2025-12-03T14:12:32.933243Z [variant 2]     ▸ (5/11) inputMissionID=5 type=2
2025-12-03T14:12:32.934243Z [variant 2]        └─ sub-area 2개 추가 (누적 10)
2025-12-03T14:12:32.935243Z [variant 2]     ▸ (6/11) inputMissionID=6 type=1
2025-12-03T14:12:32.936244Z [variant 2]        └─ sub-area 2개 추가 (누적 12)
2025-12-03T14:12:32.936244Z [variant 2]     ▸ (7/11) inputMissionID=7 type=2
2025-12-03T14:12:32.937747Z [variant 2]        └─ sub-area 2개 추가 (누적 14)
2025-12-03T14:12:32.937747Z [variant 2]     ▸ (8/11) inputMissionID=8 type=1
2025-12-03T14:12:32.938749Z [variant 2]        └─ sub-area 2개 추가 (누적 16)
2025-12-03T14:12:32.939750Z [variant 2]     ▸ (9/11) inputMissionID=9 type=2
2025-12-03T14:12:32.940749Z [variant 2]        └─ sub-area 2개 추가 (누적 18)
2025-12-03T14:12:32.940749Z [variant 2]     ▸ (10/11) inputMissionID=10 type=1
2025-12-03T14:12:32.941749Z [variant 2]        └─ sub-area 2개 추가 (누적 20)
2025-12-03T14:12:32.942749Z [variant 2]     ▸ (11/11) inputMissionID=11 type=1
2025-12-03T14:12:32.943749Z [variant 2]        └─ sub-area 2개 추가 (누적 22)
2025-12-03T14:12:32.943749Z [variant 2]     ▸ 분할 완료: 22개 sub-area
2025-12-03T14:12:32.944749Z [variant 2] [4] RL 예상시간 계산
2025-12-03T14:12:32.944749Z [variant 2]        RL 진행    1/22  (소요  0.0s)
2025-12-03T14:12:32.945750Z [variant 2]        RL 진행    2/22  (소요  0.0s)
2025-12-03T14:12:32.946750Z [variant 2]        RL 진행    4/22  (소요  0.0s)
2025-12-03T14:12:32.946750Z [variant 2]        RL 진행    6/22  (소요  0.0s)
2025-12-03T14:12:32.947850Z [variant 2]        RL 진행    8/22  (소요  0.0s)
2025-12-03T14:12:32.947850Z [variant 2]        RL 진행   10/22  (소요  0.0s)
2025-12-03T14:12:32.948850Z [variant 2]        RL 진행   12/22  (소요  0.0s)
2025-12-03T14:12:32.949850Z [variant 2]        RL 진행   14/22  (소요  0.0s)
2025-12-03T14:12:32.950850Z [variant 2]        RL 진행   16/22  (소요  0.0s)
2025-12-03T14:12:32.950850Z [variant 2]        RL 진행   18/22  (소요  0.0s)
2025-12-03T14:12:32.950850Z [variant 2]        RL 진행   20/22  (소요  0.0s)
2025-12-03T14:12:32.951850Z [variant 2]        RL 진행   22/22  (소요  0.0s)
2025-12-03T14:12:32.951850Z [variant 2]        ┌─ RL 세부 소요(ms) ─────────────
2025-12-03T14:12:32.951850Z [variant 2]        │ predict :    0.0  / p95    0.0
2025-12-03T14:12:32.952850Z [variant 2]        │ env.step:    0.0  / p95    0.1
2025-12-03T14:12:32.952850Z [variant 2]        │ distance:    0.0  / p95    0.0
2025-12-03T14:12:32.952850Z [variant 2]        └───────────────────────────────
2025-12-03T14:12:32.953852Z [variant 2] [5] PuLP 균등 스케줄링
2025-12-03T14:12:32.953852Z [variant 2] [PuLP] 입력 IMP 로드 → _flat.json
2025-12-03T14:12:32.954852Z [variant 2] [PuLP] 임무 22개 → 11개 그룹 (그룹당 ≤2개)
2025-12-03T14:12:32.982862Z [variant 2] [PuLP] Status = Optimal
2025-12-03T14:12:32.983862Z [variant 2] [PuLP] 최적 편차 = 39.50 s
2025-12-03T14:12:32.983862Z [variant 2] [PuLP] 저장 완료 → C:\Users\LAHMUMT_2\Desktop\KU_LAHMUMT\Logs\Scenario_2025-12-03T225443\SBC3\mission_output\variant_02\_flat_sched.json
2025-12-03T14:12:32.984864Z [variant 2] [6] UAV IMP 생성‧저장
2025-12-03T14:12:33.321164Z [variant 2]     ▸ IMP 저장: C:\Users\LAHMUMT_2\Desktop\KU_LAHMUMT\Logs\Scenario_2025-12-03T225443\SBC3\mission_output\variant_02\IndividualMissionPlan_UAV005.json
2025-12-03T14:12:33.323288Z [variant 2]     ▸ IMP 저장: C:\Users\LAHMUMT_2\Desktop\KU_LAHMUMT\Logs\Scenario_2025-12-03T225443\SBC3\mission_output\variant_02\IndividualMissionPlan_UAV006.json
2025-12-03T14:12:33.323288Z [variant 2] [✔] divide_and_pattern 끝 (총 1762930614.0s 경과)
2025-12-03T14:12:33.324289Z [OK] IMP generated: 5 file(s) (variant=2)
2025-12-03T14:12:33.349883Z [OK] MissionPlan built: MissionPlan_1764771153323.json (variant=2)
2025-12-03T14:12:33.702718Z [INFO] pathID mapping done for 0302/0303/0304 (variant=2)
2025-12-03T14:12:34.464718Z [OK] FlightPath counts (variant=2): 0303=22 / 0304=33
2025-12-03T14:12:34.800919Z [OK] Stored variant 2: MissionPlanID=700000007, IMP=5, FlightPath=55
2025-12-03T14:12:34.800919Z [INFO] Option mapping #2: planID=700000007, optionCode=4(정찰특화)
2025-12-03T14:12:34.802920Z [OK] Stored mission data: MissionPlan=2, IndividualMission=10, FlightPath=110
2025-12-03T14:12:34.803921Z [STEP 4] 0301 push queued (planIds=700000006, 700000007)
2025-12-03T14:12:34.804919Z [INFO] Execution mode -> sending 0901 instead of 0903
2025-12-03T14:12:34.808920Z [0301] missionPlanID=700000006 전송
2025-12-03T14:12:34.810919Z [0301] missionPlanID=700000007 전송
2025-12-03T14:12:34.810919Z [PUSH] 0301 button click()
2025-12-03T14:12:35.417072Z [0305] status=2, reason=무인기 1번 - 전차(ID-7) 발견으로 인한 재계획 전송
2025-12-03T14:12:35.716805Z [0901] option request sent (count=2, codes=2(공격특화), 4(정찰특화))
2025-12-03T14:24:40.915956Z [AUTO] 0902 received (planIds=700000008, 700000009, 700000010)
2025-12-03T14:24:40.916954Z [AUTO] replan pipeline scheduled after 0.1s delay
2025-12-03T14:24:41.024498Z [0305] status=1, reason=강제귀환으로 인한 재계획 전송
2025-12-03T14:24:41.029598Z [INFO] Using latest 0201 ID 1 for inputMissionPackageID (fallback)
2025-12-03T14:24:41.031099Z [INFO] Using latest 0203 ID 1 for missionReferencePackageID (fallback)
2025-12-03T14:24:41.032105Z [STEP 0] Replan pipeline start (reason=강제귀환으로 인한 재계획)
2025-12-03T14:24:41.036101Z [INFO] Latest input snapshot → 0201:ID=1,ts=816922549226,src=-, 0203:ID=1,ts=818085287593,src=-
2025-12-03T14:24:41.037101Z [STEP 0] Using latest 0201 ID 1 (1.json)
2025-12-03T14:24:41.037101Z [STEP 0] Using latest 0203 ID 1 (1.json)
2025-12-03T14:24:41.038102Z [STEP 1.1] Divide & Pattern start
2025-12-03T14:24:41.038102Z [variant 1] [1] CMPK 로드
2025-12-03T14:24:41.041102Z [variant 1]     ▸ VehicleStatus 적용: 불가 기체 제외 [4, 5]
2025-12-03T14:24:41.042101Z [variant 1]     MRPK 로드
2025-12-03T14:24:41.043213Z [variant 1]     ▸ 로드 완료  (소요 0.01s)
2025-12-03T14:24:41.043213Z [variant 1] [2] LAH 임무 저장 시작
2025-12-03T14:24:41.444367Z [variant 1] [LAH1] LAH 임무파일 저장 → C:\Users\LAHMUMT_2\Desktop\KU_LAHMUMT\Logs\Scenario_2025-12-03T225443\SBC3\mission_output\variant_01\IndividualMissionPlan_LAH001.json
2025-12-03T14:24:41.444367Z [variant 1] [LAH2] LAH 임무파일 저장 → C:\Users\LAHMUMT_2\Desktop\KU_LAHMUMT\Logs\Scenario_2025-12-03T225443\SBC3\mission_output\variant_01\IndividualMissionPlan_LAH002.json
2025-12-03T14:24:41.447365Z [variant 1] [LAH3] LAH 임무파일 저장 → C:\Users\LAHMUMT_2\Desktop\KU_LAHMUMT\Logs\Scenario_2025-12-03T225443\SBC3\mission_output\variant_01\IndividualMissionPlan_LAH003.json
2025-12-03T14:24:41.448366Z [variant 1]     ▸ LAH 3개 파일 저장
2025-12-03T14:24:41.448366Z [variant 1] [3] InputMission 분할
2025-12-03T14:24:41.449366Z [variant 1] [3] InputMission 분할
2025-12-03T14:24:41.450366Z [variant 1]     ▸ (1/11) inputMissionID=1 type=1
2025-12-03T14:24:41.450366Z [variant 1]        └─ sub-area 1개 추가 (누적 1)
2025-12-03T14:24:41.451366Z [variant 1]     ▸ (2/11) inputMissionID=2 type=1
2025-12-03T14:24:41.452366Z [variant 1]        └─ sub-area 1개 추가 (누적 2)
2025-12-03T14:24:41.452366Z [variant 1]     ▸ (3/11) inputMissionID=3 type=2
2025-12-03T14:24:41.453366Z [variant 1]        └─ sub-area 1개 추가 (누적 3)
2025-12-03T14:24:41.454369Z [variant 1]     ▸ (4/11) inputMissionID=4 type=1
2025-12-03T14:24:41.455369Z [variant 1]        └─ sub-area 1개 추가 (누적 4)
2025-12-03T14:24:41.456369Z [variant 1]     ▸ (5/11) inputMissionID=5 type=2
2025-12-03T14:24:41.457369Z [variant 1]        └─ sub-area 1개 추가 (누적 5)
2025-12-03T14:24:41.457369Z [variant 1]     ▸ (6/11) inputMissionID=6 type=1
2025-12-03T14:24:41.458369Z [variant 1]        └─ sub-area 1개 추가 (누적 6)
2025-12-03T14:24:41.458369Z [variant 1]     ▸ (7/11) inputMissionID=7 type=2
2025-12-03T14:24:41.458369Z [variant 1]        └─ sub-area 1개 추가 (누적 7)
2025-12-03T14:24:41.459369Z [variant 1]     ▸ (8/11) inputMissionID=8 type=1
2025-12-03T14:24:41.459369Z [variant 1]        └─ sub-area 1개 추가 (누적 8)
2025-12-03T14:24:41.459369Z [variant 1]     ▸ (9/11) inputMissionID=9 type=2
2025-12-03T14:24:41.460369Z [variant 1]        └─ sub-area 1개 추가 (누적 9)
2025-12-03T14:24:41.460369Z [variant 1]     ▸ (10/11) inputMissionID=10 type=1
2025-12-03T14:24:41.460369Z [variant 1]        └─ sub-area 1개 추가 (누적 10)
2025-12-03T14:24:41.461369Z [variant 1]     ▸ (11/11) inputMissionID=11 type=1
2025-12-03T14:24:41.461369Z [variant 1]        └─ sub-area 1개 추가 (누적 11)
2025-12-03T14:24:41.461369Z [variant 1]     ▸ 분할 완료: 11개 sub-area
2025-12-03T14:24:41.462369Z [variant 1] [4] RL 예상시간 계산
2025-12-03T14:24:41.462369Z [variant 1]        RL 진행    1/11  (소요  0.0s)
2025-12-03T14:24:41.462369Z [variant 1]        RL 진행    2/11  (소요  0.0s)
2025-12-03T14:24:41.463369Z [variant 1]        RL 진행    3/11  (소요  0.0s)
2025-12-03T14:24:41.464369Z [variant 1]        RL 진행    4/11  (소요  0.0s)
2025-12-03T14:24:41.464369Z [variant 1]        RL 진행    5/11  (소요  0.0s)
2025-12-03T14:24:41.464369Z [variant 1]        RL 진행    6/11  (소요  0.0s)
2025-12-03T14:24:41.465549Z [variant 1]        RL 진행    7/11  (소요  0.0s)
2025-12-03T14:24:41.465549Z [variant 1]        RL 진행    8/11  (소요  0.0s)
2025-12-03T14:24:41.466549Z [variant 1]        RL 진행    9/11  (소요  0.0s)
2025-12-03T14:24:41.466549Z [variant 1]        RL 진행   10/11  (소요  0.0s)
2025-12-03T14:24:41.467630Z [variant 1]        RL 진행   11/11  (소요  0.0s)
2025-12-03T14:24:41.467630Z [variant 1]        ┌─ RL 세부 소요(ms) ─────────────
2025-12-03T14:24:41.468631Z [variant 1]        │ predict :    0.0  / p95    0.0
2025-12-03T14:24:41.469134Z [variant 1]        │ env.step:    0.0  / p95    0.0
2025-12-03T14:24:41.469134Z [variant 1]        │ distance:    0.0  / p95    0.0
2025-12-03T14:24:41.469134Z [variant 1]        └───────────────────────────────
2025-12-03T14:24:41.470138Z [variant 1] [5] PuLP 균등 스케줄링
2025-12-03T14:24:41.470138Z [variant 1] [PuLP] 입력 IMP 로드 → _flat.json
2025-12-03T14:24:41.470138Z [variant 1] [PuLP] 임무 11개 → 11개 그룹 (그룹당 ≤1개)
2025-12-03T14:24:41.490725Z [variant 1] [PuLP] Status = Optimal
2025-12-03T14:24:41.491727Z [variant 1] [PuLP] 최적 편차 = 0.00 s
2025-12-03T14:24:41.491727Z [variant 1] [PuLP] 저장 완료 → C:\Users\LAHMUMT_2\Desktop\KU_LAHMUMT\Logs\Scenario_2025-12-03T225443\SBC3\mission_output\variant_01\_flat_sched.json
2025-12-03T14:24:41.492727Z [variant 1] [6] UAV IMP 생성‧저장
2025-12-03T14:24:41.712559Z [variant 1]     ▸ IMP 저장: C:\Users\LAHMUMT_2\Desktop\KU_LAHMUMT\Logs\Scenario_2025-12-03T225443\SBC3\mission_output\variant_01\IndividualMissionPlan_UAV006.json
2025-12-03T14:24:41.712559Z [variant 1] [✔] divide_and_pattern 끝 (총 1762930613.9s 경과)
2025-12-03T14:24:41.713558Z [OK] IMP generated: 4 file(s) (variant=1)
2025-12-03T14:24:41.747982Z [OK] MissionPlan built: MissionPlan_1764771881711.json (variant=1)
2025-12-03T14:24:42.096893Z [INFO] pathID mapping done for 0302/0303/0304 (variant=1)
2025-12-03T14:24:42.637002Z [OK] FlightPath counts (variant=1): 0303=11 / 0304=33
2025-12-03T14:24:42.931753Z [OK] Stored variant 1: MissionPlanID=700000008, IMP=4, FlightPath=44
2025-12-03T14:24:42.931753Z [INFO] Option mapping #1: planID=700000008, optionCode=1(시스템추천)
2025-12-03T14:24:42.933753Z [STEP 1.2] Divide & Pattern start
2025-12-03T14:24:42.933753Z [variant 2] [1] CMPK 로드
2025-12-03T14:24:42.935256Z [variant 2]     ▸ VehicleStatus 적용: 불가 기체 제외 [4, 5]
2025-12-03T14:24:42.935256Z [variant 2]     MRPK 로드
2025-12-03T14:24:42.935256Z [variant 2]     ▸ 로드 완료  (소요 0.00s)
2025-12-03T14:24:42.936258Z [variant 2] [2] LAH 임무 저장 시작
2025-12-03T14:24:43.304279Z [variant 2] [LAH1] LAH 임무파일 저장 → C:\Users\LAHMUMT_2\Desktop\KU_LAHMUMT\Logs\Scenario_2025-12-03T225443\SBC3\mission_output\variant_02\IndividualMissionPlan_LAH001.json
2025-12-03T14:24:43.305278Z [variant 2] [LAH2] LAH 임무파일 저장 → C:\Users\LAHMUMT_2\Desktop\KU_LAHMUMT\Logs\Scenario_2025-12-03T225443\SBC3\mission_output\variant_02\IndividualMissionPlan_LAH002.json
2025-12-03T14:24:43.307277Z [variant 2] [LAH3] LAH 임무파일 저장 → C:\Users\LAHMUMT_2\Desktop\KU_LAHMUMT\Logs\Scenario_2025-12-03T225443\SBC3\mission_output\variant_02\IndividualMissionPlan_LAH003.json
2025-12-03T14:24:43.308278Z [variant 2]     ▸ LAH 3개 파일 저장
2025-12-03T14:24:43.309277Z [variant 2] [3] InputMission 분할
2025-12-03T14:24:43.309277Z [variant 2] [3] InputMission 분할
2025-12-03T14:24:43.310278Z [variant 2]     ▸ (1/11) inputMissionID=1 type=1
2025-12-03T14:24:43.310278Z [variant 2]        └─ sub-area 1개 추가 (누적 1)
2025-12-03T14:24:43.311278Z [variant 2]     ▸ (2/11) inputMissionID=2 type=1
2025-12-03T14:24:43.312278Z [variant 2]        └─ sub-area 1개 추가 (누적 2)
2025-12-03T14:24:43.312278Z [variant 2]     ▸ (3/11) inputMissionID=3 type=2
2025-12-03T14:24:43.313420Z [variant 2]        └─ sub-area 1개 추가 (누적 3)
2025-12-03T14:24:43.313420Z [variant 2]     ▸ (4/11) inputMissionID=4 type=1
2025-12-03T14:24:43.314420Z [variant 2]        └─ sub-area 1개 추가 (누적 4)
2025-12-03T14:24:43.314420Z [variant 2]     ▸ (5/11) inputMissionID=5 type=2
2025-12-03T14:24:43.315420Z [variant 2]        └─ sub-area 1개 추가 (누적 5)
2025-12-03T14:24:43.316421Z [variant 2]     ▸ (6/11) inputMissionID=6 type=1
2025-12-03T14:24:43.316421Z [variant 2]        └─ sub-area 1개 추가 (누적 6)
2025-12-03T14:24:43.317420Z [variant 2]     ▸ (7/11) inputMissionID=7 type=2
2025-12-03T14:24:43.317420Z [variant 2]        └─ sub-area 1개 추가 (누적 7)
2025-12-03T14:24:43.318421Z [variant 2]     ▸ (8/11) inputMissionID=8 type=1
2025-12-03T14:24:43.318421Z [variant 2]        └─ sub-area 1개 추가 (누적 8)
2025-12-03T14:24:43.319421Z [variant 2]     ▸ (9/11) inputMissionID=9 type=2
2025-12-03T14:24:43.320420Z [variant 2]        └─ sub-area 1개 추가 (누적 9)
2025-12-03T14:24:43.320420Z [variant 2]     ▸ (10/11) inputMissionID=10 type=1
2025-12-03T14:24:43.321199Z [variant 2]        └─ sub-area 1개 추가 (누적 10)
2025-12-03T14:24:43.322288Z [variant 2]     ▸ (11/11) inputMissionID=11 type=1
2025-12-03T14:24:43.323288Z [variant 2]        └─ sub-area 1개 추가 (누적 11)
2025-12-03T14:24:43.323288Z [variant 2]     ▸ 분할 완료: 11개 sub-area
2025-12-03T14:24:43.323288Z [variant 2] [4] RL 예상시간 계산
2025-12-03T14:24:43.324288Z [variant 2]        RL 진행    1/11  (소요  0.0s)
2025-12-03T14:24:43.324288Z [variant 2]        RL 진행    2/11  (소요  0.0s)
2025-12-03T14:24:43.325288Z [variant 2]        RL 진행    3/11  (소요  0.0s)
2025-12-03T14:24:43.325288Z [variant 2]        RL 진행    4/11  (소요  0.0s)
2025-12-03T14:24:43.325288Z [variant 2]        RL 진행    5/11  (소요  0.0s)
2025-12-03T14:24:43.326288Z [variant 2]        RL 진행    6/11  (소요  0.0s)
2025-12-03T14:24:43.326288Z [variant 2]        RL 진행    7/11  (소요  0.0s)
2025-12-03T14:24:43.326288Z [variant 2]        RL 진행    8/11  (소요  0.0s)
2025-12-03T14:24:43.327790Z [variant 2]        RL 진행    9/11  (소요  0.0s)
2025-12-03T14:24:43.328793Z [variant 2]        RL 진행   10/11  (소요  0.0s)
2025-12-03T14:24:43.329794Z [variant 2]        RL 진행   11/11  (소요  0.0s)
2025-12-03T14:24:43.329794Z [variant 2]        ┌─ RL 세부 소요(ms) ─────────────
2025-12-03T14:24:43.329794Z [variant 2]        │ predict :    0.0  / p95    0.0
2025-12-03T14:24:43.330793Z [variant 2]        │ env.step:    0.1  / p95    0.1
2025-12-03T14:24:43.330793Z [variant 2]        │ distance:    0.0  / p95    0.0
2025-12-03T14:24:43.330793Z [variant 2]        └───────────────────────────────
2025-12-03T14:24:43.331793Z [variant 2] [5] PuLP 균등 스케줄링
2025-12-03T14:24:43.331793Z [variant 2] [PuLP] 입력 IMP 로드 → _flat.json
2025-12-03T14:24:43.332793Z [variant 2] [PuLP] 임무 11개 → 11개 그룹 (그룹당 ≤1개)
2025-12-03T14:24:43.346550Z [variant 2] [PuLP] Status = Optimal
2025-12-03T14:24:43.347549Z [variant 2] [PuLP] 최적 편차 = 0.00 s
2025-12-03T14:24:43.347549Z [variant 2] [PuLP] 저장 완료 → C:\Users\LAHMUMT_2\Desktop\KU_LAHMUMT\Logs\Scenario_2025-12-03T225443\SBC3\mission_output\variant_02\_flat_sched.json
2025-12-03T14:24:43.348550Z [variant 2] [6] UAV IMP 생성‧저장
2025-12-03T14:24:43.546611Z [variant 2]     ▸ IMP 저장: C:\Users\LAHMUMT_2\Desktop\KU_LAHMUMT\Logs\Scenario_2025-12-03T225443\SBC3\mission_output\variant_02\IndividualMissionPlan_UAV006.json
2025-12-03T14:24:43.546611Z [variant 2] [✔] divide_and_pattern 끝 (총 1762930613.9s 경과)
2025-12-03T14:24:43.547614Z [OK] IMP generated: 4 file(s) (variant=2)
2025-12-03T14:24:43.583184Z [OK] MissionPlan built: MissionPlan_1764771883547.json (variant=2)
2025-12-03T14:24:43.936177Z [INFO] pathID mapping done for 0302/0303/0304 (variant=2)
2025-12-03T14:24:44.485590Z [OK] FlightPath counts (variant=2): 0303=11 / 0304=33
2025-12-03T14:24:44.807014Z [OK] Stored variant 2: MissionPlanID=700000009, IMP=4, FlightPath=44
2025-12-03T14:24:44.808018Z [INFO] Option mapping #2: planID=700000009, optionCode=4(정찰특화)
2025-12-03T14:24:44.809018Z [STEP 1.3] Divide & Pattern start
2025-12-03T14:24:44.809018Z [variant 3] [1] CMPK 로드
2025-12-03T14:24:44.810018Z [variant 3]     ▸ VehicleStatus 적용: 불가 기체 제외 [4, 5]
2025-12-03T14:24:44.810018Z [variant 3]     MRPK 로드
2025-12-03T14:24:44.811018Z [variant 3]     ▸ 로드 완료  (소요 0.00s)
2025-12-03T14:24:44.811018Z [variant 3] [2] LAH 임무 저장 시작
2025-12-03T14:24:45.255101Z [variant 3] [LAH1] LAH 임무파일 저장 → C:\Users\LAHMUMT_2\Desktop\KU_LAHMUMT\Logs\Scenario_2025-12-03T225443\SBC3\mission_output\variant_03\IndividualMissionPlan_LAH001.json
2025-12-03T14:24:45.256102Z [variant 3] [LAH2] LAH 임무파일 저장 → C:\Users\LAHMUMT_2\Desktop\KU_LAHMUMT\Logs\Scenario_2025-12-03T225443\SBC3\mission_output\variant_03\IndividualMissionPlan_LAH002.json
2025-12-03T14:24:45.257599Z [variant 3] [LAH3] LAH 임무파일 저장 → C:\Users\LAHMUMT_2\Desktop\KU_LAHMUMT\Logs\Scenario_2025-12-03T225443\SBC3\mission_output\variant_03\IndividualMissionPlan_LAH003.json
2025-12-03T14:24:45.258696Z [variant 3]     ▸ LAH 3개 파일 저장
2025-12-03T14:24:45.258696Z [variant 3] [3] InputMission 분할
2025-12-03T14:24:45.259695Z [variant 3] [3] InputMission 분할
2025-12-03T14:24:45.260695Z [variant 3]     ▸ (1/11) inputMissionID=1 type=1
2025-12-03T14:24:45.261695Z [variant 3]        └─ sub-area 1개 추가 (누적 1)
2025-12-03T14:24:45.262695Z [variant 3]     ▸ (2/11) inputMissionID=2 type=1
2025-12-03T14:24:45.264695Z [variant 3]        └─ sub-area 1개 추가 (누적 2)
2025-12-03T14:24:45.265695Z [variant 3]     ▸ (3/11) inputMissionID=3 type=2
2025-12-03T14:24:45.265695Z [variant 3]        └─ sub-area 1개 추가 (누적 3)
2025-12-03T14:24:45.265695Z [variant 3]     ▸ (4/11) inputMissionID=4 type=1
2025-12-03T14:24:45.266698Z [variant 3]        └─ sub-area 1개 추가 (누적 4)
2025-12-03T14:24:45.267700Z [variant 3]     ▸ (5/11) inputMissionID=5 type=2
2025-12-03T14:24:45.267700Z [variant 3]        └─ sub-area 1개 추가 (누적 5)
2025-12-03T14:24:45.267700Z [variant 3]     ▸ (6/11) inputMissionID=6 type=1
2025-12-03T14:24:45.268699Z [variant 3]        └─ sub-area 1개 추가 (누적 6)
2025-12-03T14:24:45.268699Z [variant 3]     ▸ (7/11) inputMissionID=7 type=2
2025-12-03T14:24:45.268699Z [variant 3]        └─ sub-area 1개 추가 (누적 7)
2025-12-03T14:24:45.269699Z [variant 3]     ▸ (8/11) inputMissionID=8 type=1
2025-12-03T14:24:45.270698Z [variant 3]        └─ sub-area 1개 추가 (누적 8)
2025-12-03T14:24:45.270698Z [variant 3]     ▸ (9/11) inputMissionID=9 type=2
2025-12-03T14:24:45.271698Z [variant 3]        └─ sub-area 1개 추가 (누적 9)
2025-12-03T14:24:45.271698Z [variant 3]     ▸ (10/11) inputMissionID=10 type=1
2025-12-03T14:24:45.271698Z [variant 3]        └─ sub-area 1개 추가 (누적 10)
2025-12-03T14:24:45.272697Z [variant 3]     ▸ (11/11) inputMissionID=11 type=1
2025-12-03T14:24:45.272697Z [variant 3]        └─ sub-area 1개 추가 (누적 11)
2025-12-03T14:24:45.272697Z [variant 3]     ▸ 분할 완료: 11개 sub-area
2025-12-03T14:24:45.273699Z [variant 3] [4] RL 예상시간 계산
2025-12-03T14:24:45.273699Z [variant 3]        RL 진행    1/11  (소요  0.0s)
2025-12-03T14:24:45.274700Z [variant 3]        RL 진행    2/11  (소요  0.0s)
2025-12-03T14:24:45.274700Z [variant 3]        RL 진행    3/11  (소요  0.0s)
2025-12-03T14:24:45.274700Z [variant 3]        RL 진행    4/11  (소요  0.0s)
2025-12-03T14:24:45.275699Z [variant 3]        RL 진행    5/11  (소요  0.0s)
2025-12-03T14:24:45.275699Z [variant 3]        RL 진행    6/11  (소요  0.0s)
2025-12-03T14:24:45.275699Z [variant 3]        RL 진행    7/11  (소요  0.0s)
2025-12-03T14:24:45.276698Z [variant 3]        RL 진행    8/11  (소요  0.0s)
2025-12-03T14:24:45.276698Z [variant 3]        RL 진행    9/11  (소요  0.0s)
2025-12-03T14:24:45.276698Z [variant 3]        RL 진행   10/11  (소요  0.0s)
2025-12-03T14:24:45.277700Z [variant 3]        RL 진행   11/11  (소요  0.0s)
2025-12-03T14:24:45.277700Z [variant 3]        ┌─ RL 세부 소요(ms) ─────────────
2025-12-03T14:24:45.277700Z [variant 3]        │ predict :    0.0  / p95    0.0
2025-12-03T14:24:45.278698Z [variant 3]        │ env.step:    0.0  / p95    0.1
2025-12-03T14:24:45.278698Z [variant 3]        │ distance:    0.0  / p95    0.0
2025-12-03T14:24:45.278698Z [variant 3]        └───────────────────────────────
2025-12-03T14:24:45.279698Z [variant 3] [5] PuLP 균등 스케줄링
2025-12-03T14:24:45.279698Z [variant 3] [PuLP] 입력 IMP 로드 → _flat.json
2025-12-03T14:24:45.279698Z [variant 3] [PuLP] 임무 11개 → 11개 그룹 (그룹당 ≤1개)
2025-12-03T14:24:45.283204Z [variant 3] [PuLP] Status = Optimal
2025-12-03T14:24:45.284202Z [variant 3] [PuLP] 최적 편차 = 0.00 s
2025-12-03T14:24:45.284202Z [variant 3] [PuLP] 저장 완료 → C:\Users\LAHMUMT_2\Desktop\KU_LAHMUMT\Logs\Scenario_2025-12-03T225443\SBC3\mission_output\variant_03\_flat_sched.json
2025-12-03T14:24:45.285204Z [variant 3] [6] UAV IMP 생성‧저장
2025-12-03T14:24:45.486437Z [variant 3]     ▸ IMP 저장: C:\Users\LAHMUMT_2\Desktop\KU_LAHMUMT\Logs\Scenario_2025-12-03T225443\SBC3\mission_output\variant_03\IndividualMissionPlan_UAV006.json
2025-12-03T14:24:45.487437Z [variant 3] [✔] divide_and_pattern 끝 (총 1762930613.9s 경과)
2025-12-03T14:24:45.488438Z [OK] IMP generated: 4 file(s) (variant=3)
2025-12-03T14:24:45.516698Z [OK] MissionPlan built: MissionPlan_1764771885487.json (variant=3)
2025-12-03T14:24:46.002593Z [INFO] pathID mapping done for 0302/0303/0304 (variant=3)
2025-12-03T14:24:46.542589Z [OK] FlightPath counts (variant=3): 0303=11 / 0304=33
2025-12-03T14:24:46.816817Z [OK] Stored variant 3: MissionPlanID=700000010, IMP=4, FlightPath=44
2025-12-03T14:24:46.817817Z [INFO] Option mapping #3: planID=700000010, optionCode=5(최소시간)
2025-12-03T14:24:46.818816Z [OK] Stored mission data: MissionPlan=3, IndividualMission=12, FlightPath=132
2025-12-03T14:24:46.819818Z [STEP 4] 0301 push queued (planIds=700000008, 700000009, 700000010)
2025-12-03T14:24:46.819818Z [INFO] Execution mode -> sending 0901 instead of 0903
2025-12-03T14:24:46.822910Z [0301] missionPlanID=700000008 전송
2025-12-03T14:24:46.824911Z [0301] missionPlanID=700000009 전송
2025-12-03T14:24:46.826910Z [0301] missionPlanID=700000010 전송
2025-12-03T14:24:46.827911Z [PUSH] 0301 button click()
2025-12-03T14:24:47.425684Z [0305] status=2, reason=강제귀환으로 인한 재계획 전송
2025-12-03T14:24:47.725035Z [0901] option request sent (count=3, codes=1(시스템추천), 4(정찰특화), 5(최소시간))
