2026-01-04T18:33:04.514392Z [LOG] Mission planning log started: C:\Users\LAHMUMT_2\Desktop\KU_LAHMUMT\Logs\Scenario_2026-01-05T032943\SBC3\DSS_Internal\mission_planning_gui_20260104T183304_512392Z.log
2026-01-04T18:33:04.514392Z CTRL UDP 수신 대기 시작 (127.0.0.1:45981)
2026-01-04T18:33:04.515896Z [0101] 모드 수신 리스너 등록 완료
2026-01-04T18:33:04.884975Z [BUS] NodeMessenger 초기화 완료
2026-01-04T18:33:24.256584Z [MODE] 슬라이더 변경 → 대기모드
2026-01-04T18:33:24.257585Z [0101/POLL] 모드 동기화 code=1
2026-01-04T18:33:28.208968Z [INFO] Latest 0203 ID updated → 1
2026-01-04T18:33:28.603644Z [INFO] Latest 0201 ID updated → 1
2026-01-04T18:33:29.798550Z [AUTO] 0902 received (planIds=700000001)
2026-01-04T18:33:29.798550Z [AUTO] replan pipeline scheduled after 0.1s delay
2026-01-04T18:33:29.917245Z [0305] status=1, reason=초기임무재계획 전송
2026-01-04T18:33:29.920246Z [INFO] Using latest 0201 ID 1 for inputMissionPackageID (fallback)
2026-01-04T18:33:29.920246Z [INFO] Using latest 0203 ID 1 for missionReferencePackageID (fallback)
2026-01-04T18:33:29.920246Z [STEP 0] Replan pipeline start (reason=초기임무재계획)
2026-01-04T18:33:30.010214Z [MODE] 슬라이더 변경 → 초기 임무 계획
2026-01-04T18:33:30.011215Z [0101/POLL] 모드 동기화 code=2
2026-01-04T18:33:32.418293Z [INFO] Latest input snapshot → 0201:ID=1,ts=816922549226,src=-, 0203:ID=1,ts=820866808205,src=-
2026-01-04T18:33:32.418293Z [STEP 0] Using latest 0201 ID 1 (1.json)
2026-01-04T18:33:32.419294Z [STEP 0] Using latest 0203 ID 1 (1.json)
2026-01-04T18:33:32.419294Z [STEP 1.1] Divide & Pattern start
2026-01-04T18:33:32.419294Z [variant 1] [1] CMPK 로드
2026-01-04T18:33:32.427410Z [variant 1]     ▸ VehicleStatus 적용: 사용 가능한 기체 [1, 2, 3, 4, 5, 6]
2026-01-04T18:33:32.427410Z [variant 1]     MRPK 로드
2026-01-04T18:33:32.428411Z [variant 1]     ▸ 로드 완료  (소요 0.01s)
2026-01-04T18:33:32.428411Z [variant 1] [2] LAH 임무 저장 시작
2026-01-04T18:33:32.659390Z [variant 1] [LAH1] LAH 임무파일 저장 → C:\Users\LAHMUMT_2\Desktop\KU_LAHMUMT\Logs\Scenario_2026-01-05T033324\SBC3\mission_output\variant_01\IndividualMissionPlan_LAH001.json
2026-01-04T18:33:32.660391Z [variant 1] [LAH2] LAH 임무파일 저장 → C:\Users\LAHMUMT_2\Desktop\KU_LAHMUMT\Logs\Scenario_2026-01-05T033324\SBC3\mission_output\variant_01\IndividualMissionPlan_LAH002.json
2026-01-04T18:33:32.661738Z [variant 1] [LAH3] LAH 임무파일 저장 → C:\Users\LAHMUMT_2\Desktop\KU_LAHMUMT\Logs\Scenario_2026-01-05T033324\SBC3\mission_output\variant_01\IndividualMissionPlan_LAH003.json
2026-01-04T18:33:32.662742Z [variant 1] [TIME] LAH save: 0.23s
2026-01-04T18:33:32.662742Z [variant 1]     ▸ LAH 3개 파일 저장
2026-01-04T18:33:32.662742Z [variant 1] [3] InputMission 분할
2026-01-04T18:33:32.663742Z [variant 1] [3] InputMission 분할
2026-01-04T18:33:32.664741Z [variant 1]     ▸ (1/11) inputMissionID=1 type=1
2026-01-04T18:33:32.664741Z [variant 1]        └─ sub-area 3개 추가 (누적 3)
2026-01-04T18:33:32.664741Z [variant 1]     ▸ (2/11) inputMissionID=2 type=1
2026-01-04T18:33:32.665741Z [variant 1]        └─ sub-area 3개 추가 (누적 6)
2026-01-04T18:33:32.665741Z [variant 1]     ▸ (3/11) inputMissionID=3 type=2
2026-01-04T18:33:32.666741Z [variant 1]        └─ sub-area 3개 추가 (누적 9)
2026-01-04T18:33:32.666741Z [variant 1]     ▸ (4/11) inputMissionID=4 type=1
2026-01-04T18:33:32.666741Z [variant 1]        └─ sub-area 3개 추가 (누적 12)
2026-01-04T18:33:32.667742Z [variant 1]     ▸ (5/11) inputMissionID=5 type=2
2026-01-04T18:33:32.667742Z [variant 1]        └─ sub-area 3개 추가 (누적 15)
2026-01-04T18:33:32.668741Z [variant 1]     ▸ (6/11) inputMissionID=6 type=1
2026-01-04T18:33:32.668741Z [variant 1]        └─ sub-area 3개 추가 (누적 18)
2026-01-04T18:33:32.669741Z [variant 1]     ▸ (7/11) inputMissionID=7 type=2
2026-01-04T18:33:32.669741Z [variant 1]        └─ sub-area 3개 추가 (누적 21)
2026-01-04T18:33:32.672045Z [variant 1]     ▸ (8/11) inputMissionID=8 type=1
2026-01-04T18:33:32.673047Z [variant 1]        └─ sub-area 3개 추가 (누적 24)
2026-01-04T18:33:32.674339Z [variant 1]     ▸ (9/11) inputMissionID=9 type=2
2026-01-04T18:33:32.674339Z [variant 1]        └─ sub-area 3개 추가 (누적 27)
2026-01-04T18:33:32.675339Z [variant 1]     ▸ (10/11) inputMissionID=10 type=1
2026-01-04T18:33:32.675339Z [variant 1]        └─ sub-area 3개 추가 (누적 30)
2026-01-04T18:33:32.675339Z [variant 1]     ▸ (11/11) inputMissionID=11 type=1
2026-01-04T18:33:32.676339Z [variant 1]        └─ sub-area 3개 추가 (누적 33)
2026-01-04T18:33:32.676339Z [variant 1]     ▸ 분할 완료: 33개 sub-area
2026-01-04T18:33:32.676339Z [variant 1] [TIME] InputMission split: 0.01s
2026-01-04T18:33:32.677339Z [variant 1] [4] RL 예상시간 계산
2026-01-04T18:33:32.677339Z [variant 1]        RL 진행    1/33  (소요  0.0s)
2026-01-04T18:33:32.677339Z [variant 1]        RL 진행    2/33  (소요  0.0s)
2026-01-04T18:33:32.677339Z [variant 1]        RL 진행    4/33  (소요  0.0s)
2026-01-04T18:33:32.677339Z [variant 1]        RL 진행    6/33  (소요  0.0s)
2026-01-04T18:33:32.678339Z [variant 1]        RL 진행    8/33  (소요  0.0s)
2026-01-04T18:33:32.678339Z [variant 1]        RL 진행   10/33  (소요  0.0s)
2026-01-04T18:33:32.678339Z [variant 1]        RL 진행   12/33  (소요  0.0s)
2026-01-04T18:33:32.678339Z [variant 1]        RL 진행   14/33  (소요  0.0s)
2026-01-04T18:33:32.679338Z [variant 1]        RL 진행   16/33  (소요  0.0s)
2026-01-04T18:33:32.679338Z [variant 1]        RL 진행   18/33  (소요  0.0s)
2026-01-04T18:33:32.679338Z [variant 1]        RL 진행   20/33  (소요  0.0s)
2026-01-04T18:33:32.679338Z [variant 1]        RL 진행   22/33  (소요  0.0s)
2026-01-04T18:33:32.679338Z [variant 1]        RL 진행   24/33  (소요  0.0s)
2026-01-04T18:33:32.680338Z [variant 1]        RL 진행   26/33  (소요  0.0s)
2026-01-04T18:33:32.680338Z [variant 1]        RL 진행   28/33  (소요  0.0s)
2026-01-04T18:33:32.680338Z [variant 1]        RL 진행   30/33  (소요  0.0s)
2026-01-04T18:33:32.680338Z [variant 1]        RL 진행   32/33  (소요  0.0s)
2026-01-04T18:33:32.680338Z [variant 1]        RL 진행   33/33  (소요  0.0s)
2026-01-04T18:33:32.681338Z [variant 1]        ┌─ RL 세부 소요(ms) ─────────────
2026-01-04T18:33:32.681338Z [variant 1]        │ predict :    0.0  / p95    0.0
2026-01-04T18:33:32.681338Z [variant 1]        │ env.step:    0.0  / p95    0.0
2026-01-04T18:33:32.681338Z [variant 1]        │ distance:    0.0  / p95    0.0
2026-01-04T18:33:32.682338Z [variant 1]        └───────────────────────────────
2026-01-04T18:33:32.682338Z [variant 1] [TIME] RL total: 0.00s
2026-01-04T18:33:32.682338Z [variant 1] [5] PuLP 균등 스케줄링
2026-01-04T18:33:32.682338Z [variant 1] [PuLP] 입력 IMP 로드 → _flat.json
2026-01-04T18:33:32.685338Z [variant 1] [PuLP] 임무 33개 → 11개 그룹 (그룹당 ≤3개)
2026-01-04T18:33:32.867605Z [variant 1] [PuLP] Status = Optimal
2026-01-04T18:33:32.868605Z [variant 1] [PuLP] 최적 편차 = 24664.00 s
2026-01-04T18:33:32.869605Z [variant 1] [PuLP] 저장 완료 → C:\Users\LAHMUMT_2\Desktop\KU_LAHMUMT\Logs\Scenario_2026-01-05T033324\SBC3\mission_output\variant_01\_flat_sched.json
2026-01-04T18:33:32.870605Z [variant 1] [TIME] PuLP scheduling: 0.20s
2026-01-04T18:33:32.877607Z [variant 1] [6] UAV IMP 생성‧저장
2026-01-04T18:33:33.256877Z [variant 1]     ▸ IMP 저장: C:\Users\LAHMUMT_2\Desktop\KU_LAHMUMT\Logs\Scenario_2026-01-05T033324\SBC3\mission_output\variant_01\IndividualMissionPlan_UAV004.json
2026-01-04T18:33:33.257876Z [variant 1]     ▸ IMP 저장: C:\Users\LAHMUMT_2\Desktop\KU_LAHMUMT\Logs\Scenario_2026-01-05T033324\SBC3\mission_output\variant_01\IndividualMissionPlan_UAV005.json
2026-01-04T18:33:33.258875Z [variant 1]     ▸ IMP 저장: C:\Users\LAHMUMT_2\Desktop\KU_LAHMUMT\Logs\Scenario_2026-01-05T033324\SBC3\mission_output\variant_01\IndividualMissionPlan_UAV006.json
2026-01-04T18:33:33.259875Z [variant 1] [✔] divide_and_pattern 끝 (총 0.8s 경과)
2026-01-04T18:33:33.259875Z [variant 1] [TIME] UAV IMP build: 0.38s, files=3
2026-01-04T18:33:33.259875Z [TIME] divide_and_pattern (variant=1): 840.2 ms
2026-01-04T18:33:33.259875Z [OK] IMP generated: 6 file(s) (variant=1)
2026-01-04T18:33:33.293699Z [TIME] build_0301+load (variant=1): 34.4 ms
2026-01-04T18:33:33.294699Z [OK] MissionPlan built: MissionPlan_1767551613259.json (variant=1)
2026-01-04T18:33:33.295699Z [TIME] collect_missions (variant=1): 1.7 ms, count=66
2026-01-04T18:33:33.564660Z [TIME] pathID_mapping (variant=1): 268.7 ms
2026-01-04T18:33:33.565664Z [INFO] pathID mapping done for 0302/0303/0304 (variant=1)
2026-01-04T18:33:33.565664Z [INFO] FlightPath build mode: parallel (variant=1)
2026-01-04T18:33:34.679298Z [INFO] FlightPath build time (parallel): 0303=1113.2 ms, 0304=717.2 ms, wall=1114.9 ms
2026-01-04T18:33:34.680298Z [OK] FlightPath counts (variant=1): 0303=33 / 0304=33
2026-01-04T18:33:34.859209Z [TIME] build_0302 (variant=1): 179.4 ms, packages=6
2026-01-04T18:33:34.865989Z [TIME] write_0302 (variant=1): 6.0 ms, files=6
2026-01-04T18:33:34.903526Z [TIME] write_FlightPath (variant=1): 38.0 ms, files=66
2026-01-04T18:33:34.903526Z [TIME] write_0301 (variant=1): 0.3 ms
2026-01-04T18:33:34.904527Z [OK] Stored variant 1: MissionPlanID=700000001, IMP=6, FlightPath=66
2026-01-04T18:33:34.904527Z [TIME] variant_total (variant=1): 2484.6 ms
2026-01-04T18:33:34.904527Z [INFO] Option mapping #1: planID=700000001, optionCode=1(시스템추천)
2026-01-04T18:33:34.905526Z [OK] Stored mission data: MissionPlan=1, IndividualMission=6, FlightPath=66
2026-01-04T18:33:34.905526Z [STEP 4] 0301 push queued (planIds=700000001)
2026-01-04T18:33:34.913529Z [0301] missionPlanID=700000001 전송
2026-01-04T18:33:34.914530Z [PUSH] 0301 button click()
2026-01-04T18:33:35.519205Z [0305] status=2, reason=초기임무재계획 전송
2026-01-04T18:33:35.816880Z [0903] request sent (missionPlanID=700000001)
2026-01-04T18:33:39.516949Z [MODE] 슬라이더 변경 → 임무 수행
2026-01-04T18:33:39.520065Z [0101/POLL] 모드 동기화 code=3
2026-01-04T18:33:58.799493Z [AUTO] 0902 received (planIds=700000002, 700000003)
2026-01-04T18:33:58.799493Z [AUTO] replan pipeline scheduled after 0.1s delay
2026-01-04T18:33:58.897071Z [0305] status=1, reason=무인기 1번 - 전차(ID-7) 발견으로 인한 재계획 전송
2026-01-04T18:33:58.900071Z [INFO] Using latest 0201 ID 1 for inputMissionPackageID (fallback)
2026-01-04T18:33:58.901069Z [INFO] Using latest 0203 ID 1 for missionReferencePackageID (fallback)
2026-01-04T18:33:58.901069Z [STEP 0] Replan pipeline start (reason=무인기 1번 - 전차(ID-7) 발견으로 인한 재계획)
2026-01-04T18:33:58.902069Z [ATTACK] 공격 특화 재계획 요청 감지 → 전용 파이프라인 실행
2026-01-04T18:33:58.910071Z [ATTACK] STEP1 Selected manned aircraft: aircraft 2 (fuel=1.2999999523162842, coord=(38.12656021118164, 127.30205535888672, alt=296))
2026-01-04T18:33:58.911071Z [ATTACK] STEP2 UAV tracking summary: watcher 4?’target 7
2026-01-04T18:34:03.207664Z [ATTACK] STEP3 Attack plan completed: lat=38.131029, lon=127.293834, alt=503m
2026-01-04T18:34:03.229665Z [ATTACK] [PRIOR] Falling back to first mission for aircraft 2 (current waypoint not found in plan).
2026-01-04T18:34:03.270902Z [ATTACK] [ATTACK][LAH] Generated attack/egress missions -> IMP:800000007.json PATHS:200000019.json/200000020.json
2026-01-04T18:34:03.314974Z [ATTACK] [ATTACK][UAV] Generated tracking/resume missions -> IMP:800000008.json PATHS:400000012.json/400000013.json
2026-01-04T18:34:03.316975Z [ATTACK] [ATTACK][PLAN] MissionPlan saved -> 700000002.json (planID=700000002)
2026-01-04T18:34:03.320975Z [ATTACK] 분석 로그 저장: C:\Users\LAHMUMT_2\Desktop\KU_LAHMUMT\Logs\Scenario_2026-01-05T033324\SBC3\DSS_Internal\log_attack_algorithm_20260104T183403_319976.json
2026-01-04T18:34:03.321975Z [ATTACK] 공격 임무 계획 완료 (planIds=700000002, 700000003)
2026-01-04T18:34:03.321975Z [INFO] Latest input snapshot → 0201:ID=1,ts=816922549226,src=-, 0203:ID=1,ts=820866808205,src=-
2026-01-04T18:34:03.322975Z [STEP 0] Using latest 0201 ID 1 (1.json)
2026-01-04T18:34:03.322975Z [STEP 0] Using latest 0203 ID 1 (1.json)
2026-01-04T18:34:03.322975Z [WARN] 공격 옵션이 있으나 활용 가능한 대상 정보가 없어 기본 임무를 유지합니다.
2026-01-04T18:34:03.323975Z [STEP 1.1] Divide & Pattern start
2026-01-04T18:34:03.323975Z [variant 1] [1] CMPK 로드
2026-01-04T18:34:03.323975Z [variant 1]     ▸ VehicleStatus 적용: 사용 가능한 기체 [1, 2, 3, 4, 5, 6]
2026-01-04T18:34:03.323975Z [variant 1]     MRPK 로드
2026-01-04T18:34:03.481633Z [variant 1]     ▸ 로드 완료  (소요 0.00s)
2026-01-04T18:34:03.481633Z [variant 1] [2] LAH 임무 저장 시작
2026-01-04T18:34:03.846400Z [variant 1] [LAH1] LAH 임무파일 저장 → C:\Users\LAHMUMT_2\Desktop\KU_LAHMUMT\Logs\Scenario_2026-01-05T033324\SBC3\mission_output\variant_01\IndividualMissionPlan_LAH001.json
2026-01-04T18:34:03.847401Z [variant 1] [LAH2] LAH 임무파일 저장 → C:\Users\LAHMUMT_2\Desktop\KU_LAHMUMT\Logs\Scenario_2026-01-05T033324\SBC3\mission_output\variant_01\IndividualMissionPlan_LAH002.json
2026-01-04T18:34:03.850400Z [variant 1] [LAH3] LAH 임무파일 저장 → C:\Users\LAHMUMT_2\Desktop\KU_LAHMUMT\Logs\Scenario_2026-01-05T033324\SBC3\mission_output\variant_01\IndividualMissionPlan_LAH003.json
2026-01-04T18:34:03.851401Z [variant 1] [TIME] LAH save: 0.53s
2026-01-04T18:34:03.851401Z [variant 1]     ▸ LAH 3개 파일 저장
2026-01-04T18:34:03.852401Z [variant 1] [3] InputMission 분할
2026-01-04T18:34:03.854401Z [variant 1] [3] InputMission 분할
2026-01-04T18:34:03.854401Z [variant 1]     ▸ (1/11) inputMissionID=1 type=1
2026-01-04T18:34:03.855401Z [variant 1]        └─ sub-area 3개 추가 (누적 3)
2026-01-04T18:34:03.856402Z [variant 1]     ▸ (2/11) inputMissionID=2 type=1
2026-01-04T18:34:03.857401Z [variant 1]        └─ sub-area 3개 추가 (누적 6)
2026-01-04T18:34:03.857401Z [variant 1]     ▸ (3/11) inputMissionID=3 type=2
2026-01-04T18:34:03.859401Z [variant 1]        └─ sub-area 3개 추가 (누적 9)
2026-01-04T18:34:03.859911Z [variant 1]     ▸ (4/11) inputMissionID=4 type=1
2026-01-04T18:34:03.860971Z [variant 1]        └─ sub-area 3개 추가 (누적 12)
2026-01-04T18:34:03.860971Z [variant 1]     ▸ (5/11) inputMissionID=5 type=2
2026-01-04T18:34:03.861972Z [variant 1]        └─ sub-area 3개 추가 (누적 15)
2026-01-04T18:34:03.861972Z [variant 1]     ▸ (6/11) inputMissionID=6 type=1
2026-01-04T18:34:03.862972Z [variant 1]        └─ sub-area 3개 추가 (누적 18)
2026-01-04T18:34:03.863972Z [variant 1]     ▸ (7/11) inputMissionID=7 type=2
2026-01-04T18:34:03.863972Z [variant 1]        └─ sub-area 3개 추가 (누적 21)
2026-01-04T18:34:03.864972Z [variant 1]     ▸ (8/11) inputMissionID=8 type=1
2026-01-04T18:34:03.864972Z [variant 1]        └─ sub-area 3개 추가 (누적 24)
2026-01-04T18:34:03.865972Z [variant 1]     ▸ (9/11) inputMissionID=9 type=2
2026-01-04T18:34:03.865972Z [variant 1]        └─ sub-area 3개 추가 (누적 27)
2026-01-04T18:34:03.869971Z [variant 1]     ▸ (10/11) inputMissionID=10 type=1
2026-01-04T18:34:03.869971Z [variant 1]        └─ sub-area 3개 추가 (누적 30)
2026-01-04T18:34:03.870972Z [variant 1]     ▸ (11/11) inputMissionID=11 type=1
2026-01-04T18:34:03.870972Z [variant 1]        └─ sub-area 3개 추가 (누적 33)
2026-01-04T18:34:03.870972Z [variant 1]     ▸ 분할 완료: 33개 sub-area
2026-01-04T18:34:03.871972Z [variant 1] [TIME] InputMission split: 0.02s
2026-01-04T18:34:03.871972Z [variant 1] [4] RL 예상시간 계산
2026-01-04T18:34:03.871972Z [variant 1]        RL 진행    1/33  (소요  0.0s)
2026-01-04T18:34:03.871972Z [variant 1]        RL 진행    2/33  (소요  0.0s)
2026-01-04T18:34:03.871972Z [variant 1]        RL 진행    4/33  (소요  0.0s)
2026-01-04T18:34:03.872972Z [variant 1]        RL 진행    6/33  (소요  0.0s)
2026-01-04T18:34:03.872972Z [variant 1]        RL 진행    8/33  (소요  0.0s)
2026-01-04T18:34:03.872972Z [variant 1]        RL 진행   10/33  (소요  0.0s)
2026-01-04T18:34:03.872972Z [variant 1]        RL 진행   12/33  (소요  0.0s)
2026-01-04T18:34:03.872972Z [variant 1]        RL 진행   14/33  (소요  0.0s)
2026-01-04T18:34:03.873972Z [variant 1]        RL 진행   16/33  (소요  0.0s)
2026-01-04T18:34:03.873972Z [variant 1]        RL 진행   18/33  (소요  0.0s)
2026-01-04T18:34:03.873972Z [variant 1]        RL 진행   20/33  (소요  0.0s)
2026-01-04T18:34:03.873972Z [variant 1]        RL 진행   22/33  (소요  0.0s)
2026-01-04T18:34:03.874972Z [variant 1]        RL 진행   24/33  (소요  0.0s)
2026-01-04T18:34:03.874972Z [variant 1]        RL 진행   26/33  (소요  0.0s)
2026-01-04T18:34:03.874972Z [variant 1]        RL 진행   28/33  (소요  0.0s)
2026-01-04T18:34:03.874972Z [variant 1]        RL 진행   30/33  (소요  0.0s)
2026-01-04T18:34:03.874972Z [variant 1]        RL 진행   32/33  (소요  0.0s)
2026-01-04T18:34:03.874972Z [variant 1]        RL 진행   33/33  (소요  0.0s)
2026-01-04T18:34:03.875976Z [variant 1]        ┌─ RL 세부 소요(ms) ─────────────
2026-01-04T18:34:03.875976Z [variant 1]        │ predict :    0.0  / p95    0.0
2026-01-04T18:34:03.875976Z [variant 1]        │ env.step:    0.0  / p95    0.0
2026-01-04T18:34:03.876976Z [variant 1]        │ distance:    0.0  / p95    0.0
2026-01-04T18:34:03.876976Z [variant 1]        └───────────────────────────────
2026-01-04T18:34:03.876976Z [variant 1] [TIME] RL total: 0.00s
2026-01-04T18:34:03.876976Z [variant 1] [5] PuLP 균등 스케줄링
2026-01-04T18:34:03.877976Z [variant 1] [PuLP] 입력 IMP 로드 → _flat.json
2026-01-04T18:34:03.881974Z [variant 1] [PuLP] 임무 33개 → 11개 그룹 (그룹당 ≤3개)
2026-01-04T18:34:04.134761Z [variant 1] [PuLP] Status = Optimal
2026-01-04T18:34:04.135762Z [variant 1] [PuLP] 최적 편차 = 24664.00 s
2026-01-04T18:34:04.135762Z [variant 1] [PuLP] 저장 완료 → C:\Users\LAHMUMT_2\Desktop\KU_LAHMUMT\Logs\Scenario_2026-01-05T033324\SBC3\mission_output\variant_01\_flat_sched.json
2026-01-04T18:34:04.135762Z [variant 1] [TIME] PuLP scheduling: 0.26s
2026-01-04T18:34:04.142372Z [variant 1] [6] UAV IMP 생성‧저장
2026-01-04T18:34:04.748783Z [variant 1]     ▸ IMP 저장: C:\Users\LAHMUMT_2\Desktop\KU_LAHMUMT\Logs\Scenario_2026-01-05T033324\SBC3\mission_output\variant_01\IndividualMissionPlan_UAV004.json
2026-01-04T18:34:04.749781Z [variant 1]     ▸ IMP 저장: C:\Users\LAHMUMT_2\Desktop\KU_LAHMUMT\Logs\Scenario_2026-01-05T033324\SBC3\mission_output\variant_01\IndividualMissionPlan_UAV005.json
2026-01-04T18:34:04.750785Z [variant 1]     ▸ IMP 저장: C:\Users\LAHMUMT_2\Desktop\KU_LAHMUMT\Logs\Scenario_2026-01-05T033324\SBC3\mission_output\variant_01\IndividualMissionPlan_UAV006.json
2026-01-04T18:34:04.751784Z [variant 1] [✔] divide_and_pattern 끝 (총 1.4s 경과)
2026-01-04T18:34:04.752785Z [variant 1] [TIME] UAV IMP build: 0.61s, files=3
2026-01-04T18:34:04.752785Z [TIME] divide_and_pattern (variant=1): 1428.6 ms
2026-01-04T18:34:04.752785Z [OK] IMP generated: 6 file(s) (variant=1)
2026-01-04T18:34:04.783225Z [TIME] build_0301+load (variant=1): 31.5 ms
2026-01-04T18:34:04.784227Z [OK] MissionPlan built: MissionPlan_1767551644751.json (variant=1)
2026-01-04T18:34:04.784227Z [TIME] collect_missions (variant=1): 0.9 ms, count=66
2026-01-04T18:34:05.090765Z [TIME] pathID_mapping (variant=1): 306.1 ms
2026-01-04T18:34:05.090765Z [INFO] pathID mapping done for 0302/0303/0304 (variant=1)
2026-01-04T18:34:05.092766Z [INFO] FlightPath build mode: parallel (variant=1)
2026-01-04T18:34:05.978340Z [INFO] FlightPath build time (parallel): 0303=886.6 ms, 0304=722.6 ms, wall=887.8 ms
2026-01-04T18:34:05.979341Z [OK] FlightPath counts (variant=1): 0303=33 / 0304=33
2026-01-04T18:34:06.314470Z [TIME] build_0302 (variant=1): 335.2 ms, packages=6
2026-01-04T18:34:06.320581Z [TIME] write_0302 (variant=1): 6.4 ms, files=6
2026-01-04T18:34:06.348291Z [TIME] write_FlightPath (variant=1): 28.0 ms, files=66
2026-01-04T18:34:06.349295Z [TIME] write_0301 (variant=1): 0.3 ms
2026-01-04T18:34:06.349295Z [OK] Stored variant 1: MissionPlanID=700000002, IMP=6, FlightPath=66
2026-01-04T18:34:06.349295Z [TIME] variant_total (variant=1): 3025.4 ms
2026-01-04T18:34:06.350295Z [INFO] Option mapping #1: planID=700000002, optionCode=2(공격특화)
2026-01-04T18:34:06.350295Z [STEP 1.2] Divide & Pattern start
2026-01-04T18:34:06.351295Z [variant 2] [1] CMPK 로드
2026-01-04T18:34:06.351295Z [variant 2]     ▸ VehicleStatus 적용: 사용 가능한 기체 [1, 2, 3, 4, 5, 6]
2026-01-04T18:34:06.352295Z [variant 2]     MRPK 로드
2026-01-04T18:34:06.352295Z [variant 2]     ▸ 로드 완료  (소요 0.00s)
2026-01-04T18:34:06.352295Z [variant 2] [2] LAH 임무 저장 시작
2026-01-04T18:34:06.680978Z [variant 2] [LAH1] LAH 임무파일 저장 → C:\Users\LAHMUMT_2\Desktop\KU_LAHMUMT\Logs\Scenario_2026-01-05T033324\SBC3\mission_output\variant_02\IndividualMissionPlan_LAH001.json
2026-01-04T18:34:06.681979Z [variant 2] [LAH2] LAH 임무파일 저장 → C:\Users\LAHMUMT_2\Desktop\KU_LAHMUMT\Logs\Scenario_2026-01-05T033324\SBC3\mission_output\variant_02\IndividualMissionPlan_LAH002.json
2026-01-04T18:34:06.683978Z [variant 2] [LAH3] LAH 임무파일 저장 → C:\Users\LAHMUMT_2\Desktop\KU_LAHMUMT\Logs\Scenario_2026-01-05T033324\SBC3\mission_output\variant_02\IndividualMissionPlan_LAH003.json
2026-01-04T18:34:06.684979Z [variant 2] [TIME] LAH save: 0.33s
2026-01-04T18:34:06.684979Z [variant 2]     ▸ LAH 3개 파일 저장
2026-01-04T18:34:06.685980Z [variant 2] [3] InputMission 분할
2026-01-04T18:34:06.685980Z [variant 2] [3] InputMission 분할
2026-01-04T18:34:06.686979Z [variant 2]     ▸ (1/11) inputMissionID=1 type=1
2026-01-04T18:34:06.687980Z [variant 2]        └─ sub-area 3개 추가 (누적 3)
2026-01-04T18:34:06.687980Z [variant 2]     ▸ (2/11) inputMissionID=2 type=1
2026-01-04T18:34:06.688979Z [variant 2]        └─ sub-area 3개 추가 (누적 6)
2026-01-04T18:34:06.689980Z [variant 2]     ▸ (3/11) inputMissionID=3 type=2
2026-01-04T18:34:06.690980Z [variant 2]        └─ sub-area 3개 추가 (누적 9)
2026-01-04T18:34:06.690980Z [variant 2]     ▸ (4/11) inputMissionID=4 type=1
2026-01-04T18:34:06.692979Z [variant 2]        └─ sub-area 3개 추가 (누적 12)
2026-01-04T18:34:06.692979Z [variant 2]     ▸ (5/11) inputMissionID=5 type=2
2026-01-04T18:34:06.693979Z [variant 2]        └─ sub-area 3개 추가 (누적 15)
2026-01-04T18:34:06.694483Z [variant 2]     ▸ (6/11) inputMissionID=6 type=1
2026-01-04T18:34:06.695487Z [variant 2]        └─ sub-area 3개 추가 (누적 18)
2026-01-04T18:34:06.696487Z [variant 2]     ▸ (7/11) inputMissionID=7 type=2
2026-01-04T18:34:06.697487Z [variant 2]        └─ sub-area 3개 추가 (누적 21)
2026-01-04T18:34:06.704394Z [variant 2]     ▸ (8/11) inputMissionID=8 type=1
2026-01-04T18:34:06.705394Z [variant 2]        └─ sub-area 3개 추가 (누적 24)
2026-01-04T18:34:06.706394Z [variant 2]     ▸ (9/11) inputMissionID=9 type=2
2026-01-04T18:34:06.706394Z [variant 2]        └─ sub-area 3개 추가 (누적 27)
2026-01-04T18:34:06.706394Z [variant 2]     ▸ (10/11) inputMissionID=10 type=1
2026-01-04T18:34:06.707396Z [variant 2]        └─ sub-area 3개 추가 (누적 30)
2026-01-04T18:34:06.707396Z [variant 2]     ▸ (11/11) inputMissionID=11 type=1
2026-01-04T18:34:06.708396Z [variant 2]        └─ sub-area 3개 추가 (누적 33)
2026-01-04T18:34:06.709395Z [variant 2]     ▸ 분할 완료: 33개 sub-area
2026-01-04T18:34:06.709395Z [variant 2] [TIME] InputMission split: 0.01s
2026-01-04T18:34:06.709395Z [variant 2] [4] RL 예상시간 계산
2026-01-04T18:34:06.709395Z [variant 2]        RL 진행    1/33  (소요  0.0s)
2026-01-04T18:34:06.710394Z [variant 2]        RL 진행    2/33  (소요  0.0s)
2026-01-04T18:34:06.710394Z [variant 2]        RL 진행    4/33  (소요  0.0s)
2026-01-04T18:34:06.710394Z [variant 2]        RL 진행    6/33  (소요  0.0s)
2026-01-04T18:34:06.710394Z [variant 2]        RL 진행    8/33  (소요  0.0s)
2026-01-04T18:34:06.711394Z [variant 2]        RL 진행   10/33  (소요  0.0s)
2026-01-04T18:34:06.711394Z [variant 2]        RL 진행   12/33  (소요  0.0s)
2026-01-04T18:34:06.711394Z [variant 2]        RL 진행   14/33  (소요  0.0s)
2026-01-04T18:34:06.711394Z [variant 2]        RL 진행   16/33  (소요  0.0s)
2026-01-04T18:34:06.711394Z [variant 2]        RL 진행   18/33  (소요  0.0s)
2026-01-04T18:34:06.712394Z [variant 2]        RL 진행   20/33  (소요  0.0s)
2026-01-04T18:34:06.712394Z [variant 2]        RL 진행   22/33  (소요  0.0s)
2026-01-04T18:34:06.712394Z [variant 2]        RL 진행   24/33  (소요  0.0s)
2026-01-04T18:34:06.712394Z [variant 2]        RL 진행   26/33  (소요  0.0s)
2026-01-04T18:34:06.713395Z [variant 2]        RL 진행   28/33  (소요  0.0s)
2026-01-04T18:34:06.713395Z [variant 2]        RL 진행   30/33  (소요  0.0s)
2026-01-04T18:34:06.713395Z [variant 2]        RL 진행   32/33  (소요  0.0s)
2026-01-04T18:34:06.714394Z [variant 2]        RL 진행   33/33  (소요  0.0s)
2026-01-04T18:34:06.714394Z [variant 2]        ┌─ RL 세부 소요(ms) ─────────────
2026-01-04T18:34:06.714394Z [variant 2]        │ predict :    0.0  / p95    0.0
2026-01-04T18:34:06.714394Z [variant 2]        │ env.step:    0.1  / p95    0.2
2026-01-04T18:34:06.714394Z [variant 2]        │ distance:    0.0  / p95    0.0
2026-01-04T18:34:06.715403Z [variant 2]        └───────────────────────────────
2026-01-04T18:34:06.715403Z [variant 2] [TIME] RL total: 0.00s
2026-01-04T18:34:06.715403Z [variant 2] [5] PuLP 균등 스케줄링
2026-01-04T18:34:06.716394Z [variant 2] [PuLP] 입력 IMP 로드 → _flat.json
2026-01-04T18:34:06.718394Z [variant 2] [PuLP] 임무 33개 → 11개 그룹 (그룹당 ≤3개)
2026-01-04T18:34:06.961557Z [variant 2] [PuLP] Status = Optimal
2026-01-04T18:34:06.962558Z [variant 2] [PuLP] 최적 편차 = 24664.00 s
2026-01-04T18:34:06.963557Z [variant 2] [PuLP] 저장 완료 → C:\Users\LAHMUMT_2\Desktop\KU_LAHMUMT\Logs\Scenario_2026-01-05T033324\SBC3\mission_output\variant_02\_flat_sched.json
2026-01-04T18:34:06.963557Z [variant 2] [TIME] PuLP scheduling: 0.26s
2026-01-04T18:34:06.971558Z [variant 2] [6] UAV IMP 생성‧저장
2026-01-04T18:34:07.507940Z [variant 2]     ▸ IMP 저장: C:\Users\LAHMUMT_2\Desktop\KU_LAHMUMT\Logs\Scenario_2026-01-05T033324\SBC3\mission_output\variant_02\IndividualMissionPlan_UAV004.json
2026-01-04T18:34:07.508941Z [variant 2]     ▸ IMP 저장: C:\Users\LAHMUMT_2\Desktop\KU_LAHMUMT\Logs\Scenario_2026-01-05T033324\SBC3\mission_output\variant_02\IndividualMissionPlan_UAV005.json
2026-01-04T18:34:07.509941Z [variant 2]     ▸ IMP 저장: C:\Users\LAHMUMT_2\Desktop\KU_LAHMUMT\Logs\Scenario_2026-01-05T033324\SBC3\mission_output\variant_02\IndividualMissionPlan_UAV006.json
2026-01-04T18:34:07.509941Z [variant 2] [✔] divide_and_pattern 끝 (총 1.2s 경과)
2026-01-04T18:34:07.510941Z [variant 2] [TIME] UAV IMP build: 0.54s, files=3
2026-01-04T18:34:07.510941Z [TIME] divide_and_pattern (variant=2): 1159.6 ms
2026-01-04T18:34:07.510941Z [OK] IMP generated: 6 file(s) (variant=2)
2026-01-04T18:34:07.547338Z [TIME] build_0301+load (variant=2): 37.5 ms
2026-01-04T18:34:07.548623Z [OK] MissionPlan built: MissionPlan_1767551647509.json (variant=2)
2026-01-04T18:34:07.549631Z [TIME] collect_missions (variant=2): 1.6 ms, count=66
2026-01-04T18:34:07.853427Z [TIME] pathID_mapping (variant=2): 303.7 ms
2026-01-04T18:34:07.853427Z [INFO] pathID mapping done for 0302/0303/0304 (variant=2)
2026-01-04T18:34:07.860880Z [INFO] FlightPath build mode: parallel (variant=2)
2026-01-04T18:34:08.691211Z [INFO] FlightPath build time (parallel): 0303=836.9 ms, 0304=718.1 ms, wall=838.1 ms
2026-01-04T18:34:08.692212Z [OK] FlightPath counts (variant=2): 0303=33 / 0304=33
2026-01-04T18:34:09.025998Z [TIME] build_0302 (variant=2): 334.0 ms, packages=6
2026-01-04T18:34:09.030611Z [TIME] write_0302 (variant=2): 5.3 ms, files=6
2026-01-04T18:34:09.059540Z [TIME] write_FlightPath (variant=2): 29.0 ms, files=66
2026-01-04T18:34:09.060671Z [TIME] write_0301 (variant=2): 0.7 ms
2026-01-04T18:34:09.060671Z [OK] Stored variant 2: MissionPlanID=700000003, IMP=6, FlightPath=66
2026-01-04T18:34:09.060671Z [TIME] variant_total (variant=2): 2709.9 ms
2026-01-04T18:34:09.061674Z [INFO] Option mapping #2: planID=700000003, optionCode=4(정찰특화)
2026-01-04T18:34:09.062673Z [OK] Stored mission data: MissionPlan=2, IndividualMission=12, FlightPath=132
2026-01-04T18:34:09.063678Z [STEP 4] 0301 push queued (planIds=700000002, 700000003)
2026-01-04T18:34:09.063678Z [INFO] Execution mode -> sending 0901 instead of 0903
2026-01-04T18:34:09.067676Z [0301] missionPlanID=700000002 전송
2026-01-04T18:34:09.068677Z [0301] missionPlanID=700000003 전송
2026-01-04T18:34:09.069677Z [PUSH] 0301 button click()
2026-01-04T18:34:09.924429Z [0305] status=2, reason=무인기 1번 - 전차(ID-7) 발견으로 인한 재계획 전송
2026-01-04T18:34:09.984725Z [0901] option request sent (count=2, codes=2(공격특화), 4(정찰특화))
