2026-01-04T11:49:42.072153Z [LOG] Mission planning log started: C:\Users\LAHMUMT_2\Desktop\KU_LAHMUMT\Logs\Scenario_2026-01-04T204646\SBC3\DSS_Internal\mission_planning_gui_20260104T114942_071153Z.log
2026-01-04T11:49:42.073152Z CTRL UDP 수신 대기 시작 (127.0.0.1:45981)
2026-01-04T11:49:42.074153Z [0101] 모드 수신 리스너 등록 완료
2026-01-04T11:49:42.326856Z [CTRL] MODE change request: 초기화 모드
2026-01-04T11:49:42.508411Z [BUS] NodeMessenger 초기화 완료
2026-01-04T11:49:57.575444Z [MODE] 슬라이더 변경 → 대기모드
2026-01-04T11:49:57.577863Z [0101/POLL] 모드 동기화 code=1
2026-01-04T11:50:00.122693Z [INFO] Latest 0203 ID updated → 1
2026-01-04T11:50:01.299770Z [INFO] Latest 0201 ID updated → 1
2026-01-04T11:50:03.423154Z [AUTO] 0902 received (planIds=700000001)
2026-01-04T11:50:03.423154Z [AUTO] replan pipeline scheduled after 0.1s delay
2026-01-04T11:50:03.544064Z [0305] status=1, reason=초기임무재계획 전송
2026-01-04T11:50:03.544064Z [INFO] Using latest 0201 ID 1 for inputMissionPackageID (fallback)
2026-01-04T11:50:03.544064Z [INFO] Using latest 0203 ID 1 for missionReferencePackageID (fallback)
2026-01-04T11:50:03.544064Z [STEP 0] Replan pipeline start (reason=초기임무재계획)
2026-01-04T11:50:03.570516Z [MODE] 슬라이더 변경 → 초기 임무 계획
2026-01-04T11:50:03.571535Z [0101/POLL] 모드 동기화 code=2
2026-01-04T11:50:05.773108Z [INFO] Latest input snapshot → 0201:ID=1,ts=816922549226,src=-, 0203:ID=1,ts=820842600116,src=-
2026-01-04T11:50:05.773108Z [STEP 0] Using latest 0201 ID 1 (1.json)
2026-01-04T11:50:05.773108Z [STEP 0] Using latest 0203 ID 1 (1.json)
2026-01-04T11:50:05.773108Z [STEP 1.1] Divide & Pattern start
2026-01-04T11:50:05.773108Z [variant 1] [1] CMPK 로드
2026-01-04T11:50:05.773108Z [variant 1]     ▸ VehicleStatus 적용: 사용 가능한 기체 [1, 2, 3, 4, 5, 6]
2026-01-04T11:50:05.773108Z [variant 1]     MRPK 로드
2026-01-04T11:50:05.773108Z [variant 1]     ▸ 로드 완료  (소요 0.01s)
2026-01-04T11:50:05.773108Z [variant 1] [2] LAH 임무 저장 시작
2026-01-04T11:50:05.985840Z [variant 1] [LAH1] LAH 임무파일 저장 → C:\Users\LAHMUMT_2\Desktop\KU_LAHMUMT\Logs\Scenario_2026-01-04T204957\SBC3\mission_output\variant_01\IndividualMissionPlan_LAH001.json
2026-01-04T11:50:05.985840Z [variant 1] [LAH2] LAH 임무파일 저장 → C:\Users\LAHMUMT_2\Desktop\KU_LAHMUMT\Logs\Scenario_2026-01-04T204957\SBC3\mission_output\variant_01\IndividualMissionPlan_LAH002.json
2026-01-04T11:50:05.985840Z [variant 1] [LAH3] LAH 임무파일 저장 → C:\Users\LAHMUMT_2\Desktop\KU_LAHMUMT\Logs\Scenario_2026-01-04T204957\SBC3\mission_output\variant_01\IndividualMissionPlan_LAH003.json
2026-01-04T11:50:05.985840Z [variant 1] [TIME] LAH save: 0.20s
2026-01-04T11:50:05.985840Z [variant 1]     ▸ LAH 3개 파일 저장
2026-01-04T11:50:05.985840Z [variant 1] [3] InputMission 분할
2026-01-04T11:50:05.985840Z [variant 1] [3] InputMission 분할
2026-01-04T11:50:05.985840Z [variant 1]     ▸ (1/11) inputMissionID=1 type=1
2026-01-04T11:50:05.985840Z [variant 1]        └─ sub-area 3개 추가 (누적 3)
2026-01-04T11:50:05.993845Z [variant 1]     ▸ (2/11) inputMissionID=2 type=1
2026-01-04T11:50:05.993845Z [variant 1]        └─ sub-area 3개 추가 (누적 6)
2026-01-04T11:50:05.993845Z [variant 1]     ▸ (3/11) inputMissionID=3 type=2
2026-01-04T11:50:05.993845Z [variant 1]        └─ sub-area 3개 추가 (누적 9)
2026-01-04T11:50:05.993845Z [variant 1]     ▸ (4/11) inputMissionID=4 type=1
2026-01-04T11:50:05.993845Z [variant 1]        └─ sub-area 3개 추가 (누적 12)
2026-01-04T11:50:05.993845Z [variant 1]     ▸ (5/11) inputMissionID=5 type=2
2026-01-04T11:50:05.993845Z [variant 1]        └─ sub-area 3개 추가 (누적 15)
2026-01-04T11:50:05.993845Z [variant 1]     ▸ (6/11) inputMissionID=6 type=1
2026-01-04T11:50:05.993845Z [variant 1]        └─ sub-area 3개 추가 (누적 18)
2026-01-04T11:50:05.993845Z [variant 1]     ▸ (7/11) inputMissionID=7 type=2
2026-01-04T11:50:05.993845Z [variant 1]        └─ sub-area 3개 추가 (누적 21)
2026-01-04T11:50:05.993845Z [variant 1]     ▸ (8/11) inputMissionID=8 type=1
2026-01-04T11:50:05.993845Z [variant 1]        └─ sub-area 3개 추가 (누적 24)
2026-01-04T11:50:05.993845Z [variant 1]     ▸ (9/11) inputMissionID=9 type=2
2026-01-04T11:50:05.993845Z [variant 1]        └─ sub-area 3개 추가 (누적 27)
2026-01-04T11:50:05.993845Z [variant 1]     ▸ (10/11) inputMissionID=10 type=1
2026-01-04T11:50:05.993845Z [variant 1]        └─ sub-area 3개 추가 (누적 30)
2026-01-04T11:50:05.993845Z [variant 1]     ▸ (11/11) inputMissionID=11 type=1
2026-01-04T11:50:05.993845Z [variant 1]        └─ sub-area 3개 추가 (누적 33)
2026-01-04T11:50:05.993845Z [variant 1]     ▸ 분할 완료: 33개 sub-area
2026-01-04T11:50:05.993845Z [variant 1] [TIME] InputMission split: 0.01s
2026-01-04T11:50:05.993845Z [variant 1] [4] RL 예상시간 계산
2026-01-04T11:50:05.993845Z [variant 1]        RL 진행    1/33  (소요  0.0s)
2026-01-04T11:50:05.993845Z [variant 1]        RL 진행    2/33  (소요  0.0s)
2026-01-04T11:50:05.993845Z [variant 1]        RL 진행    4/33  (소요  0.0s)
2026-01-04T11:50:05.993845Z [variant 1]        RL 진행    6/33  (소요  0.0s)
2026-01-04T11:50:05.993845Z [variant 1]        RL 진행    8/33  (소요  0.0s)
2026-01-04T11:50:05.993845Z [variant 1]        RL 진행   10/33  (소요  0.0s)
2026-01-04T11:50:05.993845Z [variant 1]        RL 진행   12/33  (소요  0.0s)
2026-01-04T11:50:05.993845Z [variant 1]        RL 진행   14/33  (소요  0.0s)
2026-01-04T11:50:05.993845Z [variant 1]        RL 진행   16/33  (소요  0.0s)
2026-01-04T11:50:05.993845Z [variant 1]        RL 진행   18/33  (소요  0.0s)
2026-01-04T11:50:05.993845Z [variant 1]        RL 진행   20/33  (소요  0.0s)
2026-01-04T11:50:05.993845Z [variant 1]        RL 진행   22/33  (소요  0.0s)
2026-01-04T11:50:05.993845Z [variant 1]        RL 진행   24/33  (소요  0.0s)
2026-01-04T11:50:05.993845Z [variant 1]        RL 진행   26/33  (소요  0.0s)
2026-01-04T11:50:05.993845Z [variant 1]        RL 진행   28/33  (소요  0.0s)
2026-01-04T11:50:05.993845Z [variant 1]        RL 진행   30/33  (소요  0.0s)
2026-01-04T11:50:05.993845Z [variant 1]        RL 진행   32/33  (소요  0.0s)
2026-01-04T11:50:05.993845Z [variant 1]        RL 진행   33/33  (소요  0.0s)
2026-01-04T11:50:05.993845Z [variant 1]        ┌─ RL 세부 소요(ms) ─────────────
2026-01-04T11:50:05.993845Z [variant 1]        │ predict :    0.0  / p95    0.0
2026-01-04T11:50:05.993845Z [variant 1]        │ env.step:    0.0  / p95    0.0
2026-01-04T11:50:05.993845Z [variant 1]        │ distance:    0.0  / p95    0.0
2026-01-04T11:50:05.993845Z [variant 1]        └───────────────────────────────
2026-01-04T11:50:05.993845Z [variant 1] [TIME] RL total: 0.00s
2026-01-04T11:50:05.993845Z [variant 1] [5] PuLP 균등 스케줄링
2026-01-04T11:50:05.993845Z [variant 1] [PuLP] 입력 IMP 로드 → _flat.json
2026-01-04T11:50:06.009939Z [variant 1] [PuLP] 임무 33개 → 11개 그룹 (그룹당 ≤3개)
2026-01-04T11:50:06.157209Z [variant 1] [PuLP] Status = Optimal
2026-01-04T11:50:06.164745Z [variant 1] [PuLP] 최적 편차 = 24664.00 s
2026-01-04T11:50:06.164745Z [variant 1] [PuLP] 저장 완료 → C:\Users\LAHMUMT_2\Desktop\KU_LAHMUMT\Logs\Scenario_2026-01-04T204957\SBC3\mission_output\variant_01\_flat_sched.json
2026-01-04T11:50:06.164745Z [variant 1] [TIME] PuLP scheduling: 0.16s
2026-01-04T11:50:06.169151Z [variant 1] [6] UAV IMP 생성‧저장
2026-01-04T11:50:06.470132Z [variant 1]     ▸ IMP 저장: C:\Users\LAHMUMT_2\Desktop\KU_LAHMUMT\Logs\Scenario_2026-01-04T204957\SBC3\mission_output\variant_01\IndividualMissionPlan_UAV004.json
2026-01-04T11:50:06.470132Z [variant 1]     ▸ IMP 저장: C:\Users\LAHMUMT_2\Desktop\KU_LAHMUMT\Logs\Scenario_2026-01-04T204957\SBC3\mission_output\variant_01\IndividualMissionPlan_UAV005.json
2026-01-04T11:50:06.470132Z [variant 1]     ▸ IMP 저장: C:\Users\LAHMUMT_2\Desktop\KU_LAHMUMT\Logs\Scenario_2026-01-04T204957\SBC3\mission_output\variant_01\IndividualMissionPlan_UAV006.json
2026-01-04T11:50:06.470132Z [variant 1] [✔] divide_and_pattern 끝 (총 0.7s 경과)
2026-01-04T11:50:06.470132Z [variant 1] [TIME] UAV IMP build: 0.30s, files=3
2026-01-04T11:50:06.470132Z [TIME] divide_and_pattern (variant=1): 695.1 ms
2026-01-04T11:50:06.470132Z [OK] IMP generated: 6 file(s) (variant=1)
2026-01-04T11:50:06.509357Z [TIME] build_0301+load (variant=1): 36.0 ms
2026-01-04T11:50:06.509357Z [OK] MissionPlan built: MissionPlan_1767527406470.json (variant=1)
2026-01-04T11:50:06.509357Z [TIME] collect_missions (variant=1): 1.0 ms, count=66
2026-01-04T11:50:06.729191Z [TIME] pathID_mapping (variant=1): 218.8 ms
2026-01-04T11:50:06.731695Z [INFO] pathID mapping done for 0302/0303/0304 (variant=1)
2026-01-04T11:50:06.731695Z [INFO] FlightPath build mode: parallel (variant=1)
2026-01-04T11:50:07.310843Z [INFO] FlightPath build time (parallel): 0303=582.6 ms, 0304=338.5 ms, wall=583.6 ms
2026-01-04T11:50:07.310843Z [OK] FlightPath counts (variant=1): 0303=33 / 0304=33
2026-01-04T11:50:07.458307Z [TIME] build_0302 (variant=1): 152.9 ms, packages=6
2026-01-04T11:50:07.468578Z [TIME] write_0302 (variant=1): 3.9 ms, files=6
2026-01-04T11:50:07.500192Z [TIME] write_FlightPath (variant=1): 30.6 ms, files=66
2026-01-04T11:50:07.500192Z [TIME] write_0301 (variant=1): 0.3 ms
2026-01-04T11:50:07.500192Z [OK] Stored variant 1: MissionPlanID=700000001, IMP=6, FlightPath=66
2026-01-04T11:50:07.500192Z [TIME] variant_total (variant=1): 1722.6 ms
2026-01-04T11:50:07.500192Z [INFO] Option mapping #1: planID=700000001, optionCode=1(시스템추천)
2026-01-04T11:50:07.500192Z [OK] Stored mission data: MissionPlan=1, IndividualMission=6, FlightPath=66
2026-01-04T11:50:07.500192Z [STEP 4] 0301 push queued (planIds=700000001)
2026-01-04T11:50:07.511173Z [0301] missionPlanID=700000001 전송
2026-01-04T11:50:07.512676Z [PUSH] 0301 button click()
2026-01-04T11:50:08.108312Z [0305] status=2, reason=초기임무재계획 전송
2026-01-04T11:50:08.413309Z [0903] request sent (missionPlanID=700000001)
2026-01-04T11:50:09.325507Z [MODE] 슬라이더 변경 → 임무 수행
2026-01-04T11:50:09.330041Z [0101/POLL] 모드 동기화 code=3
2026-01-04T11:50:28.982506Z [AUTO] 0902 received (planIds=700000002, 700000003)
2026-01-04T11:50:28.982506Z [AUTO] replan pipeline scheduled after 0.1s delay
2026-01-04T11:50:29.091590Z [0305] status=1, reason=무인기 1번 - 전차(ID-7) 발견으로 인한 재계획 전송
2026-01-04T11:50:29.091590Z [INFO] Using latest 0201 ID 1 for inputMissionPackageID (fallback)
2026-01-04T11:50:29.091590Z [INFO] Using latest 0203 ID 1 for missionReferencePackageID (fallback)
2026-01-04T11:50:29.091590Z [STEP 0] Replan pipeline start (reason=무인기 1번 - 전차(ID-7) 발견으로 인한 재계획)
2026-01-04T11:50:29.091590Z [ATTACK] 공격 특화 재계획 요청 감지 → 전용 파이프라인 실행
2026-01-04T11:50:29.091590Z [ATTACK] STEP1 Selected manned aircraft: aircraft 2 (fuel=1.2999999523162842, coord=(38.1268424987793, 127.30203247070312, alt=296))
2026-01-04T11:50:29.091590Z [ATTACK] STEP2 UAV tracking summary: watcher 4?’target 7
2026-01-04T11:50:31.424634Z [ATTACK] STEP3 Attack plan completed: lat=38.131029, lon=127.293834, alt=503m
2026-01-04T11:50:31.432704Z [ATTACK] [PRIOR] Falling back to first mission for aircraft 2 (current waypoint not found in plan).
2026-01-04T11:50:31.473913Z [ATTACK] [ATTACK][LAH] Generated attack/egress missions -> IMP:800000007.json PATHS:200000019.json/200000020.json
2026-01-04T11:50:31.527084Z [ATTACK] [ATTACK][UAV] Generated tracking/resume missions -> IMP:800000008.json PATHS:400000012.json/400000013.json
2026-01-04T11:50:31.527084Z [ATTACK] [ATTACK][PLAN] MissionPlan saved -> 700000002.json (planID=700000002)
2026-01-04T11:50:31.527084Z [ATTACK] 분석 로그 저장: C:\Users\LAHMUMT_2\Desktop\KU_LAHMUMT\Logs\Scenario_2026-01-04T204957\SBC3\DSS_Internal\log_attack_algorithm_20260104T115031_527084.json
2026-01-04T11:50:31.527084Z [ATTACK] 공격 임무 계획 완료 (planIds=700000002, 700000003)
2026-01-04T11:50:31.527084Z [INFO] Latest input snapshot → 0201:ID=1,ts=816922549226,src=-, 0203:ID=1,ts=820842600116,src=-
2026-01-04T11:50:31.527084Z [STEP 0] Using latest 0201 ID 1 (1.json)
2026-01-04T11:50:31.527084Z [STEP 0] Using latest 0203 ID 1 (1.json)
2026-01-04T11:50:31.527084Z [WARN] 공격 옵션이 있으나 활용 가능한 대상 정보가 없어 기본 임무를 유지합니다.
2026-01-04T11:50:31.527084Z [STEP 1.1] Divide & Pattern start
2026-01-04T11:50:31.527084Z [variant 1] [1] CMPK 로드
2026-01-04T11:50:31.527084Z [variant 1]     ▸ VehicleStatus 적용: 사용 가능한 기체 [1, 2, 3, 4, 5, 6]
2026-01-04T11:50:31.527084Z [variant 1]     MRPK 로드
2026-01-04T11:50:31.527084Z [variant 1]     ▸ 로드 완료  (소요 0.00s)
2026-01-04T11:50:31.527084Z [variant 1] [2] LAH 임무 저장 시작
2026-01-04T11:50:31.841017Z [variant 1] [LAH1] LAH 임무파일 저장 → C:\Users\LAHMUMT_2\Desktop\KU_LAHMUMT\Logs\Scenario_2026-01-04T204957\SBC3\mission_output\variant_01\IndividualMissionPlan_LAH001.json
2026-01-04T11:50:31.841017Z [variant 1] [LAH2] LAH 임무파일 저장 → C:\Users\LAHMUMT_2\Desktop\KU_LAHMUMT\Logs\Scenario_2026-01-04T204957\SBC3\mission_output\variant_01\IndividualMissionPlan_LAH002.json
2026-01-04T11:50:31.841017Z [variant 1] [LAH3] LAH 임무파일 저장 → C:\Users\LAHMUMT_2\Desktop\KU_LAHMUMT\Logs\Scenario_2026-01-04T204957\SBC3\mission_output\variant_01\IndividualMissionPlan_LAH003.json
2026-01-04T11:50:31.841017Z [variant 1] [TIME] LAH save: 0.31s
2026-01-04T11:50:31.841017Z [variant 1]     ▸ LAH 3개 파일 저장
2026-01-04T11:50:31.841017Z [variant 1] [3] InputMission 분할
2026-01-04T11:50:31.841017Z [variant 1] [3] InputMission 분할
2026-01-04T11:50:31.841017Z [variant 1]     ▸ (1/11) inputMissionID=1 type=1
2026-01-04T11:50:31.841017Z [variant 1]        └─ sub-area 3개 추가 (누적 3)
2026-01-04T11:50:31.841017Z [variant 1]     ▸ (2/11) inputMissionID=2 type=1
2026-01-04T11:50:31.841017Z [variant 1]        └─ sub-area 3개 추가 (누적 6)
2026-01-04T11:50:31.841017Z [variant 1]     ▸ (3/11) inputMissionID=3 type=2
2026-01-04T11:50:31.841017Z [variant 1]        └─ sub-area 3개 추가 (누적 9)
2026-01-04T11:50:31.841017Z [variant 1]     ▸ (4/11) inputMissionID=4 type=1
2026-01-04T11:50:31.841017Z [variant 1]        └─ sub-area 3개 추가 (누적 12)
2026-01-04T11:50:31.841017Z [variant 1]     ▸ (5/11) inputMissionID=5 type=2
2026-01-04T11:50:31.841017Z [variant 1]        └─ sub-area 3개 추가 (누적 15)
2026-01-04T11:50:31.841017Z [variant 1]     ▸ (6/11) inputMissionID=6 type=1
2026-01-04T11:50:31.841017Z [variant 1]        └─ sub-area 3개 추가 (누적 18)
2026-01-04T11:50:31.841017Z [variant 1]     ▸ (7/11) inputMissionID=7 type=2
2026-01-04T11:50:31.841017Z [variant 1]        └─ sub-area 3개 추가 (누적 21)
2026-01-04T11:50:31.841017Z [variant 1]     ▸ (8/11) inputMissionID=8 type=1
2026-01-04T11:50:31.841017Z [variant 1]        └─ sub-area 3개 추가 (누적 24)
2026-01-04T11:50:31.841017Z [variant 1]     ▸ (9/11) inputMissionID=9 type=2
2026-01-04T11:50:31.841017Z [variant 1]        └─ sub-area 3개 추가 (누적 27)
2026-01-04T11:50:31.841017Z [variant 1]     ▸ (10/11) inputMissionID=10 type=1
2026-01-04T11:50:31.841017Z [variant 1]        └─ sub-area 3개 추가 (누적 30)
2026-01-04T11:50:31.841017Z [variant 1]     ▸ (11/11) inputMissionID=11 type=1
2026-01-04T11:50:31.841017Z [variant 1]        └─ sub-area 3개 추가 (누적 33)
2026-01-04T11:50:31.841017Z [variant 1]     ▸ 분할 완료: 33개 sub-area
2026-01-04T11:50:31.841017Z [variant 1] [TIME] InputMission split: 0.01s
2026-01-04T11:50:31.841017Z [variant 1] [4] RL 예상시간 계산
2026-01-04T11:50:31.841017Z [variant 1]        RL 진행    1/33  (소요  0.0s)
2026-01-04T11:50:31.841017Z [variant 1]        RL 진행    2/33  (소요  0.0s)
2026-01-04T11:50:31.841017Z [variant 1]        RL 진행    4/33  (소요  0.0s)
2026-01-04T11:50:31.841017Z [variant 1]        RL 진행    6/33  (소요  0.0s)
2026-01-04T11:50:31.841017Z [variant 1]        RL 진행    8/33  (소요  0.0s)
2026-01-04T11:50:31.841017Z [variant 1]        RL 진행   10/33  (소요  0.0s)
2026-01-04T11:50:31.856640Z [variant 1]        RL 진행   12/33  (소요  0.0s)
2026-01-04T11:50:31.856640Z [variant 1]        RL 진행   14/33  (소요  0.0s)
2026-01-04T11:50:31.856640Z [variant 1]        RL 진행   16/33  (소요  0.0s)
2026-01-04T11:50:31.856640Z [variant 1]        RL 진행   18/33  (소요  0.0s)
2026-01-04T11:50:31.856640Z [variant 1]        RL 진행   20/33  (소요  0.0s)
2026-01-04T11:50:31.856640Z [variant 1]        RL 진행   22/33  (소요  0.0s)
2026-01-04T11:50:31.856640Z [variant 1]        RL 진행   24/33  (소요  0.0s)
2026-01-04T11:50:31.856640Z [variant 1]        RL 진행   26/33  (소요  0.0s)
2026-01-04T11:50:31.856640Z [variant 1]        RL 진행   28/33  (소요  0.0s)
2026-01-04T11:50:31.856640Z [variant 1]        RL 진행   30/33  (소요  0.0s)
2026-01-04T11:50:31.856640Z [variant 1]        RL 진행   32/33  (소요  0.0s)
2026-01-04T11:50:31.856640Z [variant 1]        RL 진행   33/33  (소요  0.0s)
2026-01-04T11:50:31.856640Z [variant 1]        ┌─ RL 세부 소요(ms) ─────────────
2026-01-04T11:50:31.856640Z [variant 1]        │ predict :    0.0  / p95    0.0
2026-01-04T11:50:31.856640Z [variant 1]        │ env.step:    0.0  / p95    0.0
2026-01-04T11:50:31.856640Z [variant 1]        │ distance:    0.0  / p95    0.0
2026-01-04T11:50:31.856640Z [variant 1]        └───────────────────────────────
2026-01-04T11:50:31.856640Z [variant 1] [TIME] RL total: 0.00s
2026-01-04T11:50:31.856640Z [variant 1] [5] PuLP 균등 스케줄링
2026-01-04T11:50:31.856640Z [variant 1] [PuLP] 입력 IMP 로드 → _flat.json
2026-01-04T11:50:31.856640Z [variant 1] [PuLP] 임무 33개 → 11개 그룹 (그룹당 ≤3개)
2026-01-04T11:50:32.015561Z [variant 1] [PuLP] Status = Optimal
2026-01-04T11:50:32.015561Z [variant 1] [PuLP] 최적 편차 = 24664.00 s
2026-01-04T11:50:32.015561Z [variant 1] [PuLP] 저장 완료 → C:\Users\LAHMUMT_2\Desktop\KU_LAHMUMT\Logs\Scenario_2026-01-04T204957\SBC3\mission_output\variant_01\_flat_sched.json
2026-01-04T11:50:32.015561Z [variant 1] [TIME] PuLP scheduling: 0.17s
2026-01-04T11:50:32.015561Z [variant 1] [6] UAV IMP 생성‧저장
2026-01-04T11:50:32.543875Z [variant 1]     ▸ IMP 저장: C:\Users\LAHMUMT_2\Desktop\KU_LAHMUMT\Logs\Scenario_2026-01-04T204957\SBC3\mission_output\variant_01\IndividualMissionPlan_UAV004.json
2026-01-04T11:50:32.543875Z [variant 1]     ▸ IMP 저장: C:\Users\LAHMUMT_2\Desktop\KU_LAHMUMT\Logs\Scenario_2026-01-04T204957\SBC3\mission_output\variant_01\IndividualMissionPlan_UAV005.json
2026-01-04T11:50:32.543875Z [variant 1]     ▸ IMP 저장: C:\Users\LAHMUMT_2\Desktop\KU_LAHMUMT\Logs\Scenario_2026-01-04T204957\SBC3\mission_output\variant_01\IndividualMissionPlan_UAV006.json
2026-01-04T11:50:32.543875Z [variant 1] [✔] divide_and_pattern 끝 (총 1.0s 경과)
2026-01-04T11:50:32.543875Z [variant 1] [TIME] UAV IMP build: 0.52s, files=3
2026-01-04T11:50:32.543875Z [TIME] divide_and_pattern (variant=1): 1016.3 ms
2026-01-04T11:50:32.543875Z [OK] IMP generated: 6 file(s) (variant=1)
2026-01-04T11:50:32.585962Z [TIME] build_0301+load (variant=1): 36.5 ms
2026-01-04T11:50:32.585962Z [OK] MissionPlan built: MissionPlan_1767527432543.json (variant=1)
2026-01-04T11:50:32.585962Z [TIME] collect_missions (variant=1): 1.0 ms, count=66
2026-01-04T11:50:32.868304Z [TIME] pathID_mapping (variant=1): 281.1 ms
2026-01-04T11:50:32.868304Z [INFO] pathID mapping done for 0302/0303/0304 (variant=1)
2026-01-04T11:50:32.872206Z [INFO] FlightPath build mode: parallel (variant=1)
2026-01-04T11:50:33.341082Z [INFO] FlightPath build time (parallel): 0303=470.6 ms, 0304=370.1 ms, wall=471.4 ms
2026-01-04T11:50:33.341082Z [OK] FlightPath counts (variant=1): 0303=33 / 0304=33
2026-01-04T11:50:33.658283Z [TIME] build_0302 (variant=1): 321.5 ms, packages=6
2026-01-04T11:50:33.658283Z [TIME] write_0302 (variant=1): 3.7 ms, files=6
2026-01-04T11:50:33.689711Z [TIME] write_FlightPath (variant=1): 30.8 ms, files=66
2026-01-04T11:50:33.689711Z [TIME] write_0301 (variant=1): 0.3 ms
2026-01-04T11:50:33.689711Z [OK] Stored variant 1: MissionPlanID=700000002, IMP=6, FlightPath=66
2026-01-04T11:50:33.689711Z [TIME] variant_total (variant=1): 2163.1 ms
2026-01-04T11:50:33.689711Z [INFO] Option mapping #1: planID=700000002, optionCode=2(공격특화)
2026-01-04T11:50:33.689711Z [STEP 1.2] Divide & Pattern start
2026-01-04T11:50:33.689711Z [variant 2] [1] CMPK 로드
2026-01-04T11:50:33.705396Z [variant 2]     ▸ VehicleStatus 적용: 사용 가능한 기체 [1, 2, 3, 4, 5, 6]
2026-01-04T11:50:33.705396Z [variant 2]     MRPK 로드
2026-01-04T11:50:33.705396Z [variant 2]     ▸ 로드 완료  (소요 0.01s)
2026-01-04T11:50:33.705396Z [variant 2] [2] LAH 임무 저장 시작
2026-01-04T11:50:34.012908Z [variant 2] [LAH1] LAH 임무파일 저장 → C:\Users\LAHMUMT_2\Desktop\KU_LAHMUMT\Logs\Scenario_2026-01-04T204957\SBC3\mission_output\variant_02\IndividualMissionPlan_LAH001.json
2026-01-04T11:50:34.012908Z [variant 2] [LAH2] LAH 임무파일 저장 → C:\Users\LAHMUMT_2\Desktop\KU_LAHMUMT\Logs\Scenario_2026-01-04T204957\SBC3\mission_output\variant_02\IndividualMissionPlan_LAH002.json
2026-01-04T11:50:34.012908Z [variant 2] [LAH3] LAH 임무파일 저장 → C:\Users\LAHMUMT_2\Desktop\KU_LAHMUMT\Logs\Scenario_2026-01-04T204957\SBC3\mission_output\variant_02\IndividualMissionPlan_LAH003.json
2026-01-04T11:50:34.012908Z [variant 2] [TIME] LAH save: 0.31s
2026-01-04T11:50:34.012908Z [variant 2]     ▸ LAH 3개 파일 저장
2026-01-04T11:50:34.012908Z [variant 2] [3] InputMission 분할
2026-01-04T11:50:34.012908Z [variant 2] [3] InputMission 분할
2026-01-04T11:50:34.012908Z [variant 2]     ▸ (1/11) inputMissionID=1 type=1
2026-01-04T11:50:34.012908Z [variant 2]        └─ sub-area 3개 추가 (누적 3)
2026-01-04T11:50:34.012908Z [variant 2]     ▸ (2/11) inputMissionID=2 type=1
2026-01-04T11:50:34.012908Z [variant 2]        └─ sub-area 3개 추가 (누적 6)
2026-01-04T11:50:34.012908Z [variant 2]     ▸ (3/11) inputMissionID=3 type=2
2026-01-04T11:50:34.022239Z [variant 2]        └─ sub-area 3개 추가 (누적 9)
2026-01-04T11:50:34.022239Z [variant 2]     ▸ (4/11) inputMissionID=4 type=1
2026-01-04T11:50:34.022239Z [variant 2]        └─ sub-area 3개 추가 (누적 12)
2026-01-04T11:50:34.022239Z [variant 2]     ▸ (5/11) inputMissionID=5 type=2
2026-01-04T11:50:34.022239Z [variant 2]        └─ sub-area 3개 추가 (누적 15)
2026-01-04T11:50:34.022239Z [variant 2]     ▸ (6/11) inputMissionID=6 type=1
2026-01-04T11:50:34.022239Z [variant 2]        └─ sub-area 3개 추가 (누적 18)
2026-01-04T11:50:34.022239Z [variant 2]     ▸ (7/11) inputMissionID=7 type=2
2026-01-04T11:50:34.022239Z [variant 2]        └─ sub-area 3개 추가 (누적 21)
2026-01-04T11:50:34.022239Z [variant 2]     ▸ (8/11) inputMissionID=8 type=1
2026-01-04T11:50:34.022239Z [variant 2]        └─ sub-area 3개 추가 (누적 24)
2026-01-04T11:50:34.022239Z [variant 2]     ▸ (9/11) inputMissionID=9 type=2
2026-01-04T11:50:34.022239Z [variant 2]        └─ sub-area 3개 추가 (누적 27)
2026-01-04T11:50:34.022239Z [variant 2]     ▸ (10/11) inputMissionID=10 type=1
2026-01-04T11:50:34.022239Z [variant 2]        └─ sub-area 3개 추가 (누적 30)
2026-01-04T11:50:34.022239Z [variant 2]     ▸ (11/11) inputMissionID=11 type=1
2026-01-04T11:50:34.022239Z [variant 2]        └─ sub-area 3개 추가 (누적 33)
2026-01-04T11:50:34.022239Z [variant 2]     ▸ 분할 완료: 33개 sub-area
2026-01-04T11:50:34.022239Z [variant 2] [TIME] InputMission split: 0.01s
2026-01-04T11:50:34.022239Z [variant 2] [4] RL 예상시간 계산
2026-01-04T11:50:34.022239Z [variant 2]        RL 진행    1/33  (소요  0.0s)
2026-01-04T11:50:34.022239Z [variant 2]        RL 진행    2/33  (소요  0.0s)
2026-01-04T11:50:34.022239Z [variant 2]        RL 진행    4/33  (소요  0.0s)
2026-01-04T11:50:34.022239Z [variant 2]        RL 진행    6/33  (소요  0.0s)
2026-01-04T11:50:34.022239Z [variant 2]        RL 진행    8/33  (소요  0.0s)
2026-01-04T11:50:34.022239Z [variant 2]        RL 진행   10/33  (소요  0.0s)
2026-01-04T11:50:34.022239Z [variant 2]        RL 진행   12/33  (소요  0.0s)
2026-01-04T11:50:34.022239Z [variant 2]        RL 진행   14/33  (소요  0.0s)
2026-01-04T11:50:34.022239Z [variant 2]        RL 진행   16/33  (소요  0.0s)
2026-01-04T11:50:34.031936Z [variant 2]        RL 진행   18/33  (소요  0.0s)
2026-01-04T11:50:34.031936Z [variant 2]        RL 진행   20/33  (소요  0.0s)
2026-01-04T11:50:34.031936Z [variant 2]        RL 진행   22/33  (소요  0.0s)
2026-01-04T11:50:34.031936Z [variant 2]        RL 진행   24/33  (소요  0.0s)
2026-01-04T11:50:34.031936Z [variant 2]        RL 진행   26/33  (소요  0.0s)
2026-01-04T11:50:34.031936Z [variant 2]        RL 진행   28/33  (소요  0.0s)
2026-01-04T11:50:34.031936Z [variant 2]        RL 진행   30/33  (소요  0.0s)
2026-01-04T11:50:34.031936Z [variant 2]        RL 진행   32/33  (소요  0.0s)
2026-01-04T11:50:34.031936Z [variant 2]        RL 진행   33/33  (소요  0.0s)
2026-01-04T11:50:34.031936Z [variant 2]        ┌─ RL 세부 소요(ms) ─────────────
2026-01-04T11:50:34.033941Z [variant 2]        │ predict :    0.0  / p95    0.0
2026-01-04T11:50:34.033941Z [variant 2]        │ env.step:    0.0  / p95    0.0
2026-01-04T11:50:34.033941Z [variant 2]        │ distance:    0.0  / p95    0.0
2026-01-04T11:50:34.033941Z [variant 2]        └───────────────────────────────
2026-01-04T11:50:34.033941Z [variant 2] [TIME] RL total: 0.00s
2026-01-04T11:50:34.033941Z [variant 2] [5] PuLP 균등 스케줄링
2026-01-04T11:50:34.033941Z [variant 2] [PuLP] 입력 IMP 로드 → _flat.json
2026-01-04T11:50:34.033941Z [variant 2] [PuLP] 임무 33개 → 11개 그룹 (그룹당 ≤3개)
2026-01-04T11:50:34.192162Z [variant 2] [PuLP] Status = Optimal
2026-01-04T11:50:34.192162Z [variant 2] [PuLP] 최적 편차 = 24664.00 s
2026-01-04T11:50:34.192162Z [variant 2] [PuLP] 저장 완료 → C:\Users\LAHMUMT_2\Desktop\KU_LAHMUMT\Logs\Scenario_2026-01-04T204957\SBC3\mission_output\variant_02\_flat_sched.json
2026-01-04T11:50:34.192162Z [variant 2] [TIME] PuLP scheduling: 0.17s
2026-01-04T11:50:34.200151Z [variant 2] [6] UAV IMP 생성‧저장
2026-01-04T11:50:34.708216Z [variant 2]     ▸ IMP 저장: C:\Users\LAHMUMT_2\Desktop\KU_LAHMUMT\Logs\Scenario_2026-01-04T204957\SBC3\mission_output\variant_02\IndividualMissionPlan_UAV004.json
2026-01-04T11:50:34.708216Z [variant 2]     ▸ IMP 저장: C:\Users\LAHMUMT_2\Desktop\KU_LAHMUMT\Logs\Scenario_2026-01-04T204957\SBC3\mission_output\variant_02\IndividualMissionPlan_UAV005.json
2026-01-04T11:50:34.708216Z [variant 2]     ▸ IMP 저장: C:\Users\LAHMUMT_2\Desktop\KU_LAHMUMT\Logs\Scenario_2026-01-04T204957\SBC3\mission_output\variant_02\IndividualMissionPlan_UAV006.json
2026-01-04T11:50:34.708216Z [variant 2] [✔] divide_and_pattern 끝 (총 1.0s 경과)
2026-01-04T11:50:34.708216Z [variant 2] [TIME] UAV IMP build: 0.51s, files=3
2026-01-04T11:50:34.708216Z [TIME] divide_and_pattern (variant=2): 1016.5 ms
2026-01-04T11:50:34.708216Z [OK] IMP generated: 6 file(s) (variant=2)
2026-01-04T11:50:34.744865Z [TIME] build_0301+load (variant=2): 30.6 ms
2026-01-04T11:50:34.744865Z [OK] MissionPlan built: MissionPlan_1767527434708.json (variant=2)
2026-01-04T11:50:34.744865Z [TIME] collect_missions (variant=2): 1.0 ms, count=66
2026-01-04T11:50:35.056189Z [TIME] pathID_mapping (variant=2): 320.3 ms
2026-01-04T11:50:35.056189Z [INFO] pathID mapping done for 0302/0303/0304 (variant=2)
2026-01-04T11:50:35.075401Z [INFO] FlightPath build mode: parallel (variant=2)
2026-01-04T11:50:35.546625Z [INFO] FlightPath build time (parallel): 0303=489.0 ms, 0304=407.4 ms, wall=490.0 ms
2026-01-04T11:50:35.546625Z [OK] FlightPath counts (variant=2): 0303=33 / 0304=33
2026-01-04T11:50:35.927824Z [TIME] build_0302 (variant=2): 376.0 ms, packages=6
2026-01-04T11:50:35.927824Z [TIME] write_0302 (variant=2): 3.6 ms, files=6
2026-01-04T11:50:35.959407Z [TIME] write_FlightPath (variant=2): 30.2 ms, files=66
2026-01-04T11:50:35.959407Z [TIME] write_0301 (variant=2): 0.4 ms
2026-01-04T11:50:35.959407Z [OK] Stored variant 2: MissionPlanID=700000003, IMP=6, FlightPath=66
2026-01-04T11:50:35.959407Z [TIME] variant_total (variant=2): 2268.9 ms
2026-01-04T11:50:35.959407Z [INFO] Option mapping #2: planID=700000003, optionCode=4(정찰특화)
2026-01-04T11:50:35.959407Z [OK] Stored mission data: MissionPlan=2, IndividualMission=12, FlightPath=132
2026-01-04T11:50:35.959407Z [STEP 4] 0301 push queued (planIds=700000002, 700000003)
2026-01-04T11:50:35.970706Z [INFO] Execution mode -> sending 0901 instead of 0903
2026-01-04T11:50:35.972709Z [0301] missionPlanID=700000002 전송
2026-01-04T11:50:35.973710Z [0301] missionPlanID=700000003 전송
2026-01-04T11:50:35.974710Z [PUSH] 0301 button click()
2026-01-04T11:50:36.566489Z [0305] status=2, reason=무인기 1번 - 전차(ID-7) 발견으로 인한 재계획 전송
2026-01-04T11:50:36.875585Z [0901] option request sent (count=2, codes=2(공격특화), 4(정찰특화))
