
[2026-03-26 13:19:33] process-log attached: mission_planning
[LOG] Mission planning log started: C:\Users\LAHMUMT_2\Desktop\DSS_KU\Logs\Scenario_2026-03-26T131659\SBC3\DSS_Internal\mission_planning_gui_20260326T041933_633380Z.log
[0101] 모드 수신 리스너 등록 완료
[0102] NodeMessenger 초기화 대기 중 ? 자동 송신 보류
[BUS] NodeMessenger 초기화 완료
[WARM] Mission planner runtime ready (algo_settings)

[2026-03-26 13:19:52] process-log attached: mission_planning
[MODE] 슬라이더 변경 → 대기모드
[0101/POLL] 모드 동기화 code=1
[MODE] 슬라이더 변경 → 초기 임무 계획
[0101/POLL] 모드 동기화 code=2
[AUTO] 0902 received (planIds=700000001)
[AUTO] replan pipeline scheduled after 0.1s delay
[0305] status=1, reason=초기임무재계획 전송
[STEP 0] Replan pipeline start (reason=초기임무재계획)
[INFO] UAV params loaded (cruise=40.00, turn_step=15.0)
[INFO] Latest input snapshot → 0201:ID=-,ts=-,src=-, 0203:ID=-,ts=-,src=-
[INFO] Fallback 0201 file selected: 100.json
[INFO] Fallback 0203 file selected: 0.json
[CHECK] 0201/0203 필수 데이터 확인 시작
[OK] 0201 inputMissionList 확인됨 (count=4) → 진행
[OK] 0201 availableAircraftList 확인됨 (count=6) → 진행
[OK] 0201 inputMissionPackageType=1 확인
[OK] 0201 mainSensor=1 확인
[CHECK] 0201 기체 수=6 (UAV=3, LAH=3)
[CHECK] 0201 임무: total=4 missingID=0 missingDetail=0 missingShape=0 unknownType=0 typeZeroAuto=0 typeZeroInvalid=0 lineOnlyViolation=0
[OK] 0203 takeOverInfoList 확인됨 (count=3) → 진행
[OK] 0203 handOverInfoList 확인됨 (count=3) → 진행
[OK] 0203 flightAreaList 확인됨 (count=1) → 진행
[CHECK] 0203 flightAreaList count=1
[variant 1] 일반 재계획 모드 적용
[STEP 1.1] Divide & Pattern start
[variant 1] [ENHANCED][1] split start: uavs=[4, 5, 6]
[variant 1] [ENHANCED][1] split done: pieces=12
[variant 1] [ENHANCED][2] type-decider done: profile=6 changed=12/12
[variant 1] [ENHANCED][3] expected-path done: count=12
[variant 1] [ENHANCED][4] area-review done: overflow=3 targets=3 pieces=12->21
[variant 1] [ENHANCED][5] expected-velocity done: pieces=21 dbRows=391
[variant 1] [ENHANCED][6] 0302 export done: files=6
[variant 1] [ENHANCED] total=70.7 ms
[TIME] divide_and_pattern (variant=1): 70.9 ms
[OK] IMP generated: 6 file(s) (variant=1)
[TIME] build_0301+load (variant=1): 12.4 ms
[OK] MissionPlan built: MissionPlan_1774498795847.json (variant=1)
[TIME] collect_missions (variant=1): 2.9 ms, count=27
[TIME] pathID_mapping (variant=1): 49.9 ms
[INFO] pathID mapping done for 0302/0303/0304 (variant=1)
[INFO] FlightPath build mode: parallel (variant=1)
[SWEEP][LINE] separation=540.00m, fov=10.00°, spacing=103.94m (~10 strips/1km)
[SWEEP][AREA-DB] missionID=900000002 widthRef=1211.61m dbWidth=1211.61m fov=3.60 sep=2290.00
[SWEEP][AREA] separation=2290.00m, fov=3.60°, spacing=131.94m (~8 strips/1km)
[SWEEP][AREA-DB] missionID=900000003 widthRef=1211.61m dbWidth=1211.61m fov=3.60 sep=2290.00
[SWEEP][AREA-DB] missionID=900000007 widthRef=1211.61m dbWidth=1211.61m fov=3.60 sep=2290.00
[SWEEP][AREA-DB] missionID=900000008 widthRef=1211.61m dbWidth=1211.61m fov=3.60 sep=2290.00
[SWEEP][AREA-DB] missionID=900000012 widthRef=1211.61m dbWidth=1211.61m fov=3.60 sep=2290.00
[SWEEP][AREA-DB] missionID=900000013 widthRef=1211.61m dbWidth=1211.61m fov=3.60 sep=2290.00
[INFO] FlightPath build time (parallel): 0303=848.9 ms, 0304=483.4 ms, wall=850.8 ms
[INFO] Applied LAH-UAV ETA follow speed plan (variant=1)
[OK] FlightPath counts (variant=1): 0303=15 / 0304=12
[TIME] build_0302 (variant=1): 12.4 ms, packages=6
[TIME] write_0302 (variant=1): 8.6 ms, files=6
[TIME] write_FlightPath (variant=1): 44.9 ms, files=27
[TIME] write_0301 (variant=1): 1.2 ms
[OK] Stored variant 1: MissionPlanID=700000001, IMP=6, FlightPath=27
[TIME] variant_total (variant=1): 1064.1 ms
[INFO] Option mapping #1: planID=700000001, optionCode=1(시스템 추천)
[OK] Stored mission data: MissionPlan=1, IndividualMission=6, FlightPath=27
[STEP 4] 0301 push queued (planIds=700000001)
[0301] missionPlanID=700000001 전송
[PUSH] 0301 direct batch send
[INFO] Post-0301 apply queued (grace=1800ms, timeout=3000ms, plans=1)
[0305] status=2, reason=초기임무재계획, elapsed=1.10s 전송
[INFO] Post-0301 ready (timeout) -> sending 0903
[0903] request sent (missionPlanID=700000001)
