[MON][2025-11-19 18:36:41] PlanLoad
  - MissionPlan 700000052 활성화 (inputPkg=1, activeInput=1)
  - InputMissionIDs=[1, 2, 3, 4, 5, 6, 7, 8]
  - 적용상태: appliedPlanID=700000052, previousPlanID=None
  - UAV1: missions=8 pkg=800013259
  - UAV2: missions=8 pkg=800013260
  - UAV3: missions=8 pkg=800013261
  - UAV4: missions=8 pkg=800013262
  - UAV5: missions=8 pkg=800013263
  - UAV6: missions=8 pkg=800013264
[MON][2025-11-19 18:37:21] ProgressUpdate
  - UAV4 mission=900150627 input=1 progress=100% (missionIndex=0)
  - UAV5 mission=900150635 input=1 progress=100% (missionIndex=0)
  - UAV6 mission=900150643 input=1 progress=100% (missionIndex=0)
[MON][2025-11-19 18:37:21] InputMissionCompletion
  - Input mission 1 completion notification enqueued.
[MON][2025-11-19 18:37:21] InputMissionCompletion
  - Input 1: UAV4 mission=900150627 reached 100%
  - Input 1: UAV5 mission=900150635 reached 100%
  - Input 1: UAV6 mission=900150643 reached 100%
  - Input 1 completed (6 missions)
[MON][2025-11-19 18:37:21] MonitoringCycle
  - SystemMode=3, PlanID=700000052, ActiveInput=1, PendingPlan=None
  - 0401 timestamp=811517583600, entries=6
  -   UAV1: wp=None, health=1
  -   UAV2: wp=None, health=1
  -   UAV3: wp=None, health=1
  -   UAV4: wp=805, health=1
  -   UAV5: wp=837, health=1
  -   UAV6: wp=867, health=1
  - 0501 currentMissionPlanID=700000052, currentInputMissionID=1
  -   UAV4 status: mission=900150627 input=1 progress=100% | mission=900150628 input=2 progress=0% | mission=900150629 input=3 progress=0% | mission=900150630 input=4 progress=0% | mission=900150631 input=5 progress=0% | mission=900150632 input=6 progress=0% | mission=900150633 input=7 progress=0% | mission=900150634 input=8 progress=0%
  -   UAV5 status: mission=900150635 input=1 progress=100% | mission=900150636 input=2 progress=0% | mission=900150637 input=3 progress=0% | mission=900150638 input=4 progress=0% | mission=900150639 input=5 progress=0% | mission=900150640 input=6 progress=0% | mission=900150641 input=7 progress=0% | mission=900150642 input=8 progress=0%
  -   UAV6 status: mission=900150643 input=1 progress=100% | mission=900150644 input=2 progress=0% | mission=900150645 input=3 progress=0% | mission=900150646 input=4 progress=0% | mission=900150647 input=5 progress=0% | mission=900150648 input=6 progress=0% | mission=900150649 input=7 progress=0% | mission=900150650 input=8 progress=0%
