[MON][2025-12-03 12:35:12] PlanLoad
  - MissionPlan 700000001 활성화 (inputPkg=1, activeInput=1)
  - InputMissionIDs=[1, 2, 3, 4, 5, 6, 7, 8, 9, 10, 11]
  - 적용상태: appliedPlanID=700000001, previousPlanID=None
  - UAV1: missions=11 pkg=800000001
  - UAV2: missions=11 pkg=800000002
  - UAV3: missions=11 pkg=800000003
  - UAV4: missions=11 pkg=800000004
  - UAV5: missions=11 pkg=800000005
  - UAV6: missions=11 pkg=800000006
[MON][2025-12-03 12:35:12] PlanLoad
  - MissionPlan 700000001 활성화 (inputPkg=1, activeInput=1)
  - InputMissionIDs=[1, 2, 3, 4, 5, 6, 7, 8, 9, 10, 11]
  - 적용상태: appliedPlanID=700000001, previousPlanID=700000001, detail=동일 ID 재적용 요청으로 갱신했습니다.
  - UAV1: missions=11 pkg=800000001
  - UAV2: missions=11 pkg=800000002
  - UAV3: missions=11 pkg=800000003
  - UAV4: missions=11 pkg=800000004
  - UAV5: missions=11 pkg=800000005
  - UAV6: missions=11 pkg=800000006
[MON][2025-12-03 12:35:22] MonitoringCycle
  - SystemMode=3, PlanID=700000001, ActiveInput=1, PendingPlan=None
  - 0401 timestamp=811517583600, entries=6
  -   UAV1: wp=None, health=1
  -   UAV2: wp=None, health=1
  -   UAV3: wp=None, health=1
  -   UAV4: wp=1, health=1
  -   UAV5: wp=45, health=1
  -   UAV6: wp=92, health=1
  - 0501 currentMissionPlanID=700000001, currentInputMissionID=1
  -   UAV4 status: mission=900000088 input=1 progress=0% (transit) | mission=900000089 input=2 progress=0% | mission=900000090 input=3 progress=0% | mission=900000091 input=4 progress=0% | mission=900000092 input=5 progress=0% | mission=900000093 input=6 progress=0% | mission=900000094 input=7 progress=0% | mission=900000095 input=8 progress=0% | mission=900000096 input=9 progress=0% | mission=900000097 input=10 progress=0% | mission=900000098 input=11 progress=0%
  -   UAV5 status: mission=900000099 input=1 progress=0% (transit) | mission=900000100 input=2 progress=0% | mission=900000101 input=3 progress=0% | mission=900000102 input=4 progress=0% | mission=900000103 input=5 progress=0% | mission=900000104 input=6 progress=0% | mission=900000105 input=7 progress=0% | mission=900000106 input=8 progress=0% | mission=900000107 input=9 progress=0% | mission=900000108 input=10 progress=0% | mission=900000109 input=11 progress=0%
  -   UAV6 status: mission=900000110 input=1 progress=0% (transit) | mission=900000111 input=2 progress=0% | mission=900000112 input=3 progress=0% | mission=900000113 input=4 progress=0% | mission=900000114 input=5 progress=0% | mission=900000115 input=6 progress=0% | mission=900000116 input=7 progress=0% | mission=900000117 input=8 progress=0% | mission=900000118 input=9 progress=0% | mission=900000119 input=10 progress=0% | mission=900000120 input=11 progress=0%
[MON][2025-12-03 12:35:24] ProgressUpdate
  - UAV4 mission=900000088 input=1 progress=33% (missionIndex=0)
  - UAV5 mission=900000099 input=1 progress=33% (missionIndex=0)
  - UAV6 mission=900000110 input=1 progress=33% (missionIndex=0)
[MON][2025-12-03 12:35:24] MonitoringCycle
  - SystemMode=3, PlanID=700000001, ActiveInput=1, PendingPlan=None
  - 0401 timestamp=811517585400, entries=6
  -   UAV1: wp=None, health=1
  -   UAV2: wp=None, health=1
  -   UAV3: wp=None, health=1
  -   UAV4: wp=2, health=1
  -   UAV5: wp=46, health=1
  -   UAV6: wp=93, health=1
  - 0501 currentMissionPlanID=700000001, currentInputMissionID=1
  -   UAV4 status: mission=900000088 input=1 progress=33% | mission=900000089 input=2 progress=0% | mission=900000090 input=3 progress=0% | mission=900000091 input=4 progress=0% | mission=900000092 input=5 progress=0% | mission=900000093 input=6 progress=0% | mission=900000094 input=7 progress=0% | mission=900000095 input=8 progress=0% | mission=900000096 input=9 progress=0% | mission=900000097 input=10 progress=0% | mission=900000098 input=11 progress=0%
  -   UAV5 status: mission=900000099 input=1 progress=33% | mission=900000100 input=2 progress=0% | mission=900000101 input=3 progress=0% | mission=900000102 input=4 progress=0% | mission=900000103 input=5 progress=0% | mission=900000104 input=6 progress=0% | mission=900000105 input=7 progress=0% | mission=900000106 input=8 progress=0% | mission=900000107 input=9 progress=0% | mission=900000108 input=10 progress=0% | mission=900000109 input=11 progress=0%
  -   UAV6 status: mission=900000110 input=1 progress=33% | mission=900000111 input=2 progress=0% | mission=900000112 input=3 progress=0% | mission=900000113 input=4 progress=0% | mission=900000114 input=5 progress=0% | mission=900000115 input=6 progress=0% | mission=900000116 input=7 progress=0% | mission=900000117 input=8 progress=0% | mission=900000118 input=9 progress=0% | mission=900000119 input=10 progress=0% | mission=900000120 input=11 progress=0%
[MON][2025-12-03 12:35:26] ProgressUpdate
  - UAV4 mission=900000088 input=1 progress=67% (missionIndex=0)
  - UAV5 mission=900000099 input=1 progress=67% (missionIndex=0)
  - UAV6 mission=900000110 input=1 progress=67% (missionIndex=0)
[MON][2025-12-03 12:35:26] MonitoringCycle
  - SystemMode=3, PlanID=700000001, ActiveInput=1, PendingPlan=None
  - 0401 timestamp=811517587400, entries=6
  -   UAV1: wp=None, health=1
  -   UAV2: wp=None, health=1
  -   UAV3: wp=None, health=1
  -   UAV4: wp=3, health=1
  -   UAV5: wp=47, health=1
  -   UAV6: wp=94, health=1
  - 0501 currentMissionPlanID=700000001, currentInputMissionID=1
  -   UAV4 status: mission=900000088 input=1 progress=67% | mission=900000089 input=2 progress=0% | mission=900000090 input=3 progress=0% | mission=900000091 input=4 progress=0% | mission=900000092 input=5 progress=0% | mission=900000093 input=6 progress=0% | mission=900000094 input=7 progress=0% | mission=900000095 input=8 progress=0% | mission=900000096 input=9 progress=0% | mission=900000097 input=10 progress=0% | mission=900000098 input=11 progress=0%
  -   UAV5 status: mission=900000099 input=1 progress=67% | mission=900000100 input=2 progress=0% | mission=900000101 input=3 progress=0% | mission=900000102 input=4 progress=0% | mission=900000103 input=5 progress=0% | mission=900000104 input=6 progress=0% | mission=900000105 input=7 progress=0% | mission=900000106 input=8 progress=0% | mission=900000107 input=9 progress=0% | mission=900000108 input=10 progress=0% | mission=900000109 input=11 progress=0%
  -   UAV6 status: mission=900000110 input=1 progress=67% | mission=900000111 input=2 progress=0% | mission=900000112 input=3 progress=0% | mission=900000113 input=4 progress=0% | mission=900000114 input=5 progress=0% | mission=900000115 input=6 progress=0% | mission=900000116 input=7 progress=0% | mission=900000117 input=8 progress=0% | mission=900000118 input=9 progress=0% | mission=900000119 input=10 progress=0% | mission=900000120 input=11 progress=0%
[MON][2025-12-03 12:35:28] ProgressUpdate
  - UAV4 mission=900000088 input=1 progress=100% (missionIndex=0)
  - UAV5 mission=900000099 input=1 progress=100% (missionIndex=0)
  - UAV6 mission=900000110 input=1 progress=100% (missionIndex=0)
[MON][2025-12-03 12:35:28] InputMissionCompletion
  - Input mission 1 completion notification enqueued.
[MON][2025-12-03 12:35:28] InputMissionCompletion
  - Input 1: UAV4 mission=900000088 reached 100%
  - Input 1: UAV5 mission=900000099 reached 100%
  - Input 1: UAV6 mission=900000110 reached 100%
  - Input 1 completed (6 missions)
[MON][2025-12-03 12:35:28] MonitoringCycle
  - SystemMode=3, PlanID=700000001, ActiveInput=1, PendingPlan=None
  - 0401 timestamp=811517589400, entries=6
  -   UAV1: wp=None, health=1
  -   UAV2: wp=None, health=1
  -   UAV3: wp=None, health=1
  -   UAV4: wp=4, health=1
  -   UAV5: wp=48, health=1
  -   UAV6: wp=95, health=1
  - 0501 currentMissionPlanID=700000001, currentInputMissionID=1
  -   UAV4 status: mission=900000088 input=1 progress=100% | mission=900000089 input=2 progress=0% | mission=900000090 input=3 progress=0% | mission=900000091 input=4 progress=0% | mission=900000092 input=5 progress=0% | mission=900000093 input=6 progress=0% | mission=900000094 input=7 progress=0% | mission=900000095 input=8 progress=0% | mission=900000096 input=9 progress=0% | mission=900000097 input=10 progress=0% | mission=900000098 input=11 progress=0%
  -   UAV5 status: mission=900000099 input=1 progress=100% | mission=900000100 input=2 progress=0% | mission=900000101 input=3 progress=0% | mission=900000102 input=4 progress=0% | mission=900000103 input=5 progress=0% | mission=900000104 input=6 progress=0% | mission=900000105 input=7 progress=0% | mission=900000106 input=8 progress=0% | mission=900000107 input=9 progress=0% | mission=900000108 input=10 progress=0% | mission=900000109 input=11 progress=0%
  -   UAV6 status: mission=900000110 input=1 progress=100% | mission=900000111 input=2 progress=0% | mission=900000112 input=3 progress=0% | mission=900000113 input=4 progress=0% | mission=900000114 input=5 progress=0% | mission=900000115 input=6 progress=0% | mission=900000116 input=7 progress=0% | mission=900000117 input=8 progress=0% | mission=900000118 input=9 progress=0% | mission=900000119 input=10 progress=0% | mission=900000120 input=11 progress=0%
[MON][2025-12-03 12:35:50] MonitoringCycle
  - SystemMode=3, PlanID=700000001, ActiveInput=2, PendingPlan=None
  - 0401 timestamp=811517591400, entries=6
  -   UAV1: wp=None, health=1
  -   UAV2: wp=None, health=1
  -   UAV3: wp=None, health=1
  -   UAV4: wp=4, health=1
  -   UAV5: wp=48, health=1
  -   UAV6: wp=95, health=1
  - 0501 currentMissionPlanID=700000001, currentInputMissionID=2
  -   UAV4 status: mission=900000088 input=1 progress=100% | mission=900000089 input=2 progress=0% | mission=900000090 input=3 progress=0% | mission=900000091 input=4 progress=0% | mission=900000092 input=5 progress=0% | mission=900000093 input=6 progress=0% | mission=900000094 input=7 progress=0% | mission=900000095 input=8 progress=0% | mission=900000096 input=9 progress=0% | mission=900000097 input=10 progress=0% | mission=900000098 input=11 progress=0%
  -   UAV5 status: mission=900000099 input=1 progress=100% | mission=900000100 input=2 progress=0% | mission=900000101 input=3 progress=0% | mission=900000102 input=4 progress=0% | mission=900000103 input=5 progress=0% | mission=900000104 input=6 progress=0% | mission=900000105 input=7 progress=0% | mission=900000106 input=8 progress=0% | mission=900000107 input=9 progress=0% | mission=900000108 input=10 progress=0% | mission=900000109 input=11 progress=0%
  -   UAV6 status: mission=900000110 input=1 progress=100% | mission=900000111 input=2 progress=0% | mission=900000112 input=3 progress=0% | mission=900000113 input=4 progress=0% | mission=900000114 input=5 progress=0% | mission=900000115 input=6 progress=0% | mission=900000116 input=7 progress=0% | mission=900000117 input=8 progress=0% | mission=900000118 input=9 progress=0% | mission=900000119 input=10 progress=0% | mission=900000120 input=11 progress=0%
[MON][2025-12-03 12:35:52] ProgressUpdate
  - UAV4 mission=900000089 input=2 progress=33% (missionIndex=1)
  - UAV5 mission=900000100 input=2 progress=33% (missionIndex=1)
  - UAV6 mission=900000111 input=2 progress=33% (missionIndex=1)
[MON][2025-12-03 12:35:52] MonitoringCycle
  - SystemMode=3, PlanID=700000001, ActiveInput=2, PendingPlan=None
  - 0401 timestamp=811517593400, entries=6
  -   UAV1: wp=None, health=1
  -   UAV2: wp=None, health=1
  -   UAV3: wp=None, health=1
  -   UAV4: wp=6, health=1
  -   UAV5: wp=50, health=1
  -   UAV6: wp=97, health=1
  - 0501 currentMissionPlanID=700000001, currentInputMissionID=2
  -   UAV4 status: mission=900000088 input=1 progress=100% | mission=900000089 input=2 progress=33% | mission=900000090 input=3 progress=0% | mission=900000091 input=4 progress=0% | mission=900000092 input=5 progress=0% | mission=900000093 input=6 progress=0% | mission=900000094 input=7 progress=0% | mission=900000095 input=8 progress=0% | mission=900000096 input=9 progress=0% | mission=900000097 input=10 progress=0% | mission=900000098 input=11 progress=0%
  -   UAV5 status: mission=900000099 input=1 progress=100% | mission=900000100 input=2 progress=33% | mission=900000101 input=3 progress=0% | mission=900000102 input=4 progress=0% | mission=900000103 input=5 progress=0% | mission=900000104 input=6 progress=0% | mission=900000105 input=7 progress=0% | mission=900000106 input=8 progress=0% | mission=900000107 input=9 progress=0% | mission=900000108 input=10 progress=0% | mission=900000109 input=11 progress=0%
  -   UAV6 status: mission=900000110 input=1 progress=100% | mission=900000111 input=2 progress=33% | mission=900000112 input=3 progress=0% | mission=900000113 input=4 progress=0% | mission=900000114 input=5 progress=0% | mission=900000115 input=6 progress=0% | mission=900000116 input=7 progress=0% | mission=900000117 input=8 progress=0% | mission=900000118 input=9 progress=0% | mission=900000119 input=10 progress=0% | mission=900000120 input=11 progress=0%
[MON][2025-12-03 12:35:54] ProgressUpdate
  - UAV4 mission=900000089 input=2 progress=67% (missionIndex=1)
  - UAV5 mission=900000100 input=2 progress=67% (missionIndex=1)
  - UAV6 mission=900000111 input=2 progress=67% (missionIndex=1)
[MON][2025-12-03 12:35:54] MonitoringCycle
  - SystemMode=3, PlanID=700000001, ActiveInput=2, PendingPlan=None
  - 0401 timestamp=811517595400, entries=6
  -   UAV1: wp=None, health=1
  -   UAV2: wp=None, health=1
  -   UAV3: wp=None, health=1
  -   UAV4: wp=7, health=1
  -   UAV5: wp=51, health=1
  -   UAV6: wp=98, health=1
  - 0501 currentMissionPlanID=700000001, currentInputMissionID=2
  -   UAV4 status: mission=900000088 input=1 progress=100% | mission=900000089 input=2 progress=67% | mission=900000090 input=3 progress=0% | mission=900000091 input=4 progress=0% | mission=900000092 input=5 progress=0% | mission=900000093 input=6 progress=0% | mission=900000094 input=7 progress=0% | mission=900000095 input=8 progress=0% | mission=900000096 input=9 progress=0% | mission=900000097 input=10 progress=0% | mission=900000098 input=11 progress=0%
  -   UAV5 status: mission=900000099 input=1 progress=100% | mission=900000100 input=2 progress=67% | mission=900000101 input=3 progress=0% | mission=900000102 input=4 progress=0% | mission=900000103 input=5 progress=0% | mission=900000104 input=6 progress=0% | mission=900000105 input=7 progress=0% | mission=900000106 input=8 progress=0% | mission=900000107 input=9 progress=0% | mission=900000108 input=10 progress=0% | mission=900000109 input=11 progress=0%
  -   UAV6 status: mission=900000110 input=1 progress=100% | mission=900000111 input=2 progress=67% | mission=900000112 input=3 progress=0% | mission=900000113 input=4 progress=0% | mission=900000114 input=5 progress=0% | mission=900000115 input=6 progress=0% | mission=900000116 input=7 progress=0% | mission=900000117 input=8 progress=0% | mission=900000118 input=9 progress=0% | mission=900000119 input=10 progress=0% | mission=900000120 input=11 progress=0%
[MON][2025-12-03 12:35:56] ProgressUpdate
  - UAV4 mission=900000089 input=2 progress=100% (missionIndex=1)
  - UAV5 mission=900000100 input=2 progress=100% (missionIndex=1)
  - UAV6 mission=900000111 input=2 progress=100% (missionIndex=1)
[MON][2025-12-03 12:35:56] InputMissionCompletion
  - Input mission 2 completion notification enqueued.
[MON][2025-12-03 12:35:56] InputMissionCompletion
  - Input 2: UAV4 mission=900000089 reached 100%
  - Input 2: UAV5 mission=900000100 reached 100%
  - Input 2: UAV6 mission=900000111 reached 100%
  - Input 1 completed (6 missions)
  - Input 2 completed (6 missions)
[MON][2025-12-03 12:35:56] MonitoringCycle
  - SystemMode=3, PlanID=700000001, ActiveInput=2, PendingPlan=None
  - 0401 timestamp=811517597400, entries=6
  -   UAV1: wp=None, health=1
  -   UAV2: wp=None, health=1
  -   UAV3: wp=None, health=1
  -   UAV4: wp=8, health=1
  -   UAV5: wp=52, health=1
  -   UAV6: wp=99, health=1
  - 0501 currentMissionPlanID=700000001, currentInputMissionID=2
  -   UAV4 status: mission=900000088 input=1 progress=100% | mission=900000089 input=2 progress=100% | mission=900000090 input=3 progress=0% | mission=900000091 input=4 progress=0% | mission=900000092 input=5 progress=0% | mission=900000093 input=6 progress=0% | mission=900000094 input=7 progress=0% | mission=900000095 input=8 progress=0% | mission=900000096 input=9 progress=0% | mission=900000097 input=10 progress=0% | mission=900000098 input=11 progress=0%
  -   UAV5 status: mission=900000099 input=1 progress=100% | mission=900000100 input=2 progress=100% | mission=900000101 input=3 progress=0% | mission=900000102 input=4 progress=0% | mission=900000103 input=5 progress=0% | mission=900000104 input=6 progress=0% | mission=900000105 input=7 progress=0% | mission=900000106 input=8 progress=0% | mission=900000107 input=9 progress=0% | mission=900000108 input=10 progress=0% | mission=900000109 input=11 progress=0%
  -   UAV6 status: mission=900000110 input=1 progress=100% | mission=900000111 input=2 progress=100% | mission=900000112 input=3 progress=0% | mission=900000113 input=4 progress=0% | mission=900000114 input=5 progress=0% | mission=900000115 input=6 progress=0% | mission=900000116 input=7 progress=0% | mission=900000117 input=8 progress=0% | mission=900000118 input=9 progress=0% | mission=900000119 input=10 progress=0% | mission=900000120 input=11 progress=0%
[MON][2025-12-03 12:36:06] MonitoringCycle
  - SystemMode=3, PlanID=700000001, ActiveInput=3, PendingPlan=None
  - 0401 timestamp=811517599600, entries=6
  -   UAV1: wp=None, health=1
  -   UAV2: wp=None, health=1
  -   UAV3: wp=None, health=1
  -   UAV4: wp=9, health=1
  -   UAV5: wp=53, health=1
  -   UAV6: wp=100, health=1
  - 0501 currentMissionPlanID=700000001, currentInputMissionID=3
  -   UAV4 status: mission=900000088 input=1 progress=100% | mission=900000089 input=2 progress=100% | mission=900000090 input=3 progress=0% (transit) | mission=900000091 input=4 progress=0% | mission=900000092 input=5 progress=0% | mission=900000093 input=6 progress=0% | mission=900000094 input=7 progress=0% | mission=900000095 input=8 progress=0% | mission=900000096 input=9 progress=0% | mission=900000097 input=10 progress=0% | mission=900000098 input=11 progress=0%
  -   UAV5 status: mission=900000099 input=1 progress=100% | mission=900000100 input=2 progress=100% | mission=900000101 input=3 progress=0% (transit) | mission=900000102 input=4 progress=0% | mission=900000103 input=5 progress=0% | mission=900000104 input=6 progress=0% | mission=900000105 input=7 progress=0% | mission=900000106 input=8 progress=0% | mission=900000107 input=9 progress=0% | mission=900000108 input=10 progress=0% | mission=900000109 input=11 progress=0%
  -   UAV6 status: mission=900000110 input=1 progress=100% | mission=900000111 input=2 progress=100% | mission=900000112 input=3 progress=0% (transit) | mission=900000113 input=4 progress=0% | mission=900000114 input=5 progress=0% | mission=900000115 input=6 progress=0% | mission=900000116 input=7 progress=0% | mission=900000117 input=8 progress=0% | mission=900000118 input=9 progress=0% | mission=900000119 input=10 progress=0% | mission=900000120 input=11 progress=0%
[MON][2025-12-03 12:36:07] ProgressUpdate
  - UAV4 mission=900000090 input=3 progress=33% (missionIndex=2)
  - UAV5 mission=900000101 input=3 progress=33% (missionIndex=2)
  - UAV6 mission=900000112 input=3 progress=33% (missionIndex=2)
[MON][2025-12-03 12:36:07] MonitoringCycle
  - SystemMode=3, PlanID=700000001, ActiveInput=3, PendingPlan=None
  - 0401 timestamp=811517601400, entries=6
  -   UAV1: wp=None, health=1
  -   UAV2: wp=None, health=1
  -   UAV3: wp=None, health=1
  -   UAV4: wp=10, health=1
  -   UAV5: wp=54, health=1
  -   UAV6: wp=101, health=1
  - 0501 currentMissionPlanID=700000001, currentInputMissionID=3
  -   UAV4 status: mission=900000088 input=1 progress=100% | mission=900000089 input=2 progress=100% | mission=900000090 input=3 progress=33% | mission=900000091 input=4 progress=0% | mission=900000092 input=5 progress=0% | mission=900000093 input=6 progress=0% | mission=900000094 input=7 progress=0% | mission=900000095 input=8 progress=0% | mission=900000096 input=9 progress=0% | mission=900000097 input=10 progress=0% | mission=900000098 input=11 progress=0%
  -   UAV5 status: mission=900000099 input=1 progress=100% | mission=900000100 input=2 progress=100% | mission=900000101 input=3 progress=33% | mission=900000102 input=4 progress=0% | mission=900000103 input=5 progress=0% | mission=900000104 input=6 progress=0% | mission=900000105 input=7 progress=0% | mission=900000106 input=8 progress=0% | mission=900000107 input=9 progress=0% | mission=900000108 input=10 progress=0% | mission=900000109 input=11 progress=0%
  -   UAV6 status: mission=900000110 input=1 progress=100% | mission=900000111 input=2 progress=100% | mission=900000112 input=3 progress=33% | mission=900000113 input=4 progress=0% | mission=900000114 input=5 progress=0% | mission=900000115 input=6 progress=0% | mission=900000116 input=7 progress=0% | mission=900000117 input=8 progress=0% | mission=900000118 input=9 progress=0% | mission=900000119 input=10 progress=0% | mission=900000120 input=11 progress=0%
[MON][2025-12-03 12:36:09] ProgressUpdate
  - UAV4 mission=900000090 input=3 progress=67% (missionIndex=2)
  - UAV5 mission=900000101 input=3 progress=67% (missionIndex=2)
  - UAV6 mission=900000112 input=3 progress=67% (missionIndex=2)
[MON][2025-12-03 12:36:09] MonitoringCycle
  - SystemMode=3, PlanID=700000001, ActiveInput=3, PendingPlan=None
  - 0401 timestamp=811517603400, entries=6
  -   UAV1: wp=None, health=1
  -   UAV2: wp=None, health=1
  -   UAV3: wp=None, health=1
  -   UAV4: wp=11, health=1
  -   UAV5: wp=55, health=1
  -   UAV6: wp=102, health=1
  - 0501 currentMissionPlanID=700000001, currentInputMissionID=3
  -   UAV4 status: mission=900000088 input=1 progress=100% | mission=900000089 input=2 progress=100% | mission=900000090 input=3 progress=67% | mission=900000091 input=4 progress=0% | mission=900000092 input=5 progress=0% | mission=900000093 input=6 progress=0% | mission=900000094 input=7 progress=0% | mission=900000095 input=8 progress=0% | mission=900000096 input=9 progress=0% | mission=900000097 input=10 progress=0% | mission=900000098 input=11 progress=0%
  -   UAV5 status: mission=900000099 input=1 progress=100% | mission=900000100 input=2 progress=100% | mission=900000101 input=3 progress=67% | mission=900000102 input=4 progress=0% | mission=900000103 input=5 progress=0% | mission=900000104 input=6 progress=0% | mission=900000105 input=7 progress=0% | mission=900000106 input=8 progress=0% | mission=900000107 input=9 progress=0% | mission=900000108 input=10 progress=0% | mission=900000109 input=11 progress=0%
  -   UAV6 status: mission=900000110 input=1 progress=100% | mission=900000111 input=2 progress=100% | mission=900000112 input=3 progress=67% | mission=900000113 input=4 progress=0% | mission=900000114 input=5 progress=0% | mission=900000115 input=6 progress=0% | mission=900000116 input=7 progress=0% | mission=900000117 input=8 progress=0% | mission=900000118 input=9 progress=0% | mission=900000119 input=10 progress=0% | mission=900000120 input=11 progress=0%
[MON][2025-12-03 12:36:12] ProgressUpdate
  - UAV4 mission=900000090 input=3 progress=100% (missionIndex=2)
  - UAV5 mission=900000101 input=3 progress=100% (missionIndex=2)
  - UAV6 mission=900000112 input=3 progress=100% (missionIndex=2)
[MON][2025-12-03 12:36:12] InputMissionCompletion
  - Input mission 3 completion notification enqueued.
[MON][2025-12-03 12:36:12] InputMissionCompletion
  - Input 3: UAV4 mission=900000090 reached 100%
  - Input 3: UAV5 mission=900000101 reached 100%
  - Input 3: UAV6 mission=900000112 reached 100%
  - Input 1 completed (6 missions)
  - Input 2 completed (6 missions)
  - Input 3 completed (6 missions)
[MON][2025-12-03 12:36:12] MonitoringCycle
  - SystemMode=3, PlanID=700000001, ActiveInput=3, PendingPlan=None
  - 0401 timestamp=811517605400, entries=6
  -   UAV1: wp=None, health=1
  -   UAV2: wp=None, health=1
  -   UAV3: wp=None, health=1
  -   UAV4: wp=12, health=1
  -   UAV5: wp=56, health=1
  -   UAV6: wp=103, health=1
  - 0501 currentMissionPlanID=700000001, currentInputMissionID=3
  -   UAV4 status: mission=900000088 input=1 progress=100% | mission=900000089 input=2 progress=100% | mission=900000090 input=3 progress=100% | mission=900000091 input=4 progress=0% | mission=900000092 input=5 progress=0% | mission=900000093 input=6 progress=0% | mission=900000094 input=7 progress=0% | mission=900000095 input=8 progress=0% | mission=900000096 input=9 progress=0% | mission=900000097 input=10 progress=0% | mission=900000098 input=11 progress=0%
  -   UAV5 status: mission=900000099 input=1 progress=100% | mission=900000100 input=2 progress=100% | mission=900000101 input=3 progress=100% | mission=900000102 input=4 progress=0% | mission=900000103 input=5 progress=0% | mission=900000104 input=6 progress=0% | mission=900000105 input=7 progress=0% | mission=900000106 input=8 progress=0% | mission=900000107 input=9 progress=0% | mission=900000108 input=10 progress=0% | mission=900000109 input=11 progress=0%
  -   UAV6 status: mission=900000110 input=1 progress=100% | mission=900000111 input=2 progress=100% | mission=900000112 input=3 progress=100% | mission=900000113 input=4 progress=0% | mission=900000114 input=5 progress=0% | mission=900000115 input=6 progress=0% | mission=900000116 input=7 progress=0% | mission=900000117 input=8 progress=0% | mission=900000118 input=9 progress=0% | mission=900000119 input=10 progress=0% | mission=900000120 input=11 progress=0%
[MON][2025-12-03 13:35:49] PlanLoad
  - MissionPlan 700000002 활성화 (inputPkg=1, activeInput=2)
  - InputMissionIDs=[2, 3, 4, 5, 6, 7, 8, 9, 10, 11]
  - 적용상태: appliedPlanID=700000002, previousPlanID=700000002, detail=동일 ID 재적용 요청으로 갱신했습니다.
  - UAV1: missions=10 pkg=800000007
  - UAV2: missions=10 pkg=800000008
  - UAV3: missions=10 pkg=800000009
  - UAV5: missions=10 pkg=800000010
  - UAV6: missions=10 pkg=800000011
[MON][2025-12-03 13:35:49] MonitoringCycle
  - SystemMode=3, PlanID=700000002, ActiveInput=2, PendingPlan=None
  - 0401 timestamp=811517607400, entries=6
  -   UAV1: wp=None, health=1
  -   UAV2: wp=None, health=1
  -   UAV3: wp=None, health=1
  -   UAV4: wp=12, health=1
  -   UAV5: wp=56, health=1
  -   UAV6: wp=103, health=1
  - 0501 currentMissionPlanID=700000002, currentInputMissionID=2
  -   UAV4 status: mission=0 input=None progress=12%
  -   UAV5 status: mission=900000189 input=2 progress=0% | mission=900000190 input=3 progress=0% | mission=900000191 input=4 progress=0% | mission=900000192 input=5 progress=0% | mission=900000193 input=6 progress=0% | mission=900000194 input=7 progress=0% | mission=900000195 input=8 progress=0% | mission=900000196 input=9 progress=0% | mission=900000197 input=10 progress=0% | mission=900000198 input=11 progress=0%
  -   UAV6 status: mission=900000199 input=2 progress=0% | mission=900000200 input=3 progress=0% | mission=900000201 input=4 progress=0% | mission=900000202 input=5 progress=0% | mission=900000203 input=6 progress=0% | mission=900000204 input=7 progress=0% | mission=900000205 input=8 progress=0% | mission=900000206 input=9 progress=0% | mission=900000207 input=10 progress=0% | mission=900000208 input=11 progress=0%
[MON][2025-12-03 13:35:49] PlanLoad
  - MissionPlan 700000003 활성화 (inputPkg=1, activeInput=2)
  - InputMissionIDs=[2, 3, 4, 5, 6, 7, 8, 9, 10, 11]
  - 적용상태: appliedPlanID=700000003, previousPlanID=700000003, detail=동일 ID 재적용 요청으로 갱신했습니다.
  - UAV1: missions=10 pkg=800000012
  - UAV2: missions=10 pkg=800000013
  - UAV3: missions=10 pkg=800000014
  - UAV5: missions=10 pkg=800000015
  - UAV6: missions=10 pkg=800000016
[MON][2025-12-03 13:35:49] MonitoringCycle
  - SystemMode=3, PlanID=700000003, ActiveInput=2, PendingPlan=None
  - 0401 timestamp=811517607400, entries=6
  -   UAV1: wp=None, health=1
  -   UAV2: wp=None, health=1
  -   UAV3: wp=None, health=1
  -   UAV4: wp=12, health=1
  -   UAV5: wp=56, health=1
  -   UAV6: wp=103, health=1
  - 0501 currentMissionPlanID=700000003, currentInputMissionID=2
  -   UAV4 status: mission=0 input=None progress=12%
  -   UAV5 status: mission=900000277 input=2 progress=0% | mission=900000278 input=3 progress=0% | mission=900000279 input=4 progress=0% | mission=900000280 input=5 progress=0% | mission=900000281 input=6 progress=0% | mission=900000282 input=7 progress=0% | mission=900000283 input=8 progress=0% | mission=900000284 input=9 progress=0% | mission=900000285 input=10 progress=0% | mission=900000286 input=11 progress=0%
  -   UAV6 status: mission=900000287 input=2 progress=0% | mission=900000288 input=3 progress=0% | mission=900000289 input=4 progress=0% | mission=900000290 input=5 progress=0% | mission=900000291 input=6 progress=0% | mission=900000292 input=7 progress=0% | mission=900000293 input=8 progress=0% | mission=900000294 input=9 progress=0% | mission=900000295 input=10 progress=0% | mission=900000296 input=11 progress=0%
[MON][2025-12-03 13:35:49] PlanLoad
  - MissionPlan 700000004 활성화 (inputPkg=1, activeInput=2)
  - InputMissionIDs=[2, 3, 4, 5, 6, 7, 8, 9, 10, 11]
  - 적용상태: appliedPlanID=700000004, previousPlanID=700000003
  - UAV1: missions=10 pkg=800000017
  - UAV2: missions=10 pkg=800000018
  - UAV3: missions=10 pkg=800000019
  - UAV5: missions=10 pkg=800000020
  - UAV6: missions=10 pkg=800000021
[MON][2025-12-03 13:35:49] PlanLoad
  - MissionPlan 700000004 활성화 (inputPkg=1, activeInput=2)
  - InputMissionIDs=[2, 3, 4, 5, 6, 7, 8, 9, 10, 11]
  - 적용상태: appliedPlanID=700000004, previousPlanID=700000004, detail=동일 ID 재적용 요청으로 갱신했습니다.
  - UAV1: missions=10 pkg=800000017
  - UAV2: missions=10 pkg=800000018
  - UAV3: missions=10 pkg=800000019
  - UAV5: missions=10 pkg=800000020
  - UAV6: missions=10 pkg=800000021
[MON][2025-12-03 13:35:49] MonitoringCycle
  - SystemMode=3, PlanID=700000004, ActiveInput=2, PendingPlan=None
  - 0401 timestamp=811517607400, entries=6
  -   UAV1: wp=None, health=1
  -   UAV2: wp=None, health=1
  -   UAV3: wp=None, health=1
  -   UAV4: wp=12, health=1
  -   UAV5: wp=56, health=1
  -   UAV6: wp=103, health=1
  - 0501 currentMissionPlanID=700000004, currentInputMissionID=2
  -   UAV4 status: mission=0 input=None progress=12%
  -   UAV5 status: mission=900000365 input=2 progress=0% | mission=900000366 input=3 progress=0% | mission=900000367 input=4 progress=0% | mission=900000368 input=5 progress=0% | mission=900000369 input=6 progress=0% | mission=900000370 input=7 progress=0% | mission=900000371 input=8 progress=0% | mission=900000372 input=9 progress=0% | mission=900000373 input=10 progress=0% | mission=900000374 input=11 progress=0%
  -   UAV6 status: mission=900000375 input=2 progress=0% | mission=900000376 input=3 progress=0% | mission=900000377 input=4 progress=0% | mission=900000378 input=5 progress=0% | mission=900000379 input=6 progress=0% | mission=900000380 input=7 progress=0% | mission=900000381 input=8 progress=0% | mission=900000382 input=9 progress=0% | mission=900000383 input=10 progress=0% | mission=900000384 input=11 progress=0%
