2026-03-12T06:56:29.935818Z [LOG] Mission planning log started: C:\Users\rain9\Desktop\LAH_MUMT\branNew\DSS_KU\Logs\Scenario_2026-03-12T142909\SBC3\DSS_Internal\mission_planning_gui_20260312T065629_639494Z.log
2026-03-12T06:56:29.937826Z [0101] 모드 수신 리스너 등록 완료
2026-03-12T06:56:30.328707Z [BUS] NodeMessenger 초기화 완료
2026-03-12T06:56:31.913779Z [WARM] Mission planner runtime ready (algo_settings)
2026-03-12T06:56:37.183398Z [MODE] 슬라이더 변경 → 대기모드
2026-03-12T06:56:37.184398Z [0101/POLL] 모드 동기화 code=1
2026-03-12T06:56:39.990378Z [AUTO] 0902 received (planIds=700000096)
2026-03-12T06:56:39.991376Z [AUTO] replan pipeline scheduled after 0.1s delay
2026-03-12T06:56:40.116044Z [0305] status=1, reason=초기임무재계획 전송
2026-03-12T06:56:40.119277Z [STEP 0] Replan pipeline start (reason=초기임무재계획)
2026-03-12T06:56:40.122557Z [INFO] UAV params loaded (cruise=40.00, turn_step=15.0)
2026-03-12T06:56:40.122557Z [INFO] Latest input snapshot → 0201:ID=-,ts=-,src=-, 0203:ID=-,ts=-,src=-
2026-03-12T06:56:40.123559Z [INFO] Fallback 0201 file selected: 100.json
2026-03-12T06:56:40.123559Z [INFO] Fallback 0203 file selected: 0.json
2026-03-12T06:56:40.124855Z [CHECK] 0201/0203 필수 데이터 확인 시작
2026-03-12T06:56:40.124855Z [OK] 0201 inputMissionList 확인됨 (count=4) → 진행
2026-03-12T06:56:40.124855Z [OK] 0201 availableAircraftList 확인됨 (count=6) → 진행
2026-03-12T06:56:40.125959Z [OK] 0201 inputMissionPackageType=1 확인
2026-03-12T06:56:40.125959Z [OK] 0201 mainSensor=1 확인
2026-03-12T06:56:40.125959Z [CHECK] 0201 기체 수=6 (UAV=3, LAH=3)
2026-03-12T06:56:40.127193Z [CHECK] 0201 임무: total=4 missingID=0 missingDetail=0 missingShape=0 unknownType=0 typeZero=0 lineOnlyViolation=0
2026-03-12T06:56:40.127193Z [OK] 0203 takeOverInfoList 확인됨 (count=3) → 진행
2026-03-12T06:56:40.128201Z [OK] 0203 handOverInfoList 확인됨 (count=3) → 진행
2026-03-12T06:56:40.128201Z [OK] 0203 flightAreaList 확인됨 (count=1) → 진행
2026-03-12T06:56:40.128201Z [CHECK] 0203 flightAreaList count=1
2026-03-12T06:56:40.135759Z [STEP 1.1] Divide & Pattern start
2026-03-12T06:56:40.137867Z [variant 1] [ENHANCED][1] split start: uavs=[4, 5, 6]
2026-03-12T06:56:40.157762Z [variant 1] [ENHANCED][1] split done: pieces=12
2026-03-12T06:56:40.160768Z [variant 1] [ENHANCED][2] type-decider done: profile=6 changed=12/12
2026-03-12T06:56:40.161763Z [variant 1] [ENHANCED][3] expected-path done: count=12
2026-03-12T06:56:40.170774Z [variant 1] [ENHANCED][4] area-review done: overflow=3 targets=3 pieces=12->34
2026-03-12T06:56:40.179261Z [MODE] 슬라이더 변경 → 초기 임무 계획
2026-03-12T06:56:40.180261Z [0101/POLL] 모드 동기화 code=2
2026-03-12T06:56:40.180261Z [variant 1] [ENHANCED][5] expected-velocity done: pieces=34 dbRows=391
2026-03-12T06:56:40.219270Z [variant 1] [ENHANCED][6] 0302 export done: files=6
2026-03-12T06:56:40.220266Z [variant 1] [ENHANCED] total=94.4 ms
2026-03-12T06:56:40.220266Z [TIME] divide_and_pattern (variant=1): 94.6 ms
2026-03-12T06:56:40.221505Z [OK] IMP generated: 6 file(s) (variant=1)
2026-03-12T06:56:40.235402Z [TIME] build_0301+load (variant=1): 15.5 ms
2026-03-12T06:56:40.235402Z [OK] MissionPlan built: MissionPlan_1773298600219.json (variant=1)
2026-03-12T06:56:40.238407Z [TIME] collect_missions (variant=1): 3.7 ms, count=27
2026-03-12T06:56:40.337747Z [TIME] pathID_mapping (variant=1): 98.5 ms
2026-03-12T06:56:40.339746Z [INFO] pathID mapping done for 0302/0303/0304 (variant=1)
2026-03-12T06:56:40.339746Z [INFO] FlightPath build mode: parallel (variant=1)
2026-03-12T06:56:40.959274Z [INFO] FlightPath build time (parallel): 0303=623.7 ms, 0304=495.9 ms, wall=625.2 ms
2026-03-12T06:56:40.959274Z [OK] FlightPath counts (variant=1): 0303=15 / 0304=12
2026-03-12T06:56:41.020978Z [TIME] build_0302 (variant=1): 50.9 ms, packages=6
2026-03-12T06:56:41.030522Z [TIME] write_0302 (variant=1): 9.5 ms, files=6
2026-03-12T06:56:41.110493Z [TIME] write_FlightPath (variant=1): 83.3 ms, files=27
2026-03-12T06:56:41.110493Z [TIME] write_0301 (variant=1): 1.8 ms
2026-03-12T06:56:41.110493Z [OK] Stored variant 1: MissionPlanID=700000000, IMP=6, FlightPath=27
2026-03-12T06:56:41.110493Z [TIME] variant_total (variant=1): 990.7 ms
2026-03-12T06:56:41.110493Z [INFO] Option mapping #1: planID=700000000, optionCode=1(시스템 추천)
2026-03-12T06:56:41.118237Z [OK] Stored mission data: MissionPlan=1, IndividualMission=6, FlightPath=27
2026-03-12T06:56:41.118237Z [STEP 4] 0301 push queued (planIds=700000000)
2026-03-12T06:56:41.126869Z [0301] missionPlanID=700000000 전송
2026-03-12T06:56:41.126869Z [PUSH] 0301 button click()
2026-03-12T06:56:41.126869Z [INFO] Post-0301 apply queued (grace=1800ms, timeout=3000ms, plans=1)
2026-03-12T06:56:41.136454Z [0305] status=2, reason=초기임무재계획, elapsed=1.03s 전송
2026-03-12T06:56:44.117816Z [INFO] Post-0301 ready (timeout) -> sending 0903
2026-03-12T06:56:44.124377Z [0903] request sent (missionPlanID=700000000)
2026-03-12T06:57:40.469846Z [MODE] 슬라이더 변경 → 임무 수행
2026-03-12T06:57:40.470836Z [0101/POLL] 모드 동기화 code=3
2026-03-12T07:11:17.014594Z [WARN] 0102 heartbeat send failed:  (10051): 연결할 수 없는 네트워크에서 소켓 작업을 시도했습니다.
   at System.Net.Sockets.Socket.UpdateStatusAfterSocketErrorAndThrowException(SocketError error, Boolean disconnectOnFailure, String callerName)
   at System.Net.Sockets.Socket.SendTo(Byte[] buffer, Int32 offset, Int32 size, SocketFlags socketFlags, EndPoint remoteEP)
   at System.Net.Sockets.UdpClient.Send(Byte[] dgram, Int32 bytes, IPEndPoint endPoint)
   at Nex1.Middleware.Publisher.Publish(String topic, Object ob, PublishQos qos)
   at nFusion.Nodes.Core.NodeMessengerCore.Push[T](T data, NodePushQos qos)
   at nFusion.Nodes.Core.NodeMessengerCore.Push[T](T data, String target)
   at nFusion.Nodes.Core.NodeMessenger.Push[T](T data, String target)
   at InvokeStub_NodeMessenger.Push(Object, Span`1)
   at System.Reflection.MethodBaseInvoker.InvokeWithFewArgs(Object obj, BindingFlags invokeAttr, Binder binder, Object[] parameters, CultureInfo culture)
2026-03-12T07:11:22.051374Z [WARN] 0102 heartbeat send failed:  (10051): 연결할 수 없는 네트워크에서 소켓 작업을 시도했습니다.
   at System.Net.Sockets.Socket.UpdateStatusAfterSocketErrorAndThrowException(SocketError error, Boolean disconnectOnFailure, String callerName)
   at System.Net.Sockets.Socket.SendTo(Byte[] buffer, Int32 offset, Int32 size, SocketFlags socketFlags, EndPoint remoteEP)
   at System.Net.Sockets.UdpClient.Send(Byte[] dgram, Int32 bytes, IPEndPoint endPoint)
   at Nex1.Middleware.Publisher.Publish(String topic, Object ob, PublishQos qos)
   at nFusion.Nodes.Core.NodeMessengerCore.Push[T](T data, NodePushQos qos)
   at nFusion.Nodes.Core.NodeMessengerCore.Push[T](T data, String target)
   at nFusion.Nodes.Core.NodeMessenger.Push[T](T data, String target)
   at InvokeStub_NodeMessenger.Push(Object, Span`1)
   at System.Reflection.MethodBaseInvoker.InvokeWithFewArgs(Object obj, BindingFlags invokeAttr, Binder binder, Object[] parameters, CultureInfo culture)
