2025-11-20T19:19:31.137443Z [LOG] Mission planning log started: C:\Users\LAHMUMT_2\Desktop\KU_LAHMUMT\Logs\Scenario_2025-11-21T035459\SBC3\DSS_Internal\mission_planning_gui_20251120T191931_136442Z.log
2025-11-20T19:19:31.138443Z CTRL UDP 수신 대기 시작 (127.0.0.1:45981)
2025-11-20T19:19:31.139442Z [0101] 모드 수신 리스너 등록 완료
2025-11-20T19:19:31.279017Z [CTRL] MODE change request: 초기화 모드
2025-11-20T19:19:31.522610Z [BUS] NodeMessenger 초기화 완료
2025-11-20T19:19:38.381793Z [MODE] 슬라이더 변경 → 대기모드
2025-11-20T19:19:38.381793Z [0101/POLL] 모드 동기화 code=1
2025-11-20T19:19:45.065914Z [AUTO] 0902 received (planIds=700000001)
2025-11-20T19:19:45.065914Z [AUTO] replan pipeline scheduled after 0.1s delay
2025-11-20T19:19:45.153870Z [MODE] 슬라이더 변경 → 초기 임무 계획
2025-11-20T19:19:45.154870Z [0101/POLL] 모드 동기화 code=2
2025-11-20T19:19:45.175582Z [0305] status=1, reason=초기임무재계획 전송
2025-11-20T19:19:45.177570Z [STEP 0] Replan pipeline start (reason=초기임무재계획)
2025-11-20T19:19:47.479473Z [INFO] Latest input snapshot → 0201:ID=-,ts=-,src=-, 0203:ID=-,ts=-,src=-
2025-11-20T19:19:47.479473Z [ERR] Replan pipeline aborted: missing 0201/0203 input
2025-11-20T19:20:34.901010Z [INFO] Latest 0203 ID updated → 1
2025-11-20T19:20:36.429991Z [INFO] Latest 0201 ID updated → 1
2025-11-20T19:20:42.514107Z [MODE] 슬라이더 변경 → 대기모드
2025-11-20T19:20:42.515107Z [0101/POLL] 모드 동기화 code=1
2025-11-20T19:20:43.443884Z [AUTO] 0902 received (planIds=700000002)
2025-11-20T19:20:43.443884Z [AUTO] replan pipeline scheduled after 0.1s delay
2025-11-20T19:20:43.514146Z [MODE] 슬라이더 변경 → 초기 임무 계획
2025-11-20T19:20:43.515148Z [0101/POLL] 모드 동기화 code=2
2025-11-20T19:20:43.563999Z [0305] status=1, reason=초기임무재계획 전송
2025-11-20T19:20:43.566002Z [INFO] Using latest 0201 ID 1 for inputMissionPackageID (fallback)
2025-11-20T19:20:43.567003Z [INFO] Using latest 0203 ID 1 for missionReferencePackageID (fallback)
2025-11-20T19:20:43.567003Z [STEP 0] Replan pipeline start (reason=초기임무재계획)
2025-11-20T19:20:43.568003Z [INFO] Latest input snapshot → 0201:ID=1,ts=816922549226,src=-, 0203:ID=1,ts=816981634898,src=-
2025-11-20T19:20:43.569003Z [STEP 0] Using latest 0201 ID 1 (1.json)
2025-11-20T19:20:43.569003Z [STEP 0] Using latest 0203 ID 1 (1.json)
2025-11-20T19:20:43.569003Z [STEP 1.1] Divide & Pattern start
2025-11-20T19:20:43.570003Z [variant 1] [1] CMPK 로드
2025-11-20T19:20:43.576002Z [variant 1]     ▸ VehicleStatus 적용: 사용 가능한 기체 [1, 2, 3, 4, 5, 6]
2025-11-20T19:20:43.577003Z [variant 1]     MRPK 로드
2025-11-20T19:20:43.577003Z [variant 1]     ▸ 로드 완료  (소요 0.01s)
2025-11-20T19:20:43.577003Z [variant 1] [2] LAH 임무 저장 시작
2025-11-20T19:20:43.951673Z [variant 1] [LAH1] LAH 임무파일 저장 → C:\Users\LAHMUMT_2\Desktop\KU_LAHMUMT\Logs\Scenario_2025-11-21T041938\SBC3\mission_output\variant_01\IndividualMissionPlan_LAH001.json
2025-11-20T19:20:43.952674Z [variant 1] [LAH2] LAH 임무파일 저장 → C:\Users\LAHMUMT_2\Desktop\KU_LAHMUMT\Logs\Scenario_2025-11-21T041938\SBC3\mission_output\variant_01\IndividualMissionPlan_LAH002.json
2025-11-20T19:20:43.952674Z [variant 1] [LAH3] LAH 임무파일 저장 → C:\Users\LAHMUMT_2\Desktop\KU_LAHMUMT\Logs\Scenario_2025-11-21T041938\SBC3\mission_output\variant_01\IndividualMissionPlan_LAH003.json
2025-11-20T19:20:43.954177Z [variant 1]     ▸ LAH 3개 파일 저장
2025-11-20T19:20:43.954177Z [variant 1] [3] InputMission 분할
2025-11-20T19:20:43.955182Z [variant 1] [3] InputMission 분할
2025-11-20T19:20:43.955182Z [variant 1]     ▸ (1/11) inputMissionID=1 type=1
2025-11-20T19:20:43.956181Z [variant 1]        └─ sub-area 3개 추가 (누적 3)
2025-11-20T19:20:43.957181Z [variant 1]     ▸ (2/11) inputMissionID=2 type=1
2025-11-20T19:20:43.957181Z [variant 1]        └─ sub-area 3개 추가 (누적 6)
2025-11-20T19:20:43.958181Z [variant 1]     ▸ (3/11) inputMissionID=3 type=2
2025-11-20T19:20:43.958181Z [variant 1]        └─ sub-area 3개 추가 (누적 9)
2025-11-20T19:20:43.959181Z [variant 1]     ▸ (4/11) inputMissionID=4 type=1
2025-11-20T19:20:43.959181Z [variant 1]        └─ sub-area 3개 추가 (누적 12)
2025-11-20T19:20:43.960181Z [variant 1]     ▸ (5/11) inputMissionID=5 type=2
2025-11-20T19:20:43.960181Z [variant 1]        └─ sub-area 3개 추가 (누적 15)
2025-11-20T19:20:43.961182Z [variant 1]     ▸ (6/11) inputMissionID=6 type=1
2025-11-20T19:20:43.961182Z [variant 1]        └─ sub-area 3개 추가 (누적 18)
2025-11-20T19:20:43.961182Z [variant 1]     ▸ (7/11) inputMissionID=7 type=2
2025-11-20T19:20:43.963181Z [variant 1]        └─ sub-area 3개 추가 (누적 21)
2025-11-20T19:20:43.963181Z [variant 1]     ▸ (8/11) inputMissionID=8 type=1
2025-11-20T19:20:43.964181Z [variant 1]        └─ sub-area 3개 추가 (누적 24)
2025-11-20T19:20:43.964181Z [variant 1]     ▸ (9/11) inputMissionID=9 type=2
2025-11-20T19:20:43.964181Z [variant 1]        └─ sub-area 3개 추가 (누적 27)
2025-11-20T19:20:43.965181Z [variant 1]     ▸ (10/11) inputMissionID=10 type=1
2025-11-20T19:20:43.965181Z [variant 1]        └─ sub-area 3개 추가 (누적 30)
2025-11-20T19:20:43.965181Z [variant 1]     ▸ (11/11) inputMissionID=11 type=1
2025-11-20T19:20:43.965181Z [variant 1]        └─ sub-area 3개 추가 (누적 33)
2025-11-20T19:20:43.965181Z [variant 1]     ▸ 분할 완료: 33개 sub-area
2025-11-20T19:20:43.966180Z [variant 1] [4] RL 예상시간 계산
2025-11-20T19:20:43.966180Z [variant 1]        RL 진행    1/33  (소요  0.0s)
2025-11-20T19:20:43.966180Z [variant 1]        RL 진행    2/33  (소요  0.0s)
2025-11-20T19:20:43.966180Z [variant 1]        RL 진행    4/33  (소요  0.0s)
2025-11-20T19:20:43.966180Z [variant 1]        RL 진행    6/33  (소요  0.0s)
2025-11-20T19:20:43.967180Z [variant 1]        RL 진행    8/33  (소요  0.0s)
2025-11-20T19:20:43.967180Z [variant 1]        RL 진행   10/33  (소요  0.0s)
2025-11-20T19:20:43.967180Z [variant 1]        RL 진행   12/33  (소요  0.0s)
2025-11-20T19:20:43.967180Z [variant 1]        RL 진행   14/33  (소요  0.0s)
2025-11-20T19:20:43.967180Z [variant 1]        RL 진행   16/33  (소요  0.0s)
2025-11-20T19:20:43.967180Z [variant 1]        RL 진행   18/33  (소요  0.0s)
2025-11-20T19:20:43.968180Z [variant 1]        RL 진행   20/33  (소요  0.0s)
2025-11-20T19:20:43.968180Z [variant 1]        RL 진행   22/33  (소요  0.0s)
2025-11-20T19:20:43.968180Z [variant 1]        RL 진행   24/33  (소요  0.0s)
2025-11-20T19:20:43.968180Z [variant 1]        RL 진행   26/33  (소요  0.0s)
2025-11-20T19:20:43.968180Z [variant 1]        RL 진행   28/33  (소요  0.0s)
2025-11-20T19:20:43.968180Z [variant 1]        RL 진행   30/33  (소요  0.0s)
2025-11-20T19:20:43.969180Z [variant 1]        RL 진행   32/33  (소요  0.0s)
2025-11-20T19:20:43.969180Z [variant 1]        RL 진행   33/33  (소요  0.0s)
2025-11-20T19:20:43.969180Z [variant 1]        ┌─ RL 세부 소요(ms) ─────────────
2025-11-20T19:20:43.969180Z [variant 1]        │ predict :    0.0  / p95    0.0
2025-11-20T19:20:43.969180Z [variant 1]        │ env.step:    0.0  / p95    0.0
2025-11-20T19:20:43.970180Z [variant 1]        │ distance:    0.0  / p95    0.0
2025-11-20T19:20:43.970180Z [variant 1]        └───────────────────────────────
2025-11-20T19:20:43.970180Z [variant 1] [5] PuLP 균등 스케줄링
2025-11-20T19:20:43.970180Z [variant 1] [PuLP] 입력 IMP 로드 → _flat.json
2025-11-20T19:20:43.973182Z [variant 1] [PuLP] 임무 33개 → 11개 그룹 (그룹당 ≤3개)
2025-11-20T19:20:44.131297Z [variant 1] [PuLP] Status = Optimal
2025-11-20T19:20:44.131297Z [variant 1] [PuLP] 최적 편차 = 24664.00 s
2025-11-20T19:20:44.132296Z [variant 1] [PuLP] 저장 완료 → C:\Users\LAHMUMT_2\Desktop\KU_LAHMUMT\Logs\Scenario_2025-11-21T041938\SBC3\mission_output\variant_01\_flat_sched.json
2025-11-20T19:20:44.140295Z [variant 1] [6] UAV IMP 생성‧저장
2025-11-20T19:20:44.720226Z [variant 1]     ▸ IMP 저장: C:\Users\LAHMUMT_2\Desktop\KU_LAHMUMT\Logs\Scenario_2025-11-21T041938\SBC3\mission_output\variant_01\IndividualMissionPlan_UAV004.json
2025-11-20T19:20:44.721226Z [variant 1]     ▸ IMP 저장: C:\Users\LAHMUMT_2\Desktop\KU_LAHMUMT\Logs\Scenario_2025-11-21T041938\SBC3\mission_output\variant_01\IndividualMissionPlan_UAV005.json
2025-11-20T19:20:44.722226Z [variant 1]     ▸ IMP 저장: C:\Users\LAHMUMT_2\Desktop\KU_LAHMUMT\Logs\Scenario_2025-11-21T041938\SBC3\mission_output\variant_01\IndividualMissionPlan_UAV006.json
2025-11-20T19:20:44.722226Z [variant 1] [✔] divide_and_pattern 끝 (총 1762930577.3s 경과)
2025-11-20T19:20:44.723225Z [OK] IMP generated: 6 file(s) (variant=1)
2025-11-20T19:20:44.772705Z [OK] MissionPlan built: MissionPlan_1763666444722.json (variant=1)
2025-11-20T19:20:45.137069Z [INFO] pathID mapping done for 0302/0303/0304 (variant=1)
2025-11-20T19:20:45.859529Z [OK] FlightPath counts (variant=1): 0303=33 / 0304=33
2025-11-20T19:20:46.272274Z [OK] Stored variant 1: MissionPlanID=700000002, IMP=6, FlightPath=66
2025-11-20T19:20:46.272274Z [INFO] Option mapping #1: planID=700000002, optionCode=1(시스템추천)
2025-11-20T19:20:46.273274Z [OK] Stored mission data: MissionPlan=1, IndividualMission=6, FlightPath=66
2025-11-20T19:20:46.274274Z [STEP 4] 0301 push queued (planIds=700000002)
2025-11-20T19:20:46.274274Z [INFO] Direct delivery -> skip 0901/0701, send 0301+0903 only
2025-11-20T19:20:46.281275Z [0301] missionPlanID=700000002 전송
2025-11-20T19:20:46.282273Z [PUSH] 0301 button click()
2025-11-20T19:20:46.877232Z [0305] status=2, reason=초기임무재계획 전송
2025-11-20T19:20:47.178600Z [0903] request sent (missionPlanID=700000002)
