[MON][2026-01-04 11:46:58] PlanLoad
  - MissionPlan 700000001 활성화 (inputPkg=1, activeInput=1)
  - InputMissionIDs=[1, 2, 3, 4, 5, 6, 7, 8, 9, 10, 11]
  - 적용상태: appliedPlanID=700000001, previousPlanID=None
  - UAV1: missions=11 pkg=800000001
  - UAV2: missions=11 pkg=800000002
  - UAV3: missions=11 pkg=800000003
  - UAV4: missions=11 pkg=800000004
  - UAV5: missions=11 pkg=800000005
  - UAV6: missions=11 pkg=800000006
[MON][2026-01-04 11:47:14] MonitoringCycle
  - SystemMode=3, PlanID=700000001, ActiveInput=1, PendingPlan=None
  - 0401 timestamp=811517345600, entries=6
  -   UAV1: wp=None, health=1
  -   UAV2: wp=None, health=1
  -   UAV3: wp=None, health=1
  -   UAV4: wp=55, health=1
  -   UAV5: wp=100, health=1
  -   UAV6: wp=146, health=1
  - 0501 currentMissionPlanID=700000001, currentInputMissionID=1
  -   UAV4 status: mission=900000088 input=1 progress=0% (transit) | mission=900000089 input=2 progress=0% | mission=900000090 input=3 progress=0% | mission=900000091 input=4 progress=0% | mission=900000092 input=5 progress=0% | mission=900000093 input=6 progress=0% | mission=900000094 input=7 progress=0% | mission=900000095 input=8 progress=0% | mission=900000096 input=9 progress=0% | mission=900000097 input=10 progress=0% | mission=900000098 input=11 progress=0%
  -   UAV5 status: mission=900000099 input=1 progress=0% (transit) | mission=900000100 input=2 progress=0% | mission=900000101 input=3 progress=0% | mission=900000102 input=4 progress=0% | mission=900000103 input=5 progress=0% | mission=900000104 input=6 progress=0% | mission=900000105 input=7 progress=0% | mission=900000106 input=8 progress=0% | mission=900000107 input=9 progress=0% | mission=900000108 input=10 progress=0% | mission=900000109 input=11 progress=0%
  -   UAV6 status: mission=900000110 input=1 progress=0% (transit) | mission=900000111 input=2 progress=0% | mission=900000112 input=3 progress=0% | mission=900000113 input=4 progress=0% | mission=900000114 input=5 progress=0% | mission=900000115 input=6 progress=0% | mission=900000116 input=7 progress=0% | mission=900000117 input=8 progress=0% | mission=900000118 input=9 progress=0% | mission=900000119 input=10 progress=0% | mission=900000120 input=11 progress=0%
[MON][2026-01-04 11:47:16] ProgressUpdate
  - UAV4 mission=900000088 input=1 progress=33% (missionIndex=0)
  - UAV5 mission=900000099 input=1 progress=33% (missionIndex=0)
  - UAV6 mission=900000110 input=1 progress=33% (missionIndex=0)
[MON][2026-01-04 11:47:16] MonitoringCycle
  - SystemMode=3, PlanID=700000001, ActiveInput=1, PendingPlan=None
  - 0401 timestamp=811517347400, entries=6
  -   UAV1: wp=None, health=1
  -   UAV2: wp=None, health=1
  -   UAV3: wp=None, health=1
  -   UAV4: wp=56, health=1
  -   UAV5: wp=101, health=1
  -   UAV6: wp=147, health=1
  - 0501 currentMissionPlanID=700000001, currentInputMissionID=1
  -   UAV4 status: mission=900000088 input=1 progress=33% | mission=900000089 input=2 progress=0% | mission=900000090 input=3 progress=0% | mission=900000091 input=4 progress=0% | mission=900000092 input=5 progress=0% | mission=900000093 input=6 progress=0% | mission=900000094 input=7 progress=0% | mission=900000095 input=8 progress=0% | mission=900000096 input=9 progress=0% | mission=900000097 input=10 progress=0% | mission=900000098 input=11 progress=0%
  -   UAV5 status: mission=900000099 input=1 progress=33% | mission=900000100 input=2 progress=0% | mission=900000101 input=3 progress=0% | mission=900000102 input=4 progress=0% | mission=900000103 input=5 progress=0% | mission=900000104 input=6 progress=0% | mission=900000105 input=7 progress=0% | mission=900000106 input=8 progress=0% | mission=900000107 input=9 progress=0% | mission=900000108 input=10 progress=0% | mission=900000109 input=11 progress=0%
  -   UAV6 status: mission=900000110 input=1 progress=33% | mission=900000111 input=2 progress=0% | mission=900000112 input=3 progress=0% | mission=900000113 input=4 progress=0% | mission=900000114 input=5 progress=0% | mission=900000115 input=6 progress=0% | mission=900000116 input=7 progress=0% | mission=900000117 input=8 progress=0% | mission=900000118 input=9 progress=0% | mission=900000119 input=10 progress=0% | mission=900000120 input=11 progress=0%
[MON][2026-01-04 11:47:18] ProgressUpdate
  - UAV4 mission=900000088 input=1 progress=67% (missionIndex=0)
  - UAV5 mission=900000099 input=1 progress=67% (missionIndex=0)
  - UAV6 mission=900000110 input=1 progress=67% (missionIndex=0)
[MON][2026-01-04 11:47:18] MonitoringCycle
  - SystemMode=3, PlanID=700000001, ActiveInput=1, PendingPlan=None
  - 0401 timestamp=811517349400, entries=6
  -   UAV1: wp=None, health=1
  -   UAV2: wp=None, health=1
  -   UAV3: wp=None, health=1
  -   UAV4: wp=57, health=1
  -   UAV5: wp=102, health=1
  -   UAV6: wp=148, health=1
  - 0501 currentMissionPlanID=700000001, currentInputMissionID=1
  -   UAV4 status: mission=900000088 input=1 progress=67% | mission=900000089 input=2 progress=0% | mission=900000090 input=3 progress=0% | mission=900000091 input=4 progress=0% | mission=900000092 input=5 progress=0% | mission=900000093 input=6 progress=0% | mission=900000094 input=7 progress=0% | mission=900000095 input=8 progress=0% | mission=900000096 input=9 progress=0% | mission=900000097 input=10 progress=0% | mission=900000098 input=11 progress=0%
  -   UAV5 status: mission=900000099 input=1 progress=67% | mission=900000100 input=2 progress=0% | mission=900000101 input=3 progress=0% | mission=900000102 input=4 progress=0% | mission=900000103 input=5 progress=0% | mission=900000104 input=6 progress=0% | mission=900000105 input=7 progress=0% | mission=900000106 input=8 progress=0% | mission=900000107 input=9 progress=0% | mission=900000108 input=10 progress=0% | mission=900000109 input=11 progress=0%
  -   UAV6 status: mission=900000110 input=1 progress=67% | mission=900000111 input=2 progress=0% | mission=900000112 input=3 progress=0% | mission=900000113 input=4 progress=0% | mission=900000114 input=5 progress=0% | mission=900000115 input=6 progress=0% | mission=900000116 input=7 progress=0% | mission=900000117 input=8 progress=0% | mission=900000118 input=9 progress=0% | mission=900000119 input=10 progress=0% | mission=900000120 input=11 progress=0%
[MON][2026-01-04 11:47:20] ProgressUpdate
  - UAV4 mission=900000088 input=1 progress=100% (missionIndex=0)
  - UAV5 mission=900000099 input=1 progress=100% (missionIndex=0)
  - UAV6 mission=900000110 input=1 progress=100% (missionIndex=0)
[MON][2026-01-04 11:47:20] InputMissionCompletion
  - Input mission 1 completion notification enqueued.
[MON][2026-01-04 11:47:20] InputMissionCompletion
  - Input 1: UAV4 mission=900000088 reached 100%
  - Input 1: UAV5 mission=900000099 reached 100%
  - Input 1: UAV6 mission=900000110 reached 100%
  - Input 1 completed (6 missions)
[MON][2026-01-04 11:47:20] MonitoringCycle
  - SystemMode=3, PlanID=700000001, ActiveInput=1, PendingPlan=None
  - 0401 timestamp=811517351400, entries=6
  -   UAV1: wp=None, health=1
  -   UAV2: wp=None, health=1
  -   UAV3: wp=None, health=1
  -   UAV4: wp=58, health=1
  -   UAV5: wp=103, health=1
  -   UAV6: wp=149, health=1
  - 0501 currentMissionPlanID=700000001, currentInputMissionID=1
  -   UAV4 status: mission=900000088 input=1 progress=100% | mission=900000089 input=2 progress=0% | mission=900000090 input=3 progress=0% | mission=900000091 input=4 progress=0% | mission=900000092 input=5 progress=0% | mission=900000093 input=6 progress=0% | mission=900000094 input=7 progress=0% | mission=900000095 input=8 progress=0% | mission=900000096 input=9 progress=0% | mission=900000097 input=10 progress=0% | mission=900000098 input=11 progress=0%
  -   UAV5 status: mission=900000099 input=1 progress=100% | mission=900000100 input=2 progress=0% | mission=900000101 input=3 progress=0% | mission=900000102 input=4 progress=0% | mission=900000103 input=5 progress=0% | mission=900000104 input=6 progress=0% | mission=900000105 input=7 progress=0% | mission=900000106 input=8 progress=0% | mission=900000107 input=9 progress=0% | mission=900000108 input=10 progress=0% | mission=900000109 input=11 progress=0%
  -   UAV6 status: mission=900000110 input=1 progress=100% | mission=900000111 input=2 progress=0% | mission=900000112 input=3 progress=0% | mission=900000113 input=4 progress=0% | mission=900000114 input=5 progress=0% | mission=900000115 input=6 progress=0% | mission=900000116 input=7 progress=0% | mission=900000117 input=8 progress=0% | mission=900000118 input=9 progress=0% | mission=900000119 input=10 progress=0% | mission=900000120 input=11 progress=0%
[MON][2026-01-04 11:47:25] MonitoringCycle
  - SystemMode=3, PlanID=700000001, ActiveInput=2, PendingPlan=None
  - 0401 timestamp=811517353400, entries=6
  -   UAV1: wp=None, health=1
  -   UAV2: wp=None, health=1
  -   UAV3: wp=None, health=1
  -   UAV4: wp=58, health=1
  -   UAV5: wp=103, health=1
  -   UAV6: wp=149, health=1
  - 0501 currentMissionPlanID=700000001, currentInputMissionID=2
  -   UAV4 status: mission=900000088 input=1 progress=100% | mission=900000089 input=2 progress=0% | mission=900000090 input=3 progress=0% | mission=900000091 input=4 progress=0% | mission=900000092 input=5 progress=0% | mission=900000093 input=6 progress=0% | mission=900000094 input=7 progress=0% | mission=900000095 input=8 progress=0% | mission=900000096 input=9 progress=0% | mission=900000097 input=10 progress=0% | mission=900000098 input=11 progress=0%
  -   UAV5 status: mission=900000099 input=1 progress=100% | mission=900000100 input=2 progress=0% | mission=900000101 input=3 progress=0% | mission=900000102 input=4 progress=0% | mission=900000103 input=5 progress=0% | mission=900000104 input=6 progress=0% | mission=900000105 input=7 progress=0% | mission=900000106 input=8 progress=0% | mission=900000107 input=9 progress=0% | mission=900000108 input=10 progress=0% | mission=900000109 input=11 progress=0%
  -   UAV6 status: mission=900000110 input=1 progress=100% | mission=900000111 input=2 progress=0% | mission=900000112 input=3 progress=0% | mission=900000113 input=4 progress=0% | mission=900000114 input=5 progress=0% | mission=900000115 input=6 progress=0% | mission=900000116 input=7 progress=0% | mission=900000117 input=8 progress=0% | mission=900000118 input=9 progress=0% | mission=900000119 input=10 progress=0% | mission=900000120 input=11 progress=0%
[MON][2026-01-04 11:47:27] ProgressUpdate
  - UAV4 mission=900000089 input=2 progress=33% (missionIndex=1)
  - UAV5 mission=900000100 input=2 progress=33% (missionIndex=1)
  - UAV6 mission=900000111 input=2 progress=33% (missionIndex=1)
[MON][2026-01-04 11:47:27] MonitoringCycle
  - SystemMode=3, PlanID=700000001, ActiveInput=2, PendingPlan=None
  - 0401 timestamp=811517355400, entries=6
  -   UAV1: wp=None, health=1
  -   UAV2: wp=None, health=1
  -   UAV3: wp=None, health=1
  -   UAV4: wp=60, health=1
  -   UAV5: wp=105, health=1
  -   UAV6: wp=151, health=1
  - 0501 currentMissionPlanID=700000001, currentInputMissionID=2
  -   UAV4 status: mission=900000088 input=1 progress=100% | mission=900000089 input=2 progress=33% | mission=900000090 input=3 progress=0% | mission=900000091 input=4 progress=0% | mission=900000092 input=5 progress=0% | mission=900000093 input=6 progress=0% | mission=900000094 input=7 progress=0% | mission=900000095 input=8 progress=0% | mission=900000096 input=9 progress=0% | mission=900000097 input=10 progress=0% | mission=900000098 input=11 progress=0%
  -   UAV5 status: mission=900000099 input=1 progress=100% | mission=900000100 input=2 progress=33% | mission=900000101 input=3 progress=0% | mission=900000102 input=4 progress=0% | mission=900000103 input=5 progress=0% | mission=900000104 input=6 progress=0% | mission=900000105 input=7 progress=0% | mission=900000106 input=8 progress=0% | mission=900000107 input=9 progress=0% | mission=900000108 input=10 progress=0% | mission=900000109 input=11 progress=0%
  -   UAV6 status: mission=900000110 input=1 progress=100% | mission=900000111 input=2 progress=33% | mission=900000112 input=3 progress=0% | mission=900000113 input=4 progress=0% | mission=900000114 input=5 progress=0% | mission=900000115 input=6 progress=0% | mission=900000116 input=7 progress=0% | mission=900000117 input=8 progress=0% | mission=900000118 input=9 progress=0% | mission=900000119 input=10 progress=0% | mission=900000120 input=11 progress=0%
[MON][2026-01-04 11:47:29] ProgressUpdate
  - UAV4 mission=900000089 input=2 progress=67% (missionIndex=1)
  - UAV5 mission=900000100 input=2 progress=67% (missionIndex=1)
  - UAV6 mission=900000111 input=2 progress=67% (missionIndex=1)
[MON][2026-01-04 11:47:29] MonitoringCycle
  - SystemMode=3, PlanID=700000001, ActiveInput=2, PendingPlan=None
  - 0401 timestamp=811517357400, entries=6
  -   UAV1: wp=None, health=1
  -   UAV2: wp=None, health=1
  -   UAV3: wp=None, health=1
  -   UAV4: wp=61, health=1
  -   UAV5: wp=106, health=1
  -   UAV6: wp=152, health=1
  - 0501 currentMissionPlanID=700000001, currentInputMissionID=2
  -   UAV4 status: mission=900000088 input=1 progress=100% | mission=900000089 input=2 progress=67% | mission=900000090 input=3 progress=0% | mission=900000091 input=4 progress=0% | mission=900000092 input=5 progress=0% | mission=900000093 input=6 progress=0% | mission=900000094 input=7 progress=0% | mission=900000095 input=8 progress=0% | mission=900000096 input=9 progress=0% | mission=900000097 input=10 progress=0% | mission=900000098 input=11 progress=0%
  -   UAV5 status: mission=900000099 input=1 progress=100% | mission=900000100 input=2 progress=67% | mission=900000101 input=3 progress=0% | mission=900000102 input=4 progress=0% | mission=900000103 input=5 progress=0% | mission=900000104 input=6 progress=0% | mission=900000105 input=7 progress=0% | mission=900000106 input=8 progress=0% | mission=900000107 input=9 progress=0% | mission=900000108 input=10 progress=0% | mission=900000109 input=11 progress=0%
  -   UAV6 status: mission=900000110 input=1 progress=100% | mission=900000111 input=2 progress=67% | mission=900000112 input=3 progress=0% | mission=900000113 input=4 progress=0% | mission=900000114 input=5 progress=0% | mission=900000115 input=6 progress=0% | mission=900000116 input=7 progress=0% | mission=900000117 input=8 progress=0% | mission=900000118 input=9 progress=0% | mission=900000119 input=10 progress=0% | mission=900000120 input=11 progress=0%
[MON][2026-01-04 11:47:31] ProgressUpdate
  - UAV4 mission=900000089 input=2 progress=100% (missionIndex=1)
  - UAV5 mission=900000100 input=2 progress=100% (missionIndex=1)
  - UAV6 mission=900000111 input=2 progress=100% (missionIndex=1)
[MON][2026-01-04 11:47:31] InputMissionCompletion
  - Input mission 2 completion notification enqueued.
[MON][2026-01-04 11:47:31] InputMissionCompletion
  - Input 2: UAV4 mission=900000089 reached 100%
  - Input 2: UAV5 mission=900000100 reached 100%
  - Input 2: UAV6 mission=900000111 reached 100%
  - Input 1 completed (6 missions)
  - Input 2 completed (6 missions)
[MON][2026-01-04 11:47:31] MonitoringCycle
  - SystemMode=3, PlanID=700000001, ActiveInput=2, PendingPlan=None
  - 0401 timestamp=811517359400, entries=6
  -   UAV1: wp=None, health=1
  -   UAV2: wp=None, health=1
  -   UAV3: wp=None, health=1
  -   UAV4: wp=62, health=1
  -   UAV5: wp=107, health=1
  -   UAV6: wp=153, health=1
  - 0501 currentMissionPlanID=700000001, currentInputMissionID=2
  -   UAV4 status: mission=900000088 input=1 progress=100% | mission=900000089 input=2 progress=100% | mission=900000090 input=3 progress=0% | mission=900000091 input=4 progress=0% | mission=900000092 input=5 progress=0% | mission=900000093 input=6 progress=0% | mission=900000094 input=7 progress=0% | mission=900000095 input=8 progress=0% | mission=900000096 input=9 progress=0% | mission=900000097 input=10 progress=0% | mission=900000098 input=11 progress=0%
  -   UAV5 status: mission=900000099 input=1 progress=100% | mission=900000100 input=2 progress=100% | mission=900000101 input=3 progress=0% | mission=900000102 input=4 progress=0% | mission=900000103 input=5 progress=0% | mission=900000104 input=6 progress=0% | mission=900000105 input=7 progress=0% | mission=900000106 input=8 progress=0% | mission=900000107 input=9 progress=0% | mission=900000108 input=10 progress=0% | mission=900000109 input=11 progress=0%
  -   UAV6 status: mission=900000110 input=1 progress=100% | mission=900000111 input=2 progress=100% | mission=900000112 input=3 progress=0% | mission=900000113 input=4 progress=0% | mission=900000114 input=5 progress=0% | mission=900000115 input=6 progress=0% | mission=900000116 input=7 progress=0% | mission=900000117 input=8 progress=0% | mission=900000118 input=9 progress=0% | mission=900000119 input=10 progress=0% | mission=900000120 input=11 progress=0%
[MON][2026-01-04 11:47:34] MonitoringCycle
  - SystemMode=3, PlanID=700000001, ActiveInput=3, PendingPlan=None
  - 0401 timestamp=811517361400, entries=6
  -   UAV1: wp=None, health=1
  -   UAV2: wp=None, health=1
  -   UAV3: wp=None, health=1
  -   UAV4: wp=62, health=1
  -   UAV5: wp=107, health=1
  -   UAV6: wp=153, health=1
  - 0501 currentMissionPlanID=700000001, currentInputMissionID=3
  -   UAV4 status: mission=900000088 input=1 progress=100% | mission=900000089 input=2 progress=100% | mission=900000090 input=3 progress=0% | mission=900000091 input=4 progress=0% | mission=900000092 input=5 progress=0% | mission=900000093 input=6 progress=0% | mission=900000094 input=7 progress=0% | mission=900000095 input=8 progress=0% | mission=900000096 input=9 progress=0% | mission=900000097 input=10 progress=0% | mission=900000098 input=11 progress=0%
  -   UAV5 status: mission=900000099 input=1 progress=100% | mission=900000100 input=2 progress=100% | mission=900000101 input=3 progress=0% | mission=900000102 input=4 progress=0% | mission=900000103 input=5 progress=0% | mission=900000104 input=6 progress=0% | mission=900000105 input=7 progress=0% | mission=900000106 input=8 progress=0% | mission=900000107 input=9 progress=0% | mission=900000108 input=10 progress=0% | mission=900000109 input=11 progress=0%
  -   UAV6 status: mission=900000110 input=1 progress=100% | mission=900000111 input=2 progress=100% | mission=900000112 input=3 progress=0% | mission=900000113 input=4 progress=0% | mission=900000114 input=5 progress=0% | mission=900000115 input=6 progress=0% | mission=900000116 input=7 progress=0% | mission=900000117 input=8 progress=0% | mission=900000118 input=9 progress=0% | mission=900000119 input=10 progress=0% | mission=900000120 input=11 progress=0%
[MON][2026-01-04 11:47:36] ProgressUpdate
  - UAV4 mission=900000090 input=3 progress=33% (missionIndex=2)
  - UAV5 mission=900000101 input=3 progress=33% (missionIndex=2)
  - UAV6 mission=900000112 input=3 progress=33% (missionIndex=2)
[MON][2026-01-04 11:47:36] MonitoringCycle
  - SystemMode=3, PlanID=700000001, ActiveInput=3, PendingPlan=None
  - 0401 timestamp=811517363400, entries=6
  -   UAV1: wp=None, health=1
  -   UAV2: wp=None, health=1
  -   UAV3: wp=None, health=1
  -   UAV4: wp=64, health=1
  -   UAV5: wp=109, health=1
  -   UAV6: wp=155, health=1
  - 0501 currentMissionPlanID=700000001, currentInputMissionID=3
  -   UAV4 status: mission=900000088 input=1 progress=100% | mission=900000089 input=2 progress=100% | mission=900000090 input=3 progress=33% | mission=900000091 input=4 progress=0% | mission=900000092 input=5 progress=0% | mission=900000093 input=6 progress=0% | mission=900000094 input=7 progress=0% | mission=900000095 input=8 progress=0% | mission=900000096 input=9 progress=0% | mission=900000097 input=10 progress=0% | mission=900000098 input=11 progress=0%
  -   UAV5 status: mission=900000099 input=1 progress=100% | mission=900000100 input=2 progress=100% | mission=900000101 input=3 progress=33% | mission=900000102 input=4 progress=0% | mission=900000103 input=5 progress=0% | mission=900000104 input=6 progress=0% | mission=900000105 input=7 progress=0% | mission=900000106 input=8 progress=0% | mission=900000107 input=9 progress=0% | mission=900000108 input=10 progress=0% | mission=900000109 input=11 progress=0%
  -   UAV6 status: mission=900000110 input=1 progress=100% | mission=900000111 input=2 progress=100% | mission=900000112 input=3 progress=33% | mission=900000113 input=4 progress=0% | mission=900000114 input=5 progress=0% | mission=900000115 input=6 progress=0% | mission=900000116 input=7 progress=0% | mission=900000117 input=8 progress=0% | mission=900000118 input=9 progress=0% | mission=900000119 input=10 progress=0% | mission=900000120 input=11 progress=0%
[MON][2026-01-04 11:47:39] ProgressUpdate
  - UAV4 mission=900000090 input=3 progress=67% (missionIndex=2)
  - UAV5 mission=900000101 input=3 progress=67% (missionIndex=2)
  - UAV6 mission=900000112 input=3 progress=67% (missionIndex=2)
[MON][2026-01-04 11:47:39] MonitoringCycle
  - SystemMode=3, PlanID=700000001, ActiveInput=3, PendingPlan=None
  - 0401 timestamp=811517365400, entries=6
  -   UAV1: wp=None, health=1
  -   UAV2: wp=None, health=1
  -   UAV3: wp=None, health=1
  -   UAV4: wp=65, health=1
  -   UAV5: wp=110, health=1
  -   UAV6: wp=156, health=1
  - 0501 currentMissionPlanID=700000001, currentInputMissionID=3
  -   UAV4 status: mission=900000088 input=1 progress=100% | mission=900000089 input=2 progress=100% | mission=900000090 input=3 progress=67% | mission=900000091 input=4 progress=0% | mission=900000092 input=5 progress=0% | mission=900000093 input=6 progress=0% | mission=900000094 input=7 progress=0% | mission=900000095 input=8 progress=0% | mission=900000096 input=9 progress=0% | mission=900000097 input=10 progress=0% | mission=900000098 input=11 progress=0%
  -   UAV5 status: mission=900000099 input=1 progress=100% | mission=900000100 input=2 progress=100% | mission=900000101 input=3 progress=67% | mission=900000102 input=4 progress=0% | mission=900000103 input=5 progress=0% | mission=900000104 input=6 progress=0% | mission=900000105 input=7 progress=0% | mission=900000106 input=8 progress=0% | mission=900000107 input=9 progress=0% | mission=900000108 input=10 progress=0% | mission=900000109 input=11 progress=0%
  -   UAV6 status: mission=900000110 input=1 progress=100% | mission=900000111 input=2 progress=100% | mission=900000112 input=3 progress=67% | mission=900000113 input=4 progress=0% | mission=900000114 input=5 progress=0% | mission=900000115 input=6 progress=0% | mission=900000116 input=7 progress=0% | mission=900000117 input=8 progress=0% | mission=900000118 input=9 progress=0% | mission=900000119 input=10 progress=0% | mission=900000120 input=11 progress=0%
[MON][2026-01-04 11:47:41] ProgressUpdate
  - UAV4 mission=900000090 input=3 progress=100% (missionIndex=2)
  - UAV5 mission=900000101 input=3 progress=100% (missionIndex=2)
  - UAV6 mission=900000112 input=3 progress=100% (missionIndex=2)
[MON][2026-01-04 11:47:41] InputMissionCompletion
  - Input mission 3 completion notification enqueued.
[MON][2026-01-04 11:47:41] InputMissionCompletion
  - Input 3: UAV4 mission=900000090 reached 100%
  - Input 3: UAV5 mission=900000101 reached 100%
  - Input 3: UAV6 mission=900000112 reached 100%
  - Input 1 completed (6 missions)
  - Input 2 completed (6 missions)
  - Input 3 completed (6 missions)
[MON][2026-01-04 11:47:41] MonitoringCycle
  - SystemMode=3, PlanID=700000001, ActiveInput=3, PendingPlan=None
  - 0401 timestamp=811517367400, entries=6
  -   UAV1: wp=None, health=1
  -   UAV2: wp=None, health=1
  -   UAV3: wp=None, health=1
  -   UAV4: wp=66, health=1
  -   UAV5: wp=111, health=1
  -   UAV6: wp=157, health=1
  - 0501 currentMissionPlanID=700000001, currentInputMissionID=3
  -   UAV4 status: mission=900000088 input=1 progress=100% | mission=900000089 input=2 progress=100% | mission=900000090 input=3 progress=100% | mission=900000091 input=4 progress=0% | mission=900000092 input=5 progress=0% | mission=900000093 input=6 progress=0% | mission=900000094 input=7 progress=0% | mission=900000095 input=8 progress=0% | mission=900000096 input=9 progress=0% | mission=900000097 input=10 progress=0% | mission=900000098 input=11 progress=0%
  -   UAV5 status: mission=900000099 input=1 progress=100% | mission=900000100 input=2 progress=100% | mission=900000101 input=3 progress=100% | mission=900000102 input=4 progress=0% | mission=900000103 input=5 progress=0% | mission=900000104 input=6 progress=0% | mission=900000105 input=7 progress=0% | mission=900000106 input=8 progress=0% | mission=900000107 input=9 progress=0% | mission=900000108 input=10 progress=0% | mission=900000109 input=11 progress=0%
  -   UAV6 status: mission=900000110 input=1 progress=100% | mission=900000111 input=2 progress=100% | mission=900000112 input=3 progress=100% | mission=900000113 input=4 progress=0% | mission=900000114 input=5 progress=0% | mission=900000115 input=6 progress=0% | mission=900000116 input=7 progress=0% | mission=900000117 input=8 progress=0% | mission=900000118 input=9 progress=0% | mission=900000119 input=10 progress=0% | mission=900000120 input=11 progress=0%
[MON][2026-01-04 11:47:44] MonitoringCycle
  - SystemMode=3, PlanID=700000001, ActiveInput=4, PendingPlan=None
  - 0401 timestamp=811517369400, entries=6
  -   UAV1: wp=None, health=1
  -   UAV2: wp=None, health=1
  -   UAV3: wp=None, health=1
  -   UAV4: wp=66, health=1
  -   UAV5: wp=111, health=1
  -   UAV6: wp=157, health=1
  - 0501 currentMissionPlanID=700000001, currentInputMissionID=4
  -   UAV4 status: mission=900000088 input=1 progress=100% | mission=900000089 input=2 progress=100% | mission=900000090 input=3 progress=100% | mission=900000091 input=4 progress=0% | mission=900000092 input=5 progress=0% | mission=900000093 input=6 progress=0% | mission=900000094 input=7 progress=0% | mission=900000095 input=8 progress=0% | mission=900000096 input=9 progress=0% | mission=900000097 input=10 progress=0% | mission=900000098 input=11 progress=0%
  -   UAV5 status: mission=900000099 input=1 progress=100% | mission=900000100 input=2 progress=100% | mission=900000101 input=3 progress=100% | mission=900000102 input=4 progress=0% | mission=900000103 input=5 progress=0% | mission=900000104 input=6 progress=0% | mission=900000105 input=7 progress=0% | mission=900000106 input=8 progress=0% | mission=900000107 input=9 progress=0% | mission=900000108 input=10 progress=0% | mission=900000109 input=11 progress=0%
  -   UAV6 status: mission=900000110 input=1 progress=100% | mission=900000111 input=2 progress=100% | mission=900000112 input=3 progress=100% | mission=900000113 input=4 progress=0% | mission=900000114 input=5 progress=0% | mission=900000115 input=6 progress=0% | mission=900000116 input=7 progress=0% | mission=900000117 input=8 progress=0% | mission=900000118 input=9 progress=0% | mission=900000119 input=10 progress=0% | mission=900000120 input=11 progress=0%
[MON][2026-01-04 11:47:46] ProgressUpdate
  - UAV4 mission=900000091 input=4 progress=33% (missionIndex=3)
  - UAV5 mission=900000102 input=4 progress=33% (missionIndex=3)
  - UAV6 mission=900000113 input=4 progress=33% (missionIndex=3)
[MON][2026-01-04 11:47:46] MonitoringCycle
  - SystemMode=3, PlanID=700000001, ActiveInput=4, PendingPlan=None
  - 0401 timestamp=811517371400, entries=6
  -   UAV1: wp=None, health=1
  -   UAV2: wp=None, health=1
  -   UAV3: wp=None, health=1
  -   UAV4: wp=68, health=1
  -   UAV5: wp=113, health=1
  -   UAV6: wp=159, health=1
  - 0501 currentMissionPlanID=700000001, currentInputMissionID=4
  -   UAV4 status: mission=900000088 input=1 progress=100% | mission=900000089 input=2 progress=100% | mission=900000090 input=3 progress=100% | mission=900000091 input=4 progress=33% | mission=900000092 input=5 progress=0% | mission=900000093 input=6 progress=0% | mission=900000094 input=7 progress=0% | mission=900000095 input=8 progress=0% | mission=900000096 input=9 progress=0% | mission=900000097 input=10 progress=0% | mission=900000098 input=11 progress=0%
  -   UAV5 status: mission=900000099 input=1 progress=100% | mission=900000100 input=2 progress=100% | mission=900000101 input=3 progress=100% | mission=900000102 input=4 progress=33% | mission=900000103 input=5 progress=0% | mission=900000104 input=6 progress=0% | mission=900000105 input=7 progress=0% | mission=900000106 input=8 progress=0% | mission=900000107 input=9 progress=0% | mission=900000108 input=10 progress=0% | mission=900000109 input=11 progress=0%
  -   UAV6 status: mission=900000110 input=1 progress=100% | mission=900000111 input=2 progress=100% | mission=900000112 input=3 progress=100% | mission=900000113 input=4 progress=33% | mission=900000114 input=5 progress=0% | mission=900000115 input=6 progress=0% | mission=900000116 input=7 progress=0% | mission=900000117 input=8 progress=0% | mission=900000118 input=9 progress=0% | mission=900000119 input=10 progress=0% | mission=900000120 input=11 progress=0%
[MON][2026-01-04 11:47:48] ProgressUpdate
  - UAV4 mission=900000091 input=4 progress=67% (missionIndex=3)
  - UAV5 mission=900000102 input=4 progress=67% (missionIndex=3)
  - UAV6 mission=900000113 input=4 progress=67% (missionIndex=3)
[MON][2026-01-04 11:47:48] MonitoringCycle
  - SystemMode=3, PlanID=700000001, ActiveInput=4, PendingPlan=None
  - 0401 timestamp=811517373400, entries=6
  -   UAV1: wp=None, health=1
  -   UAV2: wp=None, health=1
  -   UAV3: wp=None, health=1
  -   UAV4: wp=69, health=1
  -   UAV5: wp=114, health=1
  -   UAV6: wp=160, health=1
  - 0501 currentMissionPlanID=700000001, currentInputMissionID=4
  -   UAV4 status: mission=900000088 input=1 progress=100% | mission=900000089 input=2 progress=100% | mission=900000090 input=3 progress=100% | mission=900000091 input=4 progress=67% | mission=900000092 input=5 progress=0% | mission=900000093 input=6 progress=0% | mission=900000094 input=7 progress=0% | mission=900000095 input=8 progress=0% | mission=900000096 input=9 progress=0% | mission=900000097 input=10 progress=0% | mission=900000098 input=11 progress=0%
  -   UAV5 status: mission=900000099 input=1 progress=100% | mission=900000100 input=2 progress=100% | mission=900000101 input=3 progress=100% | mission=900000102 input=4 progress=67% | mission=900000103 input=5 progress=0% | mission=900000104 input=6 progress=0% | mission=900000105 input=7 progress=0% | mission=900000106 input=8 progress=0% | mission=900000107 input=9 progress=0% | mission=900000108 input=10 progress=0% | mission=900000109 input=11 progress=0%
  -   UAV6 status: mission=900000110 input=1 progress=100% | mission=900000111 input=2 progress=100% | mission=900000112 input=3 progress=100% | mission=900000113 input=4 progress=67% | mission=900000114 input=5 progress=0% | mission=900000115 input=6 progress=0% | mission=900000116 input=7 progress=0% | mission=900000117 input=8 progress=0% | mission=900000118 input=9 progress=0% | mission=900000119 input=10 progress=0% | mission=900000120 input=11 progress=0%
[MON][2026-01-04 11:47:50] ProgressUpdate
  - UAV4 mission=900000091 input=4 progress=100% (missionIndex=3)
  - UAV5 mission=900000102 input=4 progress=100% (missionIndex=3)
  - UAV6 mission=900000113 input=4 progress=100% (missionIndex=3)
[MON][2026-01-04 11:47:50] InputMissionCompletion
  - Input mission 4 completion notification enqueued.
[MON][2026-01-04 11:47:50] InputMissionCompletion
  - Input 4: UAV4 mission=900000091 reached 100%
  - Input 4: UAV5 mission=900000102 reached 100%
  - Input 4: UAV6 mission=900000113 reached 100%
  - Input 1 completed (6 missions)
  - Input 2 completed (6 missions)
  - Input 3 completed (6 missions)
  - Input 4 completed (6 missions)
[MON][2026-01-04 11:47:50] MonitoringCycle
  - SystemMode=3, PlanID=700000001, ActiveInput=4, PendingPlan=None
  - 0401 timestamp=811517375400, entries=6
  -   UAV1: wp=None, health=1
  -   UAV2: wp=None, health=1
  -   UAV3: wp=None, health=1
  -   UAV4: wp=70, health=1
  -   UAV5: wp=115, health=1
  -   UAV6: wp=161, health=1
  - 0501 currentMissionPlanID=700000001, currentInputMissionID=4
  -   UAV4 status: mission=900000088 input=1 progress=100% | mission=900000089 input=2 progress=100% | mission=900000090 input=3 progress=100% | mission=900000091 input=4 progress=100% | mission=900000092 input=5 progress=0% | mission=900000093 input=6 progress=0% | mission=900000094 input=7 progress=0% | mission=900000095 input=8 progress=0% | mission=900000096 input=9 progress=0% | mission=900000097 input=10 progress=0% | mission=900000098 input=11 progress=0%
  -   UAV5 status: mission=900000099 input=1 progress=100% | mission=900000100 input=2 progress=100% | mission=900000101 input=3 progress=100% | mission=900000102 input=4 progress=100% | mission=900000103 input=5 progress=0% | mission=900000104 input=6 progress=0% | mission=900000105 input=7 progress=0% | mission=900000106 input=8 progress=0% | mission=900000107 input=9 progress=0% | mission=900000108 input=10 progress=0% | mission=900000109 input=11 progress=0%
  -   UAV6 status: mission=900000110 input=1 progress=100% | mission=900000111 input=2 progress=100% | mission=900000112 input=3 progress=100% | mission=900000113 input=4 progress=100% | mission=900000114 input=5 progress=0% | mission=900000115 input=6 progress=0% | mission=900000116 input=7 progress=0% | mission=900000117 input=8 progress=0% | mission=900000118 input=9 progress=0% | mission=900000119 input=10 progress=0% | mission=900000120 input=11 progress=0%
[MON][2026-01-04 11:48:00] MonitoringCycle
  - SystemMode=3, PlanID=700000001, ActiveInput=5, PendingPlan=None
  - 0401 timestamp=811517377400, entries=6
  -   UAV1: wp=None, health=1
  -   UAV2: wp=None, health=1
  -   UAV3: wp=None, health=1
  -   UAV4: wp=70, health=1
  -   UAV5: wp=115, health=1
  -   UAV6: wp=161, health=1
  - 0501 currentMissionPlanID=700000001, currentInputMissionID=5
  -   UAV4 status: mission=900000088 input=1 progress=100% | mission=900000089 input=2 progress=100% | mission=900000090 input=3 progress=100% | mission=900000091 input=4 progress=100% | mission=900000092 input=5 progress=0% | mission=900000093 input=6 progress=0% | mission=900000094 input=7 progress=0% | mission=900000095 input=8 progress=0% | mission=900000096 input=9 progress=0% | mission=900000097 input=10 progress=0% | mission=900000098 input=11 progress=0%
  -   UAV5 status: mission=900000099 input=1 progress=100% | mission=900000100 input=2 progress=100% | mission=900000101 input=3 progress=100% | mission=900000102 input=4 progress=100% | mission=900000103 input=5 progress=0% | mission=900000104 input=6 progress=0% | mission=900000105 input=7 progress=0% | mission=900000106 input=8 progress=0% | mission=900000107 input=9 progress=0% | mission=900000108 input=10 progress=0% | mission=900000109 input=11 progress=0%
  -   UAV6 status: mission=900000110 input=1 progress=100% | mission=900000111 input=2 progress=100% | mission=900000112 input=3 progress=100% | mission=900000113 input=4 progress=100% | mission=900000114 input=5 progress=0% | mission=900000115 input=6 progress=0% | mission=900000116 input=7 progress=0% | mission=900000117 input=8 progress=0% | mission=900000118 input=9 progress=0% | mission=900000119 input=10 progress=0% | mission=900000120 input=11 progress=0%
[MON][2026-01-04 11:48:02] ProgressUpdate
  - UAV4 mission=900000092 input=5 progress=25% (missionIndex=4)
  - UAV5 mission=900000103 input=5 progress=33% (missionIndex=4)
  - UAV6 mission=900000114 input=5 progress=33% (missionIndex=4)
[MON][2026-01-04 11:48:02] MonitoringCycle
  - SystemMode=3, PlanID=700000001, ActiveInput=5, PendingPlan=None
  - 0401 timestamp=811517379400, entries=6
  -   UAV1: wp=None, health=1
  -   UAV2: wp=None, health=1
  -   UAV3: wp=None, health=1
  -   UAV4: wp=72, health=1
  -   UAV5: wp=117, health=1
  -   UAV6: wp=163, health=1
  - 0501 currentMissionPlanID=700000001, currentInputMissionID=5
  -   UAV4 status: mission=900000088 input=1 progress=100% | mission=900000089 input=2 progress=100% | mission=900000090 input=3 progress=100% | mission=900000091 input=4 progress=100% | mission=900000092 input=5 progress=25% | mission=900000093 input=6 progress=0% | mission=900000094 input=7 progress=0% | mission=900000095 input=8 progress=0% | mission=900000096 input=9 progress=0% | mission=900000097 input=10 progress=0% | mission=900000098 input=11 progress=0%
  -   UAV5 status: mission=900000099 input=1 progress=100% | mission=900000100 input=2 progress=100% | mission=900000101 input=3 progress=100% | mission=900000102 input=4 progress=100% | mission=900000103 input=5 progress=33% | mission=900000104 input=6 progress=0% | mission=900000105 input=7 progress=0% | mission=900000106 input=8 progress=0% | mission=900000107 input=9 progress=0% | mission=900000108 input=10 progress=0% | mission=900000109 input=11 progress=0%
  -   UAV6 status: mission=900000110 input=1 progress=100% | mission=900000111 input=2 progress=100% | mission=900000112 input=3 progress=100% | mission=900000113 input=4 progress=100% | mission=900000114 input=5 progress=33% | mission=900000115 input=6 progress=0% | mission=900000116 input=7 progress=0% | mission=900000117 input=8 progress=0% | mission=900000118 input=9 progress=0% | mission=900000119 input=10 progress=0% | mission=900000120 input=11 progress=0%
[MON][2026-01-04 11:48:04] ProgressUpdate
  - UAV4 mission=900000092 input=5 progress=50% (missionIndex=4)
  - UAV5 mission=900000103 input=5 progress=67% (missionIndex=4)
  - UAV6 mission=900000114 input=5 progress=67% (missionIndex=4)
[MON][2026-01-04 11:48:04] MonitoringCycle
  - SystemMode=3, PlanID=700000001, ActiveInput=5, PendingPlan=None
  - 0401 timestamp=811517381400, entries=6
  -   UAV1: wp=None, health=1
  -   UAV2: wp=None, health=1
  -   UAV3: wp=None, health=1
  -   UAV4: wp=73, health=1
  -   UAV5: wp=118, health=1
  -   UAV6: wp=164, health=1
  - 0501 currentMissionPlanID=700000001, currentInputMissionID=5
  -   UAV4 status: mission=900000088 input=1 progress=100% | mission=900000089 input=2 progress=100% | mission=900000090 input=3 progress=100% | mission=900000091 input=4 progress=100% | mission=900000092 input=5 progress=50% | mission=900000093 input=6 progress=0% | mission=900000094 input=7 progress=0% | mission=900000095 input=8 progress=0% | mission=900000096 input=9 progress=0% | mission=900000097 input=10 progress=0% | mission=900000098 input=11 progress=0%
  -   UAV5 status: mission=900000099 input=1 progress=100% | mission=900000100 input=2 progress=100% | mission=900000101 input=3 progress=100% | mission=900000102 input=4 progress=100% | mission=900000103 input=5 progress=67% | mission=900000104 input=6 progress=0% | mission=900000105 input=7 progress=0% | mission=900000106 input=8 progress=0% | mission=900000107 input=9 progress=0% | mission=900000108 input=10 progress=0% | mission=900000109 input=11 progress=0%
  -   UAV6 status: mission=900000110 input=1 progress=100% | mission=900000111 input=2 progress=100% | mission=900000112 input=3 progress=100% | mission=900000113 input=4 progress=100% | mission=900000114 input=5 progress=67% | mission=900000115 input=6 progress=0% | mission=900000116 input=7 progress=0% | mission=900000117 input=8 progress=0% | mission=900000118 input=9 progress=0% | mission=900000119 input=10 progress=0% | mission=900000120 input=11 progress=0%
[MON][2026-01-04 11:48:06] ProgressUpdate
  - UAV4 mission=900000092 input=5 progress=75% (missionIndex=4)
  - UAV5 mission=900000103 input=5 progress=100% (missionIndex=4)
  - UAV6 mission=900000114 input=5 progress=100% (missionIndex=4)
[MON][2026-01-04 11:48:06] InputMissionCompletion
  - Input 5: UAV5 mission=900000103 reached 100%
  - Input 5: UAV6 mission=900000114 reached 100%
  - Input 1 completed (6 missions)
  - Input 2 completed (6 missions)
  - Input 3 completed (6 missions)
  - Input 4 completed (6 missions)
[MON][2026-01-04 11:48:06] MonitoringCycle
  - SystemMode=3, PlanID=700000001, ActiveInput=5, PendingPlan=None
  - 0401 timestamp=811517383400, entries=6
  -   UAV1: wp=None, health=1
  -   UAV2: wp=None, health=1
  -   UAV3: wp=None, health=1
  -   UAV4: wp=74, health=1
  -   UAV5: wp=119, health=1
  -   UAV6: wp=165, health=1
  - 0501 currentMissionPlanID=700000001, currentInputMissionID=5
  -   UAV4 status: mission=900000088 input=1 progress=100% | mission=900000089 input=2 progress=100% | mission=900000090 input=3 progress=100% | mission=900000091 input=4 progress=100% | mission=900000092 input=5 progress=75% | mission=900000093 input=6 progress=0% | mission=900000094 input=7 progress=0% | mission=900000095 input=8 progress=0% | mission=900000096 input=9 progress=0% | mission=900000097 input=10 progress=0% | mission=900000098 input=11 progress=0%
  -   UAV5 status: mission=900000099 input=1 progress=100% | mission=900000100 input=2 progress=100% | mission=900000101 input=3 progress=100% | mission=900000102 input=4 progress=100% | mission=900000103 input=5 progress=100% | mission=900000104 input=6 progress=0% | mission=900000105 input=7 progress=0% | mission=900000106 input=8 progress=0% | mission=900000107 input=9 progress=0% | mission=900000108 input=10 progress=0% | mission=900000109 input=11 progress=0%
  -   UAV6 status: mission=900000110 input=1 progress=100% | mission=900000111 input=2 progress=100% | mission=900000112 input=3 progress=100% | mission=900000113 input=4 progress=100% | mission=900000114 input=5 progress=100% | mission=900000115 input=6 progress=0% | mission=900000116 input=7 progress=0% | mission=900000117 input=8 progress=0% | mission=900000118 input=9 progress=0% | mission=900000119 input=10 progress=0% | mission=900000120 input=11 progress=0%
[MON][2026-01-04 11:48:08] ProgressUpdate
  - UAV4 mission=900000092 input=5 progress=100% (missionIndex=4)
[MON][2026-01-04 11:48:08] InputMissionCompletion
  - Input mission 5 completion notification enqueued.
[MON][2026-01-04 11:48:08] InputMissionCompletion
  - Input 5: UAV4 mission=900000092 reached 100%
  - Input 1 completed (6 missions)
  - Input 2 completed (6 missions)
  - Input 3 completed (6 missions)
  - Input 4 completed (6 missions)
  - Input 5 completed (6 missions)
[MON][2026-01-04 11:48:08] MonitoringCycle
  - SystemMode=3, PlanID=700000001, ActiveInput=5, PendingPlan=None
  - 0401 timestamp=811517385400, entries=6
  -   UAV1: wp=None, health=1
  -   UAV2: wp=None, health=1
  -   UAV3: wp=None, health=1
  -   UAV4: wp=75, health=1
  -   UAV5: wp=119, health=1
  -   UAV6: wp=165, health=1
  - 0501 currentMissionPlanID=700000001, currentInputMissionID=5
  -   UAV4 status: mission=900000088 input=1 progress=100% | mission=900000089 input=2 progress=100% | mission=900000090 input=3 progress=100% | mission=900000091 input=4 progress=100% | mission=900000092 input=5 progress=100% | mission=900000093 input=6 progress=0% | mission=900000094 input=7 progress=0% | mission=900000095 input=8 progress=0% | mission=900000096 input=9 progress=0% | mission=900000097 input=10 progress=0% | mission=900000098 input=11 progress=0%
  -   UAV5 status: mission=900000099 input=1 progress=100% | mission=900000100 input=2 progress=100% | mission=900000101 input=3 progress=100% | mission=900000102 input=4 progress=100% | mission=900000103 input=5 progress=100% | mission=900000104 input=6 progress=0% | mission=900000105 input=7 progress=0% | mission=900000106 input=8 progress=0% | mission=900000107 input=9 progress=0% | mission=900000108 input=10 progress=0% | mission=900000109 input=11 progress=0%
  -   UAV6 status: mission=900000110 input=1 progress=100% | mission=900000111 input=2 progress=100% | mission=900000112 input=3 progress=100% | mission=900000113 input=4 progress=100% | mission=900000114 input=5 progress=100% | mission=900000115 input=6 progress=0% | mission=900000116 input=7 progress=0% | mission=900000117 input=8 progress=0% | mission=900000118 input=9 progress=0% | mission=900000119 input=10 progress=0% | mission=900000120 input=11 progress=0%
[MON][2026-01-04 11:48:17] MonitoringCycle
  - SystemMode=3, PlanID=700000001, ActiveInput=5, PendingPlan=None
  - 0401 timestamp=811517583600, entries=6
  -   UAV1: wp=None, health=1
  -   UAV2: wp=None, health=1
  -   UAV3: wp=None, health=1
  -   UAV4: wp=391, health=1
  -   UAV5: wp=430, health=1
  -   UAV6: wp=469, health=1
  - 0501 currentMissionPlanID=700000001, currentInputMissionID=5
  -   UAV4 status: mission=900000088 input=1 progress=0% | mission=900000089 input=2 progress=0% | mission=900000090 input=3 progress=0% | mission=900000091 input=4 progress=0% | mission=900000092 input=5 progress=0% | mission=900000093 input=6 progress=0% | mission=900000094 input=7 progress=0% | mission=900000095 input=8 progress=0% | mission=900000096 input=9 progress=0% | mission=900000097 input=10 progress=0% | mission=900000098 input=11 progress=0%
  -   UAV5 status: mission=900000099 input=1 progress=0% | mission=900000100 input=2 progress=0% | mission=900000101 input=3 progress=0% | mission=900000102 input=4 progress=0% | mission=900000103 input=5 progress=0% | mission=900000104 input=6 progress=0% | mission=900000105 input=7 progress=0% | mission=900000106 input=8 progress=0% | mission=900000107 input=9 progress=0% | mission=900000108 input=10 progress=0% | mission=900000109 input=11 progress=0%
  -   UAV6 status: mission=900000110 input=1 progress=0% | mission=900000111 input=2 progress=0% | mission=900000112 input=3 progress=0% | mission=900000113 input=4 progress=0% | mission=900000114 input=5 progress=0% | mission=900000115 input=6 progress=0% | mission=900000116 input=7 progress=0% | mission=900000117 input=8 progress=0% | mission=900000118 input=9 progress=0% | mission=900000119 input=10 progress=0% | mission=900000120 input=11 progress=0%
[MON][2026-01-04 11:48:30] MonitoringCycle
  - SystemMode=3, PlanID=700000001, ActiveInput=6, PendingPlan=None
  - 0401 timestamp=811517595400, entries=6
  -   UAV1: wp=None, health=1
  -   UAV2: wp=None, health=1
  -   UAV3: wp=None, health=1
  -   UAV4: wp=394, health=1
  -   UAV5: wp=434, health=1
  -   UAV6: wp=474, health=1
  - 0501 currentMissionPlanID=700000001, currentInputMissionID=6
  -   UAV4 status: mission=900000088 input=1 progress=0% | mission=900000089 input=2 progress=0% | mission=900000090 input=3 progress=0% | mission=900000091 input=4 progress=0% | mission=900000092 input=5 progress=0% | mission=900000093 input=6 progress=0% | mission=900000094 input=7 progress=0% | mission=900000095 input=8 progress=0% | mission=900000096 input=9 progress=0% | mission=900000097 input=10 progress=0% | mission=900000098 input=11 progress=0%
  -   UAV5 status: mission=900000099 input=1 progress=0% | mission=900000100 input=2 progress=0% | mission=900000101 input=3 progress=0% | mission=900000102 input=4 progress=0% | mission=900000103 input=5 progress=0% | mission=900000104 input=6 progress=0% | mission=900000105 input=7 progress=0% | mission=900000106 input=8 progress=0% | mission=900000107 input=9 progress=0% | mission=900000108 input=10 progress=0% | mission=900000109 input=11 progress=0%
  -   UAV6 status: mission=900000110 input=1 progress=0% | mission=900000111 input=2 progress=0% | mission=900000112 input=3 progress=0% | mission=900000113 input=4 progress=0% | mission=900000114 input=5 progress=0% | mission=900000115 input=6 progress=0% | mission=900000116 input=7 progress=0% | mission=900000117 input=8 progress=0% | mission=900000118 input=9 progress=0% | mission=900000119 input=10 progress=0% | mission=900000120 input=11 progress=0%
