[MON][2025-11-19 15:00:24] PlanLoad
  - MissionPlan 700000001 활성화 (inputPkg=1, activeInput=1)
  - InputMissionIDs=[1, 2, 3, 4, 5, 6, 7, 8]
  - 적용상태: appliedPlanID=700000001, previousPlanID=None
  - UAV1: missions=8 pkg=800012859
  - UAV2: missions=8 pkg=800012860
  - UAV3: missions=8 pkg=800012861
  - UAV4: missions=8 pkg=800012862
  - UAV5: missions=8 pkg=800012863
  - UAV6: missions=8 pkg=800012864
[MON][2025-11-19 15:00:36] MonitoringCycle
  - SystemMode=3, PlanID=700000001, ActiveInput=1, PendingPlan=None
  - 0401 timestamp=811517583600, entries=6
  -   UAV1: wp=None, health=1
  -   UAV2: wp=None, health=1
  -   UAV3: wp=None, health=1
  -   UAV4: wp=1, health=1
  -   UAV5: wp=33, health=1
  -   UAV6: wp=63, health=1
  - 0501 currentMissionPlanID=700000001, currentInputMissionID=1
  -   UAV4 status: mission=900145135 input=1 progress=0% (transit) | mission=900145136 input=2 progress=0% | mission=900145137 input=3 progress=0% | mission=900145138 input=4 progress=0% | mission=900145139 input=5 progress=0% | mission=900145140 input=6 progress=0% | mission=900145141 input=7 progress=0% | mission=900145142 input=8 progress=0%
  -   UAV5 status: mission=900145143 input=1 progress=0% (transit) | mission=900145144 input=2 progress=0% | mission=900145145 input=3 progress=0% | mission=900145146 input=4 progress=0% | mission=900145147 input=5 progress=0% | mission=900145148 input=6 progress=0% | mission=900145149 input=7 progress=0% | mission=900145150 input=8 progress=0%
  -   UAV6 status: mission=900145151 input=1 progress=0% (transit) | mission=900145152 input=2 progress=0% | mission=900145153 input=3 progress=0% | mission=900145154 input=4 progress=0% | mission=900145155 input=5 progress=0% | mission=900145156 input=6 progress=0% | mission=900145157 input=7 progress=0% | mission=900145158 input=8 progress=0%
[MON][2025-11-19 15:00:38] ProgressUpdate
  - UAV4 mission=900145135 input=1 progress=33% (missionIndex=0)
  - UAV5 mission=900145143 input=1 progress=33% (missionIndex=0)
  - UAV6 mission=900145151 input=1 progress=33% (missionIndex=0)
[MON][2025-11-19 15:00:38] MonitoringCycle
  - SystemMode=3, PlanID=700000001, ActiveInput=1, PendingPlan=None
  - 0401 timestamp=811517585400, entries=6
  -   UAV1: wp=None, health=1
  -   UAV2: wp=None, health=1
  -   UAV3: wp=None, health=1
  -   UAV4: wp=2, health=1
  -   UAV5: wp=34, health=1
  -   UAV6: wp=64, health=1
  - 0501 currentMissionPlanID=700000001, currentInputMissionID=1
  -   UAV4 status: mission=900145135 input=1 progress=33% | mission=900145136 input=2 progress=0% | mission=900145137 input=3 progress=0% | mission=900145138 input=4 progress=0% | mission=900145139 input=5 progress=0% | mission=900145140 input=6 progress=0% | mission=900145141 input=7 progress=0% | mission=900145142 input=8 progress=0%
  -   UAV5 status: mission=900145143 input=1 progress=33% | mission=900145144 input=2 progress=0% | mission=900145145 input=3 progress=0% | mission=900145146 input=4 progress=0% | mission=900145147 input=5 progress=0% | mission=900145148 input=6 progress=0% | mission=900145149 input=7 progress=0% | mission=900145150 input=8 progress=0%
  -   UAV6 status: mission=900145151 input=1 progress=33% | mission=900145152 input=2 progress=0% | mission=900145153 input=3 progress=0% | mission=900145154 input=4 progress=0% | mission=900145155 input=5 progress=0% | mission=900145156 input=6 progress=0% | mission=900145157 input=7 progress=0% | mission=900145158 input=8 progress=0%
[MON][2025-11-19 15:00:40] ProgressUpdate
  - UAV4 mission=900145135 input=1 progress=67% (missionIndex=0)
  - UAV5 mission=900145143 input=1 progress=67% (missionIndex=0)
  - UAV6 mission=900145151 input=1 progress=67% (missionIndex=0)
[MON][2025-11-19 15:00:40] MonitoringCycle
  - SystemMode=3, PlanID=700000001, ActiveInput=1, PendingPlan=None
  - 0401 timestamp=811517587400, entries=6
  -   UAV1: wp=None, health=1
  -   UAV2: wp=None, health=1
  -   UAV3: wp=None, health=1
  -   UAV4: wp=3, health=1
  -   UAV5: wp=35, health=1
  -   UAV6: wp=65, health=1
  - 0501 currentMissionPlanID=700000001, currentInputMissionID=1
  -   UAV4 status: mission=900145135 input=1 progress=67% | mission=900145136 input=2 progress=0% | mission=900145137 input=3 progress=0% | mission=900145138 input=4 progress=0% | mission=900145139 input=5 progress=0% | mission=900145140 input=6 progress=0% | mission=900145141 input=7 progress=0% | mission=900145142 input=8 progress=0%
  -   UAV5 status: mission=900145143 input=1 progress=67% | mission=900145144 input=2 progress=0% | mission=900145145 input=3 progress=0% | mission=900145146 input=4 progress=0% | mission=900145147 input=5 progress=0% | mission=900145148 input=6 progress=0% | mission=900145149 input=7 progress=0% | mission=900145150 input=8 progress=0%
  -   UAV6 status: mission=900145151 input=1 progress=67% | mission=900145152 input=2 progress=0% | mission=900145153 input=3 progress=0% | mission=900145154 input=4 progress=0% | mission=900145155 input=5 progress=0% | mission=900145156 input=6 progress=0% | mission=900145157 input=7 progress=0% | mission=900145158 input=8 progress=0%
[MON][2025-11-19 15:00:42] ProgressUpdate
  - UAV4 mission=900145135 input=1 progress=100% (missionIndex=0)
  - UAV5 mission=900145143 input=1 progress=100% (missionIndex=0)
  - UAV6 mission=900145151 input=1 progress=100% (missionIndex=0)
[MON][2025-11-19 15:00:42] InputMissionCompletion
  - Input mission 1 completion notification enqueued.
[MON][2025-11-19 15:00:42] InputMissionCompletion
  - Input 1: UAV4 mission=900145135 reached 100%
  - Input 1: UAV5 mission=900145143 reached 100%
  - Input 1: UAV6 mission=900145151 reached 100%
  - Input 1 completed (6 missions)
[MON][2025-11-19 15:00:42] MonitoringCycle
  - SystemMode=3, PlanID=700000001, ActiveInput=1, PendingPlan=None
  - 0401 timestamp=811517589400, entries=6
  -   UAV1: wp=None, health=1
  -   UAV2: wp=None, health=1
  -   UAV3: wp=None, health=1
  -   UAV4: wp=4, health=1
  -   UAV5: wp=36, health=1
  -   UAV6: wp=66, health=1
  - 0501 currentMissionPlanID=700000001, currentInputMissionID=1
  -   UAV4 status: mission=900145135 input=1 progress=100% | mission=900145136 input=2 progress=0% | mission=900145137 input=3 progress=0% | mission=900145138 input=4 progress=0% | mission=900145139 input=5 progress=0% | mission=900145140 input=6 progress=0% | mission=900145141 input=7 progress=0% | mission=900145142 input=8 progress=0%
  -   UAV5 status: mission=900145143 input=1 progress=100% | mission=900145144 input=2 progress=0% | mission=900145145 input=3 progress=0% | mission=900145146 input=4 progress=0% | mission=900145147 input=5 progress=0% | mission=900145148 input=6 progress=0% | mission=900145149 input=7 progress=0% | mission=900145150 input=8 progress=0%
  -   UAV6 status: mission=900145151 input=1 progress=100% | mission=900145152 input=2 progress=0% | mission=900145153 input=3 progress=0% | mission=900145154 input=4 progress=0% | mission=900145155 input=5 progress=0% | mission=900145156 input=6 progress=0% | mission=900145157 input=7 progress=0% | mission=900145158 input=8 progress=0%
[MON][2025-11-19 15:00:47] MonitoringCycle
  - SystemMode=3, PlanID=700000001, ActiveInput=2, PendingPlan=None
  - 0401 timestamp=811517591400, entries=6
  -   UAV1: wp=None, health=1
  -   UAV2: wp=None, health=1
  -   UAV3: wp=None, health=1
  -   UAV4: wp=4, health=1
  -   UAV5: wp=36, health=1
  -   UAV6: wp=66, health=1
  - 0501 currentMissionPlanID=700000001, currentInputMissionID=2
  -   UAV4 status: mission=900145135 input=1 progress=100% | mission=900145136 input=2 progress=0% | mission=900145137 input=3 progress=0% | mission=900145138 input=4 progress=0% | mission=900145139 input=5 progress=0% | mission=900145140 input=6 progress=0% | mission=900145141 input=7 progress=0% | mission=900145142 input=8 progress=0%
  -   UAV5 status: mission=900145143 input=1 progress=100% | mission=900145144 input=2 progress=0% | mission=900145145 input=3 progress=0% | mission=900145146 input=4 progress=0% | mission=900145147 input=5 progress=0% | mission=900145148 input=6 progress=0% | mission=900145149 input=7 progress=0% | mission=900145150 input=8 progress=0%
  -   UAV6 status: mission=900145151 input=1 progress=100% | mission=900145152 input=2 progress=0% | mission=900145153 input=3 progress=0% | mission=900145154 input=4 progress=0% | mission=900145155 input=5 progress=0% | mission=900145156 input=6 progress=0% | mission=900145157 input=7 progress=0% | mission=900145158 input=8 progress=0%
[MON][2025-11-19 15:00:49] ProgressUpdate
  - UAV4 mission=900145136 input=2 progress=33% (missionIndex=1)
  - UAV5 mission=900145144 input=2 progress=33% (missionIndex=1)
  - UAV6 mission=900145152 input=2 progress=33% (missionIndex=1)
[MON][2025-11-19 15:00:49] MonitoringCycle
  - SystemMode=3, PlanID=700000001, ActiveInput=2, PendingPlan=None
  - 0401 timestamp=811517593400, entries=6
  -   UAV1: wp=None, health=1
  -   UAV2: wp=None, health=1
  -   UAV3: wp=None, health=1
  -   UAV4: wp=6, health=1
  -   UAV5: wp=38, health=1
  -   UAV6: wp=68, health=1
  - 0501 currentMissionPlanID=700000001, currentInputMissionID=2
  -   UAV4 status: mission=900145135 input=1 progress=100% | mission=900145136 input=2 progress=33% | mission=900145137 input=3 progress=0% | mission=900145138 input=4 progress=0% | mission=900145139 input=5 progress=0% | mission=900145140 input=6 progress=0% | mission=900145141 input=7 progress=0% | mission=900145142 input=8 progress=0%
  -   UAV5 status: mission=900145143 input=1 progress=100% | mission=900145144 input=2 progress=33% | mission=900145145 input=3 progress=0% | mission=900145146 input=4 progress=0% | mission=900145147 input=5 progress=0% | mission=900145148 input=6 progress=0% | mission=900145149 input=7 progress=0% | mission=900145150 input=8 progress=0%
  -   UAV6 status: mission=900145151 input=1 progress=100% | mission=900145152 input=2 progress=33% | mission=900145153 input=3 progress=0% | mission=900145154 input=4 progress=0% | mission=900145155 input=5 progress=0% | mission=900145156 input=6 progress=0% | mission=900145157 input=7 progress=0% | mission=900145158 input=8 progress=0%
[MON][2025-11-19 15:00:51] ProgressUpdate
  - UAV4 mission=900145136 input=2 progress=67% (missionIndex=1)
  - UAV5 mission=900145144 input=2 progress=67% (missionIndex=1)
  - UAV6 mission=900145152 input=2 progress=67% (missionIndex=1)
[MON][2025-11-19 15:00:51] MonitoringCycle
  - SystemMode=3, PlanID=700000001, ActiveInput=2, PendingPlan=None
  - 0401 timestamp=811517595400, entries=6
  -   UAV1: wp=None, health=1
  -   UAV2: wp=None, health=1
  -   UAV3: wp=None, health=1
  -   UAV4: wp=7, health=1
  -   UAV5: wp=39, health=1
  -   UAV6: wp=69, health=1
  - 0501 currentMissionPlanID=700000001, currentInputMissionID=2
  -   UAV4 status: mission=900145135 input=1 progress=100% | mission=900145136 input=2 progress=67% | mission=900145137 input=3 progress=0% | mission=900145138 input=4 progress=0% | mission=900145139 input=5 progress=0% | mission=900145140 input=6 progress=0% | mission=900145141 input=7 progress=0% | mission=900145142 input=8 progress=0%
  -   UAV5 status: mission=900145143 input=1 progress=100% | mission=900145144 input=2 progress=67% | mission=900145145 input=3 progress=0% | mission=900145146 input=4 progress=0% | mission=900145147 input=5 progress=0% | mission=900145148 input=6 progress=0% | mission=900145149 input=7 progress=0% | mission=900145150 input=8 progress=0%
  -   UAV6 status: mission=900145151 input=1 progress=100% | mission=900145152 input=2 progress=67% | mission=900145153 input=3 progress=0% | mission=900145154 input=4 progress=0% | mission=900145155 input=5 progress=0% | mission=900145156 input=6 progress=0% | mission=900145157 input=7 progress=0% | mission=900145158 input=8 progress=0%
[MON][2025-11-19 15:00:53] ProgressUpdate
  - UAV4 mission=900145136 input=2 progress=100% (missionIndex=1)
  - UAV5 mission=900145144 input=2 progress=100% (missionIndex=1)
  - UAV6 mission=900145152 input=2 progress=100% (missionIndex=1)
[MON][2025-11-19 15:00:53] InputMissionCompletion
  - Input mission 2 completion notification enqueued.
[MON][2025-11-19 15:00:53] InputMissionCompletion
  - Input 2: UAV4 mission=900145136 reached 100%
  - Input 2: UAV5 mission=900145144 reached 100%
  - Input 2: UAV6 mission=900145152 reached 100%
  - Input 1 completed (6 missions)
  - Input 2 completed (6 missions)
[MON][2025-11-19 15:00:53] MonitoringCycle
  - SystemMode=3, PlanID=700000001, ActiveInput=2, PendingPlan=None
  - 0401 timestamp=811517597400, entries=6
  -   UAV1: wp=None, health=1
  -   UAV2: wp=None, health=1
  -   UAV3: wp=None, health=1
  -   UAV4: wp=8, health=1
  -   UAV5: wp=40, health=1
  -   UAV6: wp=70, health=1
  - 0501 currentMissionPlanID=700000001, currentInputMissionID=2
  -   UAV4 status: mission=900145135 input=1 progress=100% | mission=900145136 input=2 progress=100% | mission=900145137 input=3 progress=0% | mission=900145138 input=4 progress=0% | mission=900145139 input=5 progress=0% | mission=900145140 input=6 progress=0% | mission=900145141 input=7 progress=0% | mission=900145142 input=8 progress=0%
  -   UAV5 status: mission=900145143 input=1 progress=100% | mission=900145144 input=2 progress=100% | mission=900145145 input=3 progress=0% | mission=900145146 input=4 progress=0% | mission=900145147 input=5 progress=0% | mission=900145148 input=6 progress=0% | mission=900145149 input=7 progress=0% | mission=900145150 input=8 progress=0%
  -   UAV6 status: mission=900145151 input=1 progress=100% | mission=900145152 input=2 progress=100% | mission=900145153 input=3 progress=0% | mission=900145154 input=4 progress=0% | mission=900145155 input=5 progress=0% | mission=900145156 input=6 progress=0% | mission=900145157 input=7 progress=0% | mission=900145158 input=8 progress=0%
[MON][2025-11-19 15:00:56] MonitoringCycle
  - SystemMode=3, PlanID=700000001, ActiveInput=3, PendingPlan=None
  - 0401 timestamp=811517599400, entries=6
  -   UAV1: wp=None, health=1
  -   UAV2: wp=None, health=1
  -   UAV3: wp=None, health=1
  -   UAV4: wp=8, health=1
  -   UAV5: wp=40, health=1
  -   UAV6: wp=70, health=1
  - 0501 currentMissionPlanID=700000001, currentInputMissionID=3
  -   UAV4 status: mission=900145135 input=1 progress=100% | mission=900145136 input=2 progress=100% | mission=900145137 input=3 progress=0% | mission=900145138 input=4 progress=0% | mission=900145139 input=5 progress=0% | mission=900145140 input=6 progress=0% | mission=900145141 input=7 progress=0% | mission=900145142 input=8 progress=0%
  -   UAV5 status: mission=900145143 input=1 progress=100% | mission=900145144 input=2 progress=100% | mission=900145145 input=3 progress=0% | mission=900145146 input=4 progress=0% | mission=900145147 input=5 progress=0% | mission=900145148 input=6 progress=0% | mission=900145149 input=7 progress=0% | mission=900145150 input=8 progress=0%
  -   UAV6 status: mission=900145151 input=1 progress=100% | mission=900145152 input=2 progress=100% | mission=900145153 input=3 progress=0% | mission=900145154 input=4 progress=0% | mission=900145155 input=5 progress=0% | mission=900145156 input=6 progress=0% | mission=900145157 input=7 progress=0% | mission=900145158 input=8 progress=0%
[MON][2025-11-19 15:00:58] ProgressUpdate
  - UAV4 mission=900145137 input=3 progress=33% (missionIndex=2)
  - UAV5 mission=900145145 input=3 progress=33% (missionIndex=2)
  - UAV6 mission=900145153 input=3 progress=33% (missionIndex=2)
[MON][2025-11-19 15:00:58] MonitoringCycle
  - SystemMode=3, PlanID=700000001, ActiveInput=3, PendingPlan=None
  - 0401 timestamp=811517601400, entries=6
  -   UAV1: wp=None, health=1
  -   UAV2: wp=None, health=1
  -   UAV3: wp=None, health=1
  -   UAV4: wp=10, health=1
  -   UAV5: wp=42, health=1
  -   UAV6: wp=72, health=1
  - 0501 currentMissionPlanID=700000001, currentInputMissionID=3
  -   UAV4 status: mission=900145135 input=1 progress=100% | mission=900145136 input=2 progress=100% | mission=900145137 input=3 progress=33% | mission=900145138 input=4 progress=0% | mission=900145139 input=5 progress=0% | mission=900145140 input=6 progress=0% | mission=900145141 input=7 progress=0% | mission=900145142 input=8 progress=0%
  -   UAV5 status: mission=900145143 input=1 progress=100% | mission=900145144 input=2 progress=100% | mission=900145145 input=3 progress=33% | mission=900145146 input=4 progress=0% | mission=900145147 input=5 progress=0% | mission=900145148 input=6 progress=0% | mission=900145149 input=7 progress=0% | mission=900145150 input=8 progress=0%
  -   UAV6 status: mission=900145151 input=1 progress=100% | mission=900145152 input=2 progress=100% | mission=900145153 input=3 progress=33% | mission=900145154 input=4 progress=0% | mission=900145155 input=5 progress=0% | mission=900145156 input=6 progress=0% | mission=900145157 input=7 progress=0% | mission=900145158 input=8 progress=0%
[MON][2025-11-19 15:01:00] ProgressUpdate
  - UAV4 mission=900145137 input=3 progress=67% (missionIndex=2)
  - UAV5 mission=900145145 input=3 progress=67% (missionIndex=2)
  - UAV6 mission=900145153 input=3 progress=67% (missionIndex=2)
[MON][2025-11-19 15:01:00] MonitoringCycle
  - SystemMode=3, PlanID=700000001, ActiveInput=3, PendingPlan=None
  - 0401 timestamp=811517603400, entries=6
  -   UAV1: wp=None, health=1
  -   UAV2: wp=None, health=1
  -   UAV3: wp=None, health=1
  -   UAV4: wp=11, health=1
  -   UAV5: wp=43, health=1
  -   UAV6: wp=73, health=1
  - 0501 currentMissionPlanID=700000001, currentInputMissionID=3
  -   UAV4 status: mission=900145135 input=1 progress=100% | mission=900145136 input=2 progress=100% | mission=900145137 input=3 progress=67% | mission=900145138 input=4 progress=0% | mission=900145139 input=5 progress=0% | mission=900145140 input=6 progress=0% | mission=900145141 input=7 progress=0% | mission=900145142 input=8 progress=0%
  -   UAV5 status: mission=900145143 input=1 progress=100% | mission=900145144 input=2 progress=100% | mission=900145145 input=3 progress=67% | mission=900145146 input=4 progress=0% | mission=900145147 input=5 progress=0% | mission=900145148 input=6 progress=0% | mission=900145149 input=7 progress=0% | mission=900145150 input=8 progress=0%
  -   UAV6 status: mission=900145151 input=1 progress=100% | mission=900145152 input=2 progress=100% | mission=900145153 input=3 progress=67% | mission=900145154 input=4 progress=0% | mission=900145155 input=5 progress=0% | mission=900145156 input=6 progress=0% | mission=900145157 input=7 progress=0% | mission=900145158 input=8 progress=0%
[MON][2025-11-19 15:01:02] ProgressUpdate
  - UAV4 mission=900145137 input=3 progress=100% (missionIndex=2)
  - UAV5 mission=900145145 input=3 progress=100% (missionIndex=2)
  - UAV6 mission=900145153 input=3 progress=100% (missionIndex=2)
[MON][2025-11-19 15:01:02] InputMissionCompletion
  - Input mission 3 completion notification enqueued.
[MON][2025-11-19 15:01:02] InputMissionCompletion
  - Input 3: UAV4 mission=900145137 reached 100%
  - Input 3: UAV5 mission=900145145 reached 100%
  - Input 3: UAV6 mission=900145153 reached 100%
  - Input 1 completed (6 missions)
  - Input 2 completed (6 missions)
  - Input 3 completed (6 missions)
[MON][2025-11-19 15:01:02] MonitoringCycle
  - SystemMode=3, PlanID=700000001, ActiveInput=3, PendingPlan=None
  - 0401 timestamp=811517605400, entries=6
  -   UAV1: wp=None, health=1
  -   UAV2: wp=None, health=1
  -   UAV3: wp=None, health=1
  -   UAV4: wp=12, health=1
  -   UAV5: wp=44, health=1
  -   UAV6: wp=74, health=1
  - 0501 currentMissionPlanID=700000001, currentInputMissionID=3
  -   UAV4 status: mission=900145135 input=1 progress=100% | mission=900145136 input=2 progress=100% | mission=900145137 input=3 progress=100% | mission=900145138 input=4 progress=0% | mission=900145139 input=5 progress=0% | mission=900145140 input=6 progress=0% | mission=900145141 input=7 progress=0% | mission=900145142 input=8 progress=0%
  -   UAV5 status: mission=900145143 input=1 progress=100% | mission=900145144 input=2 progress=100% | mission=900145145 input=3 progress=100% | mission=900145146 input=4 progress=0% | mission=900145147 input=5 progress=0% | mission=900145148 input=6 progress=0% | mission=900145149 input=7 progress=0% | mission=900145150 input=8 progress=0%
  -   UAV6 status: mission=900145151 input=1 progress=100% | mission=900145152 input=2 progress=100% | mission=900145153 input=3 progress=100% | mission=900145154 input=4 progress=0% | mission=900145155 input=5 progress=0% | mission=900145156 input=6 progress=0% | mission=900145157 input=7 progress=0% | mission=900145158 input=8 progress=0%
[MON][2025-11-19 15:01:14] PlanLoad
  - MissionPlan 700000002 활성화 (inputPkg=1, activeInput=4)
  - InputMissionIDs=[1, 2, 3, 4, 5, 6, 7, 8]
  - 적용상태: appliedPlanID=700000002, previousPlanID=700000001
  - UAV1: missions=8 pkg=800012859
  - UAV2: missions=8 pkg=800012860
  - UAV3: missions=8 pkg=800012861
  - UAV4: missions=9 pkg=800012865
  - UAV5: missions=8 pkg=800012863
  - UAV6: missions=8 pkg=800012864
[MON][2025-11-19 15:01:15] ProgressUpdate
  - UAV4 mission=900145135 input=1 progress=100% (missionIndex=0)
  - UAV4 mission=900145136 input=2 progress=100% (missionIndex=1)
  - UAV4 mission=900145159 input=3 progress=100% (missionIndex=2)
  - UAV4 mission=900145160 input=3 progress=100% (missionIndex=3)
  - UAV5 mission=900145143 input=1 progress=100% (missionIndex=0)
  - UAV5 mission=900145144 input=2 progress=100% (missionIndex=1)
  - UAV5 mission=900145145 input=3 progress=100% (missionIndex=2)
  - UAV6 mission=900145151 input=1 progress=100% (missionIndex=0)
  - UAV6 mission=900145152 input=2 progress=100% (missionIndex=1)
  - UAV6 mission=900145153 input=3 progress=100% (missionIndex=2)
[MON][2025-11-19 15:01:15] InputMissionCompletion
  - Input mission 1 completion notification enqueued.
[MON][2025-11-19 15:01:15] InputMissionCompletion
  - Input mission 2 completion notification enqueued.
[MON][2025-11-19 15:01:15] InputMissionCompletion
  - Input mission 3 completion notification enqueued.
[MON][2025-11-19 15:01:15] InputMissionCompletion
  - Input 1: UAV4 mission=900145135 reached 100%
  - Input 2: UAV4 mission=900145136 reached 100%
  - Input 3: UAV4 mission=900145159 reached 100%
  - Input 3: UAV4 mission=900145160 reached 100%
  - Input 1: UAV5 mission=900145143 reached 100%
  - Input 2: UAV5 mission=900145144 reached 100%
  - Input 3: UAV5 mission=900145145 reached 100%
  - Input 1: UAV6 mission=900145151 reached 100%
  - Input 2: UAV6 mission=900145152 reached 100%
  - Input 3: UAV6 mission=900145153 reached 100%
  - Input 1 completed (6 missions)
  - Input 2 completed (6 missions)
  - Input 3 completed (7 missions)
[MON][2025-11-19 15:01:15] MonitoringCycle
  - SystemMode=3, PlanID=700000002, ActiveInput=4, PendingPlan=None
  - 0401 timestamp=811517607400, entries=6
  -   UAV1: wp=None, health=1
  -   UAV2: wp=None, health=1
  -   UAV3: wp=None, health=1
  -   UAV4: wp=12, health=1
  -   UAV5: wp=44, health=1
  -   UAV6: wp=74, health=1
  - 0501 currentMissionPlanID=700000002, currentInputMissionID=4
  -   UAV4 status: mission=900145135 input=1 progress=100% | mission=900145136 input=2 progress=100% | mission=900145159 input=3 progress=100% | mission=900145160 input=3 progress=100% | mission=900145138 input=4 progress=0% | mission=900145139 input=5 progress=0% | mission=900145140 input=6 progress=0% | mission=900145141 input=7 progress=0% | mission=900145142 input=8 progress=0%
  -   UAV5 status: mission=900145143 input=1 progress=100% | mission=900145144 input=2 progress=100% | mission=900145145 input=3 progress=100% | mission=900145146 input=4 progress=0% | mission=900145147 input=5 progress=0% | mission=900145148 input=6 progress=0% | mission=900145149 input=7 progress=0% | mission=900145150 input=8 progress=0%
  -   UAV6 status: mission=900145151 input=1 progress=100% | mission=900145152 input=2 progress=100% | mission=900145153 input=3 progress=100% | mission=900145154 input=4 progress=0% | mission=900145155 input=5 progress=0% | mission=900145156 input=6 progress=0% | mission=900145157 input=7 progress=0% | mission=900145158 input=8 progress=0%
[MON][2025-11-19 15:01:36] PlanLoad
  - MissionPlan 700000003 활성화 (inputPkg=1, activeInput=2)
  - InputMissionIDs=[2, 3, 4, 5, 6, 7, 8]
  - 적용상태: appliedPlanID=700000003, previousPlanID=700000003
  - UAV1: missions=7 pkg=800012865
  - UAV2: missions=7 pkg=800012866
  - UAV3: missions=7 pkg=800012867
  - UAV4: missions=7 pkg=800012868
  - UAV5: missions=7 pkg=800012869
  - UAV6: missions=7 pkg=800012870
[MON][2025-11-19 15:01:36] MonitoringCycle
  - SystemMode=3, PlanID=700000003, ActiveInput=2, PendingPlan=None
  - 0401 timestamp=811517607400, entries=6
  -   UAV1: wp=None, health=1
  -   UAV2: wp=None, health=1
  -   UAV3: wp=None, health=1
  -   UAV4: wp=12, health=1
  -   UAV5: wp=44, health=1
  -   UAV6: wp=74, health=1
  - 0501 currentMissionPlanID=700000003, currentInputMissionID=2
  -   UAV4 status: mission=900145216 input=2 progress=0% (transit) | mission=900145217 input=3 progress=0% | mission=900145218 input=4 progress=0% | mission=900145219 input=5 progress=0% | mission=900145220 input=6 progress=0% | mission=900145221 input=7 progress=0% | mission=900145222 input=8 progress=0%
  -   UAV5 status: mission=900145223 input=2 progress=0% (transit) | mission=900145224 input=3 progress=0% | mission=900145225 input=4 progress=0% | mission=900145226 input=5 progress=0% | mission=900145227 input=6 progress=0% | mission=900145228 input=7 progress=0% | mission=900145229 input=8 progress=0%
  -   UAV6 status: mission=900145230 input=2 progress=0% (transit) | mission=900145231 input=3 progress=0% | mission=900145232 input=4 progress=0% | mission=900145233 input=5 progress=0% | mission=900145234 input=6 progress=0% | mission=900145235 input=7 progress=0% | mission=900145236 input=8 progress=0%
[MON][2025-11-19 15:02:29] ProgressUpdate
  - UAV4 mission=900145216 input=2 progress=100% (missionIndex=0)
  - UAV5 mission=900145223 input=2 progress=100% (missionIndex=0)
  - UAV6 mission=900145230 input=2 progress=100% (missionIndex=0)
[MON][2025-11-19 15:02:29] InputMissionCompletion
  - Input mission 2 completion notification enqueued.
[MON][2025-11-19 15:02:29] InputMissionCompletion
  - Input 2: UAV4 mission=900145216 reached 100%
  - Input 2: UAV5 mission=900145223 reached 100%
  - Input 2: UAV6 mission=900145230 reached 100%
  - Input 2 completed (6 missions)
[MON][2025-11-19 15:02:29] MonitoringCycle
  - SystemMode=3, PlanID=700000003, ActiveInput=2, PendingPlan=None
  - 0401 timestamp=811517583600, entries=6
  -   UAV1: wp=None, health=1
  -   UAV2: wp=None, health=1
  -   UAV3: wp=None, health=1
  -   UAV4: wp=367, health=1
  -   UAV5: wp=395, health=1
  -   UAV6: wp=421, health=1
  - 0501 currentMissionPlanID=700000003, currentInputMissionID=2
  -   UAV4 status: mission=900145216 input=2 progress=100% | mission=900145217 input=3 progress=0% | mission=900145218 input=4 progress=0% | mission=900145219 input=5 progress=0% | mission=900145220 input=6 progress=0% | mission=900145221 input=7 progress=0% | mission=900145222 input=8 progress=0%
  -   UAV5 status: mission=900145223 input=2 progress=100% | mission=900145224 input=3 progress=0% | mission=900145225 input=4 progress=0% | mission=900145226 input=5 progress=0% | mission=900145227 input=6 progress=0% | mission=900145228 input=7 progress=0% | mission=900145229 input=8 progress=0%
  -   UAV6 status: mission=900145230 input=2 progress=100% | mission=900145231 input=3 progress=0% | mission=900145232 input=4 progress=0% | mission=900145233 input=5 progress=0% | mission=900145234 input=6 progress=0% | mission=900145235 input=7 progress=0% | mission=900145236 input=8 progress=0%
[MON][2025-11-19 15:02:48] PlanLoad
  - MissionPlan 700000005 활성화 (inputPkg=1, activeInput=3)
  - InputMissionIDs=[2, 3, 4, 5, 6, 7, 8]
  - 적용상태: appliedPlanID=700000005, previousPlanID=700000003
  - UAV1: missions=7 pkg=800012865
  - UAV2: missions=2 pkg=800012883
  - UAV3: missions=7 pkg=800012867
  - UAV4: missions=8 pkg=800012884
  - UAV5: missions=7 pkg=800012869
  - UAV6: missions=7 pkg=800012870
[MON][2025-11-19 15:02:48] ProgressUpdate
  - UAV5 mission=900145223 input=2 progress=100% (missionIndex=0)
  - UAV6 mission=900145230 input=2 progress=100% (missionIndex=0)
[MON][2025-11-19 15:02:48] InputMissionCompletion
  - Input 2: UAV5 mission=900145223 reached 100%
  - Input 2: UAV6 mission=900145230 reached 100%
[MON][2025-11-19 15:02:48] MonitoringCycle
  - SystemMode=3, PlanID=700000005, ActiveInput=3, PendingPlan=None
  - 0401 timestamp=811517591400, entries=6
  -   UAV1: wp=None, health=1
  -   UAV2: wp=None, health=1
  -   UAV3: wp=None, health=1
  -   UAV4: wp=370, health=1
  -   UAV5: wp=398, health=1
  -   UAV6: wp=424, health=1
  - 0501 currentMissionPlanID=700000005, currentInputMissionID=3
  -   UAV4 status: mission=900145395 input=2 progress=0% (transit) | mission=900145396 input=2 progress=0% | mission=900145217 input=3 progress=0% | mission=900145218 input=4 progress=0% | mission=900145219 input=5 progress=0% | mission=900145220 input=6 progress=0% | mission=900145221 input=7 progress=0% | mission=900145222 input=8 progress=0%
  -   UAV5 status: mission=900145223 input=2 progress=100% | mission=900145224 input=3 progress=0% | mission=900145225 input=4 progress=0% | mission=900145226 input=5 progress=0% | mission=900145227 input=6 progress=0% | mission=900145228 input=7 progress=0% | mission=900145229 input=8 progress=0%
  -   UAV6 status: mission=900145230 input=2 progress=100% | mission=900145231 input=3 progress=0% | mission=900145232 input=4 progress=0% | mission=900145233 input=5 progress=0% | mission=900145234 input=6 progress=0% | mission=900145235 input=7 progress=0% | mission=900145236 input=8 progress=0%
