
[2026-03-26 13:23:09] process-log attached: dashboard
[RUN] mission_planning_gui.py @ C:\Users\LAHMUMT_2\Desktop\DSS_KU\modules\mission_planning\mission_planning_gui.py
[RUN] monitoring_gui.py @ C:\Users\LAHMUMT_2\Desktop\DSS_KU\modules\monitoring\monitoring_gui.py
[RUN] decision_support_gui.py @ C:\Users\LAHMUMT_2\Desktop\DSS_KU\modules\decision_support\decision_support_gui.py
[RUN] info_manage.py @ C:\Users\LAHMUMT_2\Desktop\DSS_KU\modules\info_manage\info_manage.py
모든 SW 초기화 모드 진입

[2026-03-26 13:23:27] process-log attached: dashboard
[OPS] Pre-standby module logs attached to new DB (6 files)
[OPS] Standby 활성화(신규 경로 적용) 2026-03-26T132327 @ C:\Users\LAHMUMT_2\Desktop\DSS_KU\Logs\Scenario_2026-03-26T132327\SBC3
[OPS] New sortie detected -> mission IDs reset for active scenario
[OPS] SystemMode=2 수신 -> 초기임무계획 모드 진입
모든 SW 초기임무계획 모드
[OPS] 0305 재계획 완료 (대기모드 전환은 0702 수신 후)

[2026-03-26 13:33:31] process-log attached: dashboard
[OPS] Reusing active scenario DB on startup @ C:\Users\LAHMUMT_2\Desktop\DSS_KU\Logs\Scenario_2026-03-26T132327\SBC3
[RUN] mission_planning_gui.py @ C:\Users\LAHMUMT_2\Desktop\DSS_KU\modules\mission_planning\mission_planning_gui.py
[RUN] monitoring_gui.py @ C:\Users\LAHMUMT_2\Desktop\DSS_KU\modules\monitoring\monitoring_gui.py
[RUN] decision_support_gui.py @ C:\Users\LAHMUMT_2\Desktop\DSS_KU\modules\decision_support\decision_support_gui.py
[RUN] info_manage.py @ C:\Users\LAHMUMT_2\Desktop\DSS_KU\modules\info_manage\info_manage.py
모든 SW 초기화 모드 진입
[OPS] Standby re-entry - reuse existing DB @ C:\Users\LAHMUMT_2\Desktop\DSS_KU\Logs\Scenario_2026-03-26T132327\SBC3
[OPS] SystemMode=2 수신 -> 초기임무계획 모드 진입
모든 SW 초기임무계획 모드
[OPS] 0305 재계획 완료 (대기모드 전환은 0702 수신 후)
[OPS] 0305 재계획 완료 (대기모드 전환은 0702 수신 후)
[OPS] 0702 수신 -> 대기모드 전환
모든 SW 대기모드 진입

[2026-03-26 13:44:33] process-log attached: dashboard
[OPS] Reusing active scenario DB on startup @ C:\Users\LAHMUMT_2\Desktop\DSS_KU\Logs\Scenario_2026-03-26T132327\SBC3
[RUN] mission_planning_gui.py @ C:\Users\LAHMUMT_2\Desktop\DSS_KU\modules\mission_planning\mission_planning_gui.py
[RUN] monitoring_gui.py @ C:\Users\LAHMUMT_2\Desktop\DSS_KU\modules\monitoring\monitoring_gui.py
[RUN] decision_support_gui.py @ C:\Users\LAHMUMT_2\Desktop\DSS_KU\modules\decision_support\decision_support_gui.py
[RUN] info_manage.py @ C:\Users\LAHMUMT_2\Desktop\DSS_KU\modules\info_manage\info_manage.py
모든 SW 초기화 모드 진입
[OPS] Standby re-entry - reuse existing DB @ C:\Users\LAHMUMT_2\Desktop\DSS_KU\Logs\Scenario_2026-03-26T132327\SBC3
[OPS] SystemMode=2 수신 -> 초기임무계획 모드 진입
모든 SW 초기임무계획 모드
[OPS] 0305 재계획 완료 (대기모드 전환은 0702 수신 후)

[2026-03-26 13:57:40] process-log attached: dashboard
[OPS] Reusing active scenario DB on startup @ C:\Users\LAHMUMT_2\Desktop\DSS_KU\Logs\Scenario_2026-03-26T132327\SBC3
[RUN] mission_planning_gui.py @ C:\Users\LAHMUMT_2\Desktop\DSS_KU\modules\mission_planning\mission_planning_gui.py
[RUN] monitoring_gui.py @ C:\Users\LAHMUMT_2\Desktop\DSS_KU\modules\monitoring\monitoring_gui.py
[RUN] decision_support_gui.py @ C:\Users\LAHMUMT_2\Desktop\DSS_KU\modules\decision_support\decision_support_gui.py
[RUN] info_manage.py @ C:\Users\LAHMUMT_2\Desktop\DSS_KU\modules\info_manage\info_manage.py
모든 SW 초기화 모드 진입

[2026-03-26 14:08:38] process-log attached: dashboard
[OPS] Reusing active scenario DB on startup @ C:\Users\LAHMUMT_2\Desktop\DSS_KU\Logs\Scenario_2026-03-26T132327\SBC3
[RUN] mission_planning_gui.py @ C:\Users\LAHMUMT_2\Desktop\DSS_KU\modules\mission_planning\mission_planning_gui.py
[RUN] monitoring_gui.py @ C:\Users\LAHMUMT_2\Desktop\DSS_KU\modules\monitoring\monitoring_gui.py
[RUN] decision_support_gui.py @ C:\Users\LAHMUMT_2\Desktop\DSS_KU\modules\decision_support\decision_support_gui.py
[RUN] info_manage.py @ C:\Users\LAHMUMT_2\Desktop\DSS_KU\modules\info_manage\info_manage.py
모든 SW 초기화 모드 진입
[OPS] Standby re-entry - reuse existing DB @ C:\Users\LAHMUMT_2\Desktop\DSS_KU\Logs\Scenario_2026-03-26T132327\SBC3
[OPS] SystemMode=2 수신 -> 초기임무계획 모드 진입
모든 SW 초기임무계획 모드
[OPS] 0305 재계획 완료 (대기모드 전환은 0702 수신 후)

[2026-03-26 14:46:34] process-log attached: dashboard
[OPS] Reusing active scenario DB on startup @ C:\Users\LAHMUMT_2\Desktop\DSS_KU\Logs\Scenario_2026-03-26T132327\SBC3
[RUN] mission_planning_gui.py @ C:\Users\LAHMUMT_2\Desktop\DSS_KU\modules\mission_planning\mission_planning_gui.py
[RUN] monitoring_gui.py @ C:\Users\LAHMUMT_2\Desktop\DSS_KU\modules\monitoring\monitoring_gui.py
[RUN] decision_support_gui.py @ C:\Users\LAHMUMT_2\Desktop\DSS_KU\modules\decision_support\decision_support_gui.py
[RUN] info_manage.py @ C:\Users\LAHMUMT_2\Desktop\DSS_KU\modules\info_manage\info_manage.py
모든 SW 초기화 모드 진입

[2026-03-26 14:46:43] process-log attached: dashboard
[OPS] Reusing active scenario DB on startup @ C:\Users\LAHMUMT_2\Desktop\DSS_KU\Logs\Scenario_2026-03-26T132327\SBC3
[RUN] mission_planning_gui.py @ C:\Users\LAHMUMT_2\Desktop\DSS_KU\modules\mission_planning\mission_planning_gui.py
[RUN] monitoring_gui.py @ C:\Users\LAHMUMT_2\Desktop\DSS_KU\modules\monitoring\monitoring_gui.py
[RUN] decision_support_gui.py @ C:\Users\LAHMUMT_2\Desktop\DSS_KU\modules\decision_support\decision_support_gui.py
[RUN] info_manage.py @ C:\Users\LAHMUMT_2\Desktop\DSS_KU\modules\info_manage\info_manage.py
모든 SW 초기화 모드 진입
[OPS] Standby re-entry - reuse existing DB @ C:\Users\LAHMUMT_2\Desktop\DSS_KU\Logs\Scenario_2026-03-26T132327\SBC3
[OPS] SystemMode=2 수신 -> 초기임무계획 모드 진입
모든 SW 초기임무계획 모드
[OPS] 0305 재계획 완료 (대기모드 전환은 0702 수신 후)
[OPS] 0305 재계획 완료 (대기모드 전환은 0702 수신 후)
[OPS] 0702 수신 -> 대기모드 전환
모든 SW 대기모드 진입
[OPS] 0305 재계획 완료 (대기모드 전환은 0702 수신 후)
[OPS] 0702 수신 -> 대기모드 전환
모든 SW 대기모드 진입
[OPS] 0305 재계획 완료 (대기모드 전환은 0702 수신 후)
[OPS] 0702 수신 -> 대기모드 전환
모든 SW 대기모드 진입

[2026-03-26 15:06:14] process-log attached: dashboard
[OPS] Reusing active scenario DB on startup @ C:\Users\LAHMUMT_2\Desktop\DSS_KU\Logs\Scenario_2026-03-26T132327\SBC3
[RUN] mission_planning_gui.py @ C:\Users\LAHMUMT_2\Desktop\DSS_KU\modules\mission_planning\mission_planning_gui.py
[RUN] monitoring_gui.py @ C:\Users\LAHMUMT_2\Desktop\DSS_KU\modules\monitoring\monitoring_gui.py
[RUN] decision_support_gui.py @ C:\Users\LAHMUMT_2\Desktop\DSS_KU\modules\decision_support\decision_support_gui.py
[RUN] info_manage.py @ C:\Users\LAHMUMT_2\Desktop\DSS_KU\modules\info_manage\info_manage.py
모든 SW 초기화 모드 진입
[OPS] Standby re-entry - reuse existing DB @ C:\Users\LAHMUMT_2\Desktop\DSS_KU\Logs\Scenario_2026-03-26T132327\SBC3
[OPS] SystemMode=2 수신 -> 초기임무계획 모드 진입
모든 SW 초기임무계획 모드
[OPS] 0305 재계획 완료 (대기모드 전환은 0702 수신 후)

[2026-03-26 15:22:22] process-log attached: dashboard
[OPS] Reusing active scenario DB on startup @ C:\Users\LAHMUMT_2\Desktop\DSS_KU\Logs\Scenario_2026-03-26T132327\SBC3
[RUN] mission_planning_gui.py @ C:\Users\LAHMUMT_2\Desktop\DSS_KU\modules\mission_planning\mission_planning_gui.py
[RUN] monitoring_gui.py @ C:\Users\LAHMUMT_2\Desktop\DSS_KU\modules\monitoring\monitoring_gui.py
[RUN] decision_support_gui.py @ C:\Users\LAHMUMT_2\Desktop\DSS_KU\modules\decision_support\decision_support_gui.py
[RUN] info_manage.py @ C:\Users\LAHMUMT_2\Desktop\DSS_KU\modules\info_manage\info_manage.py
모든 SW 초기화 모드 진입
[OPS] Standby re-entry - reuse existing DB @ C:\Users\LAHMUMT_2\Desktop\DSS_KU\Logs\Scenario_2026-03-26T132327\SBC3
[OPS] SystemMode=2 수신 -> 초기임무계획 모드 진입
모든 SW 초기임무계획 모드
[OPS] 0305 재계획 완료 (대기모드 전환은 0702 수신 후)

[2026-03-26 15:24:12] process-log attached: dashboard
[OPS] Reusing active scenario DB on startup @ C:\Users\LAHMUMT_2\Desktop\DSS_KU\Logs\Scenario_2026-03-26T132327\SBC3
[RUN] mission_planning_gui.py @ C:\Users\LAHMUMT_2\Desktop\DSS_KU\modules\mission_planning\mission_planning_gui.py
[RUN] monitoring_gui.py @ C:\Users\LAHMUMT_2\Desktop\DSS_KU\modules\monitoring\monitoring_gui.py
[RUN] decision_support_gui.py @ C:\Users\LAHMUMT_2\Desktop\DSS_KU\modules\decision_support\decision_support_gui.py
[RUN] info_manage.py @ C:\Users\LAHMUMT_2\Desktop\DSS_KU\modules\info_manage\info_manage.py
모든 SW 초기화 모드 진입

[2026-03-26 15:49:07] process-log attached: dashboard
[OPS] Reusing active scenario DB on startup @ C:\Users\LAHMUMT_2\Desktop\DSS_KU\Logs\Scenario_2026-03-26T132327\SBC3
[RUN] mission_planning_gui.py @ C:\Users\LAHMUMT_2\Desktop\DSS_KU\modules\mission_planning\mission_planning_gui.py
[RUN] monitoring_gui.py @ C:\Users\LAHMUMT_2\Desktop\DSS_KU\modules\monitoring\monitoring_gui.py
[RUN] decision_support_gui.py @ C:\Users\LAHMUMT_2\Desktop\DSS_KU\modules\decision_support\decision_support_gui.py
[RUN] info_manage.py @ C:\Users\LAHMUMT_2\Desktop\DSS_KU\modules\info_manage\info_manage.py
모든 SW 초기화 모드 진입
[OPS] Standby re-entry - reuse existing DB @ C:\Users\LAHMUMT_2\Desktop\DSS_KU\Logs\Scenario_2026-03-26T132327\SBC3
[OPS] SystemMode=2 수신 -> 초기임무계획 모드 진입
모든 SW 초기임무계획 모드
[OPS] 0305 재계획 완료 (대기모드 전환은 0702 수신 후)

[2026-03-26 15:51:36] process-log attached: dashboard
[OPS] Reusing active scenario DB on startup @ C:\Users\LAHMUMT_2\Desktop\DSS_KU\Logs\Scenario_2026-03-26T132327\SBC3
[RUN] mission_planning_gui.py @ C:\Users\LAHMUMT_2\Desktop\DSS_KU\modules\mission_planning\mission_planning_gui.py
[RUN] monitoring_gui.py @ C:\Users\LAHMUMT_2\Desktop\DSS_KU\modules\monitoring\monitoring_gui.py
[RUN] decision_support_gui.py @ C:\Users\LAHMUMT_2\Desktop\DSS_KU\modules\decision_support\decision_support_gui.py
[RUN] info_manage.py @ C:\Users\LAHMUMT_2\Desktop\DSS_KU\modules\info_manage\info_manage.py
모든 SW 초기화 모드 진입

[2026-03-26 15:54:35] process-log attached: dashboard
[OPS] Reusing active scenario DB on startup @ C:\Users\LAHMUMT_2\Desktop\DSS_KU\Logs\Scenario_2026-03-26T132327\SBC3
[RUN] mission_planning_gui.py @ C:\Users\LAHMUMT_2\Desktop\DSS_KU\modules\mission_planning\mission_planning_gui.py
[RUN] monitoring_gui.py @ C:\Users\LAHMUMT_2\Desktop\DSS_KU\modules\monitoring\monitoring_gui.py
[RUN] decision_support_gui.py @ C:\Users\LAHMUMT_2\Desktop\DSS_KU\modules\decision_support\decision_support_gui.py
[RUN] info_manage.py @ C:\Users\LAHMUMT_2\Desktop\DSS_KU\modules\info_manage\info_manage.py
모든 SW 초기화 모드 진입
[OPS] Standby re-entry - reuse existing DB @ C:\Users\LAHMUMT_2\Desktop\DSS_KU\Logs\Scenario_2026-03-26T132327\SBC3
[OPS] SystemMode=2 수신 -> 초기임무계획 모드 진입
모든 SW 초기임무계획 모드
[OPS] 0305 재계획 완료 (대기모드 전환은 0702 수신 후)

[2026-03-26 16:03:38] process-log attached: dashboard
[OPS] Reusing active scenario DB on startup @ C:\Users\LAHMUMT_2\Desktop\DSS_KU\Logs\Scenario_2026-03-26T132327\SBC3
[RUN] mission_planning_gui.py @ C:\Users\LAHMUMT_2\Desktop\DSS_KU\modules\mission_planning\mission_planning_gui.py
[RUN] monitoring_gui.py @ C:\Users\LAHMUMT_2\Desktop\DSS_KU\modules\monitoring\monitoring_gui.py
[RUN] decision_support_gui.py @ C:\Users\LAHMUMT_2\Desktop\DSS_KU\modules\decision_support\decision_support_gui.py
[RUN] info_manage.py @ C:\Users\LAHMUMT_2\Desktop\DSS_KU\modules\info_manage\info_manage.py
모든 SW 초기화 모드 진입
[OPS] Standby re-entry - reuse existing DB @ C:\Users\LAHMUMT_2\Desktop\DSS_KU\Logs\Scenario_2026-03-26T132327\SBC3
[OPS] SystemMode=2 수신 -> 초기임무계획 모드 진입
모든 SW 초기임무계획 모드
[OPS] 0305 재계획 완료 (대기모드 전환은 0702 수신 후)

[2026-03-26 16:11:02] process-log attached: dashboard
[OPS] Reusing active scenario DB on startup @ C:\Users\LAHMUMT_2\Desktop\DSS_KU\Logs\Scenario_2026-03-26T132327\SBC3
[RUN] mission_planning_gui.py @ C:\Users\LAHMUMT_2\Desktop\DSS_KU\modules\mission_planning\mission_planning_gui.py
[RUN] monitoring_gui.py @ C:\Users\LAHMUMT_2\Desktop\DSS_KU\modules\monitoring\monitoring_gui.py
[RUN] decision_support_gui.py @ C:\Users\LAHMUMT_2\Desktop\DSS_KU\modules\decision_support\decision_support_gui.py
[RUN] info_manage.py @ C:\Users\LAHMUMT_2\Desktop\DSS_KU\modules\info_manage\info_manage.py
모든 SW 초기화 모드 진입
[OPS] Standby re-entry - reuse existing DB @ C:\Users\LAHMUMT_2\Desktop\DSS_KU\Logs\Scenario_2026-03-26T132327\SBC3
[OPS] SystemMode=2 수신 -> 초기임무계획 모드 진입
모든 SW 초기임무계획 모드
[OPS] 0305 재계획 완료 (대기모드 전환은 0702 수신 후)

[2026-03-26 16:13:10] process-log attached: dashboard
[OPS] Reusing active scenario DB on startup @ C:\Users\LAHMUMT_2\Desktop\DSS_KU\Logs\Scenario_2026-03-26T132327\SBC3
[RUN] mission_planning_gui.py @ C:\Users\LAHMUMT_2\Desktop\DSS_KU\modules\mission_planning\mission_planning_gui.py
[RUN] monitoring_gui.py @ C:\Users\LAHMUMT_2\Desktop\DSS_KU\modules\monitoring\monitoring_gui.py
[RUN] decision_support_gui.py @ C:\Users\LAHMUMT_2\Desktop\DSS_KU\modules\decision_support\decision_support_gui.py
[RUN] info_manage.py @ C:\Users\LAHMUMT_2\Desktop\DSS_KU\modules\info_manage\info_manage.py
모든 SW 초기화 모드 진입
[OPS] Standby re-entry - reuse existing DB @ C:\Users\LAHMUMT_2\Desktop\DSS_KU\Logs\Scenario_2026-03-26T132327\SBC3
[OPS] SystemMode=2 수신 -> 초기임무계획 모드 진입
모든 SW 초기임무계획 모드
[OPS] 0305 재계획 완료 (대기모드 전환은 0702 수신 후)

[2026-03-26 16:20:45] process-log attached: dashboard
[OPS] Reusing active scenario DB on startup @ C:\Users\LAHMUMT_2\Desktop\DSS_KU\Logs\Scenario_2026-03-26T132327\SBC3
[RUN] mission_planning_gui.py @ C:\Users\LAHMUMT_2\Desktop\DSS_KU\modules\mission_planning\mission_planning_gui.py
[RUN] monitoring_gui.py @ C:\Users\LAHMUMT_2\Desktop\DSS_KU\modules\monitoring\monitoring_gui.py
[RUN] decision_support_gui.py @ C:\Users\LAHMUMT_2\Desktop\DSS_KU\modules\decision_support\decision_support_gui.py
[RUN] info_manage.py @ C:\Users\LAHMUMT_2\Desktop\DSS_KU\modules\info_manage\info_manage.py
모든 SW 초기화 모드 진입
[OPS] Standby re-entry - reuse existing DB @ C:\Users\LAHMUMT_2\Desktop\DSS_KU\Logs\Scenario_2026-03-26T132327\SBC3
[OPS] SystemMode=2 수신 -> 초기임무계획 모드 진입
모든 SW 초기임무계획 모드
[OPS] 0305 재계획 완료 (대기모드 전환은 0702 수신 후)

[2026-03-26 16:27:18] process-log attached: dashboard
[OPS] Reusing active scenario DB on startup @ C:\Users\LAHMUMT_2\Desktop\DSS_KU\Logs\Scenario_2026-03-26T132327\SBC3
[RUN] mission_planning_gui.py @ C:\Users\LAHMUMT_2\Desktop\DSS_KU\modules\mission_planning\mission_planning_gui.py
[RUN] monitoring_gui.py @ C:\Users\LAHMUMT_2\Desktop\DSS_KU\modules\monitoring\monitoring_gui.py
[RUN] decision_support_gui.py @ C:\Users\LAHMUMT_2\Desktop\DSS_KU\modules\decision_support\decision_support_gui.py
[RUN] info_manage.py @ C:\Users\LAHMUMT_2\Desktop\DSS_KU\modules\info_manage\info_manage.py
모든 SW 초기화 모드 진입
[OPS] Standby re-entry - reuse existing DB @ C:\Users\LAHMUMT_2\Desktop\DSS_KU\Logs\Scenario_2026-03-26T132327\SBC3

[2026-03-26 16:30:12] process-log attached: dashboard
[OPS] Reusing active scenario DB on startup @ C:\Users\LAHMUMT_2\Desktop\DSS_KU\Logs\Scenario_2026-03-26T132327\SBC3
[RUN] mission_planning_gui.py @ C:\Users\LAHMUMT_2\Desktop\DSS_KU\modules\mission_planning\mission_planning_gui.py
[RUN] monitoring_gui.py @ C:\Users\LAHMUMT_2\Desktop\DSS_KU\modules\monitoring\monitoring_gui.py
[RUN] decision_support_gui.py @ C:\Users\LAHMUMT_2\Desktop\DSS_KU\modules\decision_support\decision_support_gui.py
[RUN] info_manage.py @ C:\Users\LAHMUMT_2\Desktop\DSS_KU\modules\info_manage\info_manage.py
모든 SW 초기화 모드 진입
