
[2026-03-26 13:23:10] process-log attached: decision_support
[0901] 옵션 요청 리스너 등록 완료
[0101] 모드 수신 리스너 등록 완료
[0102] 버스 초기화 전이라 0102 송신을 보류합니다.
[BUS] MOB NodeMessenger 초기화 완료
[CTRL] 0102 direct handler → ON 요청
[0102] 상태 보고 송신 (status=1)
[0102] 상태 보고 이미 송신됨

[2026-03-26 13:23:27] process-log attached: decision_support
[MODE] 모드 변경 → 대기모드
[CTRL] 0102 상태 유지: ON
[0102] 상태 보고 이미 송신됨
[MODE] 모드 변경 → 초기 임무 계획
[CTRL] 0102 상태 유지: ON
[0102] 상태 보고 이미 송신됨

[2026-03-26 13:33:34] process-log attached: decision_support
[0901] 옵션 요청 리스너 등록 완료
[0101] 모드 수신 리스너 등록 완료
[0102] 버스 초기화 전이라 0102 송신을 보류합니다.
[BUS] MOB NodeMessenger 초기화 완료
[CTRL] 0102 direct handler → ON 요청
[0102] 상태 보고 송신 (status=1)
[0102] 상태 보고 이미 송신됨
[MODE] 모드 변경 → 대기모드
[CTRL] 0102 상태 유지: ON
[0102] 상태 보고 이미 송신됨
[MODE] 모드 변경 → 초기 임무 계획
[CTRL] 0102 상태 유지: ON
[0102] 상태 보고 이미 송신됨
[MODE] 모드 변경 → 임무 수행
[CTRL] 0102 상태 유지: ON
[0102] 상태 보고 이미 송신됨
[0701] option info saved: 1.json
[0701] option info sent (count=2)

[2026-03-26 13:44:35] process-log attached: decision_support
[0901] 옵션 요청 리스너 등록 완료
[0101] 모드 수신 리스너 등록 완료
[0102] 버스 초기화 전이라 0102 송신을 보류합니다.
[0102] NodeMessenger 초기화 대기 중 – 자동 송신 보류
[BUS] MOB NodeMessenger 초기화 완료
[0102] 상태 보고 송신 (status=1)
[0102] 상태 보고 이미 송신됨
[CTRL] 0102 direct handler → ON 요청
[MODE] 모드 변경 → 대기모드
[CTRL] 0102 상태 유지: ON
[0102] 상태 보고 이미 송신됨
[MODE] 모드 변경 → 초기 임무 계획
[CTRL] 0102 상태 유지: ON
[0102] 상태 보고 이미 송신됨

[2026-03-26 13:57:42] process-log attached: decision_support
[0901] 옵션 요청 리스너 등록 완료
[0101] 모드 수신 리스너 등록 완료
[0102] 버스 초기화 전이라 0102 송신을 보류합니다.
[0102] NodeMessenger 초기화 대기 중 – 자동 송신 보류
[BUS] MOB NodeMessenger 초기화 완료
[0102] 상태 보고 송신 (status=1)
[0102] 상태 보고 이미 송신됨
[CTRL] 0102 direct handler → ON 요청

[2026-03-26 14:08:40] process-log attached: decision_support
[0901] 옵션 요청 리스너 등록 완료
[0101] 모드 수신 리스너 등록 완료
[0102] 버스 초기화 전이라 0102 송신을 보류합니다.
[0102] NodeMessenger 초기화 대기 중 – 자동 송신 보류
[BUS] MOB NodeMessenger 초기화 완료
[0102] 상태 보고 송신 (status=1)
[0102] 상태 보고 이미 송신됨
[CTRL] 0102 direct handler → ON 요청
[MODE] 모드 변경 → 대기모드
[CTRL] 0102 상태 유지: ON
[0102] 상태 보고 이미 송신됨
[MODE] 모드 변경 → 초기 임무 계획
[CTRL] 0102 상태 유지: ON
[0102] 상태 보고 이미 송신됨

[2026-03-26 14:46:36] process-log attached: decision_support
[0901] 옵션 요청 리스너 등록 완료
[0101] 모드 수신 리스너 등록 완료
[0102] 버스 초기화 전이라 0102 송신을 보류합니다.
[BUS] MOB NodeMessenger 초기화 완료
[CTRL] 0102 direct handler → ON 요청
[0102] 상태 보고 송신 (status=1)
[0102] 상태 보고 이미 송신됨

[2026-03-26 14:46:45] process-log attached: decision_support
[0901] 옵션 요청 리스너 등록 완료
[0101] 모드 수신 리스너 등록 완료
[0102] 버스 초기화 전이라 0102 송신을 보류합니다.
[BUS] MOB NodeMessenger 초기화 완료
[CTRL] 0102 direct handler → ON 요청
[0102] 상태 보고 송신 (status=1)
[0102] 상태 보고 이미 송신됨
[MODE] 모드 변경 → 대기모드
[CTRL] 0102 상태 유지: ON
[0102] 상태 보고 이미 송신됨
[MODE] 모드 변경 → 초기 임무 계획
[CTRL] 0102 상태 유지: ON
[0102] 상태 보고 이미 송신됨
[MODE] 모드 변경 → 임무 수행
[CTRL] 0102 상태 유지: ON
[0102] 상태 보고 이미 송신됨
[0701] option info saved: 2.json
[0701] option info sent (count=2)

[2026-03-26 15:06:16] process-log attached: decision_support
[0901] 옵션 요청 리스너 등록 완료
[0101] 모드 수신 리스너 등록 완료
[0102] 버스 초기화 전이라 0102 송신을 보류합니다.
[BUS] MOB NodeMessenger 초기화 완료
[CTRL] 0102 direct handler → ON 요청
[0102] 상태 보고 송신 (status=1)
[0102] 상태 보고 이미 송신됨
[MODE] 모드 변경 → 대기모드
[CTRL] 0102 상태 유지: ON
[0102] 상태 보고 이미 송신됨
[MODE] 모드 변경 → 초기 임무 계획
[CTRL] 0102 상태 유지: ON
[0102] 상태 보고 이미 송신됨

[2026-03-26 15:22:24] process-log attached: decision_support
[0901] 옵션 요청 리스너 등록 완료
[0101] 모드 수신 리스너 등록 완료
[0102] 버스 초기화 전이라 0102 송신을 보류합니다.
[BUS] MOB NodeMessenger 초기화 완료
[CTRL] 0102 direct handler → ON 요청
[0102] 상태 보고 송신 (status=1)
[0102] 상태 보고 이미 송신됨
[MODE] 모드 변경 → 대기모드
[CTRL] 0102 상태 유지: ON
[0102] 상태 보고 이미 송신됨
[MODE] 모드 변경 → 초기 임무 계획
[CTRL] 0102 상태 유지: ON
[0102] 상태 보고 이미 송신됨

[2026-03-26 15:49:10] process-log attached: decision_support
[0901] 옵션 요청 리스너 등록 완료
[0101] 모드 수신 리스너 등록 완료
[0102] 버스 초기화 전이라 0102 송신을 보류합니다.
[BUS] MOB NodeMessenger 초기화 완료
[CTRL] 0102 direct handler → ON 요청
[0102] 상태 보고 송신 (status=1)
[0102] 상태 보고 이미 송신됨
[MODE] 모드 변경 → 대기모드
[CTRL] 0102 상태 유지: ON
[0102] 상태 보고 이미 송신됨
[MODE] 모드 변경 → 초기 임무 계획
[CTRL] 0102 상태 유지: ON
[0102] 상태 보고 이미 송신됨

[2026-03-26 15:51:39] process-log attached: decision_support
[0901] 옵션 요청 리스너 등록 완료
[0101] 모드 수신 리스너 등록 완료
[0102] 버스 초기화 전이라 0102 송신을 보류합니다.
[BUS] MOB NodeMessenger 초기화 완료
[CTRL] 0102 direct handler → ON 요청
[0102] 상태 보고 송신 (status=1)
[0102] 상태 보고 이미 송신됨

[2026-03-26 15:54:37] process-log attached: decision_support
[0901] 옵션 요청 리스너 등록 완료
[0101] 모드 수신 리스너 등록 완료
[0102] 버스 초기화 전이라 0102 송신을 보류합니다.
[BUS] MOB NodeMessenger 초기화 완료
[CTRL] 0102 direct handler → ON 요청
[0102] 상태 보고 송신 (status=1)
[0102] 상태 보고 이미 송신됨
[MODE] 모드 변경 → 대기모드
[CTRL] 0102 상태 유지: ON
[0102] 상태 보고 이미 송신됨
[MODE] 모드 변경 → 초기 임무 계획
[CTRL] 0102 상태 유지: ON
[0102] 상태 보고 이미 송신됨

[2026-03-26 16:03:40] process-log attached: decision_support
[0901] 옵션 요청 리스너 등록 완료
[0101] 모드 수신 리스너 등록 완료
[0102] 버스 초기화 전이라 0102 송신을 보류합니다.
[BUS] MOB NodeMessenger 초기화 완료
[CTRL] 0102 direct handler → ON 요청
[0102] 상태 보고 송신 (status=1)
[0102] 상태 보고 이미 송신됨
[MODE] 모드 변경 → 대기모드
[CTRL] 0102 상태 유지: ON
[0102] 상태 보고 이미 송신됨
[MODE] 모드 변경 → 초기 임무 계획
[CTRL] 0102 상태 유지: ON
[0102] 상태 보고 이미 송신됨

[2026-03-26 16:11:04] process-log attached: decision_support
[0901] 옵션 요청 리스너 등록 완료
[0101] 모드 수신 리스너 등록 완료
[0102] 버스 초기화 전이라 0102 송신을 보류합니다.
[BUS] MOB NodeMessenger 초기화 완료
[CTRL] 0102 direct handler → ON 요청
[0102] 상태 보고 송신 (status=1)
[0102] 상태 보고 이미 송신됨
[MODE] 모드 변경 → 대기모드
[CTRL] 0102 상태 유지: ON
[0102] 상태 보고 이미 송신됨
[MODE] 모드 변경 → 초기 임무 계획
[CTRL] 0102 상태 유지: ON
[0102] 상태 보고 이미 송신됨

[2026-03-26 16:13:12] process-log attached: decision_support
[0901] 옵션 요청 리스너 등록 완료
[0101] 모드 수신 리스너 등록 완료
[0102] 버스 초기화 전이라 0102 송신을 보류합니다.
[0102] NodeMessenger 초기화 대기 중 – 자동 송신 보류
[0102] 버스 준비 전 상태에서 송신을 시도합니다.
[0102] 상태 보고 송신 (status=1)
[BUS] MOB NodeMessenger 초기화 완료
[CTRL] 0102 direct handler → ON 요청
[0102] 상태 보고 이미 송신됨
[MODE] 모드 변경 → 대기모드
[CTRL] 0102 상태 유지: ON
[0102] 상태 보고 이미 송신됨
[MODE] 모드 변경 → 초기 임무 계획
[CTRL] 0102 상태 유지: ON
[0102] 상태 보고 이미 송신됨

[2026-03-26 16:20:47] process-log attached: decision_support
[0901] 옵션 요청 리스너 등록 완료
[0101] 모드 수신 리스너 등록 완료
[0102] 버스 초기화 전이라 0102 송신을 보류합니다.
[BUS] MOB NodeMessenger 초기화 완료
[CTRL] 0102 direct handler → ON 요청
[0102] 상태 보고 송신 (status=1)
[0102] 상태 보고 이미 송신됨
[MODE] 모드 변경 → 대기모드
[CTRL] 0102 상태 유지: ON
[0102] 상태 보고 이미 송신됨
[MODE] 모드 변경 → 초기 임무 계획
[CTRL] 0102 상태 유지: ON
[0102] 상태 보고 이미 송신됨

[2026-03-26 16:27:21] process-log attached: decision_support
[0901] 옵션 요청 리스너 등록 완료
[0101] 모드 수신 리스너 등록 완료
[0102] 버스 초기화 전이라 0102 송신을 보류합니다.
[BUS] MOB NodeMessenger 초기화 완료
[CTRL] 0102 direct handler → ON 요청
[0102] 상태 보고 송신 (status=1)
[0102] 상태 보고 이미 송신됨
[MODE] 모드 변경 → 대기모드
[CTRL] 0102 상태 유지: ON
[0102] 상태 보고 이미 송신됨

[2026-03-26 16:30:15] process-log attached: decision_support
[0901] 옵션 요청 리스너 등록 완료
[0101] 모드 수신 리스너 등록 완료
[0102] 버스 초기화 전이라 0102 송신을 보류합니다.
[0102] NodeMessenger 초기화 대기 중 – 자동 송신 보류
[BUS] MOB NodeMessenger 초기화 완료
[0102] 상태 보고 송신 (status=1)
[0102] 상태 보고 이미 송신됨
[CTRL] 0102 direct handler → ON 요청
