
[2026-03-26 13:23:10] process-log attached: info_manage
[CTRL] listener started @ 127.0.0.1:45984
[INFO] 0102 periodic transmission disabled for INF mock mode
[CTRL] 모드 변경 요청 수신: standby
[CTRL] 시스템모드(0101) 전송 요청 수신: 1
시스템운용모드(0101) GUI 전송: 1

[2026-03-26 13:23:28] process-log attached: info_manage
[INFO] 0102 periodic transmission disabled for INF mock mode
[INFO] 0102 periodic transmission disabled for INF mock mode
[CTRL] 모드 변경 요청 수신: initplan
[CTRL] 시스템모드(0101) 전송 요청 수신: 2
시스템운용모드(0101) GUI 전송: 2
[INFO] 0102 periodic transmission disabled for INF mock mode
[INFO] 0102 periodic transmission disabled for INF mock mode

[2026-03-26 13:33:34] process-log attached: info_manage
[CTRL] listener started @ 127.0.0.1:45984
QWindowsWindow::setGeometry: Unable to set geometry 1100x700+73+117 (frame: 1116x739+65+86) on QWidgetWindow/"MainWindowClassWindow" on "\\.\DISPLAY258". Resulting geometry: 732x465+70+103 (frame: 748x504+62+72) margins: 8, 31, 8, 8 minimum size: 344x243 MINMAXINFO maxSize=0,0 maxpos=0,0 mintrack=360,282 maxtrack=0,0)
[INFO] 0102 periodic transmission disabled for INF mock mode
[CTRL] 모드 변경 요청 수신: standby
[CTRL] 시스템모드(0101) 전송 요청 수신: 1
시스템운용모드(0101) GUI 전송: 1
[INFO] 0102 periodic transmission disabled for INF mock mode
[INFO] 0102 periodic transmission disabled for INF mock mode
[CTRL] 모드 변경 요청 수신: initplan
[CTRL] 시스템모드(0101) 전송 요청 수신: 2
시스템운용모드(0101) GUI 전송: 2
[INFO] 0102 periodic transmission disabled for INF mock mode
[INFO] 0102 periodic transmission disabled for INF mock mode

[2026-03-26 13:44:35] process-log attached: info_manage
[CTRL] listener started @ 127.0.0.1:45984
[INFO] 0102 periodic transmission disabled for INF mock mode
[CTRL] 모드 변경 요청 수신: standby
[CTRL] 시스템모드(0101) 전송 요청 수신: 1
시스템운용모드(0101) GUI 전송: 1
[INFO] 0102 periodic transmission disabled for INF mock mode
[INFO] 0102 periodic transmission disabled for INF mock mode
[CTRL] 모드 변경 요청 수신: initplan
[CTRL] 시스템모드(0101) 전송 요청 수신: 2
시스템운용모드(0101) GUI 전송: 2
[INFO] 0102 periodic transmission disabled for INF mock mode
[INFO] 0102 periodic transmission disabled for INF mock mode

[2026-03-26 13:57:42] process-log attached: info_manage
[CTRL] listener started @ 127.0.0.1:45984
[INFO] 0102 periodic transmission disabled for INF mock mode

[2026-03-26 14:08:40] process-log attached: info_manage
[CTRL] listener started @ 127.0.0.1:45984
[INFO] 0102 periodic transmission disabled for INF mock mode
[CTRL] 모드 변경 요청 수신: standby
[CTRL] 시스템모드(0101) 전송 요청 수신: 1
시스템운용모드(0101) GUI 전송: 1
[INFO] 0102 periodic transmission disabled for INF mock mode
[INFO] 0102 periodic transmission disabled for INF mock mode
[CTRL] 모드 변경 요청 수신: initplan
[CTRL] 시스템모드(0101) 전송 요청 수신: 2
시스템운용모드(0101) GUI 전송: 2
[INFO] 0102 periodic transmission disabled for INF mock mode
[INFO] 0102 periodic transmission disabled for INF mock mode

[2026-03-26 14:46:36] process-log attached: info_manage
[CTRL] listener started @ 127.0.0.1:45984
[INFO] 0102 periodic transmission disabled for INF mock mode

[2026-03-26 14:46:45] process-log attached: info_manage
[CTRL] listener started @ 127.0.0.1:45984
[INFO] 0102 periodic transmission disabled for INF mock mode
[CTRL] 모드 변경 요청 수신: standby
[CTRL] 시스템모드(0101) 전송 요청 수신: 1
시스템운용모드(0101) GUI 전송: 1
[INFO] 0102 periodic transmission disabled for INF mock mode
[INFO] 0102 periodic transmission disabled for INF mock mode
[CTRL] 모드 변경 요청 수신: initplan
[CTRL] 시스템모드(0101) 전송 요청 수신: 2
시스템운용모드(0101) GUI 전송: 2
[INFO] 0102 periodic transmission disabled for INF mock mode
[INFO] 0102 periodic transmission disabled for INF mock mode

[2026-03-26 15:06:16] process-log attached: info_manage
[CTRL] listener started @ 127.0.0.1:45984
[INFO] 0102 periodic transmission disabled for INF mock mode
[CTRL] 모드 변경 요청 수신: standby
[CTRL] 시스템모드(0101) 전송 요청 수신: 1
시스템운용모드(0101) GUI 전송: 1
[INFO] 0102 periodic transmission disabled for INF mock mode
[INFO] 0102 periodic transmission disabled for INF mock mode
[CTRL] 모드 변경 요청 수신: initplan
[CTRL] 시스템모드(0101) 전송 요청 수신: 2
시스템운용모드(0101) GUI 전송: 2
[INFO] 0102 periodic transmission disabled for INF mock mode
[INFO] 0102 periodic transmission disabled for INF mock mode

[2026-03-26 15:22:24] process-log attached: info_manage
[CTRL] listener started @ 127.0.0.1:45984
[INFO] 0102 periodic transmission disabled for INF mock mode
[CTRL] 모드 변경 요청 수신: standby
[CTRL] 시스템모드(0101) 전송 요청 수신: 1
시스템운용모드(0101) GUI 전송: 1
[INFO] 0102 periodic transmission disabled for INF mock mode
[INFO] 0102 periodic transmission disabled for INF mock mode
[CTRL] 모드 변경 요청 수신: initplan
[CTRL] 시스템모드(0101) 전송 요청 수신: 2
시스템운용모드(0101) GUI 전송: 2
[INFO] 0102 periodic transmission disabled for INF mock mode
[INFO] 0102 periodic transmission disabled for INF mock mode

[2026-03-26 15:49:10] process-log attached: info_manage
[CTRL] listener started @ 127.0.0.1:45984
[INFO] 0102 periodic transmission disabled for INF mock mode
[CTRL] 모드 변경 요청 수신: standby
[CTRL] 시스템모드(0101) 전송 요청 수신: 1
시스템운용모드(0101) GUI 전송: 1
[INFO] 0102 periodic transmission disabled for INF mock mode
[INFO] 0102 periodic transmission disabled for INF mock mode
[CTRL] 모드 변경 요청 수신: initplan
[CTRL] 시스템모드(0101) 전송 요청 수신: 2
시스템운용모드(0101) GUI 전송: 2
[INFO] 0102 periodic transmission disabled for INF mock mode
[INFO] 0102 periodic transmission disabled for INF mock mode

[2026-03-26 15:51:39] process-log attached: info_manage
[CTRL] listener started @ 127.0.0.1:45984
[INFO] 0102 periodic transmission disabled for INF mock mode

[2026-03-26 15:54:37] process-log attached: info_manage
[CTRL] listener started @ 127.0.0.1:45984
[INFO] 0102 periodic transmission disabled for INF mock mode
[CTRL] 모드 변경 요청 수신: standby
[CTRL] 시스템모드(0101) 전송 요청 수신: 1
시스템운용모드(0101) GUI 전송: 1
[INFO] 0102 periodic transmission disabled for INF mock mode
[INFO] 0102 periodic transmission disabled for INF mock mode
[CTRL] 모드 변경 요청 수신: initplan
[CTRL] 시스템모드(0101) 전송 요청 수신: 2
시스템운용모드(0101) GUI 전송: 2
[INFO] 0102 periodic transmission disabled for INF mock mode
[INFO] 0102 periodic transmission disabled for INF mock mode

[2026-03-26 16:03:40] process-log attached: info_manage
[CTRL] listener started @ 127.0.0.1:45984
[INFO] 0102 periodic transmission disabled for INF mock mode
[CTRL] 모드 변경 요청 수신: standby
[CTRL] 시스템모드(0101) 전송 요청 수신: 1
시스템운용모드(0101) GUI 전송: 1
[INFO] 0102 periodic transmission disabled for INF mock mode
[INFO] 0102 periodic transmission disabled for INF mock mode
[CTRL] 모드 변경 요청 수신: initplan
[CTRL] 시스템모드(0101) 전송 요청 수신: 2
시스템운용모드(0101) GUI 전송: 2
[INFO] 0102 periodic transmission disabled for INF mock mode
[INFO] 0102 periodic transmission disabled for INF mock mode

[2026-03-26 16:11:04] process-log attached: info_manage
[CTRL] listener started @ 127.0.0.1:45984
[INFO] 0102 periodic transmission disabled for INF mock mode
[CTRL] 모드 변경 요청 수신: standby
[CTRL] 시스템모드(0101) 전송 요청 수신: 1
시스템운용모드(0101) GUI 전송: 1
[INFO] 0102 periodic transmission disabled for INF mock mode
[INFO] 0102 periodic transmission disabled for INF mock mode
[CTRL] 모드 변경 요청 수신: initplan
[CTRL] 시스템모드(0101) 전송 요청 수신: 2
시스템운용모드(0101) GUI 전송: 2
[INFO] 0102 periodic transmission disabled for INF mock mode
[INFO] 0102 periodic transmission disabled for INF mock mode

[2026-03-26 16:13:12] process-log attached: info_manage
[CTRL] listener started @ 127.0.0.1:45984
[INFO] 0102 periodic transmission disabled for INF mock mode
[CTRL] 모드 변경 요청 수신: standby
[CTRL] 시스템모드(0101) 전송 요청 수신: 1
시스템운용모드(0101) GUI 전송: 1
[INFO] 0102 periodic transmission disabled for INF mock mode
[INFO] 0102 periodic transmission disabled for INF mock mode
[CTRL] 모드 변경 요청 수신: initplan
[CTRL] 시스템모드(0101) 전송 요청 수신: 2
시스템운용모드(0101) GUI 전송: 2
[INFO] 0102 periodic transmission disabled for INF mock mode
[INFO] 0102 periodic transmission disabled for INF mock mode

[2026-03-26 16:20:47] process-log attached: info_manage
[CTRL] listener started @ 127.0.0.1:45984
[INFO] 0102 periodic transmission disabled for INF mock mode
[CTRL] 모드 변경 요청 수신: standby
[CTRL] 시스템모드(0101) 전송 요청 수신: 1
시스템운용모드(0101) GUI 전송: 1
[INFO] 0102 periodic transmission disabled for INF mock mode
[INFO] 0102 periodic transmission disabled for INF mock mode
[CTRL] 모드 변경 요청 수신: initplan
[CTRL] 시스템모드(0101) 전송 요청 수신: 2
시스템운용모드(0101) GUI 전송: 2
[INFO] 0102 periodic transmission disabled for INF mock mode
[INFO] 0102 periodic transmission disabled for INF mock mode

[2026-03-26 16:27:21] process-log attached: info_manage
[CTRL] listener started @ 127.0.0.1:45984
[INFO] 0102 periodic transmission disabled for INF mock mode
[CTRL] 모드 변경 요청 수신: standby
[CTRL] 시스템모드(0101) 전송 요청 수신: 1
시스템운용모드(0101) GUI 전송: 1
[INFO] 0102 periodic transmission disabled for INF mock mode
[INFO] 0102 periodic transmission disabled for INF mock mode

[2026-03-26 16:30:15] process-log attached: info_manage
[CTRL] listener started @ 127.0.0.1:45984
[INFO] 0102 periodic transmission disabled for INF mock mode
[CTRL] 모드 변경 요청 수신: standby
[CTRL] 시스템모드(0101) 전송 요청 수신: 1
시스템운용모드(0101) GUI 전송: 1
