
[2026-03-26 13:23:12] process-log attached: monitoring
[PATH] DB root -> C:\Users\LAHMUMT_2\Desktop\DSS_KU\Logs\Scenario_2026-03-26T131952\SBC3
C:\Users\LAHMUMT_2\Desktop\DSS_KU\modules\monitoring\logic\risk_analysis.py:229: FutureWarning: You are using `torch.load` with `weights_only=False` (the current default value), which uses the default pickle module implicitly. It is possible to construct malicious pickle data which will execute arbitrary code during unpickling (See https://github.com/pytorch/pytorch/blob/main/SECURITY.md#untrusted-models for more details). In a future release, the default value for `weights_only` will be flipped to `True`. This limits the functions that could be executed during unpickling. Arbitrary objects will no longer be allowed to be loaded via this mode unless they are explicitly allowlisted by the user via `torch.serialization.add_safe_globals`. We recommend you start setting `weights_only=True` for any use case where you don't have full control of the loaded file. Please open an issue on GitHub for any issues related to this experimental feature.
  checkpoint = torch.load(self.model_path, map_location=self.device)
[DL] DNN inferrer initialized
[DL] realtime status -> NO_DATA
[0102] status=1 sent

[2026-03-26 13:23:28] process-log attached: monitoring
[PATH] DB root -> C:\Users\LAHMUMT_2\Desktop\DSS_KU\Logs\Scenario_2026-03-26T132327\SBC3
[STATUS] init availability seeded from InputMissionPlan: [1, 2, 3, 4, 5, 6]
[0902] auto replan request sent (init plan mode)
[QUALITY] startup grace armed (missionPlanID=700000001, duration=10.0s)

[2026-03-26 13:33:36] process-log attached: monitoring
[PATH] DB root -> C:\Users\LAHMUMT_2\Desktop\DSS_KU\Logs\Scenario_2026-03-26T132327\SBC3
C:\Users\LAHMUMT_2\Desktop\DSS_KU\modules\monitoring\logic\risk_analysis.py:229: FutureWarning: You are using `torch.load` with `weights_only=False` (the current default value), which uses the default pickle module implicitly. It is possible to construct malicious pickle data which will execute arbitrary code during unpickling (See https://github.com/pytorch/pytorch/blob/main/SECURITY.md#untrusted-models for more details). In a future release, the default value for `weights_only` will be flipped to `True`. This limits the functions that could be executed during unpickling. Arbitrary objects will no longer be allowed to be loaded via this mode unless they are explicitly allowlisted by the user via `torch.serialization.add_safe_globals`. We recommend you start setting `weights_only=True` for any use case where you don't have full control of the loaded file. Please open an issue on GitHub for any issues related to this experimental feature.
  checkpoint = torch.load(self.model_path, map_location=self.device)
[DL] DNN inferrer initialized
[DL] realtime status -> NO_DATA
[0102] status=1 sent
[STATUS] init availability seeded from InputMissionPlan: [1, 2, 3, 4, 5, 6]
[0902] auto replan request sent (init plan mode)
[QUALITY] startup grace armed (missionPlanID=700000002, duration=10.0s)
[RealTimeInferrer] Loading/Reloading Mission Plan: C:\Users\LAHMUMT_2\Desktop\DSS_KU\Logs\Scenario_2026-03-26T132327\SBC3\MissionPlan\700000002.json
C:\Users\LAHMUMT_2\Desktop\DSS_KU\modules\monitoring\utils\preprocess.py:166: FutureWarning: You are using `torch.load` with `weights_only=False` (the current default value), which uses the default pickle module implicitly. It is possible to construct malicious pickle data which will execute arbitrary code during unpickling (See https://github.com/pytorch/pytorch/blob/main/SECURITY.md#untrusted-models for more details). In a future release, the default value for `weights_only` will be flipped to `True`. This limits the functions that could be executed during unpickling. Arbitrary objects will no longer be allowed to be loaded via this mode unless they are explicitly allowlisted by the user via `torch.serialization.add_safe_globals`. We recommend you start setting `weights_only=True` for any use case where you don't have full control of the loaded file. Please open an issue on GitHub for any issues related to this experimental feature.
  state = torch.load(vectorizer_path, map_location=device)
Updated Mission Context: torch.Size([384])
[DL] realtime status -> WARMUP
[DL] realtime status -> RUNNING
[0402] new detections: 1
[0402] target replan prepared: key=7-6, targetID=7
[0902] replan request sent (level=2, reason=무인기 3번 - 방사포(ID-7) 발견으로 인한 재계획, planIds=700000003, 700000004)
[0702] ignore=2 -> apply missionPlanID=700000003, source=SIM_UI
[0702] 공격 임무 확정 -> aircraftID=2 슬롯 점유
[QUALITY] startup grace armed (missionPlanID=700000003, duration=10.0s)
[RealTimeInferrer] Loading/Reloading Mission Plan: C:\Users\LAHMUMT_2\Desktop\DSS_KU\Logs\Scenario_2026-03-26T132327\SBC3\MissionPlan\700000003.json
C:\Users\LAHMUMT_2\Desktop\DSS_KU\modules\monitoring\utils\preprocess.py:166: FutureWarning: You are using `torch.load` with `weights_only=False` (the current default value), which uses the default pickle module implicitly. It is possible to construct malicious pickle data which will execute arbitrary code during unpickling (See https://github.com/pytorch/pytorch/blob/main/SECURITY.md#untrusted-models for more details). In a future release, the default value for `weights_only` will be flipped to `True`. This limits the functions that could be executed during unpickling. Arbitrary objects will no longer be allowed to be loaded via this mode unless they are explicitly allowlisted by the user via `torch.serialization.add_safe_globals`. We recommend you start setting `weights_only=True` for any use case where you don't have full control of the loaded file. Please open an issue on GitHub for any issues related to this experimental feature.
  state = torch.load(vectorizer_path, map_location=device)
Updated Mission Context: torch.Size([384])
C:\Users\LAHMUMT_2\Desktop\DSS_KU\modules\monitoring\logic\risk_analysis.py:334: FutureWarning: You are using `torch.load` with `weights_only=False` (the current default value), which uses the default pickle module implicitly. It is possible to construct malicious pickle data which will execute arbitrary code during unpickling (See https://github.com/pytorch/pytorch/blob/main/SECURITY.md#untrusted-models for more details). In a future release, the default value for `weights_only` will be flipped to `True`. This limits the functions that could be executed during unpickling. Arbitrary objects will no longer be allowed to be loaded via this mode unless they are explicitly allowlisted by the user via `torch.serialization.add_safe_globals`. We recommend you start setting `weights_only=True` for any use case where you don't have full control of the loaded file. Please open an issue on GitHub for any issues related to this experimental feature.
  state = torch.load(vec_path, map_location=self.device)
[0503] recommend=1, inputID=70000001 sent
[NEXTCOLLAB] monitoring trigger OFF -> skip 0902 replan on 0803 execute=1

[2026-03-26 13:44:38] process-log attached: monitoring
[PATH] DB root -> C:\Users\LAHMUMT_2\Desktop\DSS_KU\Logs\Scenario_2026-03-26T132327\SBC3
C:\Users\LAHMUMT_2\Desktop\DSS_KU\modules\monitoring\logic\risk_analysis.py:229: FutureWarning: You are using `torch.load` with `weights_only=False` (the current default value), which uses the default pickle module implicitly. It is possible to construct malicious pickle data which will execute arbitrary code during unpickling (See https://github.com/pytorch/pytorch/blob/main/SECURITY.md#untrusted-models for more details). In a future release, the default value for `weights_only` will be flipped to `True`. This limits the functions that could be executed during unpickling. Arbitrary objects will no longer be allowed to be loaded via this mode unless they are explicitly allowlisted by the user via `torch.serialization.add_safe_globals`. We recommend you start setting `weights_only=True` for any use case where you don't have full control of the loaded file. Please open an issue on GitHub for any issues related to this experimental feature.
  checkpoint = torch.load(self.model_path, map_location=self.device)
[DL] DNN inferrer initialized
[DL] realtime status -> NO_DATA
[0102] status=1 sent
[STATUS] init availability seeded from InputMissionPlan: [1, 2, 3, 4, 5, 6]
[0902] auto replan request sent (init plan mode)
[QUALITY] startup grace armed (missionPlanID=700000005, duration=10.0s)
[RealTimeInferrer] Loading/Reloading Mission Plan: C:\Users\LAHMUMT_2\Desktop\DSS_KU\Logs\Scenario_2026-03-26T132327\SBC3\MissionPlan\700000005.json
C:\Users\LAHMUMT_2\Desktop\DSS_KU\modules\monitoring\utils\preprocess.py:166: FutureWarning: You are using `torch.load` with `weights_only=False` (the current default value), which uses the default pickle module implicitly. It is possible to construct malicious pickle data which will execute arbitrary code during unpickling (See https://github.com/pytorch/pytorch/blob/main/SECURITY.md#untrusted-models for more details). In a future release, the default value for `weights_only` will be flipped to `True`. This limits the functions that could be executed during unpickling. Arbitrary objects will no longer be allowed to be loaded via this mode unless they are explicitly allowlisted by the user via `torch.serialization.add_safe_globals`. We recommend you start setting `weights_only=True` for any use case where you don't have full control of the loaded file. Please open an issue on GitHub for any issues related to this experimental feature.
  state = torch.load(vectorizer_path, map_location=device)
Updated Mission Context: torch.Size([384])
C:\Users\LAHMUMT_2\Desktop\DSS_KU\modules\monitoring\logic\risk_analysis.py:334: FutureWarning: You are using `torch.load` with `weights_only=False` (the current default value), which uses the default pickle module implicitly. It is possible to construct malicious pickle data which will execute arbitrary code during unpickling (See https://github.com/pytorch/pytorch/blob/main/SECURITY.md#untrusted-models for more details). In a future release, the default value for `weights_only` will be flipped to `True`. This limits the functions that could be executed during unpickling. Arbitrary objects will no longer be allowed to be loaded via this mode unless they are explicitly allowlisted by the user via `torch.serialization.add_safe_globals`. We recommend you start setting `weights_only=True` for any use case where you don't have full control of the loaded file. Please open an issue on GitHub for any issues related to this experimental feature.
  state = torch.load(vec_path, map_location=self.device)
[DL] realtime status -> WARMUP
[DL] realtime status -> RUNNING
[0503] recommend=1, inputID=70000001 sent
[NEXTCOLLAB] monitoring trigger OFF -> skip 0902 replan on 0803 execute=1
[0503] recommend=1, inputID=70000002 sent

[2026-03-26 13:57:45] process-log attached: monitoring
[PATH] DB root -> C:\Users\LAHMUMT_2\Desktop\DSS_KU\Logs\Scenario_2026-03-26T132327\SBC3
C:\Users\LAHMUMT_2\Desktop\DSS_KU\modules\monitoring\logic\risk_analysis.py:229: FutureWarning: You are using `torch.load` with `weights_only=False` (the current default value), which uses the default pickle module implicitly. It is possible to construct malicious pickle data which will execute arbitrary code during unpickling (See https://github.com/pytorch/pytorch/blob/main/SECURITY.md#untrusted-models for more details). In a future release, the default value for `weights_only` will be flipped to `True`. This limits the functions that could be executed during unpickling. Arbitrary objects will no longer be allowed to be loaded via this mode unless they are explicitly allowlisted by the user via `torch.serialization.add_safe_globals`. We recommend you start setting `weights_only=True` for any use case where you don't have full control of the loaded file. Please open an issue on GitHub for any issues related to this experimental feature.
  checkpoint = torch.load(self.model_path, map_location=self.device)
[DL] DNN inferrer initialized
[DL] realtime status -> NO_DATA
[0102] status=1 sent
[0m
[2026-03-26 14:08:42] process-log attached: monitoring
[PATH] DB root -> C:\Users\LAHMUMT_2\Desktop\DSS_KU\Logs\Scenario_2026-03-26T132327\SBC3
C:\Users\LAHMUMT_2\Desktop\DSS_KU\modules\monitoring\logic\risk_analysis.py:229: FutureWarning: You are using `torch.load` with `weights_only=False` (the current default value), which uses the default pickle module implicitly. It is possible to construct malicious pickle data which will execute arbitrary code during unpickling (See https://github.com/pytorch/pytorch/blob/main/SECURITY.md#untrusted-models for more details). In a future release, the default value for `weights_only` will be flipped to `True`. This limits the functions that could be executed during unpickling. Arbitrary objects will no longer be allowed to be loaded via this mode unless they are explicitly allowlisted by the user via `torch.serialization.add_safe_globals`. We recommend you start setting `weights_only=True` for any use case where you don't have full control of the loaded file. Please open an issue on GitHub for any issues related to this experimental feature.
  checkpoint = torch.load(self.model_path, map_location=self.device)
[DL] DNN inferrer initialized
[DL] realtime status -> NO_DATA
[0102] status=1 sent
[STATUS] init availability seeded from InputMissionPlan: [1, 2, 3, 4, 5, 6]
[0902] auto replan request sent (init plan mode)
[QUALITY] startup grace armed (missionPlanID=700000006, duration=10.0s)
[RealTimeInferrer] Loading/Reloading Mission Plan: C:\Users\LAHMUMT_2\Desktop\DSS_KU\Logs\Scenario_2026-03-26T132327\SBC3\MissionPlan\700000006.json
C:\Users\LAHMUMT_2\Desktop\DSS_KU\modules\monitoring\utils\preprocess.py:166: FutureWarning: You are using `torch.load` with `weights_only=False` (the current default value), which uses the default pickle module implicitly. It is possible to construct malicious pickle data which will execute arbitrary code during unpickling (See https://github.com/pytorch/pytorch/blob/main/SECURITY.md#untrusted-models for more details). In a future release, the default value for `weights_only` will be flipped to `True`. This limits the functions that could be executed during unpickling. Arbitrary objects will no longer be allowed to be loaded via this mode unless they are explicitly allowlisted by the user via `torch.serialization.add_safe_globals`. We recommend you start setting `weights_only=True` for any use case where you don't have full control of the loaded file. Please open an issue on GitHub for any issues related to this experimental feature.
  state = torch.load(vectorizer_path, map_location=device)
Updated Mission Context: torch.Size([384])
C:\Users\LAHMUMT_2\Desktop\DSS_KU\modules\monitoring\logic\risk_analysis.py:334: FutureWarning: You are using `torch.load` with `weights_only=False` (the current default value), which uses the default pickle module implicitly. It is possible to construct malicious pickle data which will execute arbitrary code during unpickling (See https://github.com/pytorch/pytorch/blob/main/SECURITY.md#untrusted-models for more details). In a future release, the default value for `weights_only` will be flipped to `True`. This limits the functions that could be executed during unpickling. Arbitrary objects will no longer be allowed to be loaded via this mode unless they are explicitly allowlisted by the user via `torch.serialization.add_safe_globals`. We recommend you start setting `weights_only=True` for any use case where you don't have full control of the loaded file. Please open an issue on GitHub for any issues related to this experimental feature.
  state = torch.load(vec_path, map_location=self.device)
[0503] recommend=1, inputID=70000001 sent
[DL] realtime status -> WARMUP

[2026-03-26 14:46:38] process-log attached: monitoring
[PATH] DB root -> C:\Users\LAHMUMT_2\Desktop\DSS_KU\Logs\Scenario_2026-03-26T132327\SBC3
C:\Users\LAHMUMT_2\Desktop\DSS_KU\modules\monitoring\logic\risk_analysis.py:229: FutureWarning: You are using `torch.load` with `weights_only=False` (the current default value), which uses the default pickle module implicitly. It is possible to construct malicious pickle data which will execute arbitrary code during unpickling (See https://github.com/pytorch/pytorch/blob/main/SECURITY.md#untrusted-models for more details). In a future release, the default value for `weights_only` will be flipped to `True`. This limits the functions that could be executed during unpickling. Arbitrary objects will no longer be allowed to be loaded via this mode unless they are explicitly allowlisted by the user via `torch.serialization.add_safe_globals`. We recommend you start setting `weights_only=True` for any use case where you don't have full control of the loaded file. Please open an issue on GitHub for any issues related to this experimental feature.
  checkpoint = torch.load(self.model_path, map_location=self.device)
[DL] DNN inferrer initialized
QWindowsWindow::setGeometry: Unable to set geometry 1186x1065+1993-673 (frame: 1208x1121+1982-718) on QWidgetWindow/"MainWindowClassWindow" on "\\.\DISPLAY257". Resulting geometry: 1781x1600+1996-659 (frame: 1803x1656+1985-704) margins: 11, 45, 11, 11 minimum size: 1186x1082 MINMAXINFO maxSize=0,0 maxpos=0,0 mintrack=1208,1138 maxtrack=0,0)
[DL] realtime status -> NO_DATA

[2026-03-26 14:46:47] process-log attached: monitoring
[PATH] DB root -> C:\Users\LAHMUMT_2\Desktop\DSS_KU\Logs\Scenario_2026-03-26T132327\SBC3
C:\Users\LAHMUMT_2\Desktop\DSS_KU\modules\monitoring\logic\risk_analysis.py:229: FutureWarning: You are using `torch.load` with `weights_only=False` (the current default value), which uses the default pickle module implicitly. It is possible to construct malicious pickle data which will execute arbitrary code during unpickling (See https://github.com/pytorch/pytorch/blob/main/SECURITY.md#untrusted-models for more details). In a future release, the default value for `weights_only` will be flipped to `True`. This limits the functions that could be executed during unpickling. Arbitrary objects will no longer be allowed to be loaded via this mode unless they are explicitly allowlisted by the user via `torch.serialization.add_safe_globals`. We recommend you start setting `weights_only=True` for any use case where you don't have full control of the loaded file. Please open an issue on GitHub for any issues related to this experimental feature.
  checkpoint = torch.load(self.model_path, map_location=self.device)
[DL] DNN inferrer initialized
[DL] realtime status -> NO_DATA
[0102] status=1 sent
[STATUS] init availability seeded from InputMissionPlan: [1, 2, 3, 4, 5, 6]
[0902] auto replan request sent (init plan mode)
[QUALITY] startup grace armed (missionPlanID=700000007, duration=10.0s)
[RealTimeInferrer] Loading/Reloading Mission Plan: C:\Users\LAHMUMT_2\Desktop\DSS_KU\Logs\Scenario_2026-03-26T132327\SBC3\MissionPlan\700000007.json
C:\Users\LAHMUMT_2\Desktop\DSS_KU\modules\monitoring\utils\preprocess.py:166: FutureWarning: You are using `torch.load` with `weights_only=False` (the current default value), which uses the default pickle module implicitly. It is possible to construct malicious pickle data which will execute arbitrary code during unpickling (See https://github.com/pytorch/pytorch/blob/main/SECURITY.md#untrusted-models for more details). In a future release, the default value for `weights_only` will be flipped to `True`. This limits the functions that could be executed during unpickling. Arbitrary objects will no longer be allowed to be loaded via this mode unless they are explicitly allowlisted by the user via `torch.serialization.add_safe_globals`. We recommend you start setting `weights_only=True` for any use case where you don't have full control of the loaded file. Please open an issue on GitHub for any issues related to this experimental feature.
  state = torch.load(vectorizer_path, map_location=device)
Updated Mission Context: torch.Size([384])
C:\Users\LAHMUMT_2\Desktop\DSS_KU\modules\monitoring\logic\risk_analysis.py:334: FutureWarning: You are using `torch.load` with `weights_only=False` (the current default value), which uses the default pickle module implicitly. It is possible to construct malicious pickle data which will execute arbitrary code during unpickling (See https://github.com/pytorch/pytorch/blob/main/SECURITY.md#untrusted-models for more details). In a future release, the default value for `weights_only` will be flipped to `True`. This limits the functions that could be executed during unpickling. Arbitrary objects will no longer be allowed to be loaded via this mode unless they are explicitly allowlisted by the user via `torch.serialization.add_safe_globals`. We recommend you start setting `weights_only=True` for any use case where you don't have full control of the loaded file. Please open an issue on GitHub for any issues related to this experimental feature.
  state = torch.load(vec_path, map_location=self.device)
[DL] realtime status -> WARMUP
[DL] realtime status -> RUNNING
[PRIOR] skipped: mode=2 (need 3/4)
[PRIOR] rediscovery arm set: priorMissionID=2, missionType=1, coordinate-arm
[PRIOR] 0202 processed -> dispatching 0902 (priorMissionID=2, missionPlanID=700000008)
[0902] replan request sent (level=4, reason=선행임무 : 좌표지정, planIds=700000008)
[QUALITY] startup grace armed (missionPlanID=700000008, duration=10.0s)
[RealTimeInferrer] Loading/Reloading Mission Plan: C:\Users\LAHMUMT_2\Desktop\DSS_KU\Logs\Scenario_2026-03-26T132327\SBC3\MissionPlan\700000008.json
C:\Users\LAHMUMT_2\Desktop\DSS_KU\modules\monitoring\utils\preprocess.py:166: FutureWarning: You are using `torch.load` with `weights_only=False` (the current default value), which uses the default pickle module implicitly. It is possible to construct malicious pickle data which will execute arbitrary code during unpickling (See https://github.com/pytorch/pytorch/blob/main/SECURITY.md#untrusted-models for more details). In a future release, the default value for `weights_only` will be flipped to `True`. This limits the functions that could be executed during unpickling. Arbitrary objects will no longer be allowed to be loaded via this mode unless they are explicitly allowlisted by the user via `torch.serialization.add_safe_globals`. We recommend you start setting `weights_only=True` for any use case where you don't have full control of the loaded file. Please open an issue on GitHub for any issues related to this experimental feature.
  state = torch.load(vectorizer_path, map_location=device)
Updated Mission Context: torch.Size([384])
[0702] ignore=2 -> apply missionPlanID=700000008, source=MMR
[QUALITY] startup grace armed (missionPlanID=700000008, duration=10.0s)
[0402] new detections: 1
[0402] target replan prepared: key=8-5, targetID=8
[0902] replan request sent (level=2, reason=무인기 2번 - 장갑차(ID-8) 발견으로 인한 재계획, planIds=700000009, 700000010)
[0702] ignore=2 -> apply missionPlanID=700000009, source=SIM_UI
[0702] 공격 임무 확정 -> aircraftID=3 슬롯 점유
[QUALITY] startup grace armed (missionPlanID=700000009, duration=10.0s)
[RealTimeInferrer] Loading/Reloading Mission Plan: C:\Users\LAHMUMT_2\Desktop\DSS_KU\Logs\Scenario_2026-03-26T132327\SBC3\MissionPlan\700000009.json
C:\Users\LAHMUMT_2\Desktop\DSS_KU\modules\monitoring\utils\preprocess.py:166: FutureWarning: You are using `torch.load` with `weights_only=False` (the current default value), which uses the default pickle module implicitly. It is possible to construct malicious pickle data which will execute arbitrary code during unpickling (See https://github.com/pytorch/pytorch/blob/main/SECURITY.md#untrusted-models for more details). In a future release, the default value for `weights_only` will be flipped to `True`. This limits the functions that could be executed during unpickling. Arbitrary objects will no longer be allowed to be loaded via this mode unless they are explicitly allowlisted by the user via `torch.serialization.add_safe_globals`. We recommend you start setting `weights_only=True` for any use case where you don't have full control of the loaded file. Please open an issue on GitHub for any issues related to this experimental feature.
  state = torch.load(vectorizer_path, map_location=device)
Updated Mission Context: torch.Size([384])
[0401] path-deviation replan prepared (aircraftID=5, currentWP=1225, altWP=905001, missionPlanID=700000011, reason=무인기 2번 경로 미추종으로 인한 재계획)
[0902] replan request sent (level=3, reason=무인기 2번 경로 미추종으로 인한 재계획, planIds=700000011)
[QUALITY] startup grace armed (missionPlanID=700000011, duration=10.0s)
[RealTimeInferrer] Loading/Reloading Mission Plan: C:\Users\LAHMUMT_2\Desktop\DSS_KU\Logs\Scenario_2026-03-26T132327\SBC3\MissionPlan\700000011.json
C:\Users\LAHMUMT_2\Desktop\DSS_KU\modules\monitoring\utils\preprocess.py:166: FutureWarning: You are using `torch.load` with `weights_only=False` (the current default value), which uses the default pickle module implicitly. It is possible to construct malicious pickle data which will execute arbitrary code during unpickling (See https://github.com/pytorch/pytorch/blob/main/SECURITY.md#untrusted-models for more details). In a future release, the default value for `weights_only` will be flipped to `True`. This limits the functions that could be executed during unpickling. Arbitrary objects will no longer be allowed to be loaded via this mode unless they are explicitly allowlisted by the user via `torch.serialization.add_safe_globals`. We recommend you start setting `weights_only=True` for any use case where you don't have full control of the loaded file. Please open an issue on GitHub for any issues related to this experimental feature.
  state = torch.load(vectorizer_path, map_location=device)
Updated Mission Context: torch.Size([384])
[0401] path-deviation replan skipped: source artifacts unresolved (aircraftID=5, currentWP=1225)
[0702] ignore=2 -> apply missionPlanID=700000011, source=MMR
[QUALITY] startup grace armed (missionPlanID=700000011, duration=10.0s)
[0401] path-deviation replan skipped: source artifacts unresolved (aircraftID=5, currentWP=1225)
[0401] path-deviation replan skipped: source artifacts unresolved (aircraftID=5, currentWP=1225)
[0503] recommend=1, inputID=70000001 sent
[NEXTCOLLAB] monitoring trigger OFF -> skip 0902 replan on 0803 execute=1
[0503] recommend=1, inputID=70000002 sent

[2026-03-26 15:06:18] process-log attached: monitoring
[PATH] DB root -> C:\Users\LAHMUMT_2\Desktop\DSS_KU\Logs\Scenario_2026-03-26T132327\SBC3
C:\Users\LAHMUMT_2\Desktop\DSS_KU\modules\monitoring\logic\risk_analysis.py:229: FutureWarning: You are using `torch.load` with `weights_only=False` (the current default value), which uses the default pickle module implicitly. It is possible to construct malicious pickle data which will execute arbitrary code during unpickling (See https://github.com/pytorch/pytorch/blob/main/SECURITY.md#untrusted-models for more details). In a future release, the default value for `weights_only` will be flipped to `True`. This limits the functions that could be executed during unpickling. Arbitrary objects will no longer be allowed to be loaded via this mode unless they are explicitly allowlisted by the user via `torch.serialization.add_safe_globals`. We recommend you start setting `weights_only=True` for any use case where you don't have full control of the loaded file. Please open an issue on GitHub for any issues related to this experimental feature.
  checkpoint = torch.load(self.model_path, map_location=self.device)
[DL] DNN inferrer initialized
[DL] realtime status -> NO_DATA
[0102] status=1 sent
[STATUS] init availability seeded from InputMissionPlan: [1, 2, 3, 4, 5, 6]
[0902] auto replan request sent (init plan mode)
[QUALITY] startup grace armed (missionPlanID=700000012, duration=10.0s)
[RealTimeInferrer] Loading/Reloading Mission Plan: C:\Users\LAHMUMT_2\Desktop\DSS_KU\Logs\Scenario_2026-03-26T132327\SBC3\MissionPlan\700000012.json
C:\Users\LAHMUMT_2\Desktop\DSS_KU\modules\monitoring\utils\preprocess.py:166: FutureWarning: You are using `torch.load` with `weights_only=False` (the current default value), which uses the default pickle module implicitly. It is possible to construct malicious pickle data which will execute arbitrary code during unpickling (See https://github.com/pytorch/pytorch/blob/main/SECURITY.md#untrusted-models for more details). In a future release, the default value for `weights_only` will be flipped to `True`. This limits the functions that could be executed during unpickling. Arbitrary objects will no longer be allowed to be loaded via this mode unless they are explicitly allowlisted by the user via `torch.serialization.add_safe_globals`. We recommend you start setting `weights_only=True` for any use case where you don't have full control of the loaded file. Please open an issue on GitHub for any issues related to this experimental feature.
  state = torch.load(vectorizer_path, map_location=device)
Updated Mission Context: torch.Size([384])
C:\Users\LAHMUMT_2\Desktop\DSS_KU\modules\monitoring\logic\risk_analysis.py:334: FutureWarning: You are using `torch.load` with `weights_only=False` (the current default value), which uses the default pickle module implicitly. It is possible to construct malicious pickle data which will execute arbitrary code during unpickling (See https://github.com/pytorch/pytorch/blob/main/SECURITY.md#untrusted-models for more details). In a future release, the default value for `weights_only` will be flipped to `True`. This limits the functions that could be executed during unpickling. Arbitrary objects will no longer be allowed to be loaded via this mode unless they are explicitly allowlisted by the user via `torch.serialization.add_safe_globals`. We recommend you start setting `weights_only=True` for any use case where you don't have full control of the loaded file. Please open an issue on GitHub for any issues related to this experimental feature.
  state = torch.load(vec_path, map_location=self.device)
[DL] realtime status -> WARMUP
[DL] realtime status -> RUNNING
[0503] recommend=1, inputID=70000001 sent

[2026-03-26 15:22:27] process-log attached: monitoring
[PATH] DB root -> C:\Users\LAHMUMT_2\Desktop\DSS_KU\Logs\Scenario_2026-03-26T132327\SBC3
C:\Users\LAHMUMT_2\Desktop\DSS_KU\modules\monitoring\logic\risk_analysis.py:229: FutureWarning: You are using `torch.load` with `weights_only=False` (the current default value), which uses the default pickle module implicitly. It is possible to construct malicious pickle data which will execute arbitrary code during unpickling (See https://github.com/pytorch/pytorch/blob/main/SECURITY.md#untrusted-models for more details). In a future release, the default value for `weights_only` will be flipped to `True`. This limits the functions that could be executed during unpickling. Arbitrary objects will no longer be allowed to be loaded via this mode unless they are explicitly allowlisted by the user via `torch.serialization.add_safe_globals`. We recommend you start setting `weights_only=True` for any use case where you don't have full control of the loaded file. Please open an issue on GitHub for any issues related to this experimental feature.
  checkpoint = torch.load(self.model_path, map_location=self.device)
[DL] DNN inferrer initialized
[DL] realtime status -> NO_DATA
[0102] status=1 sent
[STATUS] init availability seeded from InputMissionPlan: [1, 2, 3, 4, 5, 6]
[0902] auto replan request sent (init plan mode)
[QUALITY] startup grace armed (missionPlanID=700000013, duration=10.0s)
[RealTimeInferrer] Loading/Reloading Mission Plan: C:\Users\LAHMUMT_2\Desktop\DSS_KU\Logs\Scenario_2026-03-26T132327\SBC3\MissionPlan\700000013.json
C:\Users\LAHMUMT_2\Desktop\DSS_KU\modules\monitoring\utils\preprocess.py:166: FutureWarning: You are using `torch.load` with `weights_only=False` (the current default value), which uses the default pickle module implicitly. It is possible to construct malicious pickle data which will execute arbitrary code during unpickling (See https://github.com/pytorch/pytorch/blob/main/SECURITY.md#untrusted-models for more details). In a future release, the default value for `weights_only` will be flipped to `True`. This limits the functions that could be executed during unpickling. Arbitrary objects will no longer be allowed to be loaded via this mode unless they are explicitly allowlisted by the user via `torch.serialization.add_safe_globals`. We recommend you start setting `weights_only=True` for any use case where you don't have full control of the loaded file. Please open an issue on GitHub for any issues related to this experimental feature.
  state = torch.load(vectorizer_path, map_location=device)
Updated Mission Context: torch.Size([384])
C:\Users\LAHMUMT_2\Desktop\DSS_KU\modules\monitoring\logic\risk_analysis.py:334: FutureWarning: You are using `torch.load` with `weights_only=False` (the current default value), which uses the default pickle module implicitly. It is possible to construct malicious pickle data which will execute arbitrary code during unpickling (See https://github.com/pytorch/pytorch/blob/main/SECURITY.md#untrusted-models for more details). In a future release, the default value for `weights_only` will be flipped to `True`. This limits the functions that could be executed during unpickling. Arbitrary objects will no longer be allowed to be loaded via this mode unless they are explicitly allowlisted by the user via `torch.serialization.add_safe_globals`. We recommend you start setting `weights_only=True` for any use case where you don't have full control of the loaded file. Please open an issue on GitHub for any issues related to this experimental feature.
  state = torch.load(vec_path, map_location=self.device)
[DL] realtime status -> WARMUP
[DL] realtime status -> RUNNING

[2026-03-26 15:49:12] process-log attached: monitoring
[PATH] DB root -> C:\Users\LAHMUMT_2\Desktop\DSS_KU\Logs\Scenario_2026-03-26T132327\SBC3
C:\Users\LAHMUMT_2\Desktop\DSS_KU\modules\monitoring\logic\risk_analysis.py:229: FutureWarning: You are using `torch.load` with `weights_only=False` (the current default value), which uses the default pickle module implicitly. It is possible to construct malicious pickle data which will execute arbitrary code during unpickling (See https://github.com/pytorch/pytorch/blob/main/SECURITY.md#untrusted-models for more details). In a future release, the default value for `weights_only` will be flipped to `True`. This limits the functions that could be executed during unpickling. Arbitrary objects will no longer be allowed to be loaded via this mode unless they are explicitly allowlisted by the user via `torch.serialization.add_safe_globals`. We recommend you start setting `weights_only=True` for any use case where you don't have full control of the loaded file. Please open an issue on GitHub for any issues related to this experimental feature.
  checkpoint = torch.load(self.model_path, map_location=self.device)
[DL] DNN inferrer initialized
[DL] realtime status -> NO_DATA
[0102] status=1 sent
[STATUS] init availability seeded from InputMissionPlan: [1, 2, 3, 4, 5, 6]
[0902] auto replan request sent (init plan mode)
[QUALITY] startup grace armed (missionPlanID=700000014, duration=10.0s)

[2026-03-26 15:51:36] process-log attached: monitoring
[0m
[2026-03-26 15:51:40] process-log attached: monitoring
[PATH] DB root -> C:\Users\LAHMUMT_2\Desktop\DSS_KU\Logs\Scenario_2026-03-26T132327\SBC3
C:\Users\LAHMUMT_2\Desktop\DSS_KU\modules\monitoring\logic\risk_analysis.py:229: FutureWarning: You are using `torch.load` with `weights_only=False` (the current default value), which uses the default pickle module implicitly. It is possible to construct malicious pickle data which will execute arbitrary code during unpickling (See https://github.com/pytorch/pytorch/blob/main/SECURITY.md#untrusted-models for more details). In a future release, the default value for `weights_only` will be flipped to `True`. This limits the functions that could be executed during unpickling. Arbitrary objects will no longer be allowed to be loaded via this mode unless they are explicitly allowlisted by the user via `torch.serialization.add_safe_globals`. We recommend you start setting `weights_only=True` for any use case where you don't have full control of the loaded file. Please open an issue on GitHub for any issues related to this experimental feature.
  checkpoint = torch.load(self.model_path, map_location=self.device)
[DL] DNN inferrer initialized
[DL] realtime status -> NO_DATA
[0102] status=1 sent

[2026-03-26 15:54:39] process-log attached: monitoring
[PATH] DB root -> C:\Users\LAHMUMT_2\Desktop\DSS_KU\Logs\Scenario_2026-03-26T132327\SBC3
C:\Users\LAHMUMT_2\Desktop\DSS_KU\modules\monitoring\logic\risk_analysis.py:229: FutureWarning: You are using `torch.load` with `weights_only=False` (the current default value), which uses the default pickle module implicitly. It is possible to construct malicious pickle data which will execute arbitrary code during unpickling (See https://github.com/pytorch/pytorch/blob/main/SECURITY.md#untrusted-models for more details). In a future release, the default value for `weights_only` will be flipped to `True`. This limits the functions that could be executed during unpickling. Arbitrary objects will no longer be allowed to be loaded via this mode unless they are explicitly allowlisted by the user via `torch.serialization.add_safe_globals`. We recommend you start setting `weights_only=True` for any use case where you don't have full control of the loaded file. Please open an issue on GitHub for any issues related to this experimental feature.
  checkpoint = torch.load(self.model_path, map_location=self.device)
[DL] DNN inferrer initialized
[DL] realtime status -> NO_DATA
[0102] status=1 sent
[STATUS] init availability seeded from InputMissionPlan: [1, 2, 3, 4, 5, 6]
[0902] auto replan request sent (init plan mode)
[QUALITY] startup grace armed (missionPlanID=700000015, duration=10.0s)
[RealTimeInferrer] Loading/Reloading Mission Plan: C:\Users\LAHMUMT_2\Desktop\DSS_KU\Logs\Scenario_2026-03-26T132327\SBC3\MissionPlan\700000015.json
C:\Users\LAHMUMT_2\Desktop\DSS_KU\modules\monitoring\utils\preprocess.py:166: FutureWarning: You are using `torch.load` with `weights_only=False` (the current default value), which uses the default pickle module implicitly. It is possible to construct malicious pickle data which will execute arbitrary code during unpickling (See https://github.com/pytorch/pytorch/blob/main/SECURITY.md#untrusted-models for more details). In a future release, the default value for `weights_only` will be flipped to `True`. This limits the functions that could be executed during unpickling. Arbitrary objects will no longer be allowed to be loaded via this mode unless they are explicitly allowlisted by the user via `torch.serialization.add_safe_globals`. We recommend you start setting `weights_only=True` for any use case where you don't have full control of the loaded file. Please open an issue on GitHub for any issues related to this experimental feature.
  state = torch.load(vectorizer_path, map_location=device)
Updated Mission Context: torch.Size([384])
C:\Users\LAHMUMT_2\Desktop\DSS_KU\modules\monitoring\logic\risk_analysis.py:334: FutureWarning: You are using `torch.load` with `weights_only=False` (the current default value), which uses the default pickle module implicitly. It is possible to construct malicious pickle data which will execute arbitrary code during unpickling (See https://github.com/pytorch/pytorch/blob/main/SECURITY.md#untrusted-models for more details). In a future release, the default value for `weights_only` will be flipped to `True`. This limits the functions that could be executed during unpickling. Arbitrary objects will no longer be allowed to be loaded via this mode unless they are explicitly allowlisted by the user via `torch.serialization.add_safe_globals`. We recommend you start setting `weights_only=True` for any use case where you don't have full control of the loaded file. Please open an issue on GitHub for any issues related to this experimental feature.
  state = torch.load(vec_path, map_location=self.device)
[DL] realtime status -> WARMUP
[DL] realtime status -> RUNNING

[2026-03-26 16:03:42] process-log attached: monitoring
[PATH] DB root -> C:\Users\LAHMUMT_2\Desktop\DSS_KU\Logs\Scenario_2026-03-26T132327\SBC3
C:\Users\LAHMUMT_2\Desktop\DSS_KU\modules\monitoring\logic\risk_analysis.py:229: FutureWarning: You are using `torch.load` with `weights_only=False` (the current default value), which uses the default pickle module implicitly. It is possible to construct malicious pickle data which will execute arbitrary code during unpickling (See https://github.com/pytorch/pytorch/blob/main/SECURITY.md#untrusted-models for more details). In a future release, the default value for `weights_only` will be flipped to `True`. This limits the functions that could be executed during unpickling. Arbitrary objects will no longer be allowed to be loaded via this mode unless they are explicitly allowlisted by the user via `torch.serialization.add_safe_globals`. We recommend you start setting `weights_only=True` for any use case where you don't have full control of the loaded file. Please open an issue on GitHub for any issues related to this experimental feature.
  checkpoint = torch.load(self.model_path, map_location=self.device)
[DL] DNN inferrer initialized
[DL] realtime status -> NO_DATA
[0102] status=1 sent
[STATUS] init availability seeded from InputMissionPlan: [1, 2, 3, 4, 5, 6]
[0902] auto replan request sent (init plan mode)
[QUALITY] startup grace armed (missionPlanID=700000016, duration=10.0s)
[RealTimeInferrer] Loading/Reloading Mission Plan: C:\Users\LAHMUMT_2\Desktop\DSS_KU\Logs\Scenario_2026-03-26T132327\SBC3\MissionPlan\700000016.json
C:\Users\LAHMUMT_2\Desktop\DSS_KU\modules\monitoring\utils\preprocess.py:166: FutureWarning: You are using `torch.load` with `weights_only=False` (the current default value), which uses the default pickle module implicitly. It is possible to construct malicious pickle data which will execute arbitrary code during unpickling (See https://github.com/pytorch/pytorch/blob/main/SECURITY.md#untrusted-models for more details). In a future release, the default value for `weights_only` will be flipped to `True`. This limits the functions that could be executed during unpickling. Arbitrary objects will no longer be allowed to be loaded via this mode unless they are explicitly allowlisted by the user via `torch.serialization.add_safe_globals`. We recommend you start setting `weights_only=True` for any use case where you don't have full control of the loaded file. Please open an issue on GitHub for any issues related to this experimental feature.
  state = torch.load(vectorizer_path, map_location=device)
Updated Mission Context: torch.Size([384])
C:\Users\LAHMUMT_2\Desktop\DSS_KU\modules\monitoring\logic\risk_analysis.py:334: FutureWarning: You are using `torch.load` with `weights_only=False` (the current default value), which uses the default pickle module implicitly. It is possible to construct malicious pickle data which will execute arbitrary code during unpickling (See https://github.com/pytorch/pytorch/blob/main/SECURITY.md#untrusted-models for more details). In a future release, the default value for `weights_only` will be flipped to `True`. This limits the functions that could be executed during unpickling. Arbitrary objects will no longer be allowed to be loaded via this mode unless they are explicitly allowlisted by the user via `torch.serialization.add_safe_globals`. We recommend you start setting `weights_only=True` for any use case where you don't have full control of the loaded file. Please open an issue on GitHub for any issues related to this experimental feature.
  state = torch.load(vec_path, map_location=self.device)
[DL] realtime status -> WARMUP
[DL] realtime status -> RUNNING

[2026-03-26 16:11:06] process-log attached: monitoring
[PATH] DB root -> C:\Users\LAHMUMT_2\Desktop\DSS_KU\Logs\Scenario_2026-03-26T132327\SBC3
C:\Users\LAHMUMT_2\Desktop\DSS_KU\modules\monitoring\logic\risk_analysis.py:229: FutureWarning: You are using `torch.load` with `weights_only=False` (the current default value), which uses the default pickle module implicitly. It is possible to construct malicious pickle data which will execute arbitrary code during unpickling (See https://github.com/pytorch/pytorch/blob/main/SECURITY.md#untrusted-models for more details). In a future release, the default value for `weights_only` will be flipped to `True`. This limits the functions that could be executed during unpickling. Arbitrary objects will no longer be allowed to be loaded via this mode unless they are explicitly allowlisted by the user via `torch.serialization.add_safe_globals`. We recommend you start setting `weights_only=True` for any use case where you don't have full control of the loaded file. Please open an issue on GitHub for any issues related to this experimental feature.
  checkpoint = torch.load(self.model_path, map_location=self.device)
[DL] DNN inferrer initialized
[DL] realtime status -> NO_DATA
[0102] status=1 sent
[STATUS] init availability seeded from InputMissionPlan: [1, 2, 3, 4, 5, 6]
[0902] auto replan request sent (init plan mode)
[QUALITY] startup grace armed (missionPlanID=700000017, duration=10.0s)
[RealTimeInferrer] Loading/Reloading Mission Plan: C:\Users\LAHMUMT_2\Desktop\DSS_KU\Logs\Scenario_2026-03-26T132327\SBC3\MissionPlan\700000017.json
C:\Users\LAHMUMT_2\Desktop\DSS_KU\modules\monitoring\utils\preprocess.py:166: FutureWarning: You are using `torch.load` with `weights_only=False` (the current default value), which uses the default pickle module implicitly. It is possible to construct malicious pickle data which will execute arbitrary code during unpickling (See https://github.com/pytorch/pytorch/blob/main/SECURITY.md#untrusted-models for more details). In a future release, the default value for `weights_only` will be flipped to `True`. This limits the functions that could be executed during unpickling. Arbitrary objects will no longer be allowed to be loaded via this mode unless they are explicitly allowlisted by the user via `torch.serialization.add_safe_globals`. We recommend you start setting `weights_only=True` for any use case where you don't have full control of the loaded file. Please open an issue on GitHub for any issues related to this experimental feature.
  state = torch.load(vectorizer_path, map_location=device)
Updated Mission Context: torch.Size([384])
C:\Users\LAHMUMT_2\Desktop\DSS_KU\modules\monitoring\logic\risk_analysis.py:334: FutureWarning: You are using `torch.load` with `weights_only=False` (the current default value), which uses the default pickle module implicitly. It is possible to construct malicious pickle data which will execute arbitrary code during unpickling (See https://github.com/pytorch/pytorch/blob/main/SECURITY.md#untrusted-models for more details). In a future release, the default value for `weights_only` will be flipped to `True`. This limits the functions that could be executed during unpickling. Arbitrary objects will no longer be allowed to be loaded via this mode unless they are explicitly allowlisted by the user via `torch.serialization.add_safe_globals`. We recommend you start setting `weights_only=True` for any use case where you don't have full control of the loaded file. Please open an issue on GitHub for any issues related to this experimental feature.
  state = torch.load(vec_path, map_location=self.device)
[DL] realtime status -> WARMUP
[DL] realtime status -> RUNNING

[2026-03-26 16:13:14] process-log attached: monitoring
[PATH] DB root -> C:\Users\LAHMUMT_2\Desktop\DSS_KU\Logs\Scenario_2026-03-26T132327\SBC3
C:\Users\LAHMUMT_2\Desktop\DSS_KU\modules\monitoring\logic\risk_analysis.py:229: FutureWarning: You are using `torch.load` with `weights_only=False` (the current default value), which uses the default pickle module implicitly. It is possible to construct malicious pickle data which will execute arbitrary code during unpickling (See https://github.com/pytorch/pytorch/blob/main/SECURITY.md#untrusted-models for more details). In a future release, the default value for `weights_only` will be flipped to `True`. This limits the functions that could be executed during unpickling. Arbitrary objects will no longer be allowed to be loaded via this mode unless they are explicitly allowlisted by the user via `torch.serialization.add_safe_globals`. We recommend you start setting `weights_only=True` for any use case where you don't have full control of the loaded file. Please open an issue on GitHub for any issues related to this experimental feature.
  checkpoint = torch.load(self.model_path, map_location=self.device)
[DL] DNN inferrer initialized
QWindowsWindow::setGeometry: Unable to set geometry 1186x1065+1993-673 (frame: 1208x1121+1982-718) on QWidgetWindow/"MainWindowClassWindow" on "\\.\DISPLAY257". Resulting geometry: 1781x1600+1996-659 (frame: 1803x1656+1985-704) margins: 11, 45, 11, 11 minimum size: 1186x1082 MINMAXINFO maxSize=0,0 maxpos=0,0 mintrack=1208,1138 maxtrack=0,0)
[DL] realtime status -> NO_DATA
[0102] status=1 sent
[STATUS] init availability seeded from InputMissionPlan: [1, 2, 3, 4, 5, 6]
[0902] auto replan request sent (init plan mode)
[QUALITY] startup grace armed (missionPlanID=700000018, duration=10.0s)
[RealTimeInferrer] Loading/Reloading Mission Plan: C:\Users\LAHMUMT_2\Desktop\DSS_KU\Logs\Scenario_2026-03-26T132327\SBC3\MissionPlan\700000018.json
C:\Users\LAHMUMT_2\Desktop\DSS_KU\modules\monitoring\utils\preprocess.py:166: FutureWarning: You are using `torch.load` with `weights_only=False` (the current default value), which uses the default pickle module implicitly. It is possible to construct malicious pickle data which will execute arbitrary code during unpickling (See https://github.com/pytorch/pytorch/blob/main/SECURITY.md#untrusted-models for more details). In a future release, the default value for `weights_only` will be flipped to `True`. This limits the functions that could be executed during unpickling. Arbitrary objects will no longer be allowed to be loaded via this mode unless they are explicitly allowlisted by the user via `torch.serialization.add_safe_globals`. We recommend you start setting `weights_only=True` for any use case where you don't have full control of the loaded file. Please open an issue on GitHub for any issues related to this experimental feature.
  state = torch.load(vectorizer_path, map_location=device)
Updated Mission Context: torch.Size([384])
C:\Users\LAHMUMT_2\Desktop\DSS_KU\modules\monitoring\logic\risk_analysis.py:334: FutureWarning: You are using `torch.load` with `weights_only=False` (the current default value), which uses the default pickle module implicitly. It is possible to construct malicious pickle data which will execute arbitrary code during unpickling (See https://github.com/pytorch/pytorch/blob/main/SECURITY.md#untrusted-models for more details). In a future release, the default value for `weights_only` will be flipped to `True`. This limits the functions that could be executed during unpickling. Arbitrary objects will no longer be allowed to be loaded via this mode unless they are explicitly allowlisted by the user via `torch.serialization.add_safe_globals`. We recommend you start setting `weights_only=True` for any use case where you don't have full control of the loaded file. Please open an issue on GitHub for any issues related to this experimental feature.
  state = torch.load(vec_path, map_location=self.device)
[DL] realtime status -> WARMUP
[DL] realtime status -> RUNNING

[2026-03-26 16:20:49] process-log attached: monitoring
[PATH] DB root -> C:\Users\LAHMUMT_2\Desktop\DSS_KU\Logs\Scenario_2026-03-26T132327\SBC3
C:\Users\LAHMUMT_2\Desktop\DSS_KU\modules\monitoring\logic\risk_analysis.py:229: FutureWarning: You are using `torch.load` with `weights_only=False` (the current default value), which uses the default pickle module implicitly. It is possible to construct malicious pickle data which will execute arbitrary code during unpickling (See https://github.com/pytorch/pytorch/blob/main/SECURITY.md#untrusted-models for more details). In a future release, the default value for `weights_only` will be flipped to `True`. This limits the functions that could be executed during unpickling. Arbitrary objects will no longer be allowed to be loaded via this mode unless they are explicitly allowlisted by the user via `torch.serialization.add_safe_globals`. We recommend you start setting `weights_only=True` for any use case where you don't have full control of the loaded file. Please open an issue on GitHub for any issues related to this experimental feature.
  checkpoint = torch.load(self.model_path, map_location=self.device)
[DL] DNN inferrer initialized
[DL] realtime status -> NO_DATA
[0102] status=1 sent
[STATUS] init availability seeded from InputMissionPlan: [1, 2, 3, 4, 5, 6]
[0902] auto replan request sent (init plan mode)
[QUALITY] startup grace armed (missionPlanID=700000019, duration=10.0s)
[RealTimeInferrer] Loading/Reloading Mission Plan: C:\Users\LAHMUMT_2\Desktop\DSS_KU\Logs\Scenario_2026-03-26T132327\SBC3\MissionPlan\700000019.json
C:\Users\LAHMUMT_2\Desktop\DSS_KU\modules\monitoring\utils\preprocess.py:166: FutureWarning: You are using `torch.load` with `weights_only=False` (the current default value), which uses the default pickle module implicitly. It is possible to construct malicious pickle data which will execute arbitrary code during unpickling (See https://github.com/pytorch/pytorch/blob/main/SECURITY.md#untrusted-models for more details). In a future release, the default value for `weights_only` will be flipped to `True`. This limits the functions that could be executed during unpickling. Arbitrary objects will no longer be allowed to be loaded via this mode unless they are explicitly allowlisted by the user via `torch.serialization.add_safe_globals`. We recommend you start setting `weights_only=True` for any use case where you don't have full control of the loaded file. Please open an issue on GitHub for any issues related to this experimental feature.
  state = torch.load(vectorizer_path, map_location=device)
Updated Mission Context: torch.Size([384])
C:\Users\LAHMUMT_2\Desktop\DSS_KU\modules\monitoring\logic\risk_analysis.py:334: FutureWarning: You are using `torch.load` with `weights_only=False` (the current default value), which uses the default pickle module implicitly. It is possible to construct malicious pickle data which will execute arbitrary code during unpickling (See https://github.com/pytorch/pytorch/blob/main/SECURITY.md#untrusted-models for more details). In a future release, the default value for `weights_only` will be flipped to `True`. This limits the functions that could be executed during unpickling. Arbitrary objects will no longer be allowed to be loaded via this mode unless they are explicitly allowlisted by the user via `torch.serialization.add_safe_globals`. We recommend you start setting `weights_only=True` for any use case where you don't have full control of the loaded file. Please open an issue on GitHub for any issues related to this experimental feature.
  state = torch.load(vec_path, map_location=self.device)
[DL] realtime status -> WARMUP
[DL] realtime status -> RUNNING

[2026-03-26 16:27:23] process-log attached: monitoring
[PATH] DB root -> C:\Users\LAHMUMT_2\Desktop\DSS_KU\Logs\Scenario_2026-03-26T132327\SBC3
C:\Users\LAHMUMT_2\Desktop\DSS_KU\modules\monitoring\logic\risk_analysis.py:229: FutureWarning: You are using `torch.load` with `weights_only=False` (the current default value), which uses the default pickle module implicitly. It is possible to construct malicious pickle data which will execute arbitrary code during unpickling (See https://github.com/pytorch/pytorch/blob/main/SECURITY.md#untrusted-models for more details). In a future release, the default value for `weights_only` will be flipped to `True`. This limits the functions that could be executed during unpickling. Arbitrary objects will no longer be allowed to be loaded via this mode unless they are explicitly allowlisted by the user via `torch.serialization.add_safe_globals`. We recommend you start setting `weights_only=True` for any use case where you don't have full control of the loaded file. Please open an issue on GitHub for any issues related to this experimental feature.
  checkpoint = torch.load(self.model_path, map_location=self.device)
[DL] DNN inferrer initialized
[DL] realtime status -> NO_DATA
[0102] status=1 sent

[2026-03-26 16:30:18] process-log attached: monitoring
[PATH] DB root -> C:\Users\LAHMUMT_2\Desktop\DSS_KU\Logs\Scenario_2026-03-26T132327\SBC3
C:\Users\LAHMUMT_2\Desktop\DSS_KU\modules\monitoring\logic\risk_analysis.py:229: FutureWarning: You are using `torch.load` with `weights_only=False` (the current default value), which uses the default pickle module implicitly. It is possible to construct malicious pickle data which will execute arbitrary code during unpickling (See https://github.com/pytorch/pytorch/blob/main/SECURITY.md#untrusted-models for more details). In a future release, the default value for `weights_only` will be flipped to `True`. This limits the functions that could be executed during unpickling. Arbitrary objects will no longer be allowed to be loaded via this mode unless they are explicitly allowlisted by the user via `torch.serialization.add_safe_globals`. We recommend you start setting `weights_only=True` for any use case where you don't have full control of the loaded file. Please open an issue on GitHub for any issues related to this experimental feature.
  checkpoint = torch.load(self.model_path, map_location=self.device)
[DL] DNN inferrer initialized
[DL] realtime status -> NO_DATA
[0102] status=1 sent
