2026-01-04T18:29:39.549013Z [LOG] Mission planning log started: C:\Users\LAHMUMT_2\Desktop\KU_LAHMUMT\Logs\Scenario_2026-01-05T031857\SBC3\DSS_Internal\mission_planning_gui_20260104T182939_548014Z.log
2026-01-04T18:29:39.550014Z CTRL UDP 수신 대기 시작 (127.0.0.1:45981)
2026-01-04T18:29:39.551013Z [0101] 모드 수신 리스너 등록 완료
2026-01-04T18:29:39.935421Z [BUS] NodeMessenger 초기화 완료
2026-01-04T18:29:44.052330Z [MODE] 슬라이더 변경 → 대기모드
2026-01-04T18:29:44.053330Z [0101/POLL] 모드 동기화 code=1
2026-01-04T18:29:48.967919Z [AUTO] 0902 received (planIds=700000001)
2026-01-04T18:29:48.968919Z [AUTO] replan pipeline scheduled after 0.1s delay
2026-01-04T18:29:49.055005Z [MODE] 슬라이더 변경 → 초기 임무 계획
2026-01-04T18:29:49.058002Z [0101/POLL] 모드 동기화 code=2
2026-01-04T18:29:49.075652Z [0305] status=1, reason=초기임무재계획 전송
2026-01-04T18:29:49.078154Z [STEP 0] Replan pipeline start (reason=초기임무재계획)
2026-01-04T18:29:50.893022Z [INFO] Latest input snapshot → 0201:ID=-,ts=-,src=-, 0203:ID=-,ts=-,src=-
2026-01-04T18:29:57.804791Z [MODE] 슬라이더 변경 → 대기모드
2026-01-04T18:29:57.807791Z [0101/POLL] 모드 동기화 code=1
2026-01-04T18:30:00.162736Z [INFO] Latest 0203 ID updated → 1
2026-01-04T18:30:00.695100Z [INFO] Latest 0201 ID updated → 1
2026-01-04T18:30:02.027759Z [AUTO] 0902 received (planIds=700000002)
2026-01-04T18:30:02.027759Z [AUTO] replan pipeline scheduled after 0.1s delay
2026-01-04T18:30:02.055227Z [MODE] 슬라이더 변경 → 초기 임무 계획
2026-01-04T18:30:02.056232Z [0101/POLL] 모드 동기화 code=2
2026-01-04T18:30:02.141693Z [0305] status=1, reason=초기임무재계획 전송
2026-01-04T18:30:02.145254Z [INFO] Using latest 0201 ID 1 for inputMissionPackageID (fallback)
2026-01-04T18:30:02.146262Z [INFO] Using latest 0203 ID 1 for missionReferencePackageID (fallback)
2026-01-04T18:30:02.146262Z [STEP 0] Replan pipeline start (reason=초기임무재계획)
2026-01-04T18:30:02.148264Z [INFO] Latest input snapshot → 0201:ID=1,ts=816922549226,src=-, 0203:ID=1,ts=820866600158,src=-
2026-01-04T18:30:02.148264Z [STEP 0] Using latest 0201 ID 1 (1.json)
2026-01-04T18:30:02.149263Z [STEP 0] Using latest 0203 ID 1 (1.json)
2026-01-04T18:30:02.149263Z [STEP 1.1] Divide & Pattern start
2026-01-04T18:30:02.149263Z [variant 1] [1] CMPK 로드
2026-01-04T18:30:02.156262Z [variant 1]     ▸ VehicleStatus 적용: 사용 가능한 기체 [1, 2, 3, 4, 5, 6]
2026-01-04T18:30:02.156262Z [variant 1]     MRPK 로드
2026-01-04T18:30:02.157265Z [variant 1]     ▸ 로드 완료  (소요 0.01s)
2026-01-04T18:30:02.157265Z [variant 1] [2] LAH 임무 저장 시작
2026-01-04T18:30:02.457664Z [variant 1] [LAH1] LAH 임무파일 저장 → C:\Users\LAHMUMT_2\Desktop\KU_LAHMUMT\Logs\Scenario_2026-01-05T032943\SBC3\mission_output\variant_01\IndividualMissionPlan_LAH001.json
2026-01-04T18:30:02.458663Z [variant 1] [LAH2] LAH 임무파일 저장 → C:\Users\LAHMUMT_2\Desktop\KU_LAHMUMT\Logs\Scenario_2026-01-05T032943\SBC3\mission_output\variant_01\IndividualMissionPlan_LAH002.json
2026-01-04T18:30:02.459665Z [variant 1] [LAH3] LAH 임무파일 저장 → C:\Users\LAHMUMT_2\Desktop\KU_LAHMUMT\Logs\Scenario_2026-01-05T032943\SBC3\mission_output\variant_01\IndividualMissionPlan_LAH003.json
2026-01-04T18:30:02.460663Z [variant 1] [TIME] LAH save: 0.30s
2026-01-04T18:30:02.460663Z [variant 1]     ▸ LAH 3개 파일 저장
2026-01-04T18:30:02.460663Z [variant 1] [3] InputMission 분할
2026-01-04T18:30:02.461663Z [variant 1] [3] InputMission 분할
2026-01-04T18:30:02.461663Z [variant 1]     ▸ (1/11) inputMissionID=1 type=1
2026-01-04T18:30:02.462662Z [variant 1]        └─ sub-area 3개 추가 (누적 3)
2026-01-04T18:30:02.462662Z [variant 1]     ▸ (2/11) inputMissionID=2 type=1
2026-01-04T18:30:02.463662Z [variant 1]        └─ sub-area 3개 추가 (누적 6)
2026-01-04T18:30:02.463662Z [variant 1]     ▸ (3/11) inputMissionID=3 type=2
2026-01-04T18:30:02.463662Z [variant 1]        └─ sub-area 3개 추가 (누적 9)
2026-01-04T18:30:02.464662Z [variant 1]     ▸ (4/11) inputMissionID=4 type=1
2026-01-04T18:30:02.464662Z [variant 1]        └─ sub-area 3개 추가 (누적 12)
2026-01-04T18:30:02.465662Z [variant 1]     ▸ (5/11) inputMissionID=5 type=2
2026-01-04T18:30:02.465662Z [variant 1]        └─ sub-area 3개 추가 (누적 15)
2026-01-04T18:30:02.466662Z [variant 1]     ▸ (6/11) inputMissionID=6 type=1
2026-01-04T18:30:02.466662Z [variant 1]        └─ sub-area 3개 추가 (누적 18)
2026-01-04T18:30:02.466662Z [variant 1]     ▸ (7/11) inputMissionID=7 type=2
2026-01-04T18:30:02.467662Z [variant 1]        └─ sub-area 3개 추가 (누적 21)
2026-01-04T18:30:02.467662Z [variant 1]     ▸ (8/11) inputMissionID=8 type=1
2026-01-04T18:30:02.469663Z [variant 1]        └─ sub-area 3개 추가 (누적 24)
2026-01-04T18:30:02.469663Z [variant 1]     ▸ (9/11) inputMissionID=9 type=2
2026-01-04T18:30:02.469663Z [variant 1]        └─ sub-area 3개 추가 (누적 27)
2026-01-04T18:30:02.470665Z [variant 1]     ▸ (10/11) inputMissionID=10 type=1
2026-01-04T18:30:02.470665Z [variant 1]        └─ sub-area 3개 추가 (누적 30)
2026-01-04T18:30:02.470665Z [variant 1]     ▸ (11/11) inputMissionID=11 type=1
2026-01-04T18:30:02.470665Z [variant 1]        └─ sub-area 3개 추가 (누적 33)
2026-01-04T18:30:02.471665Z [variant 1]     ▸ 분할 완료: 33개 sub-area
2026-01-04T18:30:02.471665Z [variant 1] [TIME] InputMission split: 0.01s
2026-01-04T18:30:02.471665Z [variant 1] [4] RL 예상시간 계산
2026-01-04T18:30:02.471665Z [variant 1]        RL 진행    1/33  (소요  0.0s)
2026-01-04T18:30:02.471665Z [variant 1]        RL 진행    2/33  (소요  0.0s)
2026-01-04T18:30:02.472665Z [variant 1]        RL 진행    4/33  (소요  0.0s)
2026-01-04T18:30:02.472665Z [variant 1]        RL 진행    6/33  (소요  0.0s)
2026-01-04T18:30:02.472665Z [variant 1]        RL 진행    8/33  (소요  0.0s)
2026-01-04T18:30:02.472665Z [variant 1]        RL 진행   10/33  (소요  0.0s)
2026-01-04T18:30:02.472665Z [variant 1]        RL 진행   12/33  (소요  0.0s)
2026-01-04T18:30:02.473666Z [variant 1]        RL 진행   14/33  (소요  0.0s)
2026-01-04T18:30:02.473666Z [variant 1]        RL 진행   16/33  (소요  0.0s)
2026-01-04T18:30:02.473666Z [variant 1]        RL 진행   18/33  (소요  0.0s)
2026-01-04T18:30:02.473666Z [variant 1]        RL 진행   20/33  (소요  0.0s)
2026-01-04T18:30:02.474665Z [variant 1]        RL 진행   22/33  (소요  0.0s)
2026-01-04T18:30:02.474665Z [variant 1]        RL 진행   24/33  (소요  0.0s)
2026-01-04T18:30:02.474665Z [variant 1]        RL 진행   26/33  (소요  0.0s)
2026-01-04T18:30:02.474665Z [variant 1]        RL 진행   28/33  (소요  0.0s)
2026-01-04T18:30:02.474665Z [variant 1]        RL 진행   30/33  (소요  0.0s)
2026-01-04T18:30:02.475665Z [variant 1]        RL 진행   32/33  (소요  0.0s)
2026-01-04T18:30:02.475665Z [variant 1]        RL 진행   33/33  (소요  0.0s)
2026-01-04T18:30:02.476665Z [variant 1]        ┌─ RL 세부 소요(ms) ─────────────
2026-01-04T18:30:02.477665Z [variant 1]        │ predict :    0.0  / p95    0.0
2026-01-04T18:30:02.477665Z [variant 1]        │ env.step:    0.0  / p95    0.0
2026-01-04T18:30:02.478664Z [variant 1]        │ distance:    0.0  / p95    0.0
2026-01-04T18:30:02.478664Z [variant 1]        └───────────────────────────────
2026-01-04T18:30:02.478664Z [variant 1] [TIME] RL total: 0.00s
2026-01-04T18:30:02.478664Z [variant 1] [5] PuLP 균등 스케줄링
2026-01-04T18:30:02.478664Z [variant 1] [PuLP] 입력 IMP 로드 → _flat.json
2026-01-04T18:30:02.479666Z [variant 1] [PuLP] 임무 33개 → 11개 그룹 (그룹당 ≤3개)
2026-01-04T18:30:02.641598Z [variant 1] [PuLP] Status = Optimal
2026-01-04T18:30:02.642600Z [variant 1] [PuLP] 최적 편차 = 24664.00 s
2026-01-04T18:30:02.642600Z [variant 1] [PuLP] 저장 완료 → C:\Users\LAHMUMT_2\Desktop\KU_LAHMUMT\Logs\Scenario_2026-01-05T032943\SBC3\mission_output\variant_01\_flat_sched.json
2026-01-04T18:30:02.643600Z [variant 1] [TIME] PuLP scheduling: 0.17s
2026-01-04T18:30:02.647602Z [variant 1] [6] UAV IMP 생성‧저장
2026-01-04T18:30:03.081041Z [variant 1]     ▸ IMP 저장: C:\Users\LAHMUMT_2\Desktop\KU_LAHMUMT\Logs\Scenario_2026-01-05T032943\SBC3\mission_output\variant_01\IndividualMissionPlan_UAV004.json
2026-01-04T18:30:03.082040Z [variant 1]     ▸ IMP 저장: C:\Users\LAHMUMT_2\Desktop\KU_LAHMUMT\Logs\Scenario_2026-01-05T032943\SBC3\mission_output\variant_01\IndividualMissionPlan_UAV005.json
2026-01-04T18:30:03.083041Z [variant 1]     ▸ IMP 저장: C:\Users\LAHMUMT_2\Desktop\KU_LAHMUMT\Logs\Scenario_2026-01-05T032943\SBC3\mission_output\variant_01\IndividualMissionPlan_UAV006.json
2026-01-04T18:30:03.083041Z [variant 1] [✔] divide_and_pattern 끝 (총 0.9s 경과)
2026-01-04T18:30:03.084040Z [variant 1] [TIME] UAV IMP build: 0.44s, files=3
2026-01-04T18:30:03.084040Z [TIME] divide_and_pattern (variant=1): 935.9 ms
2026-01-04T18:30:03.084040Z [OK] IMP generated: 6 file(s) (variant=1)
2026-01-04T18:30:03.113554Z [TIME] build_0301+load (variant=1): 30.0 ms
2026-01-04T18:30:03.113554Z [OK] MissionPlan built: MissionPlan_1767551403083.json (variant=1)
2026-01-04T18:30:03.114554Z [TIME] collect_missions (variant=1): 1.0 ms, count=66
2026-01-04T18:30:03.387524Z [TIME] pathID_mapping (variant=1): 272.9 ms
2026-01-04T18:30:03.387524Z [INFO] pathID mapping done for 0302/0303/0304 (variant=1)
2026-01-04T18:30:03.388525Z [INFO] FlightPath build mode: parallel (variant=1)
2026-01-04T18:30:04.032491Z [INFO] FlightPath build time (parallel): 0303=644.2 ms, 0304=399.9 ms, wall=645.2 ms
2026-01-04T18:30:04.033491Z [OK] FlightPath counts (variant=1): 0303=33 / 0304=33
2026-01-04T18:30:04.318690Z [TIME] build_0302 (variant=1): 285.9 ms, packages=6
2026-01-04T18:30:04.323364Z [TIME] write_0302 (variant=1): 4.3 ms, files=6
2026-01-04T18:30:04.348241Z [TIME] write_FlightPath (variant=1): 24.7 ms, files=66
2026-01-04T18:30:04.348241Z [TIME] write_0301 (variant=1): 0.3 ms
2026-01-04T18:30:04.348241Z [OK] Stored variant 1: MissionPlanID=700000002, IMP=6, FlightPath=66
2026-01-04T18:30:04.348241Z [TIME] variant_total (variant=1): 2200.5 ms
2026-01-04T18:30:04.349241Z [INFO] Option mapping #1: planID=700000002, optionCode=1(시스템추천)
2026-01-04T18:30:04.349241Z [OK] Stored mission data: MissionPlan=1, IndividualMission=6, FlightPath=66
2026-01-04T18:30:04.350241Z [STEP 4] 0301 push queued (planIds=700000002)
2026-01-04T18:30:04.357240Z [0301] missionPlanID=700000002 전송
2026-01-04T18:30:04.358244Z [PUSH] 0301 button click()
2026-01-04T18:30:04.957996Z [0305] status=2, reason=초기임무재계획 전송
2026-01-04T18:30:05.257598Z [0903] request sent (missionPlanID=700000002)
2026-01-04T18:30:50.585514Z [MODE] 슬라이더 변경 → 대기모드
2026-01-04T18:30:50.586513Z [0101/POLL] 모드 동기화 code=1
