2025-12-04T15:13:38.982561Z [LOG] Mission planning log started: C:\Users\LAHMUMT_2\Desktop\KU_LAHMUMT\Logs\Scenario_2025-12-03T225443\SBC3\DSS_Internal\mission_planning_gui_20251204T151338_981558Z.log
2025-12-04T15:13:38.983561Z CTRL UDP 수신 대기 시작 (127.0.0.1:45981)
2025-12-04T15:13:38.984561Z [0101] 모드 수신 리스너 등록 완료
2025-12-04T15:13:39.152821Z [CTRL] MODE change request: 초기화 모드
2025-12-04T15:13:39.413029Z [BUS] NodeMessenger 초기화 완료
2025-12-04T15:14:55.751939Z [MODE] 슬라이더 변경 → 대기모드
2025-12-04T15:14:55.753938Z [0101/POLL] 모드 동기화 code=1
2025-12-04T15:15:03.623840Z [INFO] Latest 0203 ID updated → 1
2025-12-04T15:15:04.137585Z [INFO] Latest 0201 ID updated → 1
2025-12-04T15:15:05.410312Z [AUTO] 0902 received (planIds=700000001)
2025-12-04T15:15:05.410312Z [AUTO] replan pipeline scheduled after 0.1s delay
2025-12-04T15:15:05.512965Z [MODE] 슬라이더 변경 → 초기 임무 계획
2025-12-04T15:15:05.513968Z [0101/POLL] 모드 동기화 code=2
2025-12-04T15:15:05.525471Z [0305] status=1, reason=초기임무재계획 전송
2025-12-04T15:15:05.527471Z [INFO] Using latest 0201 ID 1 for inputMissionPackageID (fallback)
2025-12-04T15:15:05.527471Z [INFO] Using latest 0203 ID 1 for missionReferencePackageID (fallback)
2025-12-04T15:15:05.528471Z [STEP 0] Replan pipeline start (reason=초기임무재계획)
2025-12-04T15:15:07.998152Z [INFO] Latest input snapshot → 0201:ID=1,ts=816922549226,src=-, 0203:ID=1,ts=818176503621,src=-
2025-12-04T15:15:07.999152Z [STEP 0] Using latest 0201 ID 1 (1.json)
2025-12-04T15:15:07.999152Z [STEP 0] Using latest 0203 ID 1 (1.json)
2025-12-04T15:15:07.999152Z [STEP 1.1] Divide & Pattern start
2025-12-04T15:15:08.000152Z [variant 1] [1] CMPK 로드
2025-12-04T15:15:08.007658Z [variant 1]     ▸ VehicleStatus 적용: 사용 가능한 기체 [1, 2, 3, 4, 5, 6]
2025-12-04T15:15:08.007658Z [variant 1]     MRPK 로드
2025-12-04T15:15:08.017166Z [variant 1]     ▸ 로드 완료  (소요 0.02s)
2025-12-04T15:15:08.017494Z [variant 1] [2] LAH 임무 저장 시작
2025-12-04T15:15:08.367494Z [variant 1] [LAH1] LAH 임무파일 저장 → C:\Users\LAHMUMT_2\Desktop\KU_LAHMUMT\Logs\Scenario_2025-12-05T001455\SBC3\mission_output\variant_01\IndividualMissionPlan_LAH001.json
2025-12-04T15:15:08.367494Z [variant 1] [LAH2] LAH 임무파일 저장 → C:\Users\LAHMUMT_2\Desktop\KU_LAHMUMT\Logs\Scenario_2025-12-05T001455\SBC3\mission_output\variant_01\IndividualMissionPlan_LAH002.json
2025-12-04T15:15:08.368494Z [variant 1] [LAH3] LAH 임무파일 저장 → C:\Users\LAHMUMT_2\Desktop\KU_LAHMUMT\Logs\Scenario_2025-12-05T001455\SBC3\mission_output\variant_01\IndividualMissionPlan_LAH003.json
2025-12-04T15:15:08.369494Z [variant 1]     ▸ LAH 3개 파일 저장
2025-12-04T15:15:08.369494Z [variant 1] [3] InputMission 분할
2025-12-04T15:15:08.369494Z [variant 1] [3] InputMission 분할
2025-12-04T15:15:08.370600Z [variant 1]     ▸ (1/11) inputMissionID=1 type=1
2025-12-04T15:15:08.371601Z [variant 1]        └─ sub-area 3개 추가 (누적 3)
2025-12-04T15:15:08.371601Z [variant 1]     ▸ (2/11) inputMissionID=2 type=1
2025-12-04T15:15:08.371601Z [variant 1]        └─ sub-area 3개 추가 (누적 6)
2025-12-04T15:15:08.372601Z [variant 1]     ▸ (3/11) inputMissionID=3 type=2
2025-12-04T15:15:08.372601Z [variant 1]        └─ sub-area 3개 추가 (누적 9)
2025-12-04T15:15:08.372601Z [variant 1]     ▸ (4/11) inputMissionID=4 type=1
2025-12-04T15:15:08.373604Z [variant 1]        └─ sub-area 3개 추가 (누적 12)
2025-12-04T15:15:08.373604Z [variant 1]     ▸ (5/11) inputMissionID=5 type=2
2025-12-04T15:15:08.374604Z [variant 1]        └─ sub-area 3개 추가 (누적 15)
2025-12-04T15:15:08.374604Z [variant 1]     ▸ (6/11) inputMissionID=6 type=1
2025-12-04T15:15:08.375604Z [variant 1]        └─ sub-area 3개 추가 (누적 18)
2025-12-04T15:15:08.375604Z [variant 1]     ▸ (7/11) inputMissionID=7 type=2
2025-12-04T15:15:08.376604Z [variant 1]        └─ sub-area 3개 추가 (누적 21)
2025-12-04T15:15:08.376604Z [variant 1]     ▸ (8/11) inputMissionID=8 type=1
2025-12-04T15:15:08.378604Z [variant 1]        └─ sub-area 3개 추가 (누적 24)
2025-12-04T15:15:08.378604Z [variant 1]     ▸ (9/11) inputMissionID=9 type=2
2025-12-04T15:15:08.379604Z [variant 1]        └─ sub-area 3개 추가 (누적 27)
2025-12-04T15:15:08.379604Z [variant 1]     ▸ (10/11) inputMissionID=10 type=1
2025-12-04T15:15:08.379604Z [variant 1]        └─ sub-area 3개 추가 (누적 30)
2025-12-04T15:15:08.379604Z [variant 1]     ▸ (11/11) inputMissionID=11 type=1
2025-12-04T15:15:08.380604Z [variant 1]        └─ sub-area 3개 추가 (누적 33)
2025-12-04T15:15:08.380604Z [variant 1]     ▸ 분할 완료: 33개 sub-area
2025-12-04T15:15:08.380604Z [variant 1] [4] RL 예상시간 계산
2025-12-04T15:15:08.380604Z [variant 1]        RL 진행    1/33  (소요  0.0s)
2025-12-04T15:15:08.381603Z [variant 1]        RL 진행    2/33  (소요  0.0s)
2025-12-04T15:15:08.381603Z [variant 1]        RL 진행    4/33  (소요  0.0s)
2025-12-04T15:15:08.381603Z [variant 1]        RL 진행    6/33  (소요  0.0s)
2025-12-04T15:15:08.381603Z [variant 1]        RL 진행    8/33  (소요  0.0s)
2025-12-04T15:15:08.381603Z [variant 1]        RL 진행   10/33  (소요  0.0s)
2025-12-04T15:15:08.382603Z [variant 1]        RL 진행   12/33  (소요  0.0s)
2025-12-04T15:15:08.382603Z [variant 1]        RL 진행   14/33  (소요  0.0s)
2025-12-04T15:15:08.382603Z [variant 1]        RL 진행   16/33  (소요  0.0s)
2025-12-04T15:15:08.382603Z [variant 1]        RL 진행   18/33  (소요  0.0s)
2025-12-04T15:15:08.382603Z [variant 1]        RL 진행   20/33  (소요  0.0s)
2025-12-04T15:15:08.383603Z [variant 1]        RL 진행   22/33  (소요  0.0s)
2025-12-04T15:15:08.383603Z [variant 1]        RL 진행   24/33  (소요  0.0s)
2025-12-04T15:15:08.383603Z [variant 1]        RL 진행   26/33  (소요  0.0s)
2025-12-04T15:15:08.383603Z [variant 1]        RL 진행   28/33  (소요  0.0s)
2025-12-04T15:15:08.385603Z [variant 1]        RL 진행   30/33  (소요  0.0s)
2025-12-04T15:15:08.385603Z [variant 1]        RL 진행   32/33  (소요  0.0s)
2025-12-04T15:15:08.386604Z [variant 1]        RL 진행   33/33  (소요  0.0s)
2025-12-04T15:15:08.386604Z [variant 1]        ┌─ RL 세부 소요(ms) ─────────────
2025-12-04T15:15:08.386604Z [variant 1]        │ predict :    0.0  / p95    0.0
2025-12-04T15:15:08.386604Z [variant 1]        │ env.step:    0.0  / p95    0.0
2025-12-04T15:15:08.387604Z [variant 1]        │ distance:    0.0  / p95    0.0
2025-12-04T15:15:08.387604Z [variant 1]        └───────────────────────────────
2025-12-04T15:15:08.388108Z [variant 1] [5] PuLP 균등 스케줄링
2025-12-04T15:15:08.388108Z [variant 1] [PuLP] 입력 IMP 로드 → _flat.json
2025-12-04T15:15:08.388108Z [variant 1] [PuLP] 임무 33개 → 11개 그룹 (그룹당 ≤3개)
2025-12-04T15:15:08.618588Z [variant 1] [PuLP] Status = Optimal
2025-12-04T15:15:08.619588Z [variant 1] [PuLP] 최적 편차 = 24664.00 s
2025-12-04T15:15:08.619588Z [variant 1] [PuLP] 저장 완료 → C:\Users\LAHMUMT_2\Desktop\KU_LAHMUMT\Logs\Scenario_2025-12-05T001455\SBC3\mission_output\variant_01\_flat_sched.json
2025-12-04T15:15:08.629676Z [variant 1] [6] UAV IMP 생성‧저장
2025-12-04T15:15:09.085542Z [variant 1]     ▸ IMP 저장: C:\Users\LAHMUMT_2\Desktop\KU_LAHMUMT\Logs\Scenario_2025-12-05T001455\SBC3\mission_output\variant_01\IndividualMissionPlan_UAV004.json
2025-12-04T15:15:09.086542Z [variant 1]     ▸ IMP 저장: C:\Users\LAHMUMT_2\Desktop\KU_LAHMUMT\Logs\Scenario_2025-12-05T001455\SBC3\mission_output\variant_01\IndividualMissionPlan_UAV005.json
2025-12-04T15:15:09.086542Z [variant 1]     ▸ IMP 저장: C:\Users\LAHMUMT_2\Desktop\KU_LAHMUMT\Logs\Scenario_2025-12-05T001455\SBC3\mission_output\variant_01\IndividualMissionPlan_UAV006.json
2025-12-04T15:15:09.087542Z [variant 1] [✔] divide_and_pattern 끝 (총 1762930618.5s 경과)
2025-12-04T15:15:09.087542Z [OK] IMP generated: 6 file(s) (variant=1)
2025-12-04T15:15:09.118598Z [OK] MissionPlan built: MissionPlan_1764861309087.json (variant=1)
2025-12-04T15:15:09.421916Z [INFO] pathID mapping done for 0302/0303/0304 (variant=1)
2025-12-04T15:15:10.170767Z [OK] FlightPath counts (variant=1): 0303=33 / 0304=33
2025-12-04T15:15:10.525996Z [OK] Stored variant 1: MissionPlanID=700000001, IMP=6, FlightPath=66
2025-12-04T15:15:10.526996Z [INFO] Option mapping #1: planID=700000001, optionCode=1(시스템추천)
2025-12-04T15:15:10.527995Z [OK] Stored mission data: MissionPlan=1, IndividualMission=6, FlightPath=66
2025-12-04T15:15:10.527995Z [STEP 4] 0301 push queued (planIds=700000001)
2025-12-04T15:15:10.535108Z [0301] missionPlanID=700000001 전송
2025-12-04T15:15:10.537108Z [PUSH] 0301 button click()
2025-12-04T15:15:11.132757Z [0305] status=2, reason=초기임무재계획 전송
2025-12-04T15:15:11.433628Z [0903] request sent (missionPlanID=700000001)
2025-12-04T15:15:38.513827Z [MODE] 슬라이더 변경 → 임무 수행
2025-12-04T15:15:38.514831Z [0101/POLL] 모드 동기화 code=3
