[MON][2025-11-20 18:55:15] PlanLoad
  - MissionPlan 700000001 활성화 (inputPkg=1, activeInput=1)
  - InputMissionIDs=[1, 2, 3, 4, 5, 6, 7, 8, 9, 10, 11]
  - 적용상태: appliedPlanID=700000001, previousPlanID=None
  - UAV1: missions=11 pkg=800000001
  - UAV2: missions=11 pkg=800000002
  - UAV3: missions=11 pkg=800000003
  - UAV4: missions=11 pkg=800000004
  - UAV5: missions=11 pkg=800000005
  - UAV6: missions=11 pkg=800000006
[MON][2025-11-20 18:55:46] PlanLoad
  - MissionPlan 700000005 활성화 (inputPkg=1, activeInput=1)
  - InputMissionIDs=[1, 2, 3, 4, 5, 6, 7, 8, 9, 10, 11]
  - 적용상태: appliedPlanID=700000005, previousPlanID=700000001
  - UAV1: missions=11 pkg=800000025
  - UAV2: missions=11 pkg=800000026
  - UAV3: missions=11 pkg=800000027
  - UAV4: missions=11 pkg=800000028
  - UAV5: missions=11 pkg=800000029
  - UAV6: missions=11 pkg=800000030
[MON][2025-11-20 18:55:46] PlanLoad
  - MissionPlan 700000005 활성화 (inputPkg=1, activeInput=1)
  - InputMissionIDs=[1, 2, 3, 4, 5, 6, 7, 8, 9, 10, 11]
  - 적용상태: appliedPlanID=700000005, previousPlanID=700000005, detail=동일 ID 재적용 요청으로 갱신했습니다.
  - UAV1: missions=11 pkg=800000025
  - UAV2: missions=11 pkg=800000026
  - UAV3: missions=11 pkg=800000027
  - UAV4: missions=11 pkg=800000028
  - UAV5: missions=11 pkg=800000029
  - UAV6: missions=11 pkg=800000030
[MON][2025-11-20 18:56:12] PlanLoad
  - MissionPlan 700000006 활성화 (inputPkg=1, activeInput=1)
  - InputMissionIDs=[1, 2, 3, 4, 5, 6, 7, 8, 9, 10, 11]
  - 적용상태: appliedPlanID=700000006, previousPlanID=700000005
  - UAV1: missions=11 pkg=800000031
  - UAV2: missions=11 pkg=800000032
  - UAV3: missions=11 pkg=800000033
  - UAV5: missions=11 pkg=800000034
  - UAV6: missions=11 pkg=800000035
[MON][2025-11-20 18:56:12] PlanLoad
  - MissionPlan 700000006 활성화 (inputPkg=1, activeInput=1)
  - InputMissionIDs=[1, 2, 3, 4, 5, 6, 7, 8, 9, 10, 11]
  - 적용상태: appliedPlanID=700000006, previousPlanID=700000006, detail=동일 ID 재적용 요청으로 갱신했습니다.
  - UAV1: missions=11 pkg=800000031
  - UAV2: missions=11 pkg=800000032
  - UAV3: missions=11 pkg=800000033
  - UAV5: missions=11 pkg=800000034
  - UAV6: missions=11 pkg=800000035
[MON][2025-11-20 18:56:12] PlanLoad
  - MissionPlan 700000007 활성화 (inputPkg=1, activeInput=1)
  - InputMissionIDs=[1, 2, 3, 4, 5, 6, 7, 8, 9, 10, 11]
  - 적용상태: appliedPlanID=700000007, previousPlanID=700000006
  - UAV1: missions=11 pkg=800000036
  - UAV2: missions=11 pkg=800000037
  - UAV3: missions=11 pkg=800000038
  - UAV5: missions=11 pkg=800000039
  - UAV6: missions=11 pkg=800000040
[MON][2025-11-20 18:56:12] PlanLoad
  - MissionPlan 700000008 활성화 (inputPkg=1, activeInput=1)
  - InputMissionIDs=[1, 2, 3, 4, 5, 6, 7, 8, 9, 10, 11]
  - 적용상태: appliedPlanID=700000008, previousPlanID=700000008, detail=동일 ID 재적용 요청으로 갱신했습니다.
  - UAV1: missions=11 pkg=800000041
  - UAV2: missions=11 pkg=800000042
  - UAV3: missions=11 pkg=800000043
  - UAV5: missions=11 pkg=800000044
  - UAV6: missions=11 pkg=800000045
[MON][2025-11-20 18:56:12] PlanLoad
  - MissionPlan 700000008 활성화 (inputPkg=1, activeInput=1)
  - InputMissionIDs=[1, 2, 3, 4, 5, 6, 7, 8, 9, 10, 11]
  - 적용상태: appliedPlanID=700000008, previousPlanID=700000007
  - UAV1: missions=11 pkg=800000041
  - UAV2: missions=11 pkg=800000042
  - UAV3: missions=11 pkg=800000043
  - UAV5: missions=11 pkg=800000044
  - UAV6: missions=11 pkg=800000045
