2026-05-21T03:56:49.407179Z [PATH] DB root changed: C:\Users\LAHMUMT_2\Desktop\DSS_KU\Logs\Scenario_2026-05-21T112102\SBC3 -> C:\Users\LAHMUMT_2\Desktop\DSS_KU\Logs\Scenario_2026-05-21T125649\SBC3
2026-05-21T03:56:49.407179Z [LOG] Mission planning log rebound: C:\Users\LAHMUMT_2\Desktop\DSS_KU\Logs\Scenario_2026-05-21T125649\SBC3\DSS_Internal\mission_planning_gui_20260521T035649_407179Z.log
2026-05-21T03:56:49.413683Z [PATH] DB root -> C:\Users\LAHMUMT_2\Desktop\DSS_KU\Logs\Scenario_2026-05-21T125649\SBC3
2026-05-21T03:56:49.448717Z [MODE] 슬라이더 변경 → 대기모드
2026-05-21T03:56:49.449717Z [0101/POLL] 모드 동기화 code=1
2026-05-21T03:56:52.188984Z [MODE] 슬라이더 변경 → 초기 임무 계획
2026-05-21T03:56:52.189986Z [0101/POLL] 모드 동기화 code=2
2026-05-21T03:56:52.272519Z [REPLAN][TIME] 0902_received_ms=0.0 wall_ms=1779335812272 trigger=general_or_unknown replanLevel=1 optionCount=1 forceDirect=0
2026-05-21T03:56:52.273520Z [REPLAN][TIME] 0902_archived_ms=0.6 wall_ms=1779335812273 path=replan_request_832651012249.json
2026-05-21T03:56:52.273520Z [AUTO] 0902 received (planIds=700000001)
2026-05-21T03:56:52.273520Z [REPLAN][TIME] pipeline_scheduled_ms=1.2 wall_ms=1779335812273 delay_ms=100
2026-05-21T03:56:52.274522Z [AUTO] replan pipeline scheduled after 0.1s delay
2026-05-21T03:56:52.374836Z [REPLAN][TIME] scheduled_start_ms=102.4 wall_ms=1779335812374
2026-05-21T03:56:52.389343Z [REPLAN][TIME] 0305_status_1_ms=117.2 wall_ms=1779335812389 reason=초기임무재계획
2026-05-21T03:56:52.392343Z [0305] status=1, reason=초기임무재계획 전송
2026-05-21T03:56:52.394001Z [STEP 0] Replan pipeline start (reason=초기임무재계획)
2026-05-21T03:56:52.395001Z [INFO] UAV params loaded (cruise=40.00, turn_step=15.0)
2026-05-21T03:56:52.396000Z [INFO] Latest input snapshot → 0201:ID=-,ts=-,src=-, 0203:ID=-,ts=-,src=-
2026-05-21T03:56:52.396000Z [INFO] Fallback 0201 file selected: 1.json
2026-05-21T03:56:52.397000Z [INFO] Fallback 0203 file selected: 1.json
2026-05-21T03:56:52.398001Z [CHECK] 0201/0203 필수 데이터 확인 시작
2026-05-21T03:56:52.398001Z [OK] 0201 inputMissionList 확인됨 (count=3) → 진행
2026-05-21T03:56:52.398001Z [OK] 0201 availableAircraftList 확인됨 (count=6) → 진행
2026-05-21T03:56:52.399004Z [OK] 0201 inputMissionPackageType=1 확인
2026-05-21T03:56:52.399004Z [OK] 0201 mainSensor=1 확인
2026-05-21T03:56:52.399004Z [CHECK] 0201 기체 수=6 (UAV=3, LAH=3)
2026-05-21T03:56:52.400004Z [CHECK] 0201 임무: total=3 missingID=0 missingDetail=0 missingShape=0 unknownType=0 typeZeroAuto=0 typeZeroInvalid=0 lineOnlyViolation=0 skippedSinglePoint=0
2026-05-21T03:56:52.400004Z [OK] 0203 takeOverInfoList 확인됨 (count=3) → 진행
2026-05-21T03:56:52.400004Z [OK] 0203 handOverInfoList 확인됨 (count=3) → 진행
2026-05-21T03:56:52.401004Z [OK] 0203 flightAreaList 확인됨 (count=1) → 진행
2026-05-21T03:56:52.401004Z [CHECK] 0203 flightAreaList count=1
2026-05-21T03:56:52.402004Z [INFO] Filtered completed input missions (removed=1, converted=-, widthAdjusted=-, skippedSinglePoint=-, snapshot=-, collapse=-)
2026-05-21T03:56:52.402004Z [variant 1] 일반 재계획 모드 적용
2026-05-21T03:56:52.403004Z [REPLAN][TIME] variant_started_ms=129.7 wall_ms=1779335812402 variant=1 option=1 mode=sequential
2026-05-21T03:56:52.403004Z [STEP 1.1] Divide & Pattern start
2026-05-21T03:56:52.409003Z [variant 1] [ENHANCED][1] split start: uavs=[4, 5, 6]
2026-05-21T03:56:52.412003Z [variant 1] [ENHANCED][1] split done: pieces=6
2026-05-21T03:56:52.416510Z [variant 1] [ENHANCED][2] type-decider done: profile=6 changed=6/6
2026-05-21T03:56:52.422512Z [variant 1] [ENHANCED][3] expected-path done: count=6
2026-05-21T03:56:52.428752Z [variant 1] [ENHANCED][4] area-review done: overflow=3 targets=3 pieces=6->12
2026-05-21T03:56:52.435754Z [variant 1] [ENHANCED][5] expected-velocity done: pieces=12 dbRows=921
2026-05-21T03:56:52.463754Z [variant 1] [ENHANCED][6] 0302 export done: files=6
2026-05-21T03:56:52.463754Z [variant 1] [ENHANCED] total=60.8 ms
2026-05-21T03:56:52.463754Z [TIME] divide_and_pattern (variant=1): 60.9 ms
2026-05-21T03:56:52.464753Z [OK] IMP generated: 6 file(s) (variant=1)
2026-05-21T03:56:52.472752Z [TIME] build_0301+load (variant=1): 9.3 ms
2026-05-21T03:56:52.473753Z [OK] MissionPlan built: MissionPlan_1779335812462.json (variant=1)
2026-05-21T03:56:52.474752Z [TIME] collect_missions (variant=1): 2.6 ms, count=15
2026-05-21T03:56:52.528429Z [TIME] pathID_mapping (variant=1): 52.8 ms
2026-05-21T03:56:52.528429Z [INFO] pathID mapping done for 0302/0303/0304 (variant=1)
2026-05-21T03:56:54.305812Z [INFO] FlightPath build mode (variant=1): 0303=aircraft_parallel workers=2 aircraft=3, 0304=sequential
2026-05-21T03:56:54.305812Z [REPLAN][METRIC] flightpath_build_0303 variant=1 option=1 recon=0 mode=sequential buildMode=aircraft_parallel workers=2 aircraft=3 paths=9 reassignedWaypoints=24 elapsed_ms=1770.480 fallback=- worker_ms=4:1352.955|5:1087.300|6:529.459
2026-05-21T03:56:54.305812Z [INFO] FlightPath build time: 0303=1770.5 ms, 0304=13.7 ms
2026-05-21T03:56:54.305812Z [INFO] Applied LAH-UAV ETA follow speed plan (variant=1)
2026-05-21T03:56:54.305812Z [OK] FlightPath counts (variant=1): 0303=9 / 0304=6
2026-05-21T03:56:54.305812Z [REPLAN][METRIC] flightpath_counts variant=1 option=1 recon=0 mode=sequential paths0303=9 paths0304=6 pathsTotal=15 waypoints0303=24 waypoints0304=12 waypointsTotal=36 maxWaypointsPerPath=4 emptyPaths=0 formationPaths=0
2026-05-21T03:56:54.360227Z [TIME] build_0302 (variant=1): 39.1 ms, packages=6
2026-05-21T03:56:54.361279Z [INFO] FlightPath individualMissionID synced (variant=1): fixed=15
2026-05-21T03:56:54.361279Z [TIME] write_0302 (variant=1): 5.5 ms, files=6
2026-05-21T03:56:54.424220Z [TIME] write_FlightPath (variant=1): 48.6 ms, files=15
2026-05-21T03:56:54.424220Z [REPLAN][METRIC] flightpath_write variant=1 option=1 recon=0 mode=sequential files0303=9 files0304=6 filesTotal=15 write_ms=48.582
2026-05-21T03:56:54.424220Z [TIME] write_0301 (variant=1): 0.8 ms
2026-05-21T03:56:54.424220Z [OK] Stored variant 1: MissionPlanID=700000001, IMP=6, FlightPath=15
2026-05-21T03:56:54.424220Z [REPLAN][TIME] variant_finished_ms=2153.0 wall_ms=1779335814424 variant=1 option=1 mode=sequential status=success duration_ms=2023.314
2026-05-21T03:56:54.424220Z [TIME] variant_total (variant=1): 2023.3 ms
2026-05-21T03:56:54.424220Z [INFO] Option mapping #1: planID=700000001, optionCode=1(시스템 추천)
2026-05-21T03:56:54.424220Z [OK] Stored mission data: MissionPlan=1, IndividualMission=6, FlightPath=15
2026-05-21T03:56:54.424220Z [REPLAN][TIME] id_tab_update_deferred_ms=2155.3 wall_ms=1779335814424
2026-05-21T03:56:54.424220Z [REPLAN][TIME] pipeline_done_ms=2155.4 wall_ms=1779335814424 plans=1 force_direct=False
2026-05-21T03:56:54.424220Z [REPLAN][TIME] 0301_queued_ms=2155.4 wall_ms=1779335814424 plans=1
2026-05-21T03:56:54.424220Z [STEP 4] 0301 push queued (planIds=700000001)
2026-05-21T03:56:54.424220Z [0301] missionPlanID=700000001 전송
2026-05-21T03:56:54.424220Z [PUSH] 0301 direct batch send
2026-05-21T03:56:54.424220Z [REPLAN][TIME] 0301_sent_ms=2163.8 wall_ms=1779335814424 plans=1
2026-05-21T03:56:54.424220Z [REPLAN][TIME] post_0301_delivery_queued_ms=2164.2 wall_ms=1779335814424 grace_ms=0 timeout_ms=20 force_direct=0 mode=option_or_0901
2026-05-21T03:56:54.424220Z [INFO] Post-0301 apply queued (mode=option_or_0901, grace=0ms, timeout=20ms, plans=1)
2026-05-21T03:56:54.424220Z [REPLAN][TIME] 0305_status_2_ms=2165.6 wall_ms=1779335814424 reason=초기임무재계획
2026-05-21T03:56:54.424220Z [0305] status=2, reason=초기임무재계획, elapsed=2.06s 전송
2026-05-21T03:56:54.424220Z [REPLAN][TIME] post_0301_completion_ready_ms=2166.3 wall_ms=1779335814424 mode=option_or_0901
2026-05-21T03:56:54.424220Z [REPLAN][METRIC] source_artifact_cache entries=8 hits=0 misses=8
2026-05-21T03:56:54.455608Z [INFO] Post-0301 ready (timeout) -> sending 0903
2026-05-21T03:56:54.455608Z [REPLAN][TIME] post_0301_flushed_ms=2183.4 wall_ms=1779335814455 delivery=0903 trigger=timeout plans=1
2026-05-21T03:56:54.455608Z [REPLAN][TIME] id_tab_update_flushed_ms=2183.8 wall_ms=1779335814455
2026-05-21T03:56:54.589791Z [REPLAN][TIME] 0903_sent_ms=2318.5 wall_ms=1779335814589 missionPlanID=700000001
2026-05-21T03:56:54.589791Z [0903] request sent (missionPlanID=700000001)
2026-05-21T03:57:16.260081Z [MODE] 슬라이더 변경 → 대기모드
2026-05-21T03:57:16.260081Z [0101/POLL] 모드 동기화 code=1
2026-05-21T03:57:18.772213Z [MODE] 슬라이더 변경 → 초기 임무 계획
2026-05-21T03:57:18.773209Z [0101/POLL] 모드 동기화 code=2
2026-05-21T03:57:18.885172Z [REPLAN][TIME] 0902_received_ms=0.0 wall_ms=1779335838885 trigger=general_or_unknown replanLevel=1 optionCount=1 forceDirect=0
2026-05-21T03:57:18.885172Z [REPLAN][TIME] 0902_archived_ms=0.7 wall_ms=1779335838885 path=replan_request_832651038873.json
2026-05-21T03:57:18.886171Z [AUTO] 0902 received (planIds=700000002)
2026-05-21T03:57:18.886171Z [REPLAN][TIME] pipeline_scheduled_ms=1.4 wall_ms=1779335838886 delay_ms=100
2026-05-21T03:57:18.886171Z [AUTO] replan pipeline scheduled after 0.1s delay
2026-05-21T03:57:18.990868Z [REPLAN][TIME] scheduled_start_ms=105.8 wall_ms=1779335838990
2026-05-21T03:57:18.991868Z [REPLAN][TIME] 0305_status_1_ms=107.1 wall_ms=1779335838991 reason=초기임무재계획
2026-05-21T03:57:18.992872Z [0305] status=1, reason=초기임무재계획 전송
2026-05-21T03:57:18.994870Z [STEP 0] Replan pipeline start (reason=초기임무재계획)
2026-05-21T03:57:18.996871Z [INFO] UAV params loaded (cruise=40.00, turn_step=15.0)
2026-05-21T03:57:18.996871Z [INFO] Latest input snapshot → 0201:ID=-,ts=-,src=-, 0203:ID=-,ts=-,src=-
2026-05-21T03:57:18.997871Z [INFO] Fallback 0201 file selected: 1.json
2026-05-21T03:57:18.997871Z [INFO] Fallback 0203 file selected: 1.json
2026-05-21T03:57:18.998872Z [CHECK] 0201/0203 필수 데이터 확인 시작
2026-05-21T03:57:18.999871Z [OK] 0201 inputMissionList 확인됨 (count=3) → 진행
2026-05-21T03:57:18.999871Z [OK] 0201 availableAircraftList 확인됨 (count=6) → 진행
2026-05-21T03:57:18.999871Z [OK] 0201 inputMissionPackageType=1 확인
2026-05-21T03:57:19.000872Z [OK] 0201 mainSensor=1 확인
2026-05-21T03:57:19.000872Z [CHECK] 0201 기체 수=6 (UAV=3, LAH=3)
2026-05-21T03:57:19.000872Z [CHECK] 0201 임무: total=3 missingID=0 missingDetail=0 missingShape=0 unknownType=0 typeZeroAuto=0 typeZeroInvalid=0 lineOnlyViolation=0 skippedSinglePoint=0
2026-05-21T03:57:19.001872Z [OK] 0203 takeOverInfoList 확인됨 (count=3) → 진행
2026-05-21T03:57:19.001872Z [OK] 0203 handOverInfoList 확인됨 (count=3) → 진행
2026-05-21T03:57:19.001872Z [OK] 0203 flightAreaList 확인됨 (count=1) → 진행
2026-05-21T03:57:19.002872Z [CHECK] 0203 flightAreaList count=1
2026-05-21T03:57:19.002872Z [INFO] Filtered completed input missions (removed=1, converted=-, widthAdjusted=-, skippedSinglePoint=-, snapshot=-, collapse=-)
2026-05-21T03:57:19.003872Z [variant 1] 일반 재계획 모드 적용
2026-05-21T03:57:19.004871Z [REPLAN][TIME] variant_started_ms=119.2 wall_ms=1779335839003 variant=1 option=1 mode=sequential
2026-05-21T03:57:19.004871Z [STEP 1.1] Divide & Pattern start
2026-05-21T03:57:19.011380Z [variant 1] [ENHANCED][1] split start: uavs=[4, 5, 6]
2026-05-21T03:57:19.014380Z [variant 1] [ENHANCED][1] split done: pieces=6
2026-05-21T03:57:19.046625Z [variant 1] [ENHANCED][2] type-decider done: profile=6 changed=6/6
2026-05-21T03:57:19.085646Z [variant 1] [ENHANCED][3] expected-path done: count=6
2026-05-21T03:57:19.086649Z [variant 1] [ENHANCED][4] area-review done: overflow=0 targets=0 pieces=6->6
2026-05-21T03:57:19.122658Z [variant 1] [ENHANCED][5] expected-velocity done: pieces=6 dbRows=7010
2026-05-21T03:57:19.209682Z [variant 1] [ENHANCED][6] 0302 export done: files=6
2026-05-21T03:57:19.209682Z [variant 1] [ENHANCED] total=205.0 ms
2026-05-21T03:57:19.210680Z [TIME] divide_and_pattern (variant=1): 205.1 ms
2026-05-21T03:57:19.210680Z [OK] IMP generated: 6 file(s) (variant=1)
2026-05-21T03:57:19.220184Z [TIME] build_0301+load (variant=1): 11.0 ms
2026-05-21T03:57:19.221185Z [OK] MissionPlan built: MissionPlan_1779335839208.json (variant=1)
2026-05-21T03:57:19.223185Z [TIME] collect_missions (variant=1): 2.6 ms, count=12
2026-05-21T03:57:19.275001Z [TIME] pathID_mapping (variant=1): 51.7 ms
2026-05-21T03:57:19.275001Z [INFO] pathID mapping done for 0302/0303/0304 (variant=1)
2026-05-21T03:57:20.293031Z [INFO] FlightPath build mode (variant=1): 0303=aircraft_parallel workers=2 aircraft=3, 0304=sequential
2026-05-21T03:57:20.293031Z [REPLAN][METRIC] flightpath_build_0303 variant=1 option=1 recon=0 mode=sequential buildMode=aircraft_parallel workers=2 aircraft=3 paths=6 reassignedWaypoints=12 elapsed_ms=1007.067 fallback=- worker_ms=4:701.643|5:561.111|6:308.704
2026-05-21T03:57:20.293031Z [INFO] FlightPath build time: 0303=1007.1 ms, 0304=16.8 ms
2026-05-21T03:57:20.293031Z [INFO] Applied LAH-UAV ETA follow speed plan (variant=1)
2026-05-21T03:57:20.293031Z [OK] FlightPath counts (variant=1): 0303=6 / 0304=6
2026-05-21T03:57:20.293031Z [REPLAN][METRIC] flightpath_counts variant=1 option=1 recon=0 mode=sequential paths0303=6 paths0304=6 pathsTotal=12 waypoints0303=12 waypoints0304=12 waypointsTotal=24 maxWaypointsPerPath=2 emptyPaths=0 formationPaths=0
2026-05-21T03:57:20.339696Z [TIME] build_0302 (variant=1): 36.6 ms, packages=6
2026-05-21T03:57:20.339696Z [INFO] FlightPath individualMissionID synced (variant=1): fixed=12
2026-05-21T03:57:20.350999Z [TIME] write_0302 (variant=1): 4.3 ms, files=6
2026-05-21T03:57:20.379530Z [TIME] write_FlightPath (variant=1): 26.4 ms, files=12
2026-05-21T03:57:20.382092Z [REPLAN][METRIC] flightpath_write variant=1 option=1 recon=0 mode=sequential files0303=6 files0304=6 filesTotal=12 write_ms=26.398
2026-05-21T03:57:20.383199Z [TIME] write_0301 (variant=1): 0.9 ms
2026-05-21T03:57:20.383199Z [OK] Stored variant 1: MissionPlanID=700000002, IMP=6, FlightPath=12
2026-05-21T03:57:20.384198Z [REPLAN][TIME] variant_finished_ms=1498.1 wall_ms=1779335840383 variant=1 option=1 mode=sequential status=success duration_ms=1378.914
2026-05-21T03:57:20.384198Z [TIME] variant_total (variant=1): 1378.9 ms
2026-05-21T03:57:20.384198Z [INFO] Option mapping #1: planID=700000002, optionCode=1(시스템 추천)
2026-05-21T03:57:20.385198Z [OK] Stored mission data: MissionPlan=1, IndividualMission=6, FlightPath=12
2026-05-21T03:57:20.386155Z [REPLAN][TIME] id_tab_update_deferred_ms=1500.4 wall_ms=1779335840385
2026-05-21T03:57:20.386155Z [REPLAN][TIME] pipeline_done_ms=1500.5 wall_ms=1779335840385 plans=1 force_direct=False
2026-05-21T03:57:20.386155Z [REPLAN][TIME] 0301_queued_ms=1500.5 wall_ms=1779335840385 plans=1
2026-05-21T03:57:20.388162Z [STEP 4] 0301 push queued (planIds=700000002)
2026-05-21T03:57:20.388162Z [0301] missionPlanID=700000002 전송
2026-05-21T03:57:20.388162Z [PUSH] 0301 direct batch send
2026-05-21T03:57:20.388162Z [REPLAN][TIME] 0301_sent_ms=1505.1 wall_ms=1779335840388 plans=1
2026-05-21T03:57:20.388162Z [REPLAN][TIME] post_0301_delivery_queued_ms=1505.5 wall_ms=1779335840388 grace_ms=0 timeout_ms=20 force_direct=0 mode=option_or_0901
2026-05-21T03:57:20.388162Z [INFO] Post-0301 apply queued (mode=option_or_0901, grace=0ms, timeout=20ms, plans=1)
2026-05-21T03:57:20.388162Z [REPLAN][TIME] 0305_status_2_ms=1506.9 wall_ms=1779335840388 reason=초기임무재계획
2026-05-21T03:57:20.388162Z [0305] status=2, reason=초기임무재계획, elapsed=1.40s 전송
2026-05-21T03:57:20.388162Z [REPLAN][TIME] post_0301_completion_ready_ms=1507.6 wall_ms=1779335840388 mode=option_or_0901
2026-05-21T03:57:20.388162Z [REPLAN][METRIC] source_artifact_cache entries=8 hits=0 misses=8
2026-05-21T03:57:20.433354Z [INFO] Post-0301 ready (timeout) -> sending 0903
2026-05-21T03:57:20.433354Z [REPLAN][TIME] post_0301_flushed_ms=1549.0 wall_ms=1779335840433 delivery=0903 trigger=timeout plans=1
2026-05-21T03:57:20.433354Z [REPLAN][TIME] id_tab_update_flushed_ms=1549.5 wall_ms=1779335840433
2026-05-21T03:57:20.539425Z [REPLAN][TIME] 0903_sent_ms=1654.2 wall_ms=1779335840539 missionPlanID=700000002
2026-05-21T03:57:20.539425Z [0903] request sent (missionPlanID=700000002)
2026-05-21T03:57:28.356857Z [MODE] 슬라이더 변경 → 대기모드
2026-05-21T03:57:28.357857Z [0101/POLL] 모드 동기화 code=1
2026-05-21T03:57:30.863842Z [MODE] 슬라이더 변경 → 초기 임무 계획
2026-05-21T03:57:30.863842Z [0101/POLL] 모드 동기화 code=2
2026-05-21T03:57:30.957705Z [REPLAN][TIME] 0902_received_ms=0.0 wall_ms=1779335850956 trigger=general_or_unknown replanLevel=1 optionCount=1 forceDirect=0
2026-05-21T03:57:30.957705Z [REPLAN][TIME] 0902_archived_ms=0.7 wall_ms=1779335850957 path=replan_request_832651050946.json
2026-05-21T03:57:30.958705Z [AUTO] 0902 received (planIds=700000003)
2026-05-21T03:57:30.958705Z [REPLAN][TIME] pipeline_scheduled_ms=1.4 wall_ms=1779335850958 delay_ms=100
2026-05-21T03:57:30.958705Z [AUTO] replan pipeline scheduled after 0.1s delay
2026-05-21T03:57:31.067235Z [REPLAN][TIME] scheduled_start_ms=110.0 wall_ms=1779335851067
2026-05-21T03:57:31.068228Z [REPLAN][TIME] 0305_status_1_ms=111.4 wall_ms=1779335851068 reason=초기임무재계획
2026-05-21T03:57:31.068228Z [0305] status=1, reason=초기임무재계획 전송
2026-05-21T03:57:31.070736Z [STEP 0] Replan pipeline start (reason=초기임무재계획)
2026-05-21T03:57:31.072736Z [INFO] UAV params loaded (cruise=40.00, turn_step=15.0)
2026-05-21T03:57:31.072736Z [INFO] Latest input snapshot → 0201:ID=-,ts=-,src=-, 0203:ID=-,ts=-,src=-
2026-05-21T03:57:31.073737Z [INFO] Fallback 0201 file selected: 1.json
2026-05-21T03:57:31.073737Z [INFO] Fallback 0203 file selected: 1.json
2026-05-21T03:57:31.075735Z [CHECK] 0201/0203 필수 데이터 확인 시작
2026-05-21T03:57:31.075735Z [OK] 0201 inputMissionList 확인됨 (count=3) → 진행
2026-05-21T03:57:31.076736Z [OK] 0201 availableAircraftList 확인됨 (count=6) → 진행
2026-05-21T03:57:31.076736Z [OK] 0201 inputMissionPackageType=1 확인
2026-05-21T03:57:31.077736Z [OK] 0201 mainSensor=1 확인
2026-05-21T03:57:31.077736Z [CHECK] 0201 기체 수=6 (UAV=3, LAH=3)
2026-05-21T03:57:31.077736Z [CHECK] 0201 임무: total=3 missingID=0 missingDetail=0 missingShape=0 unknownType=0 typeZeroAuto=0 typeZeroInvalid=0 lineOnlyViolation=0 skippedSinglePoint=0
2026-05-21T03:57:31.078736Z [OK] 0203 takeOverInfoList 확인됨 (count=3) → 진행
2026-05-21T03:57:31.078736Z [OK] 0203 handOverInfoList 확인됨 (count=3) → 진행
2026-05-21T03:57:31.078736Z [OK] 0203 flightAreaList 확인됨 (count=1) → 진행
2026-05-21T03:57:31.079736Z [CHECK] 0203 flightAreaList count=1
2026-05-21T03:57:31.079736Z [INFO] Filtered completed input missions (removed=1, converted=-, widthAdjusted=-, skippedSinglePoint=-, snapshot=-, collapse=-)
2026-05-21T03:57:31.082057Z [variant 1] 일반 재계획 모드 적용
2026-05-21T03:57:31.082057Z [REPLAN][TIME] variant_started_ms=124.3 wall_ms=1779335851081 variant=1 option=1 mode=sequential
2026-05-21T03:57:31.082057Z [STEP 1.1] Divide & Pattern start
2026-05-21T03:57:31.088062Z [variant 1] [ENHANCED][1] split start: uavs=[4, 5, 6]
2026-05-21T03:57:31.090062Z [variant 1] [ENHANCED][1] split done: pieces=6
2026-05-21T03:57:31.157209Z [variant 1] [ENHANCED][2] type-decider done: profile=6 changed=6/6
2026-05-21T03:57:31.238806Z [variant 1] [ENHANCED][3] expected-path done: count=6
2026-05-21T03:57:31.239807Z [variant 1] [ENHANCED][4] area-review done: overflow=0 targets=0 pieces=6->6
2026-05-21T03:57:31.314433Z [variant 1] [ENHANCED][5] expected-velocity done: pieces=6 dbRows=15313
2026-05-21T03:57:31.495048Z [variant 1] [ENHANCED][6] 0302 export done: files=6
2026-05-21T03:57:31.495048Z [variant 1] [ENHANCED] total=413.0 ms
2026-05-21T03:57:31.496048Z [TIME] divide_and_pattern (variant=1): 413.2 ms
2026-05-21T03:57:31.496048Z [OK] IMP generated: 6 file(s) (variant=1)
2026-05-21T03:57:31.504047Z [TIME] build_0301+load (variant=1): 9.3 ms
2026-05-21T03:57:31.505048Z [OK] MissionPlan built: MissionPlan_1779335851495.json (variant=1)
2026-05-21T03:57:31.507048Z [TIME] collect_missions (variant=1): 2.7 ms, count=12
2026-05-21T03:57:31.571625Z [TIME] pathID_mapping (variant=1): 64.3 ms
2026-05-21T03:57:31.572624Z [INFO] pathID mapping done for 0302/0303/0304 (variant=1)
2026-05-21T03:57:32.557382Z [INFO] FlightPath build mode (variant=1): 0303=aircraft_parallel workers=2 aircraft=3, 0304=sequential
2026-05-21T03:57:32.557382Z [REPLAN][METRIC] flightpath_build_0303 variant=1 option=1 recon=0 mode=sequential buildMode=aircraft_parallel workers=2 aircraft=3 paths=6 reassignedWaypoints=12 elapsed_ms=968.932 fallback=- worker_ms=4:696.757|5:568.322|6:238.423
2026-05-21T03:57:32.557382Z [INFO] FlightPath build time: 0303=968.9 ms, 0304=20.0 ms
2026-05-21T03:57:32.557382Z [INFO] Applied LAH-UAV ETA follow speed plan (variant=1)
2026-05-21T03:57:32.557382Z [OK] FlightPath counts (variant=1): 0303=6 / 0304=6
2026-05-21T03:57:32.557382Z [REPLAN][METRIC] flightpath_counts variant=1 option=1 recon=0 mode=sequential paths0303=6 paths0304=6 pathsTotal=12 waypoints0303=12 waypoints0304=12 waypointsTotal=24 maxWaypointsPerPath=2 emptyPaths=0 formationPaths=0
2026-05-21T03:57:32.602283Z [TIME] build_0302 (variant=1): 31.6 ms, packages=6
2026-05-21T03:57:32.603284Z [INFO] FlightPath individualMissionID synced (variant=1): fixed=12
2026-05-21T03:57:32.604971Z [TIME] write_0302 (variant=1): 6.0 ms, files=6
2026-05-21T03:57:32.629665Z [TIME] write_FlightPath (variant=1): 19.1 ms, files=12
2026-05-21T03:57:32.629665Z [REPLAN][METRIC] flightpath_write variant=1 option=1 recon=0 mode=sequential files0303=6 files0304=6 filesTotal=12 write_ms=19.126
2026-05-21T03:57:32.629665Z [TIME] write_0301 (variant=1): 0.9 ms
2026-05-21T03:57:32.629665Z [OK] Stored variant 1: MissionPlanID=700000003, IMP=6, FlightPath=12
2026-05-21T03:57:32.632305Z [REPLAN][TIME] variant_finished_ms=1674.1 wall_ms=1779335852629 variant=1 option=1 mode=sequential status=success duration_ms=1549.788
2026-05-21T03:57:32.632305Z [TIME] variant_total (variant=1): 1549.8 ms
2026-05-21T03:57:32.632305Z [INFO] Option mapping #1: planID=700000003, optionCode=1(시스템 추천)
2026-05-21T03:57:32.633436Z [OK] Stored mission data: MissionPlan=1, IndividualMission=6, FlightPath=12
2026-05-21T03:57:32.634435Z [REPLAN][TIME] id_tab_update_deferred_ms=1676.3 wall_ms=1779335852633
2026-05-21T03:57:32.634435Z [REPLAN][TIME] pipeline_done_ms=1676.3 wall_ms=1779335852633 plans=1 force_direct=False
2026-05-21T03:57:32.635436Z [REPLAN][TIME] 0301_queued_ms=1676.3 wall_ms=1779335852633 plans=1
2026-05-21T03:57:32.635436Z [STEP 4] 0301 push queued (planIds=700000003)
2026-05-21T03:57:32.636341Z [0301] missionPlanID=700000003 전송
2026-05-21T03:57:32.636341Z [PUSH] 0301 direct batch send
2026-05-21T03:57:32.636341Z [REPLAN][TIME] 0301_sent_ms=1680.2 wall_ms=1779335852636 plans=1
2026-05-21T03:57:32.636341Z [REPLAN][TIME] post_0301_delivery_queued_ms=1680.5 wall_ms=1779335852636 grace_ms=0 timeout_ms=20 force_direct=0 mode=option_or_0901
2026-05-21T03:57:32.636341Z [INFO] Post-0301 apply queued (mode=option_or_0901, grace=0ms, timeout=20ms, plans=1)
2026-05-21T03:57:32.636341Z [REPLAN][TIME] 0305_status_2_ms=1682.8 wall_ms=1779335852636 reason=초기임무재계획
2026-05-21T03:57:32.636341Z [0305] status=2, reason=초기임무재계획, elapsed=1.57s 전송
2026-05-21T03:57:32.636341Z [REPLAN][TIME] post_0301_completion_ready_ms=1683.7 wall_ms=1779335852636 mode=option_or_0901
2026-05-21T03:57:32.636341Z [REPLAN][METRIC] source_artifact_cache entries=8 hits=0 misses=8
2026-05-21T03:57:32.663697Z [INFO] Post-0301 ready (timeout) -> sending 0903
2026-05-21T03:57:32.664895Z [REPLAN][TIME] post_0301_flushed_ms=1707.2 wall_ms=1779335852663 delivery=0903 trigger=timeout plans=1
2026-05-21T03:57:32.664895Z [REPLAN][TIME] id_tab_update_flushed_ms=1707.7 wall_ms=1779335852664
2026-05-21T03:57:32.767429Z [REPLAN][TIME] 0903_sent_ms=1815.2 wall_ms=1779335852767 missionPlanID=700000003
2026-05-21T03:57:32.767429Z [0903] request sent (missionPlanID=700000003)
