[MON][2026-01-04 21:20:46] PlanLoad
  - MissionPlan 700000001 활성화 (inputPkg=1, activeInput=1)
  - InputMissionIDs=[1, 2, 3, 4, 5, 6, 7, 8, 9, 10, 11]
  - 적용상태: appliedPlanID=700000001, previousPlanID=None
  - UAV1: missions=11 pkg=800000001
  - UAV2: missions=11 pkg=800000002
  - UAV3: missions=11 pkg=800000003
  - UAV4: missions=11 pkg=800000004
  - UAV5: missions=11 pkg=800000005
  - UAV6: missions=11 pkg=800000006
[MON][2026-01-04 21:21:10] MonitoringCycle
  - SystemMode=3, PlanID=700000001, ActiveInput=1, PendingPlan=None
  - 0401 timestamp=811517583600, entries=6
  -   UAV1: wp=None, health=1
  -   UAV2: wp=None, health=1
  -   UAV3: wp=None, health=1
  -   UAV4: wp=55, health=1
  -   UAV5: wp=99, health=1
  -   UAV6: wp=144, health=1
  - 0501 currentMissionPlanID=700000001, currentInputMissionID=1
  -   UAV4 status: mission=900000088 input=1 progress=0% (transit) | mission=900000089 input=2 progress=0% | mission=900000090 input=3 progress=0% | mission=900000091 input=4 progress=0% | mission=900000092 input=5 progress=0% | mission=900000093 input=6 progress=0% | mission=900000094 input=7 progress=0% | mission=900000095 input=8 progress=0% | mission=900000096 input=9 progress=0% | mission=900000097 input=10 progress=0% | mission=900000098 input=11 progress=0%
  -   UAV5 status: mission=900000099 input=1 progress=0% (transit) | mission=900000100 input=2 progress=0% | mission=900000101 input=3 progress=0% | mission=900000102 input=4 progress=0% | mission=900000103 input=5 progress=0% | mission=900000104 input=6 progress=0% | mission=900000105 input=7 progress=0% | mission=900000106 input=8 progress=0% | mission=900000107 input=9 progress=0% | mission=900000108 input=10 progress=0% | mission=900000109 input=11 progress=0%
  -   UAV6 status: mission=900000110 input=1 progress=0% (transit) | mission=900000111 input=2 progress=0% | mission=900000112 input=3 progress=0% | mission=900000113 input=4 progress=0% | mission=900000114 input=5 progress=0% | mission=900000115 input=6 progress=0% | mission=900000116 input=7 progress=0% | mission=900000117 input=8 progress=0% | mission=900000118 input=9 progress=0% | mission=900000119 input=10 progress=0% | mission=900000120 input=11 progress=0%
[MON][2026-01-04 21:21:12] ProgressUpdate
  - UAV4 mission=900000088 input=1 progress=50% (missionIndex=0)
  - UAV5 mission=900000099 input=1 progress=50% (missionIndex=0)
  - UAV6 mission=900000110 input=1 progress=50% (missionIndex=0)
[MON][2026-01-04 21:21:12] MonitoringCycle
  - SystemMode=3, PlanID=700000001, ActiveInput=1, PendingPlan=None
  - 0401 timestamp=811517585400, entries=6
  -   UAV1: wp=None, health=1
  -   UAV2: wp=None, health=1
  -   UAV3: wp=None, health=1
  -   UAV4: wp=56, health=1
  -   UAV5: wp=100, health=1
  -   UAV6: wp=145, health=1
  - 0501 currentMissionPlanID=700000001, currentInputMissionID=1
  -   UAV4 status: mission=900000088 input=1 progress=50% | mission=900000089 input=2 progress=0% | mission=900000090 input=3 progress=0% | mission=900000091 input=4 progress=0% | mission=900000092 input=5 progress=0% | mission=900000093 input=6 progress=0% | mission=900000094 input=7 progress=0% | mission=900000095 input=8 progress=0% | mission=900000096 input=9 progress=0% | mission=900000097 input=10 progress=0% | mission=900000098 input=11 progress=0%
  -   UAV5 status: mission=900000099 input=1 progress=50% | mission=900000100 input=2 progress=0% | mission=900000101 input=3 progress=0% | mission=900000102 input=4 progress=0% | mission=900000103 input=5 progress=0% | mission=900000104 input=6 progress=0% | mission=900000105 input=7 progress=0% | mission=900000106 input=8 progress=0% | mission=900000107 input=9 progress=0% | mission=900000108 input=10 progress=0% | mission=900000109 input=11 progress=0%
  -   UAV6 status: mission=900000110 input=1 progress=50% | mission=900000111 input=2 progress=0% | mission=900000112 input=3 progress=0% | mission=900000113 input=4 progress=0% | mission=900000114 input=5 progress=0% | mission=900000115 input=6 progress=0% | mission=900000116 input=7 progress=0% | mission=900000117 input=8 progress=0% | mission=900000118 input=9 progress=0% | mission=900000119 input=10 progress=0% | mission=900000120 input=11 progress=0%
[MON][2026-01-04 21:21:14] ProgressUpdate
  - UAV4 mission=900000088 input=1 progress=100% (missionIndex=0)
  - UAV5 mission=900000099 input=1 progress=100% (missionIndex=0)
  - UAV6 mission=900000110 input=1 progress=100% (missionIndex=0)
[MON][2026-01-04 21:21:14] InputMissionCompletion
  - Input mission 1 completion notification enqueued.
[MON][2026-01-04 21:21:14] InputMissionCompletion
  - Input 1: UAV4 mission=900000088 reached 100%
  - Input 1: UAV5 mission=900000099 reached 100%
  - Input 1: UAV6 mission=900000110 reached 100%
  - Input 1 completed (6 missions)
[MON][2026-01-04 21:21:14] MonitoringCycle
  - SystemMode=3, PlanID=700000001, ActiveInput=1, PendingPlan=None
  - 0401 timestamp=811517587400, entries=6
  -   UAV1: wp=None, health=1
  -   UAV2: wp=None, health=1
  -   UAV3: wp=None, health=1
  -   UAV4: wp=57, health=1
  -   UAV5: wp=101, health=1
  -   UAV6: wp=146, health=1
  - 0501 currentMissionPlanID=700000001, currentInputMissionID=1
  -   UAV4 status: mission=900000088 input=1 progress=100% | mission=900000089 input=2 progress=0% | mission=900000090 input=3 progress=0% | mission=900000091 input=4 progress=0% | mission=900000092 input=5 progress=0% | mission=900000093 input=6 progress=0% | mission=900000094 input=7 progress=0% | mission=900000095 input=8 progress=0% | mission=900000096 input=9 progress=0% | mission=900000097 input=10 progress=0% | mission=900000098 input=11 progress=0%
  -   UAV5 status: mission=900000099 input=1 progress=100% | mission=900000100 input=2 progress=0% | mission=900000101 input=3 progress=0% | mission=900000102 input=4 progress=0% | mission=900000103 input=5 progress=0% | mission=900000104 input=6 progress=0% | mission=900000105 input=7 progress=0% | mission=900000106 input=8 progress=0% | mission=900000107 input=9 progress=0% | mission=900000108 input=10 progress=0% | mission=900000109 input=11 progress=0%
  -   UAV6 status: mission=900000110 input=1 progress=100% | mission=900000111 input=2 progress=0% | mission=900000112 input=3 progress=0% | mission=900000113 input=4 progress=0% | mission=900000114 input=5 progress=0% | mission=900000115 input=6 progress=0% | mission=900000116 input=7 progress=0% | mission=900000117 input=8 progress=0% | mission=900000118 input=9 progress=0% | mission=900000119 input=10 progress=0% | mission=900000120 input=11 progress=0%
[MON][2026-01-04 21:21:18] MonitoringCycle
  - SystemMode=3, PlanID=700000001, ActiveInput=2, PendingPlan=None
  - 0401 timestamp=811517589400, entries=6
  -   UAV1: wp=None, health=1
  -   UAV2: wp=None, health=1
  -   UAV3: wp=None, health=1
  -   UAV4: wp=57, health=1
  -   UAV5: wp=101, health=1
  -   UAV6: wp=146, health=1
  - 0501 currentMissionPlanID=700000001, currentInputMissionID=2
  -   UAV4 status: mission=900000088 input=1 progress=100% | mission=900000089 input=2 progress=0% | mission=900000090 input=3 progress=0% | mission=900000091 input=4 progress=0% | mission=900000092 input=5 progress=0% | mission=900000093 input=6 progress=0% | mission=900000094 input=7 progress=0% | mission=900000095 input=8 progress=0% | mission=900000096 input=9 progress=0% | mission=900000097 input=10 progress=0% | mission=900000098 input=11 progress=0%
  -   UAV5 status: mission=900000099 input=1 progress=100% | mission=900000100 input=2 progress=0% | mission=900000101 input=3 progress=0% | mission=900000102 input=4 progress=0% | mission=900000103 input=5 progress=0% | mission=900000104 input=6 progress=0% | mission=900000105 input=7 progress=0% | mission=900000106 input=8 progress=0% | mission=900000107 input=9 progress=0% | mission=900000108 input=10 progress=0% | mission=900000109 input=11 progress=0%
  -   UAV6 status: mission=900000110 input=1 progress=100% | mission=900000111 input=2 progress=0% | mission=900000112 input=3 progress=0% | mission=900000113 input=4 progress=0% | mission=900000114 input=5 progress=0% | mission=900000115 input=6 progress=0% | mission=900000116 input=7 progress=0% | mission=900000117 input=8 progress=0% | mission=900000118 input=9 progress=0% | mission=900000119 input=10 progress=0% | mission=900000120 input=11 progress=0%
[MON][2026-01-04 21:21:20] ProgressUpdate
  - UAV4 mission=900000089 input=2 progress=33% (missionIndex=1)
  - UAV5 mission=900000100 input=2 progress=33% (missionIndex=1)
  - UAV6 mission=900000111 input=2 progress=33% (missionIndex=1)
[MON][2026-01-04 21:21:20] MonitoringCycle
  - SystemMode=3, PlanID=700000001, ActiveInput=2, PendingPlan=None
  - 0401 timestamp=811517591400, entries=6
  -   UAV1: wp=None, health=1
  -   UAV2: wp=None, health=1
  -   UAV3: wp=None, health=1
  -   UAV4: wp=59, health=1
  -   UAV5: wp=103, health=1
  -   UAV6: wp=148, health=1
  - 0501 currentMissionPlanID=700000001, currentInputMissionID=2
  -   UAV4 status: mission=900000088 input=1 progress=100% | mission=900000089 input=2 progress=33% | mission=900000090 input=3 progress=0% | mission=900000091 input=4 progress=0% | mission=900000092 input=5 progress=0% | mission=900000093 input=6 progress=0% | mission=900000094 input=7 progress=0% | mission=900000095 input=8 progress=0% | mission=900000096 input=9 progress=0% | mission=900000097 input=10 progress=0% | mission=900000098 input=11 progress=0%
  -   UAV5 status: mission=900000099 input=1 progress=100% | mission=900000100 input=2 progress=33% | mission=900000101 input=3 progress=0% | mission=900000102 input=4 progress=0% | mission=900000103 input=5 progress=0% | mission=900000104 input=6 progress=0% | mission=900000105 input=7 progress=0% | mission=900000106 input=8 progress=0% | mission=900000107 input=9 progress=0% | mission=900000108 input=10 progress=0% | mission=900000109 input=11 progress=0%
  -   UAV6 status: mission=900000110 input=1 progress=100% | mission=900000111 input=2 progress=33% | mission=900000112 input=3 progress=0% | mission=900000113 input=4 progress=0% | mission=900000114 input=5 progress=0% | mission=900000115 input=6 progress=0% | mission=900000116 input=7 progress=0% | mission=900000117 input=8 progress=0% | mission=900000118 input=9 progress=0% | mission=900000119 input=10 progress=0% | mission=900000120 input=11 progress=0%
[MON][2026-01-04 21:21:22] ProgressUpdate
  - UAV4 mission=900000089 input=2 progress=67% (missionIndex=1)
  - UAV5 mission=900000100 input=2 progress=67% (missionIndex=1)
  - UAV6 mission=900000111 input=2 progress=67% (missionIndex=1)
[MON][2026-01-04 21:21:22] MonitoringCycle
  - SystemMode=3, PlanID=700000001, ActiveInput=2, PendingPlan=None
  - 0401 timestamp=811517593400, entries=6
  -   UAV1: wp=None, health=1
  -   UAV2: wp=None, health=1
  -   UAV3: wp=None, health=1
  -   UAV4: wp=60, health=1
  -   UAV5: wp=104, health=1
  -   UAV6: wp=149, health=1
  - 0501 currentMissionPlanID=700000001, currentInputMissionID=2
  -   UAV4 status: mission=900000088 input=1 progress=100% | mission=900000089 input=2 progress=67% | mission=900000090 input=3 progress=0% | mission=900000091 input=4 progress=0% | mission=900000092 input=5 progress=0% | mission=900000093 input=6 progress=0% | mission=900000094 input=7 progress=0% | mission=900000095 input=8 progress=0% | mission=900000096 input=9 progress=0% | mission=900000097 input=10 progress=0% | mission=900000098 input=11 progress=0%
  -   UAV5 status: mission=900000099 input=1 progress=100% | mission=900000100 input=2 progress=67% | mission=900000101 input=3 progress=0% | mission=900000102 input=4 progress=0% | mission=900000103 input=5 progress=0% | mission=900000104 input=6 progress=0% | mission=900000105 input=7 progress=0% | mission=900000106 input=8 progress=0% | mission=900000107 input=9 progress=0% | mission=900000108 input=10 progress=0% | mission=900000109 input=11 progress=0%
  -   UAV6 status: mission=900000110 input=1 progress=100% | mission=900000111 input=2 progress=67% | mission=900000112 input=3 progress=0% | mission=900000113 input=4 progress=0% | mission=900000114 input=5 progress=0% | mission=900000115 input=6 progress=0% | mission=900000116 input=7 progress=0% | mission=900000117 input=8 progress=0% | mission=900000118 input=9 progress=0% | mission=900000119 input=10 progress=0% | mission=900000120 input=11 progress=0%
[MON][2026-01-04 21:21:24] ProgressUpdate
  - UAV4 mission=900000089 input=2 progress=100% (missionIndex=1)
  - UAV5 mission=900000100 input=2 progress=100% (missionIndex=1)
  - UAV6 mission=900000111 input=2 progress=100% (missionIndex=1)
[MON][2026-01-04 21:21:24] InputMissionCompletion
  - Input mission 2 completion notification enqueued.
[MON][2026-01-04 21:21:24] InputMissionCompletion
  - Input 2: UAV4 mission=900000089 reached 100%
  - Input 2: UAV5 mission=900000100 reached 100%
  - Input 2: UAV6 mission=900000111 reached 100%
  - Input 1 completed (6 missions)
  - Input 2 completed (6 missions)
[MON][2026-01-04 21:21:24] MonitoringCycle
  - SystemMode=3, PlanID=700000001, ActiveInput=2, PendingPlan=None
  - 0401 timestamp=811517595400, entries=6
  -   UAV1: wp=None, health=1
  -   UAV2: wp=None, health=1
  -   UAV3: wp=None, health=1
  -   UAV4: wp=61, health=1
  -   UAV5: wp=105, health=1
  -   UAV6: wp=150, health=1
  - 0501 currentMissionPlanID=700000001, currentInputMissionID=2
  -   UAV4 status: mission=900000088 input=1 progress=100% | mission=900000089 input=2 progress=100% | mission=900000090 input=3 progress=0% | mission=900000091 input=4 progress=0% | mission=900000092 input=5 progress=0% | mission=900000093 input=6 progress=0% | mission=900000094 input=7 progress=0% | mission=900000095 input=8 progress=0% | mission=900000096 input=9 progress=0% | mission=900000097 input=10 progress=0% | mission=900000098 input=11 progress=0%
  -   UAV5 status: mission=900000099 input=1 progress=100% | mission=900000100 input=2 progress=100% | mission=900000101 input=3 progress=0% | mission=900000102 input=4 progress=0% | mission=900000103 input=5 progress=0% | mission=900000104 input=6 progress=0% | mission=900000105 input=7 progress=0% | mission=900000106 input=8 progress=0% | mission=900000107 input=9 progress=0% | mission=900000108 input=10 progress=0% | mission=900000109 input=11 progress=0%
  -   UAV6 status: mission=900000110 input=1 progress=100% | mission=900000111 input=2 progress=100% | mission=900000112 input=3 progress=0% | mission=900000113 input=4 progress=0% | mission=900000114 input=5 progress=0% | mission=900000115 input=6 progress=0% | mission=900000116 input=7 progress=0% | mission=900000117 input=8 progress=0% | mission=900000118 input=9 progress=0% | mission=900000119 input=10 progress=0% | mission=900000120 input=11 progress=0%
[MON][2026-01-04 21:21:35] PlanLoad
  - MissionPlan 700000004 활성화 (inputPkg=1, activeInput=1)
  - InputMissionIDs=[1, 2, 3, 4, 5, 6, 7, 8, 9, 10, 11]
  - 적용상태: appliedPlanID=700000004, previousPlanID=700000001
  - UAV1: missions=11 pkg=800000015
  - UAV2: missions=11 pkg=800000016
  - UAV3: missions=11 pkg=800000017
  - UAV4: missions=12 pkg=800000021
  - UAV5: missions=11 pkg=800000019
  - UAV6: missions=11 pkg=800000020
[MON][2026-01-04 21:21:35] MonitoringCycle
  - SystemMode=3, PlanID=700000004, ActiveInput=1, PendingPlan=None
  - 0401 timestamp=811517597400, entries=6
  -   UAV1: wp=None, health=1
  -   UAV2: wp=None, health=1
  -   UAV3: wp=None, health=1
  -   UAV4: wp=61, health=1
  -   UAV5: wp=105, health=1
  -   UAV6: wp=150, health=1
  - 0501 currentMissionPlanID=700000004, currentInputMissionID=1
  -   UAV4 status: mission=900000365 input=1 progress=0% | mission=900000366 input=1 progress=0% | mission=900000333 input=2 progress=0% | mission=900000334 input=3 progress=0% | mission=900000335 input=4 progress=0% | mission=900000336 input=5 progress=0% | mission=900000337 input=6 progress=0% | mission=900000338 input=7 progress=0% | mission=900000339 input=8 progress=0% | mission=900000340 input=9 progress=0% | mission=900000341 input=10 progress=0% | mission=900000342 input=11 progress=0%
  -   UAV5 status: mission=900000343 input=1 progress=0% | mission=900000344 input=2 progress=0% | mission=900000345 input=3 progress=0% | mission=900000346 input=4 progress=0% | mission=900000347 input=5 progress=0% | mission=900000348 input=6 progress=0% | mission=900000349 input=7 progress=0% | mission=900000350 input=8 progress=0% | mission=900000351 input=9 progress=0% | mission=900000352 input=10 progress=0% | mission=900000353 input=11 progress=0%
  -   UAV6 status: mission=900000354 input=1 progress=0% | mission=900000355 input=2 progress=0% | mission=900000356 input=3 progress=0% | mission=900000357 input=4 progress=0% | mission=900000358 input=5 progress=0% | mission=900000359 input=6 progress=0% | mission=900000360 input=7 progress=0% | mission=900000361 input=8 progress=0% | mission=900000362 input=9 progress=0% | mission=900000363 input=10 progress=0% | mission=900000364 input=11 progress=0%
