2025-12-03T13:40:30.406078Z [LOG] Mission planning log started: C:\Users\LAHMUMT_2\Desktop\KU_LAHMUMT\Logs\Scenario_2025-12-03T213459\SBC3\DSS_Internal\mission_planning_gui_20251203T134030_404575Z.log
2025-12-03T13:40:30.407083Z CTRL UDP 수신 대기 시작 (127.0.0.1:45981)
2025-12-03T13:40:30.408083Z [0101] 모드 수신 리스너 등록 완료
2025-12-03T13:40:30.672503Z [CTRL] MODE change request: 초기화 모드
2025-12-03T13:40:30.823366Z [BUS] NodeMessenger 초기화 완료
2025-12-03T13:40:36.146941Z [MODE] 슬라이더 변경 → 대기모드
2025-12-03T13:40:36.147943Z [0101/POLL] 모드 동기화 code=1
2025-12-03T13:40:40.323493Z [INFO] Latest 0203 ID updated → 1
2025-12-03T13:40:40.797269Z [INFO] Latest 0201 ID updated → 1
2025-12-03T13:40:42.083489Z [AUTO] 0902 received (planIds=700000001)
2025-12-03T13:40:42.084488Z [AUTO] replan pipeline scheduled after 0.1s delay
2025-12-03T13:40:42.146122Z [MODE] 슬라이더 변경 → 초기 임무 계획
2025-12-03T13:40:42.147124Z [0101/POLL] 모드 동기화 code=2
2025-12-03T13:40:42.200285Z [0305] status=1, reason=초기임무재계획 전송
2025-12-03T13:40:42.202288Z [INFO] Using latest 0201 ID 1 for inputMissionPackageID (fallback)
2025-12-03T13:40:42.203287Z [INFO] Using latest 0203 ID 1 for missionReferencePackageID (fallback)
2025-12-03T13:40:42.203287Z [STEP 0] Replan pipeline start (reason=초기임무재계획)
2025-12-03T13:40:44.552208Z [INFO] Latest input snapshot → 0201:ID=1,ts=816922549226,src=-, 0203:ID=1,ts=818084440320,src=-
2025-12-03T13:40:44.552208Z [STEP 0] Using latest 0201 ID 1 (1.json)
2025-12-03T13:40:44.552208Z [STEP 0] Using latest 0203 ID 1 (1.json)
2025-12-03T13:40:44.553209Z [STEP 1.1] Divide & Pattern start
2025-12-03T13:40:44.553209Z [variant 1] [1] CMPK 로드
2025-12-03T13:40:44.559210Z [variant 1]     ▸ VehicleStatus 적용: 사용 가능한 기체 [1, 2, 3, 4, 5, 6]
2025-12-03T13:40:44.559210Z [variant 1]     MRPK 로드
2025-12-03T13:40:44.563234Z [variant 1]     ▸ 로드 완료  (소요 0.01s)
2025-12-03T13:40:44.564328Z [variant 1] [2] LAH 임무 저장 시작
2025-12-03T13:40:44.761756Z [variant 1] [LAH1] LAH 임무파일 저장 → C:\Users\LAHMUMT_2\Desktop\KU_LAHMUMT\Logs\Scenario_2025-12-03T224035\SBC3\mission_output\variant_01\IndividualMissionPlan_LAH001.json
2025-12-03T13:40:44.761756Z [variant 1] [LAH2] LAH 임무파일 저장 → C:\Users\LAHMUMT_2\Desktop\KU_LAHMUMT\Logs\Scenario_2025-12-03T224035\SBC3\mission_output\variant_01\IndividualMissionPlan_LAH002.json
2025-12-03T13:40:44.762755Z [variant 1] [LAH3] LAH 임무파일 저장 → C:\Users\LAHMUMT_2\Desktop\KU_LAHMUMT\Logs\Scenario_2025-12-03T224035\SBC3\mission_output\variant_01\IndividualMissionPlan_LAH003.json
2025-12-03T13:40:44.763756Z [variant 1]     ▸ LAH 3개 파일 저장
2025-12-03T13:40:44.763756Z [variant 1] [3] InputMission 분할
2025-12-03T13:40:44.764755Z [variant 1] [3] InputMission 분할
2025-12-03T13:40:44.764755Z [variant 1]     ▸ (1/11) inputMissionID=1 type=1
2025-12-03T13:40:44.765756Z [variant 1]        └─ sub-area 3개 추가 (누적 3)
2025-12-03T13:40:44.765756Z [variant 1]     ▸ (2/11) inputMissionID=2 type=1
2025-12-03T13:40:44.766759Z [variant 1]        └─ sub-area 3개 추가 (누적 6)
2025-12-03T13:40:44.766759Z [variant 1]     ▸ (3/11) inputMissionID=3 type=2
2025-12-03T13:40:44.766759Z [variant 1]        └─ sub-area 3개 추가 (누적 9)
2025-12-03T13:40:44.767937Z [variant 1]     ▸ (4/11) inputMissionID=4 type=1
2025-12-03T13:40:44.767937Z [variant 1]        └─ sub-area 3개 추가 (누적 12)
2025-12-03T13:40:44.768936Z [variant 1]     ▸ (5/11) inputMissionID=5 type=2
2025-12-03T13:40:44.768936Z [variant 1]        └─ sub-area 3개 추가 (누적 15)
2025-12-03T13:40:44.769937Z [variant 1]     ▸ (6/11) inputMissionID=6 type=1
2025-12-03T13:40:44.769937Z [variant 1]        └─ sub-area 3개 추가 (누적 18)
2025-12-03T13:40:44.770936Z [variant 1]     ▸ (7/11) inputMissionID=7 type=2
2025-12-03T13:40:44.772936Z [variant 1]        └─ sub-area 3개 추가 (누적 21)
2025-12-03T13:40:44.772936Z [variant 1]     ▸ (8/11) inputMissionID=8 type=1
2025-12-03T13:40:44.772936Z [variant 1]        └─ sub-area 3개 추가 (누적 24)
2025-12-03T13:40:44.773937Z [variant 1]     ▸ (9/11) inputMissionID=9 type=2
2025-12-03T13:40:44.773937Z [variant 1]        └─ sub-area 3개 추가 (누적 27)
2025-12-03T13:40:44.773937Z [variant 1]     ▸ (10/11) inputMissionID=10 type=1
2025-12-03T13:40:44.774937Z [variant 1]        └─ sub-area 3개 추가 (누적 30)
2025-12-03T13:40:44.774937Z [variant 1]     ▸ (11/11) inputMissionID=11 type=1
2025-12-03T13:40:44.774937Z [variant 1]        └─ sub-area 3개 추가 (누적 33)
2025-12-03T13:40:44.774937Z [variant 1]     ▸ 분할 완료: 33개 sub-area
2025-12-03T13:40:44.774937Z [variant 1] [4] RL 예상시간 계산
2025-12-03T13:40:44.775937Z [variant 1]        RL 진행    1/33  (소요  0.0s)
2025-12-03T13:40:44.775937Z [variant 1]        RL 진행    2/33  (소요  0.0s)
2025-12-03T13:40:44.775937Z [variant 1]        RL 진행    4/33  (소요  0.0s)
2025-12-03T13:40:44.775937Z [variant 1]        RL 진행    6/33  (소요  0.0s)
2025-12-03T13:40:44.776938Z [variant 1]        RL 진행    8/33  (소요  0.0s)
2025-12-03T13:40:44.776938Z [variant 1]        RL 진행   10/33  (소요  0.0s)
2025-12-03T13:40:44.776938Z [variant 1]        RL 진행   12/33  (소요  0.0s)
2025-12-03T13:40:44.776938Z [variant 1]        RL 진행   14/33  (소요  0.0s)
2025-12-03T13:40:44.776938Z [variant 1]        RL 진행   16/33  (소요  0.0s)
2025-12-03T13:40:44.777937Z [variant 1]        RL 진행   18/33  (소요  0.0s)
2025-12-03T13:40:44.777937Z [variant 1]        RL 진행   20/33  (소요  0.0s)
2025-12-03T13:40:44.777937Z [variant 1]        RL 진행   22/33  (소요  0.0s)
2025-12-03T13:40:44.777937Z [variant 1]        RL 진행   24/33  (소요  0.0s)
2025-12-03T13:40:44.778938Z [variant 1]        RL 진행   26/33  (소요  0.0s)
2025-12-03T13:40:44.779937Z [variant 1]        RL 진행   28/33  (소요  0.0s)
2025-12-03T13:40:44.780937Z [variant 1]        RL 진행   30/33  (소요  0.0s)
2025-12-03T13:40:44.780937Z [variant 1]        RL 진행   32/33  (소요  0.0s)
2025-12-03T13:40:44.780937Z [variant 1]        RL 진행   33/33  (소요  0.0s)
2025-12-03T13:40:44.780937Z [variant 1]        ┌─ RL 세부 소요(ms) ─────────────
2025-12-03T13:40:44.782064Z [variant 1]        │ predict :    0.0  / p95    0.0
2025-12-03T13:40:44.782064Z [variant 1]        │ env.step:    0.0  / p95    0.0
2025-12-03T13:40:44.782064Z [variant 1]        │ distance:    0.0  / p95    0.0
2025-12-03T13:40:44.782064Z [variant 1]        └───────────────────────────────
2025-12-03T13:40:44.783064Z [variant 1] [5] PuLP 균등 스케줄링
2025-12-03T13:40:44.783064Z [variant 1] [PuLP] 입력 IMP 로드 → _flat.json
2025-12-03T13:40:44.783064Z [variant 1] [PuLP] 임무 33개 → 11개 그룹 (그룹당 ≤3개)
2025-12-03T13:40:44.934375Z [variant 1] [PuLP] Status = Optimal
2025-12-03T13:40:44.935375Z [variant 1] [PuLP] 최적 편차 = 24664.00 s
2025-12-03T13:40:44.935375Z [variant 1] [PuLP] 저장 완료 → C:\Users\LAHMUMT_2\Desktop\KU_LAHMUMT\Logs\Scenario_2025-12-03T224035\SBC3\mission_output\variant_01\_flat_sched.json
2025-12-03T13:40:44.942482Z [variant 1] [6] UAV IMP 생성‧저장
2025-12-03T13:40:45.274116Z [variant 1]     ▸ IMP 저장: C:\Users\LAHMUMT_2\Desktop\KU_LAHMUMT\Logs\Scenario_2025-12-03T224035\SBC3\mission_output\variant_01\IndividualMissionPlan_UAV004.json
2025-12-03T13:40:45.275116Z [variant 1]     ▸ IMP 저장: C:\Users\LAHMUMT_2\Desktop\KU_LAHMUMT\Logs\Scenario_2025-12-03T224035\SBC3\mission_output\variant_01\IndividualMissionPlan_UAV005.json
2025-12-03T13:40:45.276117Z [variant 1]     ▸ IMP 저장: C:\Users\LAHMUMT_2\Desktop\KU_LAHMUMT\Logs\Scenario_2025-12-03T224035\SBC3\mission_output\variant_01\IndividualMissionPlan_UAV006.json
2025-12-03T13:40:45.276117Z [variant 1] [✔] divide_and_pattern 끝 (총 1762930614.2s 경과)
2025-12-03T13:40:45.276117Z [OK] IMP generated: 6 file(s) (variant=1)
2025-12-03T13:40:45.309873Z [OK] MissionPlan built: MissionPlan_1764769245276.json (variant=1)
2025-12-03T13:40:45.538173Z [INFO] pathID mapping done for 0302/0303/0304 (variant=1)
2025-12-03T13:40:46.319996Z [OK] FlightPath counts (variant=1): 0303=33 / 0304=33
2025-12-03T13:40:46.494291Z [OK] Stored variant 1: MissionPlanID=700000001, IMP=6, FlightPath=66
2025-12-03T13:40:46.494291Z [INFO] Option mapping #1: planID=700000001, optionCode=1(시스템추천)
2025-12-03T13:40:46.495291Z [OK] Stored mission data: MissionPlan=1, IndividualMission=6, FlightPath=66
2025-12-03T13:40:46.495291Z [STEP 4] 0301 push queued (planIds=700000001)
2025-12-03T13:40:46.496291Z [INFO] Direct delivery -> skip 0901/0701, send 0301+0903 only
2025-12-03T13:40:46.502796Z [0301] missionPlanID=700000001 전송
2025-12-03T13:40:46.503797Z [PUSH] 0301 button click()
2025-12-03T13:40:47.098996Z [0305] status=2, reason=초기임무재계획 전송
2025-12-03T13:40:47.400787Z [0903] request sent (missionPlanID=700000001)
2025-12-03T13:40:48.645021Z [MODE] 슬라이더 변경 → 임무 수행
2025-12-03T13:40:48.646021Z [0101/POLL] 모드 동기화 code=3
2025-12-03T13:40:52.480466Z [AUTO] 0902 received (planIds=700000002, 700000003, 700000004)
2025-12-03T13:40:52.480466Z [AUTO] replan pipeline scheduled after 0.1s delay
2025-12-03T13:40:52.584465Z [0305] status=1, reason=협업기저임무 재입력에 대한 재계획 전송
2025-12-03T13:40:52.587467Z [INFO] Using latest 0201 ID 1 for inputMissionPackageID (fallback)
2025-12-03T13:40:52.587467Z [INFO] Using latest 0203 ID 1 for missionReferencePackageID (fallback)
2025-12-03T13:40:52.588559Z [STEP 0] Replan pipeline start (reason=협업기저임무 재입력에 대한 재계획)
2025-12-03T13:40:52.589559Z [INFO] Latest input snapshot → 0201:ID=1,ts=816922549226,src=-, 0203:ID=1,ts=818084440320,src=-
2025-12-03T13:40:52.589559Z [STEP 0] Using latest 0201 ID 1 (1.json)
2025-12-03T13:40:52.590558Z [STEP 0] Using latest 0203 ID 1 (1.json)
2025-12-03T13:40:52.590558Z [STEP 1.1] Divide & Pattern start
2025-12-03T13:40:52.590558Z [variant 1] [1] CMPK 로드
2025-12-03T13:40:52.590558Z [variant 1]     ▸ VehicleStatus 적용: 사용 가능한 기체 [1, 2, 3, 4, 5, 6]
2025-12-03T13:40:52.591558Z [variant 1]     MRPK 로드
2025-12-03T13:40:52.591558Z [variant 1]     ▸ 로드 완료  (소요 0.00s)
2025-12-03T13:40:52.591558Z [variant 1] [2] LAH 임무 저장 시작
2025-12-03T13:40:52.805325Z [variant 1] [LAH1] LAH 임무파일 저장 → C:\Users\LAHMUMT_2\Desktop\KU_LAHMUMT\Logs\Scenario_2025-12-03T224035\SBC3\mission_output\variant_01\IndividualMissionPlan_LAH001.json
2025-12-03T13:40:52.805325Z [variant 1] [LAH2] LAH 임무파일 저장 → C:\Users\LAHMUMT_2\Desktop\KU_LAHMUMT\Logs\Scenario_2025-12-03T224035\SBC3\mission_output\variant_01\IndividualMissionPlan_LAH002.json
2025-12-03T13:40:52.806325Z [variant 1] [LAH3] LAH 임무파일 저장 → C:\Users\LAHMUMT_2\Desktop\KU_LAHMUMT\Logs\Scenario_2025-12-03T224035\SBC3\mission_output\variant_01\IndividualMissionPlan_LAH003.json
2025-12-03T13:40:52.807325Z [variant 1]     ▸ LAH 3개 파일 저장
2025-12-03T13:40:52.807325Z [variant 1] [3] InputMission 분할
2025-12-03T13:40:52.808326Z [variant 1] [3] InputMission 분할
2025-12-03T13:40:52.808326Z [variant 1]     ▸ (1/11) inputMissionID=1 type=1
2025-12-03T13:40:52.809432Z [variant 1]        └─ sub-area 3개 추가 (누적 3)
2025-12-03T13:40:52.809432Z [variant 1]     ▸ (2/11) inputMissionID=2 type=1
2025-12-03T13:40:52.810432Z [variant 1]        └─ sub-area 3개 추가 (누적 6)
2025-12-03T13:40:52.810432Z [variant 1]     ▸ (3/11) inputMissionID=3 type=2
2025-12-03T13:40:52.811432Z [variant 1]        └─ sub-area 3개 추가 (누적 9)
2025-12-03T13:40:52.811432Z [variant 1]     ▸ (4/11) inputMissionID=4 type=1
2025-12-03T13:40:52.812432Z [variant 1]        └─ sub-area 3개 추가 (누적 12)
2025-12-03T13:40:52.812432Z [variant 1]     ▸ (5/11) inputMissionID=5 type=2
2025-12-03T13:40:52.813467Z [variant 1]        └─ sub-area 3개 추가 (누적 15)
2025-12-03T13:40:52.813467Z [variant 1]     ▸ (6/11) inputMissionID=6 type=1
2025-12-03T13:40:52.815465Z [variant 1]        └─ sub-area 3개 추가 (누적 18)
2025-12-03T13:40:52.815465Z [variant 1]     ▸ (7/11) inputMissionID=7 type=2
2025-12-03T13:40:52.816466Z [variant 1]        └─ sub-area 3개 추가 (누적 21)
2025-12-03T13:40:52.816466Z [variant 1]     ▸ (8/11) inputMissionID=8 type=1
2025-12-03T13:40:52.818466Z [variant 1]        └─ sub-area 3개 추가 (누적 24)
2025-12-03T13:40:52.818466Z [variant 1]     ▸ (9/11) inputMissionID=9 type=2
2025-12-03T13:40:52.818466Z [variant 1]        └─ sub-area 3개 추가 (누적 27)
2025-12-03T13:40:52.818466Z [variant 1]     ▸ (10/11) inputMissionID=10 type=1
2025-12-03T13:40:52.819466Z [variant 1]        └─ sub-area 3개 추가 (누적 30)
2025-12-03T13:40:52.819466Z [variant 1]     ▸ (11/11) inputMissionID=11 type=1
2025-12-03T13:40:52.819466Z [variant 1]        └─ sub-area 3개 추가 (누적 33)
2025-12-03T13:40:52.819466Z [variant 1]     ▸ 분할 완료: 33개 sub-area
2025-12-03T13:40:52.820466Z [variant 1] [4] RL 예상시간 계산
2025-12-03T13:40:52.820466Z [variant 1]        RL 진행    1/33  (소요  0.0s)
2025-12-03T13:40:52.820466Z [variant 1]        RL 진행    2/33  (소요  0.0s)
2025-12-03T13:40:52.820466Z [variant 1]        RL 진행    4/33  (소요  0.0s)
2025-12-03T13:40:52.821465Z [variant 1]        RL 진행    6/33  (소요  0.0s)
2025-12-03T13:40:52.821465Z [variant 1]        RL 진행    8/33  (소요  0.0s)
2025-12-03T13:40:52.821465Z [variant 1]        RL 진행   10/33  (소요  0.0s)
2025-12-03T13:40:52.821465Z [variant 1]        RL 진행   12/33  (소요  0.0s)
2025-12-03T13:40:52.822465Z [variant 1]        RL 진행   14/33  (소요  0.0s)
2025-12-03T13:40:52.823465Z [variant 1]        RL 진행   16/33  (소요  0.0s)
2025-12-03T13:40:52.823465Z [variant 1]        RL 진행   18/33  (소요  0.0s)
2025-12-03T13:40:52.823465Z [variant 1]        RL 진행   20/33  (소요  0.0s)
2025-12-03T13:40:52.824466Z [variant 1]        RL 진행   22/33  (소요  0.0s)
2025-12-03T13:40:52.824466Z [variant 1]        RL 진행   24/33  (소요  0.0s)
2025-12-03T13:40:52.824466Z [variant 1]        RL 진행   26/33  (소요  0.0s)
2025-12-03T13:40:52.824466Z [variant 1]        RL 진행   28/33  (소요  0.0s)
2025-12-03T13:40:52.825466Z [variant 1]        RL 진행   30/33  (소요  0.0s)
2025-12-03T13:40:52.825466Z [variant 1]        RL 진행   32/33  (소요  0.0s)
2025-12-03T13:40:52.825466Z [variant 1]        RL 진행   33/33  (소요  0.0s)
2025-12-03T13:40:52.825466Z [variant 1]        ┌─ RL 세부 소요(ms) ─────────────
2025-12-03T13:40:52.826576Z [variant 1]        │ predict :    0.0  / p95    0.0
2025-12-03T13:40:52.826576Z [variant 1]        │ env.step:    0.0  / p95    0.0
2025-12-03T13:40:52.826576Z [variant 1]        │ distance:    0.0  / p95    0.0
2025-12-03T13:40:52.826576Z [variant 1]        └───────────────────────────────
2025-12-03T13:40:52.827576Z [variant 1] [5] PuLP 균등 스케줄링
2025-12-03T13:40:52.827576Z [variant 1] [PuLP] 입력 IMP 로드 → _flat.json
2025-12-03T13:40:52.828576Z [variant 1] [PuLP] 임무 33개 → 11개 그룹 (그룹당 ≤3개)
2025-12-03T13:40:52.974850Z [variant 1] [PuLP] Status = Optimal
2025-12-03T13:40:52.975851Z [variant 1] [PuLP] 최적 편차 = 24664.00 s
2025-12-03T13:40:52.975851Z [variant 1] [PuLP] 저장 완료 → C:\Users\LAHMUMT_2\Desktop\KU_LAHMUMT\Logs\Scenario_2025-12-03T224035\SBC3\mission_output\variant_01\_flat_sched.json
2025-12-03T13:40:52.981850Z [variant 1] [6] UAV IMP 생성‧저장
2025-12-03T13:40:53.375793Z [variant 1]     ▸ IMP 저장: C:\Users\LAHMUMT_2\Desktop\KU_LAHMUMT\Logs\Scenario_2025-12-03T224035\SBC3\mission_output\variant_01\IndividualMissionPlan_UAV004.json
2025-12-03T13:40:53.376791Z [variant 1]     ▸ IMP 저장: C:\Users\LAHMUMT_2\Desktop\KU_LAHMUMT\Logs\Scenario_2025-12-03T224035\SBC3\mission_output\variant_01\IndividualMissionPlan_UAV005.json
2025-12-03T13:40:53.376791Z [variant 1]     ▸ IMP 저장: C:\Users\LAHMUMT_2\Desktop\KU_LAHMUMT\Logs\Scenario_2025-12-03T224035\SBC3\mission_output\variant_01\IndividualMissionPlan_UAV006.json
2025-12-03T13:40:53.377792Z [variant 1] [✔] divide_and_pattern 끝 (총 1762930614.2s 경과)
2025-12-03T13:40:53.377792Z [OK] IMP generated: 6 file(s) (variant=1)
2025-12-03T13:40:53.414923Z [OK] MissionPlan built: MissionPlan_1764769253377.json (variant=1)
2025-12-03T13:40:53.704587Z [INFO] pathID mapping done for 0302/0303/0304 (variant=1)
2025-12-03T13:40:54.339210Z [OK] FlightPath counts (variant=1): 0303=33 / 0304=33
2025-12-03T13:40:54.599517Z [OK] Stored variant 1: MissionPlanID=700000002, IMP=6, FlightPath=66
2025-12-03T13:40:54.599517Z [INFO] Option mapping #1: planID=700000002, optionCode=1(시스템추천)
2025-12-03T13:40:54.600517Z [STEP 1.2] Divide & Pattern start
2025-12-03T13:40:54.600517Z [variant 2] [1] CMPK 로드
2025-12-03T13:40:54.601517Z [variant 2]     ▸ VehicleStatus 적용: 사용 가능한 기체 [1, 2, 3, 4, 5, 6]
2025-12-03T13:40:54.601517Z [variant 2]     MRPK 로드
2025-12-03T13:40:54.601517Z [variant 2]     ▸ 로드 완료  (소요 0.00s)
2025-12-03T13:40:54.601517Z [variant 2] [2] LAH 임무 저장 시작
2025-12-03T13:40:54.837111Z [variant 2] [LAH1] LAH 임무파일 저장 → C:\Users\LAHMUMT_2\Desktop\KU_LAHMUMT\Logs\Scenario_2025-12-03T224035\SBC3\mission_output\variant_02\IndividualMissionPlan_LAH001.json
2025-12-03T13:40:54.838110Z [variant 2] [LAH2] LAH 임무파일 저장 → C:\Users\LAHMUMT_2\Desktop\KU_LAHMUMT\Logs\Scenario_2025-12-03T224035\SBC3\mission_output\variant_02\IndividualMissionPlan_LAH002.json
2025-12-03T13:40:54.840109Z [variant 2] [LAH3] LAH 임무파일 저장 → C:\Users\LAHMUMT_2\Desktop\KU_LAHMUMT\Logs\Scenario_2025-12-03T224035\SBC3\mission_output\variant_02\IndividualMissionPlan_LAH003.json
2025-12-03T13:40:54.841110Z [variant 2]     ▸ LAH 3개 파일 저장
2025-12-03T13:40:54.841110Z [variant 2] [3] InputMission 분할
2025-12-03T13:40:54.842110Z [variant 2] [3] InputMission 분할
2025-12-03T13:40:54.842110Z [variant 2]     ▸ (1/11) inputMissionID=1 type=1
2025-12-03T13:40:54.842110Z [variant 2]        └─ sub-area 3개 추가 (누적 3)
2025-12-03T13:40:54.842110Z [variant 2]     ▸ (2/11) inputMissionID=2 type=1
2025-12-03T13:40:54.843613Z [variant 2]        └─ sub-area 3개 추가 (누적 6)
2025-12-03T13:40:54.843613Z [variant 2]     ▸ (3/11) inputMissionID=3 type=2
2025-12-03T13:40:54.844617Z [variant 2]        └─ sub-area 3개 추가 (누적 9)
2025-12-03T13:40:54.844617Z [variant 2]     ▸ (4/11) inputMissionID=4 type=1
2025-12-03T13:40:54.845617Z [variant 2]        └─ sub-area 3개 추가 (누적 12)
2025-12-03T13:40:54.845617Z [variant 2]     ▸ (5/11) inputMissionID=5 type=2
2025-12-03T13:40:54.846618Z [variant 2]        └─ sub-area 3개 추가 (누적 15)
2025-12-03T13:40:54.846618Z [variant 2]     ▸ (6/11) inputMissionID=6 type=1
2025-12-03T13:40:54.847617Z [variant 2]        └─ sub-area 3개 추가 (누적 18)
2025-12-03T13:40:54.849713Z [variant 2]     ▸ (7/11) inputMissionID=7 type=2
2025-12-03T13:40:54.849713Z [variant 2]        └─ sub-area 3개 추가 (누적 21)
2025-12-03T13:40:54.849713Z [variant 2]     ▸ (8/11) inputMissionID=8 type=1
2025-12-03T13:40:54.850714Z [variant 2]        └─ sub-area 3개 추가 (누적 24)
2025-12-03T13:40:54.850714Z [variant 2]     ▸ (9/11) inputMissionID=9 type=2
2025-12-03T13:40:54.850714Z [variant 2]        └─ sub-area 3개 추가 (누적 27)
2025-12-03T13:40:54.850714Z [variant 2]     ▸ (10/11) inputMissionID=10 type=1
2025-12-03T13:40:54.851714Z [variant 2]        └─ sub-area 3개 추가 (누적 30)
2025-12-03T13:40:54.851714Z [variant 2]     ▸ (11/11) inputMissionID=11 type=1
2025-12-03T13:40:54.851714Z [variant 2]        └─ sub-area 3개 추가 (누적 33)
2025-12-03T13:40:54.851714Z [variant 2]     ▸ 분할 완료: 33개 sub-area
2025-12-03T13:40:54.851714Z [variant 2] [4] RL 예상시간 계산
2025-12-03T13:40:54.852713Z [variant 2]        RL 진행    1/33  (소요  0.0s)
2025-12-03T13:40:54.852713Z [variant 2]        RL 진행    2/33  (소요  0.0s)
2025-12-03T13:40:54.852713Z [variant 2]        RL 진행    4/33  (소요  0.0s)
2025-12-03T13:40:54.852713Z [variant 2]        RL 진행    6/33  (소요  0.0s)
2025-12-03T13:40:54.853714Z [variant 2]        RL 진행    8/33  (소요  0.0s)
2025-12-03T13:40:54.853714Z [variant 2]        RL 진행   10/33  (소요  0.0s)
2025-12-03T13:40:54.853714Z [variant 2]        RL 진행   12/33  (소요  0.0s)
2025-12-03T13:40:54.853714Z [variant 2]        RL 진행   14/33  (소요  0.0s)
2025-12-03T13:40:54.854714Z [variant 2]        RL 진행   16/33  (소요  0.0s)
2025-12-03T13:40:54.854714Z [variant 2]        RL 진행   18/33  (소요  0.0s)
2025-12-03T13:40:54.854714Z [variant 2]        RL 진행   20/33  (소요  0.0s)
2025-12-03T13:40:54.854714Z [variant 2]        RL 진행   22/33  (소요  0.0s)
2025-12-03T13:40:54.854714Z [variant 2]        RL 진행   24/33  (소요  0.0s)
2025-12-03T13:40:54.855713Z [variant 2]        RL 진행   26/33  (소요  0.0s)
2025-12-03T13:40:54.855713Z [variant 2]        RL 진행   28/33  (소요  0.0s)
2025-12-03T13:40:54.855713Z [variant 2]        RL 진행   30/33  (소요  0.0s)
2025-12-03T13:40:54.855713Z [variant 2]        RL 진행   32/33  (소요  0.0s)
2025-12-03T13:40:54.856715Z [variant 2]        RL 진행   33/33  (소요  0.0s)
2025-12-03T13:40:54.856715Z [variant 2]        ┌─ RL 세부 소요(ms) ─────────────
2025-12-03T13:40:54.856715Z [variant 2]        │ predict :    0.0  / p95    0.0
2025-12-03T13:40:54.856715Z [variant 2]        │ env.step:    0.0  / p95    0.0
2025-12-03T13:40:54.858713Z [variant 2]        │ distance:    0.0  / p95    0.0
2025-12-03T13:40:54.858713Z [variant 2]        └───────────────────────────────
2025-12-03T13:40:54.859715Z [variant 2] [5] PuLP 균등 스케줄링
2025-12-03T13:40:54.859715Z [variant 2] [PuLP] 입력 IMP 로드 → _flat.json
2025-12-03T13:40:54.861714Z [variant 2] [PuLP] 임무 33개 → 11개 그룹 (그룹당 ≤3개)
2025-12-03T13:40:55.013566Z [variant 2] [PuLP] Status = Optimal
2025-12-03T13:40:55.014567Z [variant 2] [PuLP] 최적 편차 = 24664.00 s
2025-12-03T13:40:55.014567Z [variant 2] [PuLP] 저장 완료 → C:\Users\LAHMUMT_2\Desktop\KU_LAHMUMT\Logs\Scenario_2025-12-03T224035\SBC3\mission_output\variant_02\_flat_sched.json
2025-12-03T13:40:55.021569Z [variant 2] [6] UAV IMP 생성‧저장
2025-12-03T13:40:55.417681Z [variant 2]     ▸ IMP 저장: C:\Users\LAHMUMT_2\Desktop\KU_LAHMUMT\Logs\Scenario_2025-12-03T224035\SBC3\mission_output\variant_02\IndividualMissionPlan_UAV004.json
2025-12-03T13:40:55.418681Z [variant 2]     ▸ IMP 저장: C:\Users\LAHMUMT_2\Desktop\KU_LAHMUMT\Logs\Scenario_2025-12-03T224035\SBC3\mission_output\variant_02\IndividualMissionPlan_UAV005.json
2025-12-03T13:40:55.419682Z [variant 2]     ▸ IMP 저장: C:\Users\LAHMUMT_2\Desktop\KU_LAHMUMT\Logs\Scenario_2025-12-03T224035\SBC3\mission_output\variant_02\IndividualMissionPlan_UAV006.json
2025-12-03T13:40:55.419682Z [variant 2] [✔] divide_and_pattern 끝 (총 1762930614.2s 경과)
2025-12-03T13:40:55.419682Z [OK] IMP generated: 6 file(s) (variant=2)
2025-12-03T13:40:55.453359Z [OK] MissionPlan built: MissionPlan_1764769255419.json (variant=2)
2025-12-03T13:40:55.720100Z [INFO] pathID mapping done for 0302/0303/0304 (variant=2)
2025-12-03T13:40:56.288399Z [OK] FlightPath counts (variant=2): 0303=33 / 0304=33
2025-12-03T13:40:56.568923Z [OK] Stored variant 2: MissionPlanID=700000003, IMP=6, FlightPath=66
2025-12-03T13:40:56.569922Z [INFO] Option mapping #2: planID=700000003, optionCode=4(정찰특화)
2025-12-03T13:40:56.570923Z [STEP 1.3] Divide & Pattern start
2025-12-03T13:40:56.570923Z [variant 3] [1] CMPK 로드
2025-12-03T13:40:56.570923Z [variant 3]     ▸ VehicleStatus 적용: 사용 가능한 기체 [1, 2, 3, 4, 5, 6]
2025-12-03T13:40:56.570923Z [variant 3]     MRPK 로드
2025-12-03T13:40:56.571923Z [variant 3]     ▸ 로드 완료  (소요 0.00s)
2025-12-03T13:40:56.571923Z [variant 3] [2] LAH 임무 저장 시작
2025-12-03T13:40:56.838751Z [variant 3] [LAH1] LAH 임무파일 저장 → C:\Users\LAHMUMT_2\Desktop\KU_LAHMUMT\Logs\Scenario_2025-12-03T224035\SBC3\mission_output\variant_03\IndividualMissionPlan_LAH001.json
2025-12-03T13:40:56.838751Z [variant 3] [LAH2] LAH 임무파일 저장 → C:\Users\LAHMUMT_2\Desktop\KU_LAHMUMT\Logs\Scenario_2025-12-03T224035\SBC3\mission_output\variant_03\IndividualMissionPlan_LAH002.json
2025-12-03T13:40:56.839752Z [variant 3] [LAH3] LAH 임무파일 저장 → C:\Users\LAHMUMT_2\Desktop\KU_LAHMUMT\Logs\Scenario_2025-12-03T224035\SBC3\mission_output\variant_03\IndividualMissionPlan_LAH003.json
2025-12-03T13:40:56.840752Z [variant 3]     ▸ LAH 3개 파일 저장
2025-12-03T13:40:56.840752Z [variant 3] [3] InputMission 분할
2025-12-03T13:40:56.840752Z [variant 3] [3] InputMission 분할
2025-12-03T13:40:56.841750Z [variant 3]     ▸ (1/11) inputMissionID=1 type=1
2025-12-03T13:40:56.841750Z [variant 3]        └─ sub-area 3개 추가 (누적 3)
2025-12-03T13:40:56.842750Z [variant 3]     ▸ (2/11) inputMissionID=2 type=1
2025-12-03T13:40:56.842750Z [variant 3]        └─ sub-area 3개 추가 (누적 6)
2025-12-03T13:40:56.842750Z [variant 3]     ▸ (3/11) inputMissionID=3 type=2
2025-12-03T13:40:56.843752Z [variant 3]        └─ sub-area 3개 추가 (누적 9)
2025-12-03T13:40:56.844256Z [variant 3]     ▸ (4/11) inputMissionID=4 type=1
2025-12-03T13:40:56.845261Z [variant 3]        └─ sub-area 3개 추가 (누적 12)
2025-12-03T13:40:56.845261Z [variant 3]     ▸ (5/11) inputMissionID=5 type=2
2025-12-03T13:40:56.845261Z [variant 3]        └─ sub-area 3개 추가 (누적 15)
2025-12-03T13:40:56.846260Z [variant 3]     ▸ (6/11) inputMissionID=6 type=1
2025-12-03T13:40:56.847260Z [variant 3]        └─ sub-area 3개 추가 (누적 18)
2025-12-03T13:40:56.848260Z [variant 3]     ▸ (7/11) inputMissionID=7 type=2
2025-12-03T13:40:56.849261Z [variant 3]        └─ sub-area 3개 추가 (누적 21)
2025-12-03T13:40:56.850261Z [variant 3]     ▸ (8/11) inputMissionID=8 type=1
2025-12-03T13:40:56.850261Z [variant 3]        └─ sub-area 3개 추가 (누적 24)
2025-12-03T13:40:56.851261Z [variant 3]     ▸ (9/11) inputMissionID=9 type=2
2025-12-03T13:40:56.851261Z [variant 3]        └─ sub-area 3개 추가 (누적 27)
2025-12-03T13:40:56.851261Z [variant 3]     ▸ (10/11) inputMissionID=10 type=1
2025-12-03T13:40:56.851261Z [variant 3]        └─ sub-area 3개 추가 (누적 30)
2025-12-03T13:40:56.851261Z [variant 3]     ▸ (11/11) inputMissionID=11 type=1
2025-12-03T13:40:56.852260Z [variant 3]        └─ sub-area 3개 추가 (누적 33)
2025-12-03T13:40:56.852260Z [variant 3]     ▸ 분할 완료: 33개 sub-area
2025-12-03T13:40:56.852260Z [variant 3] [4] RL 예상시간 계산
2025-12-03T13:40:56.852260Z [variant 3]        RL 진행    1/33  (소요  0.0s)
2025-12-03T13:40:56.853260Z [variant 3]        RL 진행    2/33  (소요  0.0s)
2025-12-03T13:40:56.853260Z [variant 3]        RL 진행    4/33  (소요  0.0s)
2025-12-03T13:40:56.853260Z [variant 3]        RL 진행    6/33  (소요  0.0s)
2025-12-03T13:40:56.854260Z [variant 3]        RL 진행    8/33  (소요  0.0s)
2025-12-03T13:40:56.854260Z [variant 3]        RL 진행   10/33  (소요  0.0s)
2025-12-03T13:40:56.854260Z [variant 3]        RL 진행   12/33  (소요  0.0s)
2025-12-03T13:40:56.854260Z [variant 3]        RL 진행   14/33  (소요  0.0s)
2025-12-03T13:40:56.854260Z [variant 3]        RL 진행   16/33  (소요  0.0s)
2025-12-03T13:40:56.855480Z [variant 3]        RL 진행   18/33  (소요  0.0s)
2025-12-03T13:40:56.855480Z [variant 3]        RL 진행   20/33  (소요  0.0s)
2025-12-03T13:40:56.855480Z [variant 3]        RL 진행   22/33  (소요  0.0s)
2025-12-03T13:40:56.856480Z [variant 3]        RL 진행   24/33  (소요  0.0s)
2025-12-03T13:40:56.856480Z [variant 3]        RL 진행   26/33  (소요  0.0s)
2025-12-03T13:40:56.856480Z [variant 3]        RL 진행   28/33  (소요  0.0s)
2025-12-03T13:40:56.856480Z [variant 3]        RL 진행   30/33  (소요  0.0s)
2025-12-03T13:40:56.857480Z [variant 3]        RL 진행   32/33  (소요  0.0s)
2025-12-03T13:40:56.857480Z [variant 3]        RL 진행   33/33  (소요  0.0s)
2025-12-03T13:40:56.857480Z [variant 3]        ┌─ RL 세부 소요(ms) ─────────────
2025-12-03T13:40:56.857480Z [variant 3]        │ predict :    0.0  / p95    0.0
2025-12-03T13:40:56.857480Z [variant 3]        │ env.step:    0.0  / p95    0.0
2025-12-03T13:40:56.858479Z [variant 3]        │ distance:    0.0  / p95    0.0
2025-12-03T13:40:56.858479Z [variant 3]        └───────────────────────────────
2025-12-03T13:40:56.858479Z [variant 3] [5] PuLP 균등 스케줄링
2025-12-03T13:40:56.859480Z [variant 3] [PuLP] 입력 IMP 로드 → _flat.json
2025-12-03T13:40:56.861484Z [variant 3] [PuLP] 임무 33개 → 11개 그룹 (그룹당 ≤3개)
2025-12-03T13:40:57.018409Z [variant 3] [PuLP] Status = Optimal
2025-12-03T13:40:57.019410Z [variant 3] [PuLP] 최적 편차 = 24664.00 s
2025-12-03T13:40:57.019410Z [variant 3] [PuLP] 저장 완료 → C:\Users\LAHMUMT_2\Desktop\KU_LAHMUMT\Logs\Scenario_2025-12-03T224035\SBC3\mission_output\variant_03\_flat_sched.json
2025-12-03T13:40:57.027561Z [variant 3] [6] UAV IMP 생성‧저장
2025-12-03T13:40:57.492996Z [variant 3]     ▸ IMP 저장: C:\Users\LAHMUMT_2\Desktop\KU_LAHMUMT\Logs\Scenario_2025-12-03T224035\SBC3\mission_output\variant_03\IndividualMissionPlan_UAV004.json
2025-12-03T13:40:57.493995Z [variant 3]     ▸ IMP 저장: C:\Users\LAHMUMT_2\Desktop\KU_LAHMUMT\Logs\Scenario_2025-12-03T224035\SBC3\mission_output\variant_03\IndividualMissionPlan_UAV005.json
2025-12-03T13:40:57.494995Z [variant 3]     ▸ IMP 저장: C:\Users\LAHMUMT_2\Desktop\KU_LAHMUMT\Logs\Scenario_2025-12-03T224035\SBC3\mission_output\variant_03\IndividualMissionPlan_UAV006.json
2025-12-03T13:40:57.494995Z [variant 3] [✔] divide_and_pattern 끝 (총 1762930614.3s 경과)
2025-12-03T13:40:57.495995Z [OK] IMP generated: 6 file(s) (variant=3)
2025-12-03T13:40:57.528205Z [OK] MissionPlan built: MissionPlan_1764769257494.json (variant=3)
2025-12-03T13:40:57.817772Z [INFO] pathID mapping done for 0302/0303/0304 (variant=3)
2025-12-03T13:40:58.387417Z [OK] FlightPath counts (variant=3): 0303=33 / 0304=33
2025-12-03T13:40:58.666109Z [OK] Stored variant 3: MissionPlanID=700000004, IMP=6, FlightPath=66
2025-12-03T13:40:58.666109Z [INFO] Option mapping #3: planID=700000004, optionCode=5(최소시간)
2025-12-03T13:40:58.668109Z [OK] Stored mission data: MissionPlan=3, IndividualMission=18, FlightPath=198
2025-12-03T13:40:58.668109Z [STEP 4] 0301 push queued (planIds=700000002, 700000003, 700000004)
2025-12-03T13:40:58.669109Z [INFO] Execution mode -> sending 0901 instead of 0903
2025-12-03T13:40:58.672110Z [0301] missionPlanID=700000002 전송
2025-12-03T13:40:58.674113Z [0301] missionPlanID=700000003 전송
2025-12-03T13:40:58.676113Z [0301] missionPlanID=700000004 전송
2025-12-03T13:40:58.677114Z [PUSH] 0301 button click()
2025-12-03T13:40:59.271916Z [0305] status=2, reason=협업기저임무 재입력에 대한 재계획 전송
2025-12-03T13:40:59.574319Z [0901] option request sent (count=3, codes=1(시스템추천), 4(정찰특화), 5(최소시간))
2025-12-03T13:42:56.268658Z [AUTO] 0902 received (planIds=700000005, 700000006, 700000007)
2025-12-03T13:42:56.268658Z [AUTO] replan pipeline scheduled after 0.1s delay
2025-12-03T13:42:56.372194Z [0305] status=1, reason=강제귀환으로 인한 재계획 전송
2025-12-03T13:42:56.374700Z [INFO] Using latest 0201 ID 1 for inputMissionPackageID (fallback)
2025-12-03T13:42:56.374700Z [INFO] Using latest 0203 ID 1 for missionReferencePackageID (fallback)
2025-12-03T13:42:56.375705Z [STEP 0] Replan pipeline start (reason=강제귀환으로 인한 재계획)
2025-12-03T13:42:56.376705Z [INFO] Latest input snapshot → 0201:ID=1,ts=816922549226,src=-, 0203:ID=1,ts=818084440320,src=-
2025-12-03T13:42:56.376705Z [STEP 0] Using latest 0201 ID 1 (1.json)
2025-12-03T13:42:56.377706Z [STEP 0] Using latest 0203 ID 1 (1.json)
2025-12-03T13:42:56.377706Z [STEP 1.1] Divide & Pattern start
2025-12-03T13:42:56.377706Z [variant 1] [1] CMPK 로드
2025-12-03T13:42:56.383823Z [variant 1]     ▸ VehicleStatus 적용: 불가 기체 제외 [4]
2025-12-03T13:42:56.383823Z [variant 1]     MRPK 로드
2025-12-03T13:42:56.383823Z [variant 1]     ▸ 로드 완료  (소요 0.01s)
2025-12-03T13:42:56.384827Z [variant 1] [2] LAH 임무 저장 시작
2025-12-03T13:42:56.689237Z [variant 1] [LAH1] LAH 임무파일 저장 → C:\Users\LAHMUMT_2\Desktop\KU_LAHMUMT\Logs\Scenario_2025-12-03T224035\SBC3\mission_output\variant_01\IndividualMissionPlan_LAH001.json
2025-12-03T13:42:56.689237Z [variant 1] [LAH2] LAH 임무파일 저장 → C:\Users\LAHMUMT_2\Desktop\KU_LAHMUMT\Logs\Scenario_2025-12-03T224035\SBC3\mission_output\variant_01\IndividualMissionPlan_LAH002.json
2025-12-03T13:42:56.692237Z [variant 1] [LAH3] LAH 임무파일 저장 → C:\Users\LAHMUMT_2\Desktop\KU_LAHMUMT\Logs\Scenario_2025-12-03T224035\SBC3\mission_output\variant_01\IndividualMissionPlan_LAH003.json
2025-12-03T13:42:56.692237Z [variant 1]     ▸ LAH 3개 파일 저장
2025-12-03T13:42:56.693238Z [variant 1] [3] InputMission 분할
2025-12-03T13:42:56.693238Z [variant 1] [3] InputMission 분할
2025-12-03T13:42:56.693238Z [variant 1]     ▸ (1/11) inputMissionID=1 type=1
2025-12-03T13:42:56.694237Z [variant 1]        └─ sub-area 2개 추가 (누적 2)
2025-12-03T13:42:56.694237Z [variant 1]     ▸ (2/11) inputMissionID=2 type=1
2025-12-03T13:42:56.695237Z [variant 1]        └─ sub-area 2개 추가 (누적 4)
2025-12-03T13:42:56.695237Z [variant 1]     ▸ (3/11) inputMissionID=3 type=2
2025-12-03T13:42:56.696236Z [variant 1]        └─ sub-area 2개 추가 (누적 6)
2025-12-03T13:42:56.696236Z [variant 1]     ▸ (4/11) inputMissionID=4 type=1
2025-12-03T13:42:56.697236Z [variant 1]        └─ sub-area 2개 추가 (누적 8)
2025-12-03T13:42:56.697236Z [variant 1]     ▸ (5/11) inputMissionID=5 type=2
2025-12-03T13:42:56.698237Z [variant 1]        └─ sub-area 2개 추가 (누적 10)
2025-12-03T13:42:56.699238Z [variant 1]     ▸ (6/11) inputMissionID=6 type=1
2025-12-03T13:42:56.699238Z [variant 1]        └─ sub-area 2개 추가 (누적 12)
2025-12-03T13:42:56.700237Z [variant 1]     ▸ (7/11) inputMissionID=7 type=2
2025-12-03T13:42:56.700237Z [variant 1]        └─ sub-area 2개 추가 (누적 14)
2025-12-03T13:42:56.700237Z [variant 1]     ▸ (8/11) inputMissionID=8 type=1
2025-12-03T13:42:56.700237Z [variant 1]        └─ sub-area 2개 추가 (누적 16)
2025-12-03T13:42:56.700237Z [variant 1]     ▸ (9/11) inputMissionID=9 type=2
2025-12-03T13:42:56.701236Z [variant 1]        └─ sub-area 2개 추가 (누적 18)
2025-12-03T13:42:56.701236Z [variant 1]     ▸ (10/11) inputMissionID=10 type=1
2025-12-03T13:42:56.701236Z [variant 1]        └─ sub-area 2개 추가 (누적 20)
2025-12-03T13:42:56.701236Z [variant 1]     ▸ (11/11) inputMissionID=11 type=1
2025-12-03T13:42:56.702234Z [variant 1]        └─ sub-area 2개 추가 (누적 22)
2025-12-03T13:42:56.702234Z [variant 1]     ▸ 분할 완료: 22개 sub-area
2025-12-03T13:42:56.702234Z [variant 1] [4] RL 예상시간 계산
2025-12-03T13:42:56.702234Z [variant 1]        RL 진행    1/22  (소요  0.0s)
2025-12-03T13:42:56.702234Z [variant 1]        RL 진행    2/22  (소요  0.0s)
2025-12-03T13:42:56.703236Z [variant 1]        RL 진행    4/22  (소요  0.0s)
2025-12-03T13:42:56.703236Z [variant 1]        RL 진행    6/22  (소요  0.0s)
2025-12-03T13:42:56.703236Z [variant 1]        RL 진행    8/22  (소요  0.0s)
2025-12-03T13:42:56.703236Z [variant 1]        RL 진행   10/22  (소요  0.0s)
2025-12-03T13:42:56.704238Z [variant 1]        RL 진행   12/22  (소요  0.0s)
2025-12-03T13:42:56.704238Z [variant 1]        RL 진행   14/22  (소요  0.0s)
2025-12-03T13:42:56.704238Z [variant 1]        RL 진행   16/22  (소요  0.0s)
2025-12-03T13:42:56.705344Z [variant 1]        RL 진행   18/22  (소요  0.0s)
2025-12-03T13:42:56.705344Z [variant 1]        RL 진행   20/22  (소요  0.0s)
2025-12-03T13:42:56.705344Z [variant 1]        RL 진행   22/22  (소요  0.0s)
2025-12-03T13:42:56.706345Z [variant 1]        ┌─ RL 세부 소요(ms) ─────────────
2025-12-03T13:42:56.706345Z [variant 1]        │ predict :    0.0  / p95    0.0
2025-12-03T13:42:56.706345Z [variant 1]        │ env.step:    0.0  / p95    0.0
2025-12-03T13:42:56.706345Z [variant 1]        │ distance:    0.0  / p95    0.0
2025-12-03T13:42:56.707343Z [variant 1]        └───────────────────────────────
2025-12-03T13:42:56.707343Z [variant 1] [5] PuLP 균등 스케줄링
2025-12-03T13:42:56.707343Z [variant 1] [PuLP] 입력 IMP 로드 → _flat.json
2025-12-03T13:42:56.709345Z [variant 1] [PuLP] 임무 22개 → 11개 그룹 (그룹당 ≤2개)
2025-12-03T13:42:56.735853Z [variant 1] [PuLP] Status = Optimal
2025-12-03T13:42:56.736856Z [variant 1] [PuLP] 최적 편차 = 39.50 s
2025-12-03T13:42:56.736856Z [variant 1] [PuLP] 저장 완료 → C:\Users\LAHMUMT_2\Desktop\KU_LAHMUMT\Logs\Scenario_2025-12-03T224035\SBC3\mission_output\variant_01\_flat_sched.json
2025-12-03T13:42:56.744986Z [variant 1] [6] UAV IMP 생성‧저장
2025-12-03T13:42:57.066792Z [variant 1]     ▸ IMP 저장: C:\Users\LAHMUMT_2\Desktop\KU_LAHMUMT\Logs\Scenario_2025-12-03T224035\SBC3\mission_output\variant_01\IndividualMissionPlan_UAV005.json
2025-12-03T13:42:57.067792Z [variant 1]     ▸ IMP 저장: C:\Users\LAHMUMT_2\Desktop\KU_LAHMUMT\Logs\Scenario_2025-12-03T224035\SBC3\mission_output\variant_01\IndividualMissionPlan_UAV006.json
2025-12-03T13:42:57.068795Z [variant 1] [✔] divide_and_pattern 끝 (총 1762930614.0s 경과)
2025-12-03T13:42:57.068795Z [OK] IMP generated: 5 file(s) (variant=1)
2025-12-03T13:42:57.094921Z [OK] MissionPlan built: MissionPlan_1764769377067.json (variant=1)
2025-12-03T13:42:57.422702Z [INFO] pathID mapping done for 0302/0303/0304 (variant=1)
2025-12-03T13:42:57.924105Z [OK] FlightPath counts (variant=1): 0303=22 / 0304=33
2025-12-03T13:42:58.207748Z [OK] Stored variant 1: MissionPlanID=700000005, IMP=5, FlightPath=55
2025-12-03T13:42:58.207748Z [INFO] Option mapping #1: planID=700000005, optionCode=1(시스템추천)
2025-12-03T13:42:58.208746Z [STEP 1.2] Divide & Pattern start
2025-12-03T13:42:58.208746Z [variant 2] [1] CMPK 로드
2025-12-03T13:42:58.208746Z [variant 2]     ▸ VehicleStatus 적용: 불가 기체 제외 [4]
2025-12-03T13:42:58.209746Z [variant 2]     MRPK 로드
2025-12-03T13:42:58.209746Z [variant 2]     ▸ 로드 완료  (소요 0.00s)
2025-12-03T13:42:58.209746Z [variant 2] [2] LAH 임무 저장 시작
2025-12-03T13:42:58.512361Z [variant 2] [LAH1] LAH 임무파일 저장 → C:\Users\LAHMUMT_2\Desktop\KU_LAHMUMT\Logs\Scenario_2025-12-03T224035\SBC3\mission_output\variant_02\IndividualMissionPlan_LAH001.json
2025-12-03T13:42:58.513361Z [variant 2] [LAH2] LAH 임무파일 저장 → C:\Users\LAHMUMT_2\Desktop\KU_LAHMUMT\Logs\Scenario_2025-12-03T224035\SBC3\mission_output\variant_02\IndividualMissionPlan_LAH002.json
2025-12-03T13:42:58.514361Z [variant 2] [LAH3] LAH 임무파일 저장 → C:\Users\LAHMUMT_2\Desktop\KU_LAHMUMT\Logs\Scenario_2025-12-03T224035\SBC3\mission_output\variant_02\IndividualMissionPlan_LAH003.json
2025-12-03T13:42:58.514361Z [variant 2]     ▸ LAH 3개 파일 저장
2025-12-03T13:42:58.515361Z [variant 2] [3] InputMission 분할
2025-12-03T13:42:58.515361Z [variant 2] [3] InputMission 분할
2025-12-03T13:42:58.516364Z [variant 2]     ▸ (1/11) inputMissionID=1 type=1
2025-12-03T13:42:58.516364Z [variant 2]        └─ sub-area 2개 추가 (누적 2)
2025-12-03T13:42:58.517364Z [variant 2]     ▸ (2/11) inputMissionID=2 type=1
2025-12-03T13:42:58.517364Z [variant 2]        └─ sub-area 2개 추가 (누적 4)
2025-12-03T13:42:58.517364Z [variant 2]     ▸ (3/11) inputMissionID=3 type=2
2025-12-03T13:42:58.518364Z [variant 2]        └─ sub-area 2개 추가 (누적 6)
2025-12-03T13:42:58.518364Z [variant 2]     ▸ (4/11) inputMissionID=4 type=1
2025-12-03T13:42:58.519364Z [variant 2]        └─ sub-area 2개 추가 (누적 8)
2025-12-03T13:42:58.521364Z [variant 2]     ▸ (5/11) inputMissionID=5 type=2
2025-12-03T13:42:58.521364Z [variant 2]        └─ sub-area 2개 추가 (누적 10)
2025-12-03T13:42:58.521364Z [variant 2]     ▸ (6/11) inputMissionID=6 type=1
2025-12-03T13:42:58.522364Z [variant 2]        └─ sub-area 2개 추가 (누적 12)
2025-12-03T13:42:58.522364Z [variant 2]     ▸ (7/11) inputMissionID=7 type=2
2025-12-03T13:42:58.522364Z [variant 2]        └─ sub-area 2개 추가 (누적 14)
2025-12-03T13:42:58.523364Z [variant 2]     ▸ (8/11) inputMissionID=8 type=1
2025-12-03T13:42:58.523364Z [variant 2]        └─ sub-area 2개 추가 (누적 16)
2025-12-03T13:42:58.523364Z [variant 2]     ▸ (9/11) inputMissionID=9 type=2
2025-12-03T13:42:58.524457Z [variant 2]        └─ sub-area 2개 추가 (누적 18)
2025-12-03T13:42:58.524457Z [variant 2]     ▸ (10/11) inputMissionID=10 type=1
2025-12-03T13:42:58.524457Z [variant 2]        └─ sub-area 2개 추가 (누적 20)
2025-12-03T13:42:58.524457Z [variant 2]     ▸ (11/11) inputMissionID=11 type=1
2025-12-03T13:42:58.525457Z [variant 2]        └─ sub-area 2개 추가 (누적 22)
2025-12-03T13:42:58.525457Z [variant 2]     ▸ 분할 완료: 22개 sub-area
2025-12-03T13:42:58.525457Z [variant 2] [4] RL 예상시간 계산
2025-12-03T13:42:58.526457Z [variant 2]        RL 진행    1/22  (소요  0.0s)
2025-12-03T13:42:58.526457Z [variant 2]        RL 진행    2/22  (소요  0.0s)
2025-12-03T13:42:58.526457Z [variant 2]        RL 진행    4/22  (소요  0.0s)
2025-12-03T13:42:58.526457Z [variant 2]        RL 진행    6/22  (소요  0.0s)
2025-12-03T13:42:58.527457Z [variant 2]        RL 진행    8/22  (소요  0.0s)
2025-12-03T13:42:58.527457Z [variant 2]        RL 진행   10/22  (소요  0.0s)
2025-12-03T13:42:58.527457Z [variant 2]        RL 진행   12/22  (소요  0.0s)
2025-12-03T13:42:58.527457Z [variant 2]        RL 진행   14/22  (소요  0.0s)
2025-12-03T13:42:58.528457Z [variant 2]        RL 진행   16/22  (소요  0.0s)
2025-12-03T13:42:58.528457Z [variant 2]        RL 진행   18/22  (소요  0.0s)
2025-12-03T13:42:58.528457Z [variant 2]        RL 진행   20/22  (소요  0.0s)
2025-12-03T13:42:58.528457Z [variant 2]        RL 진행   22/22  (소요  0.0s)
2025-12-03T13:42:58.529457Z [variant 2]        ┌─ RL 세부 소요(ms) ─────────────
2025-12-03T13:42:58.529457Z [variant 2]        │ predict :    0.0  / p95    0.0
2025-12-03T13:42:58.529457Z [variant 2]        │ env.step:    0.0  / p95    0.0
2025-12-03T13:42:58.529457Z [variant 2]        │ distance:    0.0  / p95    0.0
2025-12-03T13:42:58.529457Z [variant 2]        └───────────────────────────────
2025-12-03T13:42:58.529457Z [variant 2] [5] PuLP 균등 스케줄링
2025-12-03T13:42:58.529457Z [variant 2] [PuLP] 입력 IMP 로드 → _flat.json
2025-12-03T13:42:58.530960Z [variant 2] [PuLP] 임무 22개 → 11개 그룹 (그룹당 ≤2개)
2025-12-03T13:42:58.546968Z [variant 2] [PuLP] Status = Optimal
2025-12-03T13:42:58.546968Z [variant 2] [PuLP] 최적 편차 = 39.50 s
2025-12-03T13:42:58.547969Z [variant 2] [PuLP] 저장 완료 → C:\Users\LAHMUMT_2\Desktop\KU_LAHMUMT\Logs\Scenario_2025-12-03T224035\SBC3\mission_output\variant_02\_flat_sched.json
2025-12-03T13:42:58.547969Z [variant 2] [6] UAV IMP 생성‧저장
2025-12-03T13:42:58.856028Z [variant 2]     ▸ IMP 저장: C:\Users\LAHMUMT_2\Desktop\KU_LAHMUMT\Logs\Scenario_2025-12-03T224035\SBC3\mission_output\variant_02\IndividualMissionPlan_UAV005.json
2025-12-03T13:42:58.857028Z [variant 2]     ▸ IMP 저장: C:\Users\LAHMUMT_2\Desktop\KU_LAHMUMT\Logs\Scenario_2025-12-03T224035\SBC3\mission_output\variant_02\IndividualMissionPlan_UAV006.json
2025-12-03T13:42:58.857028Z [variant 2] [✔] divide_and_pattern 끝 (총 1762930614.0s 경과)
2025-12-03T13:42:58.858028Z [OK] IMP generated: 5 file(s) (variant=2)
2025-12-03T13:42:58.881820Z [OK] MissionPlan built: MissionPlan_1764769378857.json (variant=2)
2025-12-03T13:42:59.167300Z [INFO] pathID mapping done for 0302/0303/0304 (variant=2)
2025-12-03T13:42:59.615674Z [OK] FlightPath counts (variant=2): 0303=22 / 0304=33
2025-12-03T13:42:59.906510Z [OK] Stored variant 2: MissionPlanID=700000006, IMP=5, FlightPath=55
2025-12-03T13:42:59.906510Z [INFO] Option mapping #2: planID=700000006, optionCode=4(정찰특화)
2025-12-03T13:42:59.907519Z [STEP 1.3] Divide & Pattern start
2025-12-03T13:42:59.907519Z [variant 3] [1] CMPK 로드
2025-12-03T13:42:59.907519Z [variant 3]     ▸ VehicleStatus 적용: 불가 기체 제외 [4]
2025-12-03T13:42:59.908517Z [variant 3]     MRPK 로드
2025-12-03T13:42:59.908517Z [variant 3]     ▸ 로드 완료  (소요 0.00s)
2025-12-03T13:42:59.908517Z [variant 3] [2] LAH 임무 저장 시작
2025-12-03T13:43:00.245820Z [variant 3] [LAH1] LAH 임무파일 저장 → C:\Users\LAHMUMT_2\Desktop\KU_LAHMUMT\Logs\Scenario_2025-12-03T224035\SBC3\mission_output\variant_03\IndividualMissionPlan_LAH001.json
2025-12-03T13:43:00.246822Z [variant 3] [LAH2] LAH 임무파일 저장 → C:\Users\LAHMUMT_2\Desktop\KU_LAHMUMT\Logs\Scenario_2025-12-03T224035\SBC3\mission_output\variant_03\IndividualMissionPlan_LAH002.json
2025-12-03T13:43:00.247823Z [variant 3] [LAH3] LAH 임무파일 저장 → C:\Users\LAHMUMT_2\Desktop\KU_LAHMUMT\Logs\Scenario_2025-12-03T224035\SBC3\mission_output\variant_03\IndividualMissionPlan_LAH003.json
2025-12-03T13:43:00.247823Z [variant 3]     ▸ LAH 3개 파일 저장
2025-12-03T13:43:00.247823Z [variant 3] [3] InputMission 분할
2025-12-03T13:43:00.248824Z [variant 3] [3] InputMission 분할
2025-12-03T13:43:00.249823Z [variant 3]     ▸ (1/11) inputMissionID=1 type=1
2025-12-03T13:43:00.250329Z [variant 3]        └─ sub-area 2개 추가 (누적 2)
2025-12-03T13:43:00.251334Z [variant 3]     ▸ (2/11) inputMissionID=2 type=1
2025-12-03T13:43:00.251334Z [variant 3]        └─ sub-area 2개 추가 (누적 4)
2025-12-03T13:43:00.252334Z [variant 3]     ▸ (3/11) inputMissionID=3 type=2
2025-12-03T13:43:00.252334Z [variant 3]        └─ sub-area 2개 추가 (누적 6)
2025-12-03T13:43:00.253335Z [variant 3]     ▸ (4/11) inputMissionID=4 type=1
2025-12-03T13:43:00.253335Z [variant 3]        └─ sub-area 2개 추가 (누적 8)
2025-12-03T13:43:00.254334Z [variant 3]     ▸ (5/11) inputMissionID=5 type=2
2025-12-03T13:43:00.254334Z [variant 3]        └─ sub-area 2개 추가 (누적 10)
2025-12-03T13:43:00.255334Z [variant 3]     ▸ (6/11) inputMissionID=6 type=1
2025-12-03T13:43:00.256334Z [variant 3]        └─ sub-area 2개 추가 (누적 12)
2025-12-03T13:43:00.256334Z [variant 3]     ▸ (7/11) inputMissionID=7 type=2
2025-12-03T13:43:00.256334Z [variant 3]        └─ sub-area 2개 추가 (누적 14)
2025-12-03T13:43:00.257334Z [variant 3]     ▸ (8/11) inputMissionID=8 type=1
2025-12-03T13:43:00.257334Z [variant 3]        └─ sub-area 2개 추가 (누적 16)
2025-12-03T13:43:00.258335Z [variant 3]     ▸ (9/11) inputMissionID=9 type=2
2025-12-03T13:43:00.258335Z [variant 3]        └─ sub-area 2개 추가 (누적 18)
2025-12-03T13:43:00.258335Z [variant 3]     ▸ (10/11) inputMissionID=10 type=1
2025-12-03T13:43:00.259335Z [variant 3]        └─ sub-area 2개 추가 (누적 20)
2025-12-03T13:43:00.259335Z [variant 3]     ▸ (11/11) inputMissionID=11 type=1
2025-12-03T13:43:00.259335Z [variant 3]        └─ sub-area 2개 추가 (누적 22)
2025-12-03T13:43:00.259335Z [variant 3]     ▸ 분할 완료: 22개 sub-area
2025-12-03T13:43:00.259335Z [variant 3] [4] RL 예상시간 계산
2025-12-03T13:43:00.260336Z [variant 3]        RL 진행    1/22  (소요  0.0s)
2025-12-03T13:43:00.260336Z [variant 3]        RL 진행    2/22  (소요  0.0s)
2025-12-03T13:43:00.260336Z [variant 3]        RL 진행    4/22  (소요  0.0s)
2025-12-03T13:43:00.260336Z [variant 3]        RL 진행    6/22  (소요  0.0s)
2025-12-03T13:43:00.261335Z [variant 3]        RL 진행    8/22  (소요  0.0s)
2025-12-03T13:43:00.261335Z [variant 3]        RL 진행   10/22  (소요  0.0s)
2025-12-03T13:43:00.261335Z [variant 3]        RL 진행   12/22  (소요  0.0s)
2025-12-03T13:43:00.261335Z [variant 3]        RL 진행   14/22  (소요  0.0s)
2025-12-03T13:43:00.262334Z [variant 3]        RL 진행   16/22  (소요  0.0s)
2025-12-03T13:43:00.262334Z [variant 3]        RL 진행   18/22  (소요  0.0s)
2025-12-03T13:43:00.262334Z [variant 3]        RL 진행   20/22  (소요  0.0s)
2025-12-03T13:43:00.262334Z [variant 3]        RL 진행   22/22  (소요  0.0s)
2025-12-03T13:43:00.262334Z [variant 3]        ┌─ RL 세부 소요(ms) ─────────────
2025-12-03T13:43:00.263336Z [variant 3]        │ predict :    0.0  / p95    0.0
2025-12-03T13:43:00.263336Z [variant 3]        │ env.step:    0.0  / p95    0.0
2025-12-03T13:43:00.263336Z [variant 3]        │ distance:    0.0  / p95    0.0
2025-12-03T13:43:00.263336Z [variant 3]        └───────────────────────────────
2025-12-03T13:43:00.264335Z [variant 3] [5] PuLP 균등 스케줄링
2025-12-03T13:43:00.264335Z [variant 3] [PuLP] 입력 IMP 로드 → _flat.json
2025-12-03T13:43:00.264335Z [variant 3] [PuLP] 임무 22개 → 11개 그룹 (그룹당 ≤2개)
2025-12-03T13:43:00.283990Z [variant 3] [PuLP] Status = Optimal
2025-12-03T13:43:00.283990Z [variant 3] [PuLP] 최적 편차 = 39.50 s
2025-12-03T13:43:00.284990Z [variant 3] [PuLP] 저장 완료 → C:\Users\LAHMUMT_2\Desktop\KU_LAHMUMT\Logs\Scenario_2025-12-03T224035\SBC3\mission_output\variant_03\_flat_sched.json
2025-12-03T13:43:00.285990Z [variant 3] [6] UAV IMP 생성‧저장
2025-12-03T13:43:00.651474Z [variant 3]     ▸ IMP 저장: C:\Users\LAHMUMT_2\Desktop\KU_LAHMUMT\Logs\Scenario_2025-12-03T224035\SBC3\mission_output\variant_03\IndividualMissionPlan_UAV005.json
2025-12-03T13:43:00.651474Z [variant 3]     ▸ IMP 저장: C:\Users\LAHMUMT_2\Desktop\KU_LAHMUMT\Logs\Scenario_2025-12-03T224035\SBC3\mission_output\variant_03\IndividualMissionPlan_UAV006.json
2025-12-03T13:43:00.652473Z [variant 3] [✔] divide_and_pattern 끝 (총 1762930614.1s 경과)
2025-12-03T13:43:00.652473Z [OK] IMP generated: 5 file(s) (variant=3)
2025-12-03T13:43:00.687217Z [OK] MissionPlan built: MissionPlan_1764769380652.json (variant=3)
2025-12-03T13:43:01.009893Z [INFO] pathID mapping done for 0302/0303/0304 (variant=3)
2025-12-03T13:43:01.463073Z [OK] FlightPath counts (variant=3): 0303=22 / 0304=33
2025-12-03T13:43:01.756465Z [OK] Stored variant 3: MissionPlanID=700000007, IMP=5, FlightPath=55
2025-12-03T13:43:01.756465Z [INFO] Option mapping #3: planID=700000007, optionCode=5(최소시간)
2025-12-03T13:43:01.757465Z [OK] Stored mission data: MissionPlan=3, IndividualMission=15, FlightPath=165
2025-12-03T13:43:01.758465Z [STEP 4] 0301 push queued (planIds=700000005, 700000006, 700000007)
2025-12-03T13:43:01.758465Z [INFO] Direct delivery -> skip 0901/0701, send 0301+0903 only
2025-12-03T13:43:01.761465Z [0301] missionPlanID=700000005 전송
2025-12-03T13:43:01.763466Z [0301] missionPlanID=700000006 전송
2025-12-03T13:43:01.763466Z [0301] missionPlanID=700000007 전송
2025-12-03T13:43:01.764969Z [PUSH] 0301 button click()
2025-12-03T13:43:02.362335Z [0305] status=2, reason=강제귀환으로 인한 재계획 전송
2025-12-03T13:43:02.661018Z [0903] request sent (missionPlanID=700000005)
2025-12-03T13:43:02.860440Z [0903] request sent (missionPlanID=700000006)
2025-12-03T13:43:03.060014Z [0903] request sent (missionPlanID=700000007)
2025-12-03T13:45:09.949129Z [AUTO] 0902 received (planIds=700000008)
2025-12-03T13:45:09.950129Z [AUTO] replan pipeline scheduled after 0.1s delay
2025-12-03T13:45:10.060496Z [0305] status=1, reason=선행임무 : 좌표지향 전송
2025-12-03T13:45:10.066568Z [INFO] Using latest 0201 ID 1 for inputMissionPackageID (fallback)
2025-12-03T13:45:10.067568Z [INFO] Using latest 0203 ID 1 for missionReferencePackageID (fallback)
2025-12-03T13:45:10.067568Z [STEP 0] Replan pipeline start (reason=선행임무 : 좌표지향)
2025-12-03T13:45:10.068568Z [PRIOR] Level-4 prior mission request but replanDetail missing/invalid → running prior pipeline with empty detail.
2025-12-03T13:45:10.068568Z [PRIOR] detail keys: ∅
2025-12-03T13:45:10.078567Z [PRIOR] sourceMissionPlanID resolved from mission_progress (planID=700000007).
2025-12-03T13:45:10.084678Z [PRIOR][STEP1] Loaded 0401 snapshot with 3 unmanned entries (saved_at=2025-12-03T13:45:09.970766+00:00).
2025-12-03T13:45:10.084678Z [PRIOR][STEP1] UAV 4: currentWP=1, coord=(38.156891, 127.332298, alt=449.0)
2025-12-03T13:45:10.085679Z [PRIOR][STEP1] UAV 5: currentWP=35, coord=(38.155190, 127.335335, alt=450.0)
2025-12-03T13:45:10.085679Z [PRIOR][STEP1] UAV 6: currentWP=64, coord=(38.153774, 127.338150, alt=450.0)
2025-12-03T13:45:10.089678Z [PRIOR][STEP2] Target coordinate 보강: PriorMissionInfo 최신 기록에서 좌표 복구.
2025-12-03T13:45:11.279993Z [PRIOR][STEP2] CoordinateOrientation (PriorMissionInfo latest) altitude resolved via DEM (0m).
2025-12-03T13:45:11.280993Z [PRIOR][STEP2] Target coordinate (0202) → (0.000000, 0.000000, alt=0.0)
2025-12-03T13:45:11.280993Z [PRIOR][STEP3] Nearest UAV 4 selected based on 0401 snapshot (currentWP=1, distance≈13174393.4 m).
2025-12-03T13:45:11.282078Z [PRIOR] Aircraft 4 not present in MissionPlan 700000007.
2025-12-03T13:45:11.282078Z [PRIOR] Failed to resolve mission artifacts from MissionPlan/IMP data.
2025-12-03T13:45:11.283078Z [PRIOR] Prior mission pipeline unavailable. Falling back to legacy replan flow.
2025-12-03T13:45:11.284078Z [INFO] Latest input snapshot → 0201:ID=1,ts=816922549226,src=-, 0203:ID=1,ts=818084440320,src=-
2025-12-03T13:45:11.285077Z [STEP 0] Using latest 0201 ID 1 (1.json)
2025-12-03T13:45:11.286078Z [STEP 0] Using latest 0203 ID 1 (1.json)
2025-12-03T13:45:11.287077Z [STEP 1.1] Divide & Pattern start
2025-12-03T13:45:11.287077Z [variant 1] [1] CMPK 로드
2025-12-03T13:45:11.288077Z [variant 1]     ▸ VehicleStatus 적용: 불가 기체 제외 [4]
2025-12-03T13:45:11.288077Z [variant 1]     MRPK 로드
2025-12-03T13:45:11.289077Z [variant 1]     ▸ 로드 완료  (소요 0.00s)
2025-12-03T13:45:11.289077Z [variant 1] [2] LAH 임무 저장 시작
2025-12-03T13:45:11.658591Z [variant 1] [LAH1] LAH 임무파일 저장 → C:\Users\LAHMUMT_2\Desktop\KU_LAHMUMT\Logs\Scenario_2025-12-03T224035\SBC3\mission_output\variant_01\IndividualMissionPlan_LAH001.json
2025-12-03T13:45:11.658591Z [variant 1] [LAH2] LAH 임무파일 저장 → C:\Users\LAHMUMT_2\Desktop\KU_LAHMUMT\Logs\Scenario_2025-12-03T224035\SBC3\mission_output\variant_01\IndividualMissionPlan_LAH002.json
2025-12-03T13:45:11.661589Z [variant 1] [LAH3] LAH 임무파일 저장 → C:\Users\LAHMUMT_2\Desktop\KU_LAHMUMT\Logs\Scenario_2025-12-03T224035\SBC3\mission_output\variant_01\IndividualMissionPlan_LAH003.json
2025-12-03T13:45:11.662589Z [variant 1]     ▸ LAH 3개 파일 저장
2025-12-03T13:45:11.663591Z [variant 1] [3] InputMission 분할
2025-12-03T13:45:11.663591Z [variant 1] [3] InputMission 분할
2025-12-03T13:45:11.664753Z [variant 1]     ▸ (1/11) inputMissionID=1 type=1
2025-12-03T13:45:11.666750Z [variant 1]        └─ sub-area 2개 추가 (누적 2)
2025-12-03T13:45:11.667750Z [variant 1]     ▸ (2/11) inputMissionID=2 type=1
2025-12-03T13:45:11.668750Z [variant 1]        └─ sub-area 2개 추가 (누적 4)
2025-12-03T13:45:11.669750Z [variant 1]     ▸ (3/11) inputMissionID=3 type=2
2025-12-03T13:45:11.670750Z [variant 1]        └─ sub-area 2개 추가 (누적 6)
2025-12-03T13:45:11.670750Z [variant 1]     ▸ (4/11) inputMissionID=4 type=1
2025-12-03T13:45:11.672752Z [variant 1]        └─ sub-area 2개 추가 (누적 8)
2025-12-03T13:45:11.673752Z [variant 1]     ▸ (5/11) inputMissionID=5 type=2
2025-12-03T13:45:11.674752Z [variant 1]        └─ sub-area 2개 추가 (누적 10)
2025-12-03T13:45:11.675752Z [variant 1]     ▸ (6/11) inputMissionID=6 type=1
2025-12-03T13:45:11.675752Z [variant 1]        └─ sub-area 2개 추가 (누적 12)
2025-12-03T13:45:11.677752Z [variant 1]     ▸ (7/11) inputMissionID=7 type=2
2025-12-03T13:45:11.677752Z [variant 1]        └─ sub-area 2개 추가 (누적 14)
2025-12-03T13:45:11.678752Z [variant 1]     ▸ (8/11) inputMissionID=8 type=1
2025-12-03T13:45:11.679753Z [variant 1]        └─ sub-area 2개 추가 (누적 16)
2025-12-03T13:45:11.679753Z [variant 1]     ▸ (9/11) inputMissionID=9 type=2
2025-12-03T13:45:11.679753Z [variant 1]        └─ sub-area 2개 추가 (누적 18)
2025-12-03T13:45:11.680752Z [variant 1]     ▸ (10/11) inputMissionID=10 type=1
2025-12-03T13:45:11.680752Z [variant 1]        └─ sub-area 2개 추가 (누적 20)
2025-12-03T13:45:11.681837Z [variant 1]     ▸ (11/11) inputMissionID=11 type=1
2025-12-03T13:45:11.681837Z [variant 1]        └─ sub-area 2개 추가 (누적 22)
2025-12-03T13:45:11.681837Z [variant 1]     ▸ 분할 완료: 22개 sub-area
2025-12-03T13:45:11.682836Z [variant 1] [4] RL 예상시간 계산
2025-12-03T13:45:11.682836Z [variant 1]        RL 진행    1/22  (소요  0.0s)
2025-12-03T13:45:11.682836Z [variant 1]        RL 진행    2/22  (소요  0.0s)
2025-12-03T13:45:11.683836Z [variant 1]        RL 진행    4/22  (소요  0.0s)
2025-12-03T13:45:11.683836Z [variant 1]        RL 진행    6/22  (소요  0.0s)
2025-12-03T13:45:11.683836Z [variant 1]        RL 진행    8/22  (소요  0.0s)
2025-12-03T13:45:11.684836Z [variant 1]        RL 진행   10/22  (소요  0.0s)
2025-12-03T13:45:11.684836Z [variant 1]        RL 진행   12/22  (소요  0.0s)
2025-12-03T13:45:11.684836Z [variant 1]        RL 진행   14/22  (소요  0.0s)
2025-12-03T13:45:11.685836Z [variant 1]        RL 진행   16/22  (소요  0.0s)
2025-12-03T13:45:11.685836Z [variant 1]        RL 진행   18/22  (소요  0.0s)
2025-12-03T13:45:11.685836Z [variant 1]        RL 진행   20/22  (소요  0.0s)
2025-12-03T13:45:11.685836Z [variant 1]        RL 진행   22/22  (소요  0.0s)
2025-12-03T13:45:11.685836Z [variant 1]        ┌─ RL 세부 소요(ms) ─────────────
2025-12-03T13:45:11.687338Z [variant 1]        │ predict :    0.0  / p95    0.0
2025-12-03T13:45:11.687338Z [variant 1]        │ env.step:    0.0  / p95    0.0
2025-12-03T13:45:11.689341Z [variant 1]        │ distance:    0.0  / p95    0.0
2025-12-03T13:45:11.689341Z [variant 1]        └───────────────────────────────
2025-12-03T13:45:11.690341Z [variant 1] [5] PuLP 균등 스케줄링
2025-12-03T13:45:11.690341Z [variant 1] [PuLP] 입력 IMP 로드 → _flat.json
2025-12-03T13:45:11.691340Z [variant 1] [PuLP] 임무 22개 → 11개 그룹 (그룹당 ≤2개)
2025-12-03T13:45:11.724533Z [variant 1] [PuLP] Status = Optimal
2025-12-03T13:45:11.725533Z [variant 1] [PuLP] 최적 편차 = 39.50 s
2025-12-03T13:45:11.725533Z [variant 1] [PuLP] 저장 완료 → C:\Users\LAHMUMT_2\Desktop\KU_LAHMUMT\Logs\Scenario_2025-12-03T224035\SBC3\mission_output\variant_01\_flat_sched.json
2025-12-03T13:45:11.726534Z [variant 1] [6] UAV IMP 생성‧저장
2025-12-03T13:45:12.152852Z [variant 1]     ▸ IMP 저장: C:\Users\LAHMUMT_2\Desktop\KU_LAHMUMT\Logs\Scenario_2025-12-03T224035\SBC3\mission_output\variant_01\IndividualMissionPlan_UAV005.json
2025-12-03T13:45:12.153851Z [variant 1]     ▸ IMP 저장: C:\Users\LAHMUMT_2\Desktop\KU_LAHMUMT\Logs\Scenario_2025-12-03T224035\SBC3\mission_output\variant_01\IndividualMissionPlan_UAV006.json
2025-12-03T13:45:12.154850Z [variant 1] [✔] divide_and_pattern 끝 (총 1762930614.1s 경과)
2025-12-03T13:45:12.154850Z [OK] IMP generated: 5 file(s) (variant=1)
2025-12-03T13:45:12.193608Z [OK] MissionPlan built: MissionPlan_1764769512154.json (variant=1)
2025-12-03T13:45:12.666302Z [INFO] pathID mapping done for 0302/0303/0304 (variant=1)
2025-12-03T13:45:13.533921Z [OK] FlightPath counts (variant=1): 0303=22 / 0304=33
2025-12-03T13:45:13.984638Z [OK] Stored variant 1: MissionPlanID=700000008, IMP=5, FlightPath=55
2025-12-03T13:45:13.984638Z [INFO] Option mapping #1: planID=700000008, optionCode=1(시스템추천)
2025-12-03T13:45:13.987148Z [OK] Stored mission data: MissionPlan=1, IndividualMission=5, FlightPath=55
2025-12-03T13:45:13.988149Z [STEP 4] 0301 push queued (planIds=700000008)
2025-12-03T13:45:13.989149Z [INFO] Direct delivery -> skip 0901/0701, send 0301+0903 only
2025-12-03T13:45:13.993149Z [0301] missionPlanID=700000008 전송
2025-12-03T13:45:13.994284Z [PUSH] 0301 button click()
2025-12-03T13:45:14.595608Z [0305] status=2, reason=선행임무 : 좌표지향 전송
2025-12-03T13:45:14.898288Z [0903] request sent (missionPlanID=700000008)
