[MON][2025-11-20 17:55:24] PlanLoad
  - MissionPlan 700000172 활성화 (inputPkg=1, activeInput=1)
  - InputMissionIDs=[1, 2, 3, 4, 5, 6, 7, 8, 9, 10, 11]
  - 적용상태: appliedPlanID=700000172, previousPlanID=None
  - UAV1: missions=11 pkg=800013821
  - UAV2: missions=11 pkg=800013822
  - UAV3: missions=11 pkg=800013823
  - UAV4: missions=11 pkg=800013824
  - UAV5: missions=11 pkg=800013825
  - UAV6: missions=11 pkg=800013826
[MON][2025-11-20 17:55:49] MonitoringCycle
  - SystemMode=3, PlanID=700000172, ActiveInput=1, PendingPlan=None
  - 0401 timestamp=811517583600, entries=6
  -   UAV1: wp=None, health=1
  -   UAV2: wp=None, health=1
  -   UAV3: wp=None, health=1
  -   UAV4: wp=1, health=1
  -   UAV5: wp=45, health=1
  -   UAV6: wp=92, health=1
  - 0501 currentMissionPlanID=700000172, currentInputMissionID=1
  -   UAV4 status: mission=900155900 input=1 progress=0% (transit) | mission=900155901 input=2 progress=0% | mission=900155902 input=3 progress=0% | mission=900155903 input=4 progress=0% | mission=900155904 input=5 progress=0% | mission=900155905 input=6 progress=0% | mission=900155906 input=7 progress=0% | mission=900155907 input=8 progress=0% | mission=900155908 input=9 progress=0% | mission=900155909 input=10 progress=0% | mission=900155910 input=11 progress=0%
  -   UAV5 status: mission=900155911 input=1 progress=0% (transit) | mission=900155912 input=2 progress=0% | mission=900155913 input=3 progress=0% | mission=900155914 input=4 progress=0% | mission=900155915 input=5 progress=0% | mission=900155916 input=6 progress=0% | mission=900155917 input=7 progress=0% | mission=900155918 input=8 progress=0% | mission=900155919 input=9 progress=0% | mission=900155920 input=10 progress=0% | mission=900155921 input=11 progress=0%
  -   UAV6 status: mission=900155922 input=1 progress=0% (transit) | mission=900155923 input=2 progress=0% | mission=900155924 input=3 progress=0% | mission=900155925 input=4 progress=0% | mission=900155926 input=5 progress=0% | mission=900155927 input=6 progress=0% | mission=900155928 input=7 progress=0% | mission=900155929 input=8 progress=0% | mission=900155930 input=9 progress=0% | mission=900155931 input=10 progress=0% | mission=900155932 input=11 progress=0%
[MON][2025-11-20 17:55:51] ProgressUpdate
  - UAV4 mission=900155900 input=1 progress=33% (missionIndex=0)
  - UAV5 mission=900155911 input=1 progress=33% (missionIndex=0)
  - UAV6 mission=900155922 input=1 progress=33% (missionIndex=0)
[MON][2025-11-20 17:55:51] MonitoringCycle
  - SystemMode=3, PlanID=700000172, ActiveInput=1, PendingPlan=None
  - 0401 timestamp=811517585400, entries=6
  -   UAV1: wp=None, health=1
  -   UAV2: wp=None, health=1
  -   UAV3: wp=None, health=1
  -   UAV4: wp=2, health=1
  -   UAV5: wp=46, health=1
  -   UAV6: wp=93, health=1
  - 0501 currentMissionPlanID=700000172, currentInputMissionID=1
  -   UAV4 status: mission=900155900 input=1 progress=33% | mission=900155901 input=2 progress=0% | mission=900155902 input=3 progress=0% | mission=900155903 input=4 progress=0% | mission=900155904 input=5 progress=0% | mission=900155905 input=6 progress=0% | mission=900155906 input=7 progress=0% | mission=900155907 input=8 progress=0% | mission=900155908 input=9 progress=0% | mission=900155909 input=10 progress=0% | mission=900155910 input=11 progress=0%
  -   UAV5 status: mission=900155911 input=1 progress=33% | mission=900155912 input=2 progress=0% | mission=900155913 input=3 progress=0% | mission=900155914 input=4 progress=0% | mission=900155915 input=5 progress=0% | mission=900155916 input=6 progress=0% | mission=900155917 input=7 progress=0% | mission=900155918 input=8 progress=0% | mission=900155919 input=9 progress=0% | mission=900155920 input=10 progress=0% | mission=900155921 input=11 progress=0%
  -   UAV6 status: mission=900155922 input=1 progress=33% | mission=900155923 input=2 progress=0% | mission=900155924 input=3 progress=0% | mission=900155925 input=4 progress=0% | mission=900155926 input=5 progress=0% | mission=900155927 input=6 progress=0% | mission=900155928 input=7 progress=0% | mission=900155929 input=8 progress=0% | mission=900155930 input=9 progress=0% | mission=900155931 input=10 progress=0% | mission=900155932 input=11 progress=0%
[MON][2025-11-20 17:55:53] ProgressUpdate
  - UAV4 mission=900155900 input=1 progress=67% (missionIndex=0)
  - UAV5 mission=900155911 input=1 progress=67% (missionIndex=0)
  - UAV6 mission=900155922 input=1 progress=67% (missionIndex=0)
[MON][2025-11-20 17:55:53] MonitoringCycle
  - SystemMode=3, PlanID=700000172, ActiveInput=1, PendingPlan=None
  - 0401 timestamp=811517587400, entries=6
  -   UAV1: wp=None, health=1
  -   UAV2: wp=None, health=1
  -   UAV3: wp=None, health=1
  -   UAV4: wp=3, health=1
  -   UAV5: wp=47, health=1
  -   UAV6: wp=94, health=1
  - 0501 currentMissionPlanID=700000172, currentInputMissionID=1
  -   UAV4 status: mission=900155900 input=1 progress=67% | mission=900155901 input=2 progress=0% | mission=900155902 input=3 progress=0% | mission=900155903 input=4 progress=0% | mission=900155904 input=5 progress=0% | mission=900155905 input=6 progress=0% | mission=900155906 input=7 progress=0% | mission=900155907 input=8 progress=0% | mission=900155908 input=9 progress=0% | mission=900155909 input=10 progress=0% | mission=900155910 input=11 progress=0%
  -   UAV5 status: mission=900155911 input=1 progress=67% | mission=900155912 input=2 progress=0% | mission=900155913 input=3 progress=0% | mission=900155914 input=4 progress=0% | mission=900155915 input=5 progress=0% | mission=900155916 input=6 progress=0% | mission=900155917 input=7 progress=0% | mission=900155918 input=8 progress=0% | mission=900155919 input=9 progress=0% | mission=900155920 input=10 progress=0% | mission=900155921 input=11 progress=0%
  -   UAV6 status: mission=900155922 input=1 progress=67% | mission=900155923 input=2 progress=0% | mission=900155924 input=3 progress=0% | mission=900155925 input=4 progress=0% | mission=900155926 input=5 progress=0% | mission=900155927 input=6 progress=0% | mission=900155928 input=7 progress=0% | mission=900155929 input=8 progress=0% | mission=900155930 input=9 progress=0% | mission=900155931 input=10 progress=0% | mission=900155932 input=11 progress=0%
[MON][2025-11-20 17:55:55] ProgressUpdate
  - UAV4 mission=900155900 input=1 progress=100% (missionIndex=0)
  - UAV5 mission=900155911 input=1 progress=100% (missionIndex=0)
  - UAV6 mission=900155922 input=1 progress=100% (missionIndex=0)
[MON][2025-11-20 17:55:55] InputMissionCompletion
  - Input mission 1 completion notification enqueued.
[MON][2025-11-20 17:55:55] InputMissionCompletion
  - Input 1: UAV4 mission=900155900 reached 100%
  - Input 1: UAV5 mission=900155911 reached 100%
  - Input 1: UAV6 mission=900155922 reached 100%
  - Input 1 completed (6 missions)
[MON][2025-11-20 17:55:55] MonitoringCycle
  - SystemMode=3, PlanID=700000172, ActiveInput=1, PendingPlan=None
  - 0401 timestamp=811517589400, entries=6
  -   UAV1: wp=None, health=1
  -   UAV2: wp=None, health=1
  -   UAV3: wp=None, health=1
  -   UAV4: wp=4, health=1
  -   UAV5: wp=48, health=1
  -   UAV6: wp=95, health=1
  - 0501 currentMissionPlanID=700000172, currentInputMissionID=1
  -   UAV4 status: mission=900155900 input=1 progress=100% | mission=900155901 input=2 progress=0% | mission=900155902 input=3 progress=0% | mission=900155903 input=4 progress=0% | mission=900155904 input=5 progress=0% | mission=900155905 input=6 progress=0% | mission=900155906 input=7 progress=0% | mission=900155907 input=8 progress=0% | mission=900155908 input=9 progress=0% | mission=900155909 input=10 progress=0% | mission=900155910 input=11 progress=0%
  -   UAV5 status: mission=900155911 input=1 progress=100% | mission=900155912 input=2 progress=0% | mission=900155913 input=3 progress=0% | mission=900155914 input=4 progress=0% | mission=900155915 input=5 progress=0% | mission=900155916 input=6 progress=0% | mission=900155917 input=7 progress=0% | mission=900155918 input=8 progress=0% | mission=900155919 input=9 progress=0% | mission=900155920 input=10 progress=0% | mission=900155921 input=11 progress=0%
  -   UAV6 status: mission=900155922 input=1 progress=100% | mission=900155923 input=2 progress=0% | mission=900155924 input=3 progress=0% | mission=900155925 input=4 progress=0% | mission=900155926 input=5 progress=0% | mission=900155927 input=6 progress=0% | mission=900155928 input=7 progress=0% | mission=900155929 input=8 progress=0% | mission=900155930 input=9 progress=0% | mission=900155931 input=10 progress=0% | mission=900155932 input=11 progress=0%
