2026-01-04T09:37:18.264799Z [LOG] Mission planning log started: C:\Users\LAHMUMT_2\Desktop\KU_LAHMUMT\Logs\Scenario_2026-01-04T183511\SBC3\DSS_Internal\mission_planning_gui_20260104T093718_263799Z.log
2026-01-04T09:37:18.265799Z CTRL UDP 수신 대기 시작 (127.0.0.1:45981)
2026-01-04T09:37:18.266800Z [0101] 모드 수신 리스너 등록 완료
2026-01-04T09:37:18.520873Z [CTRL] MODE change request: 초기화 모드
2026-01-04T09:37:18.656500Z [BUS] NodeMessenger 초기화 완료
2026-01-04T09:37:26.754006Z [MODE] 슬라이더 변경 → 대기모드
2026-01-04T09:37:26.756517Z [0101/POLL] 모드 동기화 code=1
2026-01-04T09:37:31.236578Z [AUTO] 0902 received (planIds=700000001)
2026-01-04T09:37:31.236578Z [AUTO] replan pipeline scheduled after 0.1s delay
2026-01-04T09:37:31.252570Z [MODE] 슬라이더 변경 → 초기 임무 계획
2026-01-04T09:37:31.254374Z [0101/POLL] 모드 동기화 code=2
2026-01-04T09:37:31.358732Z [0305] status=1, reason=초기임무재계획 전송
2026-01-04T09:37:31.361732Z [STEP 0] Replan pipeline start (reason=초기임무재계획)
2026-01-04T09:37:33.546028Z [INFO] Latest input snapshot → 0201:ID=-,ts=-,src=-, 0203:ID=-,ts=-,src=-
2026-01-04T09:37:50.576701Z [MODE] 슬라이더 변경 → 대기모드
2026-01-04T09:37:50.577725Z [0101/POLL] 모드 동기화 code=1
2026-01-04T09:37:54.106324Z [INFO] Latest 0203 ID updated → 1
2026-01-04T09:37:55.169811Z [INFO] Latest 0201 ID updated → 1
2026-01-04T09:37:57.639660Z [AUTO] 0902 received (planIds=700000002)
2026-01-04T09:37:57.639660Z [AUTO] replan pipeline scheduled after 0.1s delay
2026-01-04T09:37:57.754852Z [0305] status=1, reason=초기임무재계획 전송
2026-01-04T09:37:57.754852Z [INFO] Using latest 0201 ID 1 for inputMissionPackageID (fallback)
2026-01-04T09:37:57.754852Z [INFO] Using latest 0203 ID 1 for missionReferencePackageID (fallback)
2026-01-04T09:37:57.754852Z [STEP 0] Replan pipeline start (reason=초기임무재계획)
2026-01-04T09:37:57.754852Z [INFO] Latest input snapshot → 0201:ID=1,ts=816922549226,src=-, 0203:ID=1,ts=820834674103,src=-
2026-01-04T09:37:57.754852Z [STEP 0] Using latest 0201 ID 1 (1.json)
2026-01-04T09:37:57.754852Z [STEP 0] Using latest 0203 ID 1 (1.json)
2026-01-04T09:37:57.754852Z [STEP 1.1] Divide & Pattern start
2026-01-04T09:37:57.754852Z [variant 1] [1] CMPK 로드
2026-01-04T09:37:57.762760Z [variant 1]     ▸ VehicleStatus 적용: 사용 가능한 기체 [1, 2, 3, 4, 5, 6]
2026-01-04T09:37:57.762760Z [variant 1]     MRPK 로드
2026-01-04T09:37:57.762760Z [variant 1]     ▸ 로드 완료  (소요 0.01s)
2026-01-04T09:37:57.762760Z [variant 1] [2] LAH 임무 저장 시작
2026-01-04T09:37:57.840736Z [MODE] 슬라이더 변경 → 초기 임무 계획
2026-01-04T09:37:57.841410Z [0101/POLL] 모드 동기화 code=2
2026-01-04T09:37:58.058232Z [variant 1] [LAH1] LAH 임무파일 저장 → C:\Users\LAHMUMT_2\Desktop\KU_LAHMUMT\Logs\Scenario_2026-01-04T183726\SBC3\mission_output\variant_01\IndividualMissionPlan_LAH001.json
2026-01-04T09:37:58.058232Z [variant 1] [LAH2] LAH 임무파일 저장 → C:\Users\LAHMUMT_2\Desktop\KU_LAHMUMT\Logs\Scenario_2026-01-04T183726\SBC3\mission_output\variant_01\IndividualMissionPlan_LAH002.json
2026-01-04T09:37:58.060745Z [variant 1] [LAH3] LAH 임무파일 저장 → C:\Users\LAHMUMT_2\Desktop\KU_LAHMUMT\Logs\Scenario_2026-01-04T183726\SBC3\mission_output\variant_01\IndividualMissionPlan_LAH003.json
2026-01-04T09:37:58.060745Z [variant 1]     ▸ LAH 3개 파일 저장
2026-01-04T09:37:58.061749Z [variant 1] [3] InputMission 분할
2026-01-04T09:37:58.062749Z [variant 1] [3] InputMission 분할
2026-01-04T09:37:58.062749Z [variant 1]     ▸ (1/11) inputMissionID=1 type=1
2026-01-04T09:37:58.063748Z [variant 1]        └─ sub-area 3개 추가 (누적 3)
2026-01-04T09:37:58.063748Z [variant 1]     ▸ (2/11) inputMissionID=2 type=1
2026-01-04T09:37:58.063748Z [variant 1]        └─ sub-area 3개 추가 (누적 6)
2026-01-04T09:37:58.064748Z [variant 1]     ▸ (3/11) inputMissionID=3 type=2
2026-01-04T09:37:58.064748Z [variant 1]        └─ sub-area 3개 추가 (누적 9)
2026-01-04T09:37:58.065748Z [variant 1]     ▸ (4/11) inputMissionID=4 type=1
2026-01-04T09:37:58.065748Z [variant 1]        └─ sub-area 3개 추가 (누적 12)
2026-01-04T09:37:58.066748Z [variant 1]     ▸ (5/11) inputMissionID=5 type=2
2026-01-04T09:37:58.066748Z [variant 1]        └─ sub-area 3개 추가 (누적 15)
2026-01-04T09:37:58.067749Z [variant 1]     ▸ (6/11) inputMissionID=6 type=1
2026-01-04T09:37:58.067749Z [variant 1]        └─ sub-area 3개 추가 (누적 18)
2026-01-04T09:37:58.068748Z [variant 1]     ▸ (7/11) inputMissionID=7 type=2
2026-01-04T09:37:58.070747Z [variant 1]        └─ sub-area 3개 추가 (누적 21)
2026-01-04T09:37:58.070747Z [variant 1]     ▸ (8/11) inputMissionID=8 type=1
2026-01-04T09:37:58.071748Z [variant 1]        └─ sub-area 3개 추가 (누적 24)
2026-01-04T09:37:58.071748Z [variant 1]     ▸ (9/11) inputMissionID=9 type=2
2026-01-04T09:37:58.071748Z [variant 1]        └─ sub-area 3개 추가 (누적 27)
2026-01-04T09:37:58.071748Z [variant 1]     ▸ (10/11) inputMissionID=10 type=1
2026-01-04T09:37:58.072748Z [variant 1]        └─ sub-area 3개 추가 (누적 30)
2026-01-04T09:37:58.072748Z [variant 1]     ▸ (11/11) inputMissionID=11 type=1
2026-01-04T09:37:58.072748Z [variant 1]        └─ sub-area 3개 추가 (누적 33)
2026-01-04T09:37:58.072748Z [variant 1]     ▸ 분할 완료: 33개 sub-area
2026-01-04T09:37:58.072748Z [variant 1] [4] RL 예상시간 계산
2026-01-04T09:37:58.073747Z [variant 1]        RL 진행    1/33  (소요  0.0s)
2026-01-04T09:37:58.073747Z [variant 1]        RL 진행    2/33  (소요  0.0s)
2026-01-04T09:37:58.073747Z [variant 1]        RL 진행    4/33  (소요  0.0s)
2026-01-04T09:37:58.073747Z [variant 1]        RL 진행    6/33  (소요  0.0s)
2026-01-04T09:37:58.073747Z [variant 1]        RL 진행    8/33  (소요  0.0s)
2026-01-04T09:37:58.073747Z [variant 1]        RL 진행   10/33  (소요  0.0s)
2026-01-04T09:37:58.073747Z [variant 1]        RL 진행   12/33  (소요  0.0s)
2026-01-04T09:37:58.075250Z [variant 1]        RL 진행   14/33  (소요  0.0s)
2026-01-04T09:37:58.075250Z [variant 1]        RL 진행   16/33  (소요  0.0s)
2026-01-04T09:37:58.075250Z [variant 1]        RL 진행   18/33  (소요  0.0s)
2026-01-04T09:37:58.075250Z [variant 1]        RL 진행   20/33  (소요  0.0s)
2026-01-04T09:37:58.076254Z [variant 1]        RL 진행   22/33  (소요  0.0s)
2026-01-04T09:37:58.076254Z [variant 1]        RL 진행   24/33  (소요  0.0s)
2026-01-04T09:37:58.076254Z [variant 1]        RL 진행   26/33  (소요  0.0s)
2026-01-04T09:37:58.078254Z [variant 1]        RL 진행   28/33  (소요  0.0s)
2026-01-04T09:37:58.078254Z [variant 1]        RL 진행   30/33  (소요  0.0s)
2026-01-04T09:37:58.079254Z [variant 1]        RL 진행   32/33  (소요  0.0s)
2026-01-04T09:37:58.079254Z [variant 1]        RL 진행   33/33  (소요  0.0s)
2026-01-04T09:37:58.079254Z [variant 1]        ┌─ RL 세부 소요(ms) ─────────────
2026-01-04T09:37:58.079254Z [variant 1]        │ predict :    0.0  / p95    0.0
2026-01-04T09:37:58.080254Z [variant 1]        │ env.step:    0.0  / p95    0.0
2026-01-04T09:37:58.080254Z [variant 1]        │ distance:    0.0  / p95    0.0
2026-01-04T09:37:58.080254Z [variant 1]        └───────────────────────────────
2026-01-04T09:37:58.080254Z [variant 1] [5] PuLP 균등 스케줄링
2026-01-04T09:37:58.081253Z [variant 1] [PuLP] 입력 IMP 로드 → _flat.json
2026-01-04T09:37:58.081253Z [variant 1] [PuLP] 임무 33개 → 11개 그룹 (그룹당 ≤3개)
2026-01-04T09:37:58.236518Z [variant 1] [PuLP] Status = Optimal
2026-01-04T09:37:58.237519Z [variant 1] [PuLP] 최적 편차 = 24664.00 s
2026-01-04T09:37:58.237519Z [variant 1] [PuLP] 저장 완료 → C:\Users\LAHMUMT_2\Desktop\KU_LAHMUMT\Logs\Scenario_2026-01-04T183726\SBC3\mission_output\variant_01\_flat_sched.json
2026-01-04T09:37:58.242518Z [variant 1] [6] UAV IMP 생성‧저장
2026-01-04T09:37:58.697875Z [variant 1]     ▸ IMP 저장: C:\Users\LAHMUMT_2\Desktop\KU_LAHMUMT\Logs\Scenario_2026-01-04T183726\SBC3\mission_output\variant_01\IndividualMissionPlan_UAV004.json
2026-01-04T09:37:58.697875Z [variant 1]     ▸ IMP 저장: C:\Users\LAHMUMT_2\Desktop\KU_LAHMUMT\Logs\Scenario_2026-01-04T183726\SBC3\mission_output\variant_01\IndividualMissionPlan_UAV005.json
2026-01-04T09:37:58.700378Z [variant 1]     ▸ IMP 저장: C:\Users\LAHMUMT_2\Desktop\KU_LAHMUMT\Logs\Scenario_2026-01-04T183726\SBC3\mission_output\variant_01\IndividualMissionPlan_UAV006.json
2026-01-04T09:37:58.700378Z [variant 1] [✔] divide_and_pattern 끝 (총 1765395173.3s 경과)
2026-01-04T09:37:58.700378Z [OK] IMP generated: 6 file(s) (variant=1)
2026-01-04T09:37:58.733740Z [OK] MissionPlan built: MissionPlan_1767519478700.json (variant=1)
2026-01-04T09:37:59.015461Z [INFO] pathID mapping done for 0302/0303/0304 (variant=1)
2026-01-04T09:37:59.606294Z [INFO] FlightPath build time (parallel): 0303=590.2 ms, 0304=344.0 ms, wall=591.2 ms
2026-01-04T09:37:59.606294Z [OK] FlightPath counts (variant=1): 0303=33 / 0304=33
2026-01-04T09:37:59.919051Z [OK] Stored variant 1: MissionPlanID=700000002, IMP=6, FlightPath=66
2026-01-04T09:37:59.919051Z [INFO] Option mapping #1: planID=700000002, optionCode=1(시스템추천)
2026-01-04T09:37:59.919051Z [OK] Stored mission data: MissionPlan=1, IndividualMission=6, FlightPath=66
2026-01-04T09:37:59.919051Z [STEP 4] 0301 push queued (planIds=700000002)
2026-01-04T09:37:59.937036Z [0301] missionPlanID=700000002 전송
2026-01-04T09:37:59.937036Z [PUSH] 0301 button click()
2026-01-04T09:38:00.527700Z [0305] status=2, reason=초기임무재계획 전송
2026-01-04T09:38:00.841469Z [0903] request sent (missionPlanID=700000002)
