2026-03-12T05:28:47.834334Z [LOG] Mission planning log started: C:\Users\rain9\Desktop\LAH_MUMT\branNew\DSS_KU\Logs\Scenario_2026-03-12T134849\SBC3\DSS_Internal\mission_planning_gui_20260312T052847_421104Z.log
2026-03-12T05:28:47.836350Z [0101] 모드 수신 리스너 등록 완료
2026-03-12T05:28:48.342136Z [0102] NodeMessenger 초기화 대기 중 ? 자동 송신 보류
2026-03-12T05:28:48.967506Z [BUS] NodeMessenger 초기화 완료
2026-03-12T05:28:54.753508Z [WARM] Mission planner runtime ready (algo_settings)
2026-03-12T05:29:06.910319Z [CONFIG] 알고리즘 설정 적용 (cruise=40.0m/s, turn_step=15.0°, preset=bearing_ver_sweep, areaMode=vertical, areaSplit=single_stage, autoFovDb=True)
2026-03-12T05:29:09.902887Z [MODE] 슬라이더 변경 → 대기모드
2026-03-12T05:29:09.904141Z [0101/POLL] 모드 동기화 code=1
2026-03-12T05:29:12.642735Z [AUTO] 0902 received (planIds=700000095)
2026-03-12T05:29:12.642735Z [AUTO] replan pipeline scheduled after 0.1s delay
2026-03-12T05:29:12.649216Z [MODE] 슬라이더 변경 → 초기 임무 계획
2026-03-12T05:29:12.650751Z [0101/POLL] 모드 동기화 code=2
2026-03-12T05:29:12.756359Z [0305] status=1, reason=초기임무재계획 전송
2026-03-12T05:29:12.760367Z [STEP 0] Replan pipeline start (reason=초기임무재계획)
2026-03-12T05:29:12.762366Z [INFO] UAV params loaded (cruise=40.00, turn_step=15.0)
2026-03-12T05:29:12.762366Z [INFO] Latest input snapshot → 0201:ID=-,ts=-,src=-, 0203:ID=-,ts=-,src=-
2026-03-12T05:29:12.763364Z [INFO] Fallback 0201 file selected: 100.json
2026-03-12T05:29:12.763364Z [INFO] Fallback 0203 file selected: 0.json
2026-03-12T05:29:12.763364Z [CHECK] 0201/0203 필수 데이터 확인 시작
2026-03-12T05:29:12.764364Z [OK] 0201 inputMissionList 확인됨 (count=4) → 진행
2026-03-12T05:29:12.765368Z [OK] 0201 availableAircraftList 확인됨 (count=6) → 진행
2026-03-12T05:29:12.765368Z [OK] 0201 inputMissionPackageType=1 확인
2026-03-12T05:29:12.766366Z [OK] 0201 mainSensor=1 확인
2026-03-12T05:29:12.766366Z [CHECK] 0201 기체 수=6 (UAV=3, LAH=3)
2026-03-12T05:29:12.766366Z [CHECK] 0201 임무: total=4 missingID=0 missingDetail=0 missingShape=0 unknownType=0 typeZero=0 lineOnlyViolation=0
2026-03-12T05:29:12.767368Z [OK] 0203 takeOverInfoList 확인됨 (count=3) → 진행
2026-03-12T05:29:12.767368Z [OK] 0203 handOverInfoList 확인됨 (count=3) → 진행
2026-03-12T05:29:12.767368Z [OK] 0203 flightAreaList 확인됨 (count=1) → 진행
2026-03-12T05:29:12.768366Z [CHECK] 0203 flightAreaList count=1
2026-03-12T05:29:12.781905Z [STEP 1.1] Divide & Pattern start
2026-03-12T05:29:12.783906Z [variant 1] [ENHANCED][1] split start: uavs=[4, 5, 6]
2026-03-12T05:29:12.800508Z [variant 1] [ENHANCED][1] split done: pieces=12
2026-03-12T05:29:12.802509Z [variant 1] [ENHANCED][2] type-decider done: profile=6 changed=12/12
2026-03-12T05:29:12.803508Z [variant 1] [ENHANCED][3] expected-path done: count=12
2026-03-12T05:29:12.814035Z [variant 1] [ENHANCED][4] area-review done: overflow=3 targets=3 pieces=12->34
2026-03-12T05:29:12.820547Z [variant 1] [ENHANCED][5] expected-velocity done: pieces=34 dbRows=391
2026-03-12T05:29:12.848099Z [variant 1] [ENHANCED][6] 0302 export done: files=6
2026-03-12T05:29:12.849105Z [variant 1] [ENHANCED] total=82.8 ms
2026-03-12T05:29:12.849105Z [TIME] divide_and_pattern (variant=1): 83.0 ms
2026-03-12T05:29:12.851106Z [OK] IMP generated: 6 file(s) (variant=1)
2026-03-12T05:29:12.874522Z [TIME] build_0301+load (variant=1): 25.7 ms
2026-03-12T05:29:12.874522Z [OK] MissionPlan built: MissionPlan_1773293352848.json (variant=1)
2026-03-12T05:29:12.878030Z [TIME] collect_missions (variant=1): 3.7 ms, count=27
2026-03-12T05:29:13.018152Z [TIME] pathID_mapping (variant=1): 139.9 ms
2026-03-12T05:29:13.019178Z [INFO] pathID mapping done for 0302/0303/0304 (variant=1)
2026-03-12T05:29:13.019178Z [INFO] FlightPath build mode: parallel (variant=1)
2026-03-12T05:29:13.625046Z [INFO] FlightPath build time (parallel): 0303=604.9 ms, 0304=443.1 ms, wall=606.5 ms
2026-03-12T05:29:13.626048Z [OK] FlightPath counts (variant=1): 0303=15 / 0304=12
2026-03-12T05:29:13.718715Z [TIME] build_0302 (variant=1): 76.2 ms, packages=6
2026-03-12T05:29:13.728229Z [TIME] write_0302 (variant=1): 8.8 ms, files=6
2026-03-12T05:29:13.806109Z [TIME] write_FlightPath (variant=1): 77.9 ms, files=27
2026-03-12T05:29:13.807110Z [TIME] write_0301 (variant=1): 1.1 ms
2026-03-12T05:29:13.807110Z [OK] Stored variant 1: MissionPlanID=700000000, IMP=6, FlightPath=27
2026-03-12T05:29:13.807110Z [TIME] variant_total (variant=1): 1041.2 ms
2026-03-12T05:29:13.807110Z [INFO] Option mapping #1: planID=700000000, optionCode=1(시스템 추천)
2026-03-12T05:29:13.809110Z [OK] Stored mission data: MissionPlan=1, IndividualMission=6, FlightPath=27
2026-03-12T05:29:13.810109Z [STEP 4] 0301 push queued (planIds=700000000)
2026-03-12T05:29:13.821108Z [0301] missionPlanID=700000000 전송
2026-03-12T05:29:13.821108Z [PUSH] 0301 button click()
2026-03-12T05:29:13.822118Z [INFO] Post-0301 apply queued (grace=1800ms, timeout=3000ms, plans=1)
2026-03-12T05:29:13.826110Z [0305] status=2, reason=초기임무재계획, elapsed=1.08s 전송
2026-03-12T05:29:16.822489Z [INFO] Post-0301 ready (timeout) -> sending 0903
2026-03-12T05:29:16.834869Z [0903] request sent (missionPlanID=700000000)
