2026-03-12T04:48:43.722712Z [LOG] Mission planning log started: C:\Users\rain9\Desktop\LAH_MUMT\branNew\DSS_KU\Logs\Scenario_2026-03-12T133550\SBC3\DSS_Internal\mission_planning_gui_20260312T044843_342034Z.log
2026-03-12T04:48:43.724718Z [0101] 모드 수신 리스너 등록 완료
2026-03-12T04:48:44.221048Z [0102] NodeMessenger 초기화 대기 중 ? 자동 송신 보류
2026-03-12T04:48:44.261153Z [BUS] NodeMessenger 초기화 완료
2026-03-12T04:48:47.032331Z [WARM] Mission planner runtime ready (algo_settings)
2026-03-12T04:48:49.989557Z [MODE] 슬라이더 변경 → 대기모드
2026-03-12T04:48:49.990555Z [0101/POLL] 모드 동기화 code=1
2026-03-12T04:48:53.552831Z [MODE] 슬라이더 변경 → 초기 임무 계획
2026-03-12T04:48:53.553837Z [0101/POLL] 모드 동기화 code=2
2026-03-12T04:48:53.609856Z [AUTO] 0902 received (planIds=700000094)
2026-03-12T04:48:53.609856Z [AUTO] replan pipeline scheduled after 0.1s delay
2026-03-12T04:48:53.719572Z [0305] status=1, reason=초기임무재계획 전송
2026-03-12T04:48:53.722056Z [STEP 0] Replan pipeline start (reason=초기임무재계획)
2026-03-12T04:48:53.726000Z [INFO] UAV params loaded (cruise=40.00, turn_step=15.0)
2026-03-12T04:48:53.726000Z [INFO] Latest input snapshot → 0201:ID=-,ts=-,src=-, 0203:ID=-,ts=-,src=-
2026-03-12T04:48:53.727000Z [INFO] Fallback 0201 file selected: 100.json
2026-03-12T04:48:53.727000Z [INFO] Fallback 0203 file selected: 0.json
2026-03-12T04:48:53.727999Z [CHECK] 0201/0203 필수 데이터 확인 시작
2026-03-12T04:48:53.727999Z [OK] 0201 inputMissionList 확인됨 (count=4) → 진행
2026-03-12T04:48:53.728999Z [OK] 0201 availableAircraftList 확인됨 (count=6) → 진행
2026-03-12T04:48:53.728999Z [OK] 0201 inputMissionPackageType=1 확인
2026-03-12T04:48:53.728999Z [OK] 0201 mainSensor=1 확인
2026-03-12T04:48:53.728999Z [CHECK] 0201 기체 수=6 (UAV=3, LAH=3)
2026-03-12T04:48:53.728999Z [CHECK] 0201 임무: total=4 missingID=0 missingDetail=0 missingShape=0 unknownType=0 typeZero=0 lineOnlyViolation=0
2026-03-12T04:48:53.730500Z [OK] 0203 takeOverInfoList 확인됨 (count=3) → 진행
2026-03-12T04:48:53.730500Z [OK] 0203 handOverInfoList 확인됨 (count=3) → 진행
2026-03-12T04:48:53.731506Z [OK] 0203 flightAreaList 확인됨 (count=1) → 진행
2026-03-12T04:48:53.731506Z [CHECK] 0203 flightAreaList count=1
2026-03-12T04:48:53.733507Z [STEP 1.1] Divide & Pattern start
2026-03-12T04:48:53.750153Z [variant 1] [ENHANCED][1] split start: uavs=[4, 5, 6]
2026-03-12T04:48:53.750153Z [variant 1] [ENHANCED][1] split done: pieces=15
2026-03-12T04:48:53.751152Z [variant 1] [ENHANCED][2] type-decider done: profile=6 changed=15/15
2026-03-12T04:48:53.752153Z [variant 1] [ENHANCED][3] expected-path done: count=12
2026-03-12T04:48:53.764153Z [variant 1] [ENHANCED][4] area-review done: overflow=3 targets=6 pieces=15->33
2026-03-12T04:48:53.769169Z [variant 1] [ENHANCED][5] expected-velocity done: pieces=33 dbRows=391
2026-03-12T04:48:53.820866Z [variant 1] [ENHANCED][6] 0302 export done: files=6
2026-03-12T04:48:53.820866Z [variant 1] [ENHANCED] total=92.3 ms
2026-03-12T04:48:53.821865Z [TIME] divide_and_pattern (variant=1): 92.5 ms
2026-03-12T04:48:53.822867Z [OK] IMP generated: 6 file(s) (variant=1)
2026-03-12T04:48:53.831865Z [TIME] build_0301+load (variant=1): 10.9 ms
2026-03-12T04:48:53.831865Z [OK] MissionPlan built: MissionPlan_1773290933820.json (variant=1)
2026-03-12T04:48:53.834155Z [TIME] collect_missions (variant=1): 2.6 ms, count=45
2026-03-12T04:48:53.913168Z [TIME] pathID_mapping (variant=1): 78.7 ms
2026-03-12T04:48:53.914174Z [INFO] pathID mapping done for 0302/0303/0304 (variant=1)
2026-03-12T04:48:53.915173Z [INFO] FlightPath build mode: parallel (variant=1)
2026-03-12T04:48:54.545547Z [INFO] FlightPath build time (parallel): 0303=631.6 ms, 0304=463.7 ms, wall=632.8 ms
2026-03-12T04:48:54.545547Z [OK] FlightPath counts (variant=1): 0303=33 / 0304=12
2026-03-12T04:48:54.603935Z [TIME] build_0302 (variant=1): 48.9 ms, packages=6
2026-03-12T04:48:54.612552Z [TIME] write_0302 (variant=1): 9.4 ms, files=6
2026-03-12T04:48:54.711581Z [TIME] write_FlightPath (variant=1): 96.8 ms, files=45
2026-03-12T04:48:54.712618Z [TIME] write_0301 (variant=1): 1.8 ms
2026-03-12T04:48:54.712618Z [OK] Stored variant 1: MissionPlanID=700000000, IMP=6, FlightPath=45
2026-03-12T04:48:54.712618Z [TIME] variant_total (variant=1): 984.5 ms
2026-03-12T04:48:54.712618Z [INFO] Option mapping #1: planID=700000000, optionCode=1(시스템 추천)
2026-03-12T04:48:54.712618Z [OK] Stored mission data: MissionPlan=1, IndividualMission=6, FlightPath=45
2026-03-12T04:48:54.712618Z [STEP 4] 0301 push queued (planIds=700000000)
2026-03-12T04:48:54.729826Z [0301] missionPlanID=700000000 전송
2026-03-12T04:48:54.729826Z [PUSH] 0301 button click()
2026-03-12T04:48:54.729826Z [INFO] Post-0301 apply queued (grace=1800ms, timeout=3000ms, plans=1)
2026-03-12T04:48:54.737860Z [0305] status=2, reason=초기임무재계획, elapsed=1.03s 전송
2026-03-12T04:48:57.739329Z [INFO] Post-0301 ready (timeout) -> sending 0903
2026-03-12T04:48:57.746189Z [0903] request sent (missionPlanID=700000000)
2026-03-12T04:54:25.390332Z [WARN] 0102 heartbeat send failed:  (10051): 연결할 수 없는 네트워크에서 소켓 작업을 시도했습니다.
   at System.Net.Sockets.Socket.UpdateStatusAfterSocketErrorAndThrowException(SocketError error, Boolean disconnectOnFailure, String callerName)
   at System.Net.Sockets.Socket.SendTo(Byte[] buffer, Int32 offset, Int32 size, SocketFlags socketFlags, EndPoint remoteEP)
   at System.Net.Sockets.UdpClient.Send(Byte[] dgram, Int32 bytes, IPEndPoint endPoint)
   at Nex1.Middleware.Publisher.Publish(String topic, Object ob, PublishQos qos)
   at nFusion.Nodes.Core.NodeMessengerCore.Push[T](T data, NodePushQos qos)
   at nFusion.Nodes.Core.NodeMessengerCore.Push[T](T data, String target)
   at nFusion.Nodes.Core.NodeMessenger.Push[T](T data, String target)
   at InvokeStub_NodeMessenger.Push(Object, Span`1)
   at System.Reflection.MethodBaseInvoker.InvokeWithFewArgs(Object obj, BindingFlags invokeAttr, Binder binder, Object[] parameters, CultureInfo culture)
2026-03-12T04:54:30.458578Z [WARN] 0102 heartbeat send failed:  (10051): 연결할 수 없는 네트워크에서 소켓 작업을 시도했습니다.
   at System.Net.Sockets.Socket.UpdateStatusAfterSocketErrorAndThrowException(SocketError error, Boolean disconnectOnFailure, String callerName)
   at System.Net.Sockets.Socket.SendTo(Byte[] buffer, Int32 offset, Int32 size, SocketFlags socketFlags, EndPoint remoteEP)
   at System.Net.Sockets.UdpClient.Send(Byte[] dgram, Int32 bytes, IPEndPoint endPoint)
   at Nex1.Middleware.Publisher.Publish(String topic, Object ob, PublishQos qos)
   at nFusion.Nodes.Core.NodeMessengerCore.Push[T](T data, NodePushQos qos)
   at nFusion.Nodes.Core.NodeMessengerCore.Push[T](T data, String target)
   at nFusion.Nodes.Core.NodeMessenger.Push[T](T data, String target)
   at InvokeStub_NodeMessenger.Push(Object, Span`1)
   at System.Reflection.MethodBaseInvoker.InvokeWithFewArgs(Object obj, BindingFlags invokeAttr, Binder binder, Object[] parameters, CultureInfo culture)
